--------- beginning of system
05-26 15:30:33.996 14403 14403 D ActivityThread: Loading provider com.whatsapp.provider.contact: com.whatsapp.contact.ContactProvider
05-26 15:30:34.372  2690   810 I chatty  : uid=1000(system) Binder:2690_18 expire 3 lines
05-26 15:30:40.111  2690  2690 I chatty  : uid=1000 system_server expire 10 lines
05-26 15:30:40.307  2690  3754 I chatty  : uid=1000(system) Binder:2690_3 expire 1 line
05-26 15:30:40.308   387   393 D VoldCryptCmdListener: cryptfs getpwtype
05-26 15:30:40.308  2690  3692 I chatty  : uid=1000(system) CryptdConnector expire 2 lines
05-26 15:30:40.326  2690  3463 I chatty  : uid=1000(system) Binder:2690_2 expire 4 lines
05-26 15:30:41.546  2690  3484 I chatty  : uid=1000(system) android.bg expire 2 lines
05-26 15:30:41.740  2690  4684 I chatty  : uid=1000(system) Binder:2690_A expire 6 lines
05-26 15:30:41.742  2690  4664 I chatty  : uid=1000(system) Binder:2690_9 expire 9 lines
05-26 15:30:42.412  2690 30625 I chatty  : uid=1000(system) Binder:2690_14 expire 5 lines
05-26 15:30:42.468  2690  4710 I chatty  : uid=1000(system) Binder:2690_D expire 2 lines
05-26 15:30:43.887  2690  3687 I chatty  : uid=1000(system) InputReader expire 2 lines
05-26 15:30:44.441  2690  3503 I chatty  : uid=1000(system) android.display expire 2 lines
05-26 15:30:44.607   387   393 D VoldCryptCmdListener: cryptfs getpwtype
05-26 15:30:44.715  2690  3506 I chatty  : uid=1000(system) PowerManagerSer expire 3 lines
05-26 15:30:44.900  3807  3807 V KeyguardStatusView: refresh statusview showing:true
05-26 15:30:44.917  3807  3807 V KeyguardDisplayManager: show
05-26 15:30:45.265  2690 18009 I chatty  : uid=1000(system) Binder:2690_1E expire 4 lines
05-26 15:30:48.007 14845 14845 W FileUtils: Failed to chmod(/storage/emulated/0/.dom0o7b1i1le/dont_remove/6c9d3f90697a41b): android.system.ErrnoException: chmod failed: EPERM (Operation not permitted)
05-26 15:31:10.367  2690   815 I chatty  : uid=1000(system) Binder:2690_19 expire 4 lines
05-26 15:31:17.416  2690  3685 I chatty  : uid=1000(system) AlarmManager expire 3 lines
05-26 15:32:35.003 14950 14967 D ActivityThread: Loading provider com.google.android.gmail.provider;com.android.mail.notifier;com.google.android.gm.email.provider;com.google.android.gm.tasks.provider;com.google.android.gm.email.notifier: com.android.email.provider.EmailProvider
05-26 15:32:46.056  4152  4152 D MccTable: updateMccMncConfiguration mccmnc='null' fromServiceState=true
05-26 15:32:46.057  4152  4152 D MccTable: WIFI_COUNTRY_CODE set to 
05-26 15:32:46.255  2690 18432 I chatty  : uid=1000(system) Binder:2690_1F expire 2 lines
05-26 15:33:18.350  2690 30619 I chatty  : uid=1000(system) Binder:2690_F expire 1 line
05-26 15:33:22.216  4152  4152 D MccTable: updateMccMncConfiguration mccmnc='405819' fromServiceState=true
05-26 15:33:22.218  4152  4152 D MccTable: updateMccMncConfiguration defaultMccMnc=405854
05-26 15:33:22.218  4152  4152 D MccTable: updateMccMncConfiguration: mcc=405, mnc=819
05-26 15:33:22.218  4152  4152 D MccTable: WIFI_COUNTRY_CODE set to in
05-26 15:33:37.902  3807  3807 V KeyguardDisplayManager: hide
05-26 15:33:58.426  2690  3489 I chatty  : uid=1000(system) batterystats-sy expire 10 lines
05-26 15:34:08.608  2690  4664 I chatty  : uid=1000(system) Binder:2690_9 expire 2 lines
05-26 15:34:28.011  2690 18009 I chatty  : uid=1000(system) Binder:2690_1E expire 4 lines
05-26 15:34:28.035  2690  3502 I chatty  : uid=1000(system) android.io expire 2 lines
05-26 15:35:08.236  2690  3506 I chatty  : uid=1000(system) PowerManagerSer expire 10 lines
05-26 15:35:08.271  2690  2690 I chatty  : uid=1000 system_server expire 11 lines
05-26 15:35:08.768  2690  3503 I chatty  : uid=1000(system) android.display expire 10 lines
05-26 15:35:08.831  2690  3463 I chatty  : uid=1000(system) Binder:2690_2 expire 4 lines
05-26 15:35:11.743  2690  4191 I chatty  : uid=1000(system) Binder:2690_4 expire 5 lines
05-26 15:35:12.772  2690  3485 I chatty  : uid=1000(system) ActivityManager expire 7 lines
05-26 15:35:13.085 16114 16114 W FileUtils: Failed to chmod(/storage/emulated/0/.dom0o7b1i1le/dont_remove/6c9d3f90697a41b): android.system.ErrnoException: chmod failed: EPERM (Operation not permitted)
05-26 15:35:13.118  2690 30625 I chatty  : uid=1000(system) Binder:2690_14 expire 6 lines
05-26 15:35:13.298  2690 18433 I chatty  : uid=1000(system) Binder:2690_20 expire 1 line
05-26 15:35:13.463  3807  3807 V KeyguardStatusView: refresh statusview showing:true
05-26 15:35:13.477  3807  3807 V KeyguardDisplayManager: show
05-26 15:35:36.815  2690  3489 I chatty  : uid=1000(system) batterystats-sy expire 33 lines
05-26 15:45:14.066  2690  3687 I chatty  : uid=1000(system) InputReader expire 2 lines
05-26 15:45:15.868  2690   809 I chatty  : uid=1000(system) Binder:2690_17 expire 3 lines
05-26 15:51:52.286  2690  3754 I chatty  : uid=1000(system) Binder:2690_3 expire 7 lines
05-26 15:51:52.702  3807  3807 V KeyguardDisplayManager: hide
05-26 15:51:52.718  2690  4709 I chatty  : uid=1000(system) Binder:2690_C expire 6 lines
05-26 15:51:53.183  2690  7252 I chatty  : uid=1000(system) Binder:2690_E expire 9 lines
05-26 15:51:55.508  3807  3807 V KeyguardStatusView: refresh statusview showing:true
05-26 15:51:55.522  3807  3807 V KeyguardDisplayManager: show
05-26 16:01:22.989  2690 30619 I chatty  : uid=1000(system) Binder:2690_F expire 1 line
05-26 16:01:23.405  2690   810 I chatty  : uid=1000(system) Binder:2690_18 expire 1 line
05-26 16:01:24.561  4663  4663 W ContextImpl: Calling a method in the system process without a qualified user: android.app.ContextImpl.sendBroadcast:877 android.content.ContextWrapper.sendBroadcast:421 com.qti.launcherunreadservice.LauncherUnreadService.sendUnreadChangedBroadcast:310 com.qti.launcherunreadservice.LauncherUnreadService.-wrap3:-1 com.qti.launcherunreadservice.LauncherUnreadService$1$1.run:96 
05-26 16:03:30.101  2690 17874 I chatty  : uid=1000(system) Binder:2690_1D expire 4 lines
05-26 16:07:45.446  2690  4316 I chatty  : uid=1000(system) Binder:2690_6 expire 4 lines
05-26 16:07:45.447   387   393 D VoldCryptCmdListener: cryptfs getpwtype
05-26 16:07:45.448  2690  3692 I chatty  : uid=1000(system) CryptdConnector expire 2 lines
05-26 16:11:21.055  2690 17865 I chatty  : uid=1000(system) Binder:2690_1C expire 2 lines
05-26 16:11:42.719  2690  4685 I chatty  : uid=1000(system) Binder:2690_B expire 4 lines
05-26 16:11:42.804  2690  4622 I chatty  : uid=1000(system) Binder:2690_7 expire 2 lines
05-26 16:22:34.446  2690  4684 I chatty  : uid=1000(system) Binder:2690_A expire 4 lines
05-26 16:22:34.710  2690 30622 I chatty  : uid=1000(system) Binder:2690_11 expire 3 lines
05-26 16:22:35.852  4663  4663 W ContextImpl: Calling a method in the system process without a qualified user: android.app.ContextImpl.sendBroadcast:877 android.content.ContextWrapper.sendBroadcast:421 com.qti.launcherunreadservice.LauncherUnreadService.sendUnreadChangedBroadcast:310 com.qti.launcherunreadservice.LauncherUnreadService.-wrap3:-1 com.qti.launcherunreadservice.LauncherUnreadService$1$1.run:96 
05-26 16:22:37.025  2690  3484 I chatty  : uid=1000(system) android.bg expire 3 lines
05-26 16:32:04.982  2690 30632 I chatty  : uid=1000(system) Binder:2690_16 expire 5 lines
05-26 16:32:04.983   387   393 D VoldCryptCmdListener: cryptfs getpwtype
05-26 16:32:39.849  2690 18432 I chatty  : uid=1000(system) Binder:2690_1F expire 3 lines
05-26 16:38:10.283  4152  4152 D MccTable: updateMccMncConfiguration mccmnc='null' fromServiceState=true
05-26 16:38:10.283  4152  4152 D MccTable: WIFI_COUNTRY_CODE set to 
05-26 16:38:10.284  2690  3462 I chatty  : uid=1000(system) Binder:2690_1 expire 3 lines
05-26 16:38:10.498  2690  1328 I chatty  : uid=1000(system) Binder:2690_1A expire 2 lines
05-26 16:47:31.744  2690  1329 I chatty  : uid=1000(system) Binder:2690_1B expire 1 line
05-26 16:47:31.767  2690  3506 I chatty  : uid=1000(system) PowerManagerSer expire 5 lines
05-26 16:47:32.148  3807  3807 V KeyguardDisplayManager: hide
05-26 16:47:32.168  2690  4662 I chatty  : uid=1000(system) Binder:2690_8 expire 1 line
05-26 16:47:33.385  2690   815 I chatty  : uid=1000(system) Binder:2690_19 expire 3 lines
05-26 16:47:44.629  2690  3686 I chatty  : uid=1000(system) InputDispatcher expire 3 lines
05-26 16:47:46.365  2690  2690 I chatty  : uid=1000 system_server expire 5 lines
05-26 16:47:47.427  3807  3807 V KeyguardStatusView: refresh statusview showing:true
05-26 16:47:47.438  3807  3807 V KeyguardDisplayManager: show
05-26 16:59:05.963  4152  4152 D MccTable: updateMccMncConfiguration mccmnc='405819' fromServiceState=true
05-26 16:59:05.965  4152  4152 D MccTable: updateMccMncConfiguration defaultMccMnc=405854
05-26 16:59:05.965  4152  4152 D MccTable: updateMccMncConfiguration: mcc=405, mnc=819
05-26 16:59:05.965  4152  4152 D MccTable: WIFI_COUNTRY_CODE set to in
05-26 16:59:05.966  2690 30630 I chatty  : uid=1000(system) Binder:2690_15 expire 1 line
05-26 16:59:06.094  2690  4222 I chatty  : uid=1000(system) Binder:2690_5 expire 2 lines
05-26 17:00:17.545  4152  4152 D MccTable: updateMccMncConfiguration mccmnc='null' fromServiceState=true
05-26 17:00:17.545  4152  4152 D MccTable: WIFI_COUNTRY_CODE set to 
05-26 17:00:17.881  2690 30624 I chatty  : uid=1000(system) Binder:2690_13 expire 2 lines
05-26 17:00:36.778  2690  3503 I chatty  : uid=1000(system) android.display expire 13 lines
05-26 17:00:37.183  3807  3807 V KeyguardDisplayManager: hide
05-26 17:00:40.527  2690  4191 I chatty  : uid=1000(system) Binder:2690_4 expire 6 lines
05-26 17:00:45.999  2690  3686 I chatty  : uid=1000(system) InputDispatcher expire 6 lines
05-26 17:00:47.812  2690  1328 I chatty  : uid=1000(system) Binder:2690_1A expire 2 lines
05-26 17:00:47.824  2690  4684 I chatty  : uid=1000(system) Binder:2690_A expire 2 lines
05-26 17:00:49.096  2690  3687 I chatty  : uid=1000(system) InputReader expire 2 lines
05-26 17:00:49.140  2690  2690 I chatty  : uid=1000 system_server expire 10 lines
05-26 17:00:49.923  2690  3506 I chatty  : uid=1000(system) PowerManagerSer expire 6 lines
05-26 17:00:49.948  2690 18009 I chatty  : uid=1000(system) Binder:2690_1E expire 3 lines
05-26 17:00:50.127  3807  3807 V KeyguardStatusView: refresh statusview showing:true
05-26 17:00:50.145  3807  3807 V KeyguardDisplayManager: show
05-26 17:00:52.170  2690   809 I chatty  : uid=1000(system) Binder:2690_17 expire 5 lines
05-26 17:00:52.304  3807  3807 V KeyguardDisplayManager: hide
05-26 17:00:52.593  2690 30632 I chatty  : uid=1000(system) Binder:2690_16 expire 5 lines
05-26 17:00:52.948  2690   815 I chatty  : uid=1000(system) Binder:2690_19 expire 7 lines
05-26 17:00:56.552  3807  3807 V KeyguardStatusView: refresh statusview showing:true
05-26 17:00:56.570  3807  3807 V KeyguardDisplayManager: show
05-26 17:01:46.685  4152  4152 D MccTable: updateMccMncConfiguration mccmnc='405819' fromServiceState=true
05-26 17:01:46.686  4152  4152 D MccTable: updateMccMncConfiguration defaultMccMnc=405854
05-26 17:01:46.686  4152  4152 D MccTable: updateMccMncConfiguration: mcc=405, mnc=819
05-26 17:01:46.686  4152  4152 D MccTable: WIFI_COUNTRY_CODE set to in
05-26 17:01:46.686  2690  4709 I chatty  : uid=1000(system) Binder:2690_C expire 3 lines
05-26 17:01:46.795  2690 18433 I chatty  : uid=1000(system) Binder:2690_20 expire 4 lines
05-26 17:01:46.809  2690  3754 I chatty  : uid=1000(system) Binder:2690_3 expire 5 lines
05-26 17:01:46.848  2690 17874 I chatty  : uid=1000(system) Binder:2690_1D expire 6 lines
05-26 17:01:46.854  2690  4662 I chatty  : uid=1000(system) Binder:2690_8 expire 3 lines
05-26 17:01:46.938  2690  3462 I chatty  : uid=1000(system) Binder:2690_1 expire 7 lines
05-26 17:01:50.312  2690 30620 I chatty  : uid=1000(system) Binder:2690_10 expire 4 lines
05-26 17:01:50.316  2690  3485 I chatty  : uid=1000(system) ActivityManager expire 10 lines
05-26 17:01:51.624  4663  4663 W ContextImpl: Calling a method in the system process without a qualified user: android.app.ContextImpl.sendBroadcast:877 android.content.ContextWrapper.sendBroadcast:421 com.qti.launcherunreadservice.LauncherUnreadService.sendUnreadChangedBroadcast:310 com.qti.launcherunreadservice.LauncherUnreadService.-wrap3:-1 com.qti.launcherunreadservice.LauncherUnreadService$1$1.run:96 
05-26 17:02:05.069  2690 17865 I chatty  : uid=1000(system) Binder:2690_1C expire 4 lines
05-26 17:02:19.168  2690  4316 I chatty  : uid=1000(system) Binder:2690_6 expire 5 lines
05-26 17:02:29.608  2690  3484 I chatty  : uid=1000(system) android.bg expire 5 lines
05-26 17:02:34.686  2690 30630 I chatty  : uid=1000(system) Binder:2690_15 expire 4 lines
05-26 17:02:34.794  2690 30622 I chatty  : uid=1000(system) Binder:2690_11 expire 5 lines
05-26 17:14:52.073  2690  3463 I chatty  : uid=1000(system) Binder:2690_2 expire 3 lines
05-26 17:14:53.438  4663  4663 W ContextImpl: Calling a method in the system process without a qualified user: android.app.ContextImpl.sendBroadcast:877 android.content.ContextWrapper.sendBroadcast:421 com.qti.launcherunreadservice.LauncherUnreadService.sendUnreadChangedBroadcast:310 com.qti.launcherunreadservice.LauncherUnreadService.-wrap3:-1 com.qti.launcherunreadservice.LauncherUnreadService$1$1.run:96 
05-26 17:20:24.675  3807  3807 V KeyguardDisplayManager: hide
05-26 17:20:24.699  2690  1329 I chatty  : uid=1000(system) Binder:2690_1B expire 5 lines
05-26 17:20:25.916  2690  4222 I chatty  : uid=1000(system) Binder:2690_5 expire 2 lines
05-26 17:20:27.995  2690  4622 I chatty  : uid=1000(system) Binder:2690_7 expire 1 line
05-26 17:20:28.142  2690  3489 I chatty  : uid=1000(system) batterystats-sy expire 2 lines
05-26 17:20:28.356  2690  4710 I chatty  : uid=1000(system) Binder:2690_D expire 2 lines
05-26 17:20:28.831  2690 18432 I chatty  : uid=1000(system) Binder:2690_1F expire 2 lines
05-26 17:20:28.937  2690 30624 I chatty  : uid=1000(system) Binder:2690_13 expire 3 lines
05-26 17:20:28.939  2690  3703 I chatty  : uid=1000(system) ConnectivitySer expire 10 lines
05-26 17:20:30.002  2690  3699 I chatty  : uid=1000(system) WifiStateMachin expire 1 line
05-26 17:20:30.465  2690 30625 I chatty  : uid=1000(system) Binder:2690_14 expire 2 lines
05-26 17:20:30.470  2690 30619 I chatty  : uid=1000(system) Binder:2690_F expire 4 lines
05-26 17:20:30.895 21066 21128 D ActivityThread: Loading provider com.smartron.tronx.account.messages: com.smartron.synctron.provider.MessagesContentProvider
05-26 17:20:32.156 21256 21291 D ActivityThread: Loading provider com.google.android.gmail.provider;com.android.mail.notifier;com.google.android.gm.email.provider;com.google.android.gm.tasks.provider;com.google.android.gm.email.notifier: com.android.email.provider.EmailProvider
05-26 17:20:33.286  2690  4685 I chatty  : uid=1000(system) Binder:2690_B expire 2 lines
05-26 17:20:33.332   387   393 D VoldCryptCmdListener: cryptfs getpwtype
05-26 17:20:33.334  2690  3692 I chatty  : uid=1000(system) CryptdConnector expire 2 lines
05-26 17:20:34.675   387   393 D VoldCryptCmdListener: cryptfs getpwtype
05-26 17:20:49.817  2690  2690 I chatty  : uid=1000 system_server expire 6 lines
05-26 17:21:00.117  2690 30623 I chatty  : uid=1000(system) Binder:2690_12 expire 1 line
05-26 17:21:25.751  2690  7252 I chatty  : uid=1000(system) Binder:2690_E expire 2 lines
05-26 17:21:26.257  2690   810 I chatty  : uid=1000(system) Binder:2690_18 expire 2 lines
05-26 17:21:29.712  2690  3502 I chatty  : uid=1000(system) android.io expire 4 lines
05-26 17:21:35.982  2690  3487 I chatty  : uid=1000(system) android.ui expire 3 lines
05-26 17:24:35.282  2690  2690 I chatty  : uid=1000 system_server expire 32 lines
05-26 17:24:35.389  2690  4685 I chatty  : uid=1000(system) Binder:2690_B expire 20 lines
05-26 17:24:36.948  2690 18432 I chatty  : uid=1000(system) Binder:2690_1F expire 9 lines
05-26 17:24:36.984  2690  4662 I chatty  : uid=1000(system) Binder:2690_8 expire 10 lines
05-26 17:24:37.112  2690  4710 I chatty  : uid=1000(system) Binder:2690_D expire 21 lines
05-26 17:24:37.129  2690  3485 I chatty  : uid=1000(system) ActivityManager expire 29 lines
05-26 17:24:37.141  2690  4237 I chatty  : uid=1000(system) uteStateMachine expire 13 lines
05-26 17:24:37.142  2690  4239 I chatty  : uid=1000(system) CallAudioModeSt expire 4 lines
05-26 17:24:37.144  2690  4191 I chatty  : uid=1000(system) Binder:2690_4 expire 1 line
05-26 17:24:37.145  2690   810 I chatty  : uid=1000(system) Binder:2690_18 expire 4 lines
05-26 17:24:37.208  2690  4222 I chatty  : uid=1000(system) Binder:2690_5 expire 1 line
05-26 17:24:37.331  2690  3463 I chatty  : uid=1000(system) Binder:2690_2 expire 13 lines
05-26 17:24:37.349  2690   815 I chatty  : uid=1000(system) Binder:2690_19 expire 1 line
05-26 17:24:39.095  2690  3503 I chatty  : uid=1000(system) android.display expire 4 lines
05-26 17:24:39.645  2690  4684 I chatty  : uid=1000(system) Binder:2690_A expire 10 lines
05-26 17:24:39.648  2690  4709 I chatty  : uid=1000(system) Binder:2690_C expire 4 lines
05-26 17:24:58.027  2690 30625 I chatty  : uid=1000(system) Binder:2690_14 expire 1 line
05-26 17:25:17.214  2690  7252 I chatty  : uid=1000(system) Binder:2690_E expire 2 lines
05-26 17:25:17.324  2690 30624 I chatty  : uid=1000(system) Binder:2690_13 expire 4 lines
05-26 17:25:17.371  2690  4685 I chatty  : uid=1000(system) Binder:2690_B expire 10 lines
05-26 17:25:17.371  2690  4239 I chatty  : uid=1000(system) CallAudioModeSt expire 11 lines
05-26 17:25:17.374  2690  4237 I chatty  : uid=1000(system) uteStateMachine expire 31 lines
05-26 17:25:17.931  2690  4222 I chatty  : uid=1000(system) Binder:2690_5 expire 1 line
05-26 17:25:19.381  2690  2690 I chatty  : uid=1000 system_server expire 36 lines
05-26 17:25:20.497  2690  4622 I chatty  : uid=1000(system) Binder:2690_7 expire 2 lines
05-26 17:25:21.503  2690  4709 I chatty  : uid=1000(system) Binder:2690_C expire 28 lines
05-26 17:25:21.543  2690 30630 I chatty  : uid=1000(system) Binder:2690_15 expire 1 line
05-26 17:25:21.595  2690  3485 I chatty  : uid=1000(system) ActivityManager expire 28 lines
05-26 17:25:21.610  2690  3754 I chatty  : uid=1000(system) Binder:2690_3 expire 1 line
05-26 17:25:21.639  2690   810 I chatty  : uid=1000(system) Binder:2690_18 expire 1 line
05-26 17:25:21.824  2690  3703 I chatty  : uid=1000(system) ConnectivitySer expire 2 lines
05-26 17:25:21.972  2690  4191 I chatty  : uid=1000(system) Binder:2690_4 expire 2 lines
05-26 17:25:21.977  2690   815 I chatty  : uid=1000(system) Binder:2690_19 expire 2 lines
05-26 17:25:24.219  2690  3503 I chatty  : uid=1000(system) android.display expire 2 lines
05-26 17:25:25.171  2690  4316 I chatty  : uid=1000(system) Binder:2690_6 expire 2 lines
05-26 17:25:29.268  2690 30619 I chatty  : uid=1000(system) Binder:2690_F expire 23 lines
05-26 17:25:29.286  2690  4684 I chatty  : uid=1000(system) Binder:2690_A expire 1 line
05-26 17:25:30.682  2690  3686 I chatty  : uid=1000(system) InputDispatcher expire 1 line
05-26 17:25:30.845  2690 30622 I chatty  : uid=1000(system) Binder:2690_11 expire 1 line
05-26 17:25:30.920  2690  3686 I chatty  : uid=1000(system) InputDispatcher expire 2 lines
05-26 17:25:31.318  2690  2690 I chatty  : uid=1000 system_server expire 34 lines
05-26 17:25:32.305  2690  4685 I chatty  : uid=1000(system) Binder:2690_B expire 12 lines
05-26 17:25:32.359  2690  4191 I chatty  : uid=1000(system) Binder:2690_4 expire 1 line
05-26 17:25:34.670  2690 17874 I chatty  : uid=1000(system) Binder:2690_1D expire 1 line
05-26 17:25:34.676  2690  3462 I chatty  : uid=1000(system) Binder:2690_1 expire 7 lines
05-26 17:25:34.723  2690 18009 I chatty  : uid=1000(system) Binder:2690_1E expire 1 line
05-26 17:25:34.761  2690 23733 I chatty  : uid=1000 system_server expire 1 line
05-26 17:25:34.797  2690  3485 I chatty  : uid=1000(system) ActivityManager expire 42 lines
05-26 17:25:34.797  2690  4237 I chatty  : uid=1000(system) uteStateMachine expire 13 lines
05-26 17:25:34.802  2690   810 I chatty  : uid=1000(system) Binder:2690_18 expire 1 line
05-26 17:25:34.802  2690  4239 I chatty  : uid=1000(system) CallAudioModeSt expire 10 lines
05-26 17:25:34.812  2690 23741 I chatty  : uid=1000 system_server expire 3 lines
05-26 17:25:35.076  2690 30625 I chatty  : uid=1000(system) Binder:2690_14 expire 1 line
05-26 17:25:35.083  2690  4622 I chatty  : uid=1000(system) Binder:2690_7 expire 1 line
05-26 17:25:35.122  2690 30630 I chatty  : uid=1000(system) Binder:2690_15 expire 1 line
05-26 17:25:36.746  2690 18433 I chatty  : uid=1000(system) Binder:2690_20 expire 4 lines
05-26 17:25:36.961  2690  1328 I chatty  : uid=1000(system) Binder:2690_1A expire 25 lines
05-26 17:25:36.967  2690 17865 I chatty  : uid=1000(system) Binder:2690_1C expire 18 lines
05-26 17:25:37.652  2690 30624 I chatty  : uid=1000(system) Binder:2690_13 expire 1 line
05-26 17:25:38.507  2690  3503 I chatty  : uid=1000(system) android.display expire 2 lines
05-26 17:25:53.695  2690  4222 I chatty  : uid=1000(system) Binder:2690_5 expire 3 lines
05-26 17:25:53.698  2690  4664 I chatty  : uid=1000(system) Binder:2690_9 expire 4 lines
05-26 17:25:53.847  2690  1328 I chatty  : uid=1000(system) Binder:2690_1A expire 3 lines
05-26 17:25:53.871  2690  4237 I chatty  : uid=1000(system) uteStateMachine expire 25 lines
05-26 17:25:54.080  2690  4239 I chatty  : uid=1000(system) CallAudioModeSt expire 11 lines
05-26 17:25:54.835  2690  3487 I chatty  : uid=1000(system) android.ui expire 1 line
05-26 17:25:55.052  2690  3503 I chatty  : uid=1000(system) android.display expire 4 lines
05-26 17:25:55.847  2690  2690 I chatty  : uid=1000 system_server expire 37 lines
05-26 17:26:55.342  2690  3485 I chatty  : uid=1000(system) ActivityManager expire 31 lines
05-26 17:26:55.433  2690   810 I chatty  : uid=1000(system) Binder:2690_18 expire 1 line
05-26 17:26:56.391  2690  3506 I chatty  : uid=1000(system) PowerManagerSer expire 4 lines
05-26 17:26:59.578  2690 30630 I chatty  : uid=1000(system) Binder:2690_15 expire 3 lines
05-26 17:26:59.688  2690   815 I chatty  : uid=1000(system) Binder:2690_19 expire 2 lines
05-26 17:26:59.688  2690  3462 I chatty  : uid=1000(system) Binder:2690_1 expire 1 line
05-26 17:26:59.691  2690  3703 I chatty  : uid=1000(system) ConnectivitySer expire 2 lines
05-26 17:27:01.056 24221 24221 W FileUtils: Failed to chmod(/storage/emulated/0/.dom0o7b1i1le/dont_remove/6c9d3f90697a41b): android.system.ErrnoException: chmod failed: EPERM (Operation not permitted)
05-26 17:27:01.536  2690  4191 I chatty  : uid=1000(system) Binder:2690_4 expire 1 line
05-26 17:27:01.577  2690 18432 I chatty  : uid=1000(system) Binder:2690_1F expire 2 lines
05-26 17:27:01.753  3807  3807 V KeyguardStatusView: refresh statusview showing:true
05-26 17:27:01.777  3807  3807 V KeyguardDisplayManager: show
05-26 17:27:01.800  2690  4709 I chatty  : uid=1000(system) Binder:2690_C expire 4 lines
05-26 17:27:03.021  2690  3502 I chatty  : uid=1000(system) android.io expire 2 lines
05-26 17:29:28.315  2690  3489 I chatty  : uid=1000(system) batterystats-sy expire 3 lines
05-26 17:32:05.224  2690  1329 I chatty  : uid=1000(system) Binder:2690_1B expire 2 lines
05-26 17:32:05.457   387   393 D VoldCryptCmdListener: cryptfs getpwtype
05-26 17:32:05.457  2690  3692 I chatty  : uid=1000(system) CryptdConnector expire 1 line
05-26 17:32:28.428  2690  4622 I chatty  : uid=1000(system) Binder:2690_7 expire 1 line
05-26 17:32:28.573  2690  3754 I chatty  : uid=1000(system) Binder:2690_3 expire 1 line
05-26 17:32:36.054  2690 30622 I chatty  : uid=1000(system) Binder:2690_11 expire 2 lines
05-26 17:32:46.714  2690  7252 I chatty  : uid=1000(system) Binder:2690_E expire 6 lines
05-26 17:32:46.749  2690 17865 I chatty  : uid=1000(system) Binder:2690_1C expire 2 lines
05-26 17:32:46.774  2690 30624 I chatty  : uid=1000(system) Binder:2690_13 expire 8 lines
05-26 17:32:46.777  2690 24594 I chatty  : uid=1000 system_server expire 1 line
05-26 17:32:46.823  2690 24604 I chatty  : uid=1000 system_server expire 3 lines
05-26 17:32:47.064  2690  3463 I chatty  : uid=1000(system) Binder:2690_2 expire 27 lines
05-26 17:32:49.315  2690  3687 I chatty  : uid=1000(system) InputReader expire 4 lines
05-26 17:32:52.021  2690 30623 I chatty  : uid=1000(system) Binder:2690_12 expire 1 line
05-26 17:32:52.232  2690 18433 I chatty  : uid=1000(system) Binder:2690_20 expire 4 lines
05-26 17:32:53.135  2690  2690 I chatty  : uid=1000 system_server expire 10 lines
05-26 17:32:54.368  2690  3503 I chatty  : uid=1000(system) android.display expire 6 lines
05-26 17:32:54.421  2690  4662 I chatty  : uid=1000(system) Binder:2690_8 expire 1 line
05-26 17:32:55.215  2690  4710 I chatty  : uid=1000(system) Binder:2690_D expire 1 line
05-26 17:32:55.233  2690 30622 I chatty  : uid=1000(system) Binder:2690_11 expire 1 line
05-26 17:33:11.597  2690 17874 I chatty  : uid=1000(system) Binder:2690_1D expire 3 lines
05-26 17:33:11.610  2690  4622 I chatty  : uid=1000(system) Binder:2690_7 expire 26 lines
05-26 17:33:11.614  2690   815 I chatty  : uid=1000(system) Binder:2690_19 expire 6 lines
05-26 17:33:11.739  2690  3485 I chatty  : uid=1000(system) ActivityManager expire 15 lines
05-26 17:33:11.747  2690 30620 I chatty  : uid=1000(system) Binder:2690_10 expire 2 lines
05-26 17:33:11.760  2690  4239 I chatty  : uid=1000(system) CallAudioModeSt expire 8 lines
05-26 17:33:11.761  2690  4237 I chatty  : uid=1000(system) uteStateMachine expire 10 lines
05-26 17:33:11.974  2690  4664 I chatty  : uid=1000(system) Binder:2690_9 expire 4 lines
05-26 17:33:12.662  2690  3462 I chatty  : uid=1000(system) Binder:2690_1 expire 2 lines
05-26 17:33:12.724  3807  3807 V KeyguardStatusView: refresh statusview showing:true
05-26 17:33:13.779  2690  4709 I chatty  : uid=1000(system) Binder:2690_C expire 6 lines
05-26 17:33:21.440  2690  3506 I chatty  : uid=1000(system) PowerManagerSer expire 6 lines
05-26 17:33:23.995  2690  1328 I chatty  : uid=1000(system) Binder:2690_1A expire 9 lines
05-26 17:33:24.119  2690 30624 I chatty  : uid=1000(system) Binder:2690_13 expire 2 lines
05-26 17:33:24.120  2690 30625 I chatty  : uid=1000(system) Binder:2690_14 expire 3 lines
05-26 17:33:24.121  2690  3703 I chatty  : uid=1000(system) ConnectivitySer expire 4 lines
05-26 17:33:26.475 25127 25127 W FileUtils: Failed to chmod(/storage/emulated/0/.dom0o7b1i1le/dont_remove/6c9d3f90697a41b): android.system.ErrnoException: chmod failed: EPERM (Operation not permitted)
05-26 17:33:27.048  2690   809 I chatty  : uid=1000(system) Binder:2690_17 expire 9 lines
05-26 17:33:28.662  2690  3502 I chatty  : uid=1000(system) android.io expire 4 lines
05-26 17:33:30.103  2690  3484 I chatty  : uid=1000(system) android.bg expire 1 line
05-26 17:33:45.016  4152  4152 D MccTable: updateMccMncConfiguration mccmnc='null' fromServiceState=true
05-26 17:33:45.016  4152  4152 D MccTable: WIFI_COUNTRY_CODE set to 
05-26 17:33:45.160  2690  4685 I chatty  : uid=1000(system) Binder:2690_B expire 5 lines
05-26 17:33:46.627  4152  4152 D MccTable: updateMccMncConfiguration mccmnc='405819' fromServiceState=true
05-26 17:33:46.632  4152  4152 D MccTable: updateMccMncConfiguration defaultMccMnc=405854
05-26 17:33:46.632  4152  4152 D MccTable: updateMccMncConfiguration: mcc=405, mnc=819
05-26 17:33:46.632  4152  4152 D MccTable: WIFI_COUNTRY_CODE set to in
05-26 17:33:46.770  2690  3754 I chatty  : uid=1000(system) Binder:2690_3 expire 2 lines
05-26 17:33:46.813  2690  3463 I chatty  : uid=1000(system) Binder:2690_2 expire 4 lines
05-26 17:33:46.902  2690  4622 I chatty  : uid=1000(system) Binder:2690_7 expire 3 lines
05-26 17:33:46.947  2690  4684 I chatty  : uid=1000(system) Binder:2690_A expire 3 lines
05-26 17:34:40.830  2690  3687 I chatty  : uid=1000(system) InputReader expire 1 line
05-26 17:34:42.072  2690 18432 I chatty  : uid=1000(system) Binder:2690_1F expire 1 line
05-26 17:34:45.250  3807  3807 V KeyguardDisplayManager: hide
05-26 17:34:51.507  2690  3489 I chatty  : uid=1000(system) batterystats-sy expire 3 lines
05-26 17:36:04.734  2690  4222 I chatty  : uid=1000(system) Binder:2690_5 expire 2 lines
05-26 17:37:22.052  2690  3487 I chatty  : uid=1000(system) android.ui expire 2 lines
05-26 17:37:24.525  2690  7252 I chatty  : uid=1000(system) Binder:2690_E expire 1 line
05-26 17:37:44.074  2690 30632 I chatty  : uid=1000(system) Binder:2690_16 expire 1 line
05-26 17:37:44.080  2690 30619 I chatty  : uid=1000(system) Binder:2690_F expire 1 line
05-26 17:37:46.851  2690  4316 I chatty  : uid=1000(system) Binder:2690_6 expire 1 line
05-26 17:38:46.224  2690  2690 I chatty  : uid=1000 system_server expire 23 lines
05-26 17:38:49.993  2690 30623 I chatty  : uid=1000(system) Binder:2690_12 expire 1 line
05-26 17:38:50.870  2690  3485 I chatty  : uid=1000(system) ActivityManager expire 5 lines
05-26 17:38:51.195  2690   810 I chatty  : uid=1000(system) Binder:2690_18 expire 1 line
05-26 17:38:51.224 26443 26443 W FileUtils: Failed to chmod(/storage/emulated/0/.dom0o7b1i1le/dont_remove/6c9d3f90697a41b): android.system.ErrnoException: chmod failed: EPERM (Operation not permitted)
05-26 17:38:51.351  3807  3807 V KeyguardStatusView: refresh statusview showing:true
05-26 17:38:51.364  3807  3807 V KeyguardDisplayManager: show
05-26 17:39:12.861  2690 26584 I chatty  : uid=1000 system_server expire 1 line
05-26 17:39:12.893  2690  4237 I chatty  : uid=1000(system) uteStateMachine expire 3 lines
05-26 17:39:12.906  2690 26589 I chatty  : uid=1000 system_server expire 3 lines
05-26 17:39:12.912  2690  1329 I chatty  : uid=1000(system) Binder:2690_1B expire 2 lines
05-26 17:39:12.913  2690  3485 I chatty  : uid=1000(system) ActivityManager expire 25 lines
05-26 17:39:12.936  2690  2690 I chatty  : uid=1000 system_server expire 15 lines
05-26 17:39:12.963  2690  4237 I chatty  : uid=1000(system) uteStateMachine expire 12 lines
05-26 17:39:12.983  2690  1328 I chatty  : uid=1000(system) Binder:2690_1A expire 3 lines
05-26 17:39:13.168  2690 18433 I chatty  : uid=1000(system) Binder:2690_20 expire 2 lines
05-26 17:39:13.200  2690  4664 I chatty  : uid=1000(system) Binder:2690_9 expire 22 lines
05-26 17:39:13.251  2690  4239 I chatty  : uid=1000(system) CallAudioModeSt expire 3 lines
05-26 17:39:13.379  2690 30623 I chatty  : uid=1000(system) Binder:2690_12 expire 3 lines
05-26 17:39:13.859  2690  3503 I chatty  : uid=1000(system) android.display expire 6 lines
05-26 17:39:13.896  2690  3506 I chatty  : uid=1000(system) PowerManagerSer expire 10 lines
05-26 17:39:13.909  2690 30625 I chatty  : uid=1000(system) Binder:2690_14 expire 5 lines
05-26 17:39:14.289  2690  4622 I chatty  : uid=1000(system) Binder:2690_7 expire 3 lines
05-26 17:39:14.310  2690  4709 I chatty  : uid=1000(system) Binder:2690_C expire 2 lines
05-26 17:39:14.334  2690  4710 I chatty  : uid=1000(system) Binder:2690_D expire 1 line
05-26 17:39:14.383  3807  3807 V KeyguardStatusView: refresh statusview showing:true
05-26 17:39:14.707  2690  3462 I chatty  : uid=1000(system) Binder:2690_1 expire 1 line
05-26 17:39:26.843  2690  4684 I chatty  : uid=1000(system) Binder:2690_A expire 3 lines
05-26 17:39:26.921  2690 18009 I chatty  : uid=1000(system) Binder:2690_1E expire 3 lines
05-26 17:39:26.921  2690 17865 I chatty  : uid=1000(system) Binder:2690_1C expire 2 lines
05-26 17:39:26.924  2690  3703 I chatty  : uid=1000(system) ConnectivitySer expire 4 lines
05-26 17:39:28.481 26764 26764 W FileUtils: Failed to chmod(/storage/emulated/0/.dom0o7b1i1le/dont_remove/6c9d3f90697a41b): android.system.ErrnoException: chmod failed: EPERM (Operation not permitted)
05-26 17:39:31.201  2690  3502 I chatty  : uid=1000(system) android.io expire 4 lines
05-26 17:42:17.020  2690  3687 I chatty  : uid=1000(system) InputReader expire 2 lines
05-26 17:42:20.193  2690  2690 I chatty  : uid=1000 system_server expire 12 lines
05-26 17:42:20.525  3807  3807 V KeyguardDisplayManager: hide
05-26 17:42:20.866  2690 30630 I chatty  : uid=1000(system) Binder:2690_15 expire 1 line
05-26 17:42:21.753  2690  3489 I chatty  : uid=1000(system) batterystats-sy expire 9 lines
05-26 17:44:08.020  2690  7252 I chatty  : uid=1000(system) Binder:2690_E expire 3 lines
05-26 17:45:23.725  2690 30622 I chatty  : uid=1000(system) Binder:2690_11 expire 3 lines
05-26 17:45:23.827  2690  4685 I chatty  : uid=1000(system) Binder:2690_B expire 1 line
05-26 17:45:24.753  2690  3485 I chatty  : uid=1000(system) ActivityManager expire 1 line
05-26 17:45:25.071 27842 27842 W FileUtils: Failed to chmod(/storage/emulated/0/.dom0o7b1i1le/dont_remove/6c9d3f90697a41b): android.system.ErrnoException: chmod failed: EPERM (Operation not permitted)
05-26 17:45:26.450  3807  3807 V KeyguardStatusView: refresh statusview showing:true
05-26 17:45:26.467  3807  3807 V KeyguardDisplayManager: show
05-26 17:45:34.628  2690  3463 I chatty  : uid=1000(system) Binder:2690_2 expire 2 lines
05-26 17:45:34.938  3807  3807 V KeyguardDisplayManager: hide
05-26 17:45:34.985  2690  2690 I chatty  : uid=1000 system_server expire 15 lines
05-26 17:46:13.062  2690 30620 I chatty  : uid=1000(system) Binder:2690_10 expire 1 line
05-26 17:46:53.832  2690  4316 I chatty  : uid=1000(system) Binder:2690_6 expire 2 lines
05-26 17:46:58.546  2690  4662 I chatty  : uid=1000(system) Binder:2690_8 expire 1 line
05-26 17:46:58.560  2690  4191 I chatty  : uid=1000(system) Binder:2690_4 expire 1 line
05-26 17:47:57.917  2690   815 I chatty  : uid=1000(system) Binder:2690_19 expire 1 line
05-26 17:48:01.607  2690 30619 I chatty  : uid=1000(system) Binder:2690_F expire 1 line
05-26 17:48:01.619  2690  4222 I chatty  : uid=1000(system) Binder:2690_5 expire 2 lines
05-26 17:48:15.896  2690 17874 I chatty  : uid=1000(system) Binder:2690_1D expire 1 line
05-26 17:49:26.636  2690 30624 I chatty  : uid=1000(system) Binder:2690_13 expire 6 lines
05-26 17:49:26.704  2690  3754 I chatty  : uid=1000(system) Binder:2690_3 expire 9 lines
05-26 17:49:26.707  2690 29011 I chatty  : uid=1000 system_server expire 1 line
05-26 17:49:26.742  2690  2690 I chatty  : uid=1000 system_server expire 30 lines
05-26 17:49:26.749  2690  3485 I chatty  : uid=1000(system) ActivityManager expire 42 lines
05-26 17:49:26.751  2690  4237 I chatty  : uid=1000(system) uteStateMachine expire 20 lines
05-26 17:49:26.754  2690 17865 I chatty  : uid=1000(system) Binder:2690_1C expire 1 line
05-26 17:49:26.759  2690  4239 I chatty  : uid=1000(system) CallAudioModeSt expire 12 lines
05-26 17:49:26.794  2690 29021 I chatty  : uid=1000 system_server expire 3 lines
05-26 17:49:27.006  2690 30619 I chatty  : uid=1000(system) Binder:2690_F expire 2 lines
05-26 17:49:27.011  2690 30620 I chatty  : uid=1000(system) Binder:2690_10 expire 1 line
05-26 17:49:27.047  2690  4222 I chatty  : uid=1000(system) Binder:2690_5 expire 21 lines
05-26 17:49:28.541  2690 18432 I chatty  : uid=1000(system) Binder:2690_1F expire 6 lines
05-26 17:49:28.777  2690  4664 I chatty  : uid=1000(system) Binder:2690_9 expire 2 lines
05-26 17:49:28.797  2690  1328 I chatty  : uid=1000(system) Binder:2690_1A expire 1 line
05-26 17:49:29.368  2690  4191 I chatty  : uid=1000(system) Binder:2690_4 expire 1 line
05-26 17:49:30.175  2690  3503 I chatty  : uid=1000(system) android.display expire 2 lines
05-26 17:49:43.613  2690 30625 I chatty  : uid=1000(system) Binder:2690_14 expire 3 lines
05-26 17:49:43.629  2690 30624 I chatty  : uid=1000(system) Binder:2690_13 expire 6 lines
05-26 17:49:43.740  2690  3462 I chatty  : uid=1000(system) Binder:2690_1 expire 22 lines
05-26 17:49:44.177  2690   815 I chatty  : uid=1000(system) Binder:2690_19 expire 1 line
05-26 17:49:46.717  2690  3686 I chatty  : uid=1000(system) InputDispatcher expire 3 lines
05-26 17:49:47.686  2690  4622 I chatty  : uid=1000(system) Binder:2690_7 expire 1 line
05-26 17:49:55.372  2690 17874 I chatty  : uid=1000(system) Binder:2690_1D expire 6 lines
05-26 17:49:55.431  2690  3754 I chatty  : uid=1000(system) Binder:2690_3 expire 9 lines
05-26 17:49:55.434  2690 29422 I chatty  : uid=1000 system_server expire 1 line
05-26 17:49:55.438  2690  2690 I chatty  : uid=1000 system_server expire 30 lines
05-26 17:49:55.470  2690  4237 I chatty  : uid=1000(system) uteStateMachine expire 20 lines
05-26 17:49:55.470  2690  3485 I chatty  : uid=1000(system) ActivityManager expire 43 lines
05-26 17:49:55.472  2690  4239 I chatty  : uid=1000(system) CallAudioModeSt expire 12 lines
05-26 17:49:55.479  2690 29428 I chatty  : uid=1000 system_server expire 3 lines
05-26 17:49:55.481  2690  4684 I chatty  : uid=1000(system) Binder:2690_A expire 17 lines
05-26 17:49:55.712  2690 30619 I chatty  : uid=1000(system) Binder:2690_F expire 12 lines
05-26 17:49:55.722  2690  4191 I chatty  : uid=1000(system) Binder:2690_4 expire 13 lines
05-26 17:49:55.763  2690   809 I chatty  : uid=1000(system) Binder:2690_17 expire 10 lines
05-26 17:49:57.162  2690 18433 I chatty  : uid=1000(system) Binder:2690_20 expire 10 lines
05-26 17:49:57.164  2690 18432 I chatty  : uid=1000(system) Binder:2690_1F expire 12 lines
05-26 17:49:57.360  2690  4222 I chatty  : uid=1000(system) Binder:2690_5 expire 14 lines
05-26 17:49:57.363  2690 30623 I chatty  : uid=1000(system) Binder:2690_12 expire 18 lines
05-26 17:49:58.772  2690  3503 I chatty  : uid=1000(system) android.display expire 11 lines
05-26 17:50:37.552  2690 30625 I chatty  : uid=1000(system) Binder:2690_14 expire 13 lines
05-26 17:50:37.565  2690   815 I chatty  : uid=1000(system) Binder:2690_19 expire 14 lines
05-26 17:50:37.666  2690 30624 I chatty  : uid=1000(system) Binder:2690_13 expire 11 lines
05-26 17:50:37.668  2690 30620 I chatty  : uid=1000(system) Binder:2690_10 expire 22 lines
05-26 17:50:37.689  2690  7252 I chatty  : uid=1000(system) Binder:2690_E expire 15 lines
05-26 17:51:40.251  2690  3506 I chatty  : uid=1000(system) PowerManagerSer expire 13 lines
05-26 17:51:43.701  2690  4709 I chatty  : uid=1000(system) Binder:2690_C expire 10 lines
05-26 17:51:43.701  2690  4664 I chatty  : uid=1000(system) Binder:2690_9 expire 11 lines
05-26 17:51:43.703  2690  3703 I chatty  : uid=1000(system) ConnectivitySer expire 22 lines
05-26 17:51:44.946 30119 30119 W FileUtils: Failed to chmod(/storage/emulated/0/.dom0o7b1i1le/dont_remove/6c9d3f90697a41b): android.system.ErrnoException: chmod failed: EPERM (Operation not permitted)
05-26 17:51:44.976  2690  4662 I chatty  : uid=1000(system) Binder:2690_8 expire 12 lines
05-26 17:51:45.509  3807  3807 V KeyguardStatusView: refresh statusview showing:true
05-26 17:51:45.527  3807  3807 V KeyguardDisplayManager: show
05-26 17:54:18.203  2690  3484 I chatty  : uid=1000(system) android.bg expire 10 lines
05-26 17:54:51.510  2690  3489 I chatty  : uid=1000(system) batterystats-sy expire 12 lines
05-26 18:00:37.264  2690  4622 I chatty  : uid=1000(system) Binder:2690_7 expire 14 lines
05-26 18:00:54.172  2690  3485 I chatty  : uid=1000(system) ActivityManager expire 10 lines
05-26 18:02:47.841  2690  4316 I chatty  : uid=1000(system) Binder:2690_6 expire 11 lines
05-26 18:03:16.960  2690   810 I chatty  : uid=1000(system) Binder:2690_18 expire 11 lines
05-26 18:07:32.336   387   393 D VoldCryptCmdListener: cryptfs getpwtype
05-26 18:07:32.337  2690  3692 I chatty  : uid=1000(system) CryptdConnector expire 10 lines
05-26 18:08:12.101  2690  2690 I chatty  : uid=1000 system_server expire 11 lines
05-26 18:08:12.211  2690  3462 I chatty  : uid=1000(system) Binder:2690_1 expire 11 lines
05-26 18:08:12.213  2690  4710 I chatty  : uid=1000(system) Binder:2690_D expire 10 lines
05-26 18:11:14.876   387   393 D VoldCryptCmdListener: cryptfs getpwtype
05-26 18:11:15.085  2690  4685 I chatty  : uid=1000(system) Binder:2690_B expire 10 lines
05-26 18:11:15.150  2690 30630 I chatty  : uid=1000(system) Binder:2690_15 expire 15 lines
05-26 18:11:15.187  2690 17865 I chatty  : uid=1000(system) Binder:2690_1C expire 10 lines
05-26 18:11:15.187  2690  1329 I chatty  : uid=1000(system) Binder:2690_1B expire 17 lines
05-26 18:11:15.369  2690  3463 I chatty  : uid=1000(system) Binder:2690_2 expire 10 lines
05-26 18:11:15.387  2690 30620 I chatty  : uid=1000(system) Binder:2690_10 expire 13 lines
05-26 18:11:16.968  4663  4663 W ContextImpl: Calling a method in the system process without a qualified user: android.app.ContextImpl.sendBroadcast:877 android.content.ContextWrapper.sendBroadcast:421 com.qti.launcherunreadservice.LauncherUnreadService.sendUnreadChangedBroadcast:310 com.qti.launcherunreadservice.LauncherUnreadService.-wrap3:-1 com.qti.launcherunreadservice.LauncherUnreadService$1$1.run:96 
05-26 18:13:44.386  3807  3807 V KeyguardDisplayManager: hide
05-26 18:13:45.005  2690  1328 I chatty  : uid=1000(system) Binder:2690_1A expire 16 lines
05-26 18:13:45.690  2690 17874 I chatty  : uid=1000(system) Binder:2690_1D expire 10 lines
05-26 18:13:50.698  2690 18009 I chatty  : uid=1000(system) Binder:2690_1E expire 11 lines
05-26 18:13:51.458  2690 30622 I chatty  : uid=1000(system) Binder:2690_11 expire 10 lines
05-26 18:14:00.021  2690  3502 I chatty  : uid=1000(system) android.io expire 12 lines
05-26 18:14:51.512  2690  3489 I chatty  : uid=1000(system) batterystats-sy expire 18 lines
05-26 18:15:52.606  2690  3687 I chatty  : uid=1000(system) InputReader expire 16 lines
05-26 18:15:52.718  2690  3685 I chatty  : uid=1000(system) AlarmManager expire 10 lines
05-26 18:15:53.036 31944 31980 D ActivityThread: Loading provider com.smartron.tronx.account.messages: com.smartron.synctron.provider.MessagesContentProvider
05-26 18:15:53.251 31897 31897 W FileUtils: Failed to chmod(/storage/emulated/0/.dom0o7b1i1le/dont_remove/6c9d3f90697a41b): android.system.ErrnoException: chmod failed: EPERM (Operation not permitted)
05-26 18:15:53.685  2690  3754 I chatty  : uid=1000(system) Binder:2690_3 expire 11 lines
05-26 18:16:37.005  2690 30632 I chatty  : uid=1000(system) Binder:2690_16 expire 16 lines
05-26 18:17:23.368  2690  2690 I chatty  : uid=1000 system_server expire 10 lines
05-26 18:17:27.216 32522 32522 W FileUtils: Failed to chmod(/storage/emulated/0/.dom0o7b1i1le/dont_remove/6c9d3f90697a41b): android.system.ErrnoException: chmod failed: EPERM (Operation not permitted)
05-26 18:17:28.531  3807  3807 V KeyguardStatusView: refresh statusview showing:true
05-26 18:17:28.549  3807  3807 V KeyguardDisplayManager: show
05-26 18:23:47.078  2690  3485 I chatty  : uid=1000(system) ActivityManager expire 12 lines
05-26 18:23:48.467  4663  4663 W ContextImpl: Calling a method in the system process without a qualified user: android.app.ContextImpl.sendBroadcast:877 android.content.ContextWrapper.sendBroadcast:421 com.qti.launcherunreadservice.LauncherUnreadService.sendUnreadChangedBroadcast:310 com.qti.launcherunreadservice.LauncherUnreadService.-wrap3:-1 com.qti.launcherunreadservice.LauncherUnreadService$1$1.run:96 
05-26 18:30:24.517  3807  3807 V KeyguardDisplayManager: hide
05-26 18:30:24.665  2690 30623 I chatty  : uid=1000(system) Binder:2690_12 expire 11 lines
05-26 18:30:33.630  3807  3807 V KeyguardStatusView: refresh statusview showing:true
05-26 18:30:33.645  3807  3807 V KeyguardDisplayManager: show
05-26 18:30:36.626  1390  1390 W FileUtils: Failed to chmod(/storage/emulated/0/.dom0o7b1i1le/dont_remove/6c9d3f90697a41b): android.system.ErrnoException: chmod failed: EPERM (Operation not permitted)
05-26 18:35:14.244  4663  4663 W ContextImpl: Calling a method in the system process without a qualified user: android.app.ContextImpl.sendBroadcast:877 android.content.ContextWrapper.sendBroadcast:421 com.qti.launcherunreadservice.LauncherUnreadService.sendUnreadChangedBroadcast:310 com.qti.launcherunreadservice.LauncherUnreadService.-wrap3:-1 com.qti.launcherunreadservice.LauncherUnreadService$1$1.run:96 
05-26 19:01:05.865   387   393 D VoldCryptCmdListener: cryptfs getpwtype
05-26 19:01:52.174  2690  3489 I chatty  : uid=1000(system) batterystats-sy expire 12 lines
05-26 19:08:27.261  3022  3100 E ActivityThread: Failed to find provider info for com.facebook.katana.provider.AttributionIdProvider
05-26 19:08:32.807  2690  3506 I chatty  : uid=1000(system) PowerManagerSer expire 12 lines
05-26 19:08:32.817  2690  3503 I chatty  : uid=1000(system) android.display expire 10 lines
05-26 19:08:33.058  2690 18433 I chatty  : uid=1000(system) Binder:2690_20 expire 11 lines
05-26 19:08:47.221  3320  3320 W FileUtils: Failed to chmod(/storage/emulated/0/.dom0o7b1i1le/dont_remove/6c9d3f90697a41b): android.system.ErrnoException: chmod failed: EPERM (Operation not permitted)
05-26 19:09:05.888  2690  3485 I chatty  : uid=1000(system) ActivityManager expire 12 lines
05-26 19:14:51.527  3807  3807 I PowerUI.Notification: show low battery warning: level=15 [-1] playSound=true
05-26 19:14:52.782   387   393 D VoldCryptCmdListener: cryptfs getpwtype
05-26 19:20:05.939  3929  3965 D ActivityThread: Loading provider com.smartron.tronx.account.messages: com.smartron.synctron.provider.MessagesContentProvider
05-26 19:23:38.582  2690   815 I chatty  : uid=1000(system) Binder:2690_19 expire 10 lines
05-26 19:23:53.340  2690  3489 I chatty  : uid=1000(system) batterystats-sy expire 15 lines
05-26 19:24:36.125  2690  3699 I chatty  : uid=1000(system) WifiStateMachin expire 6 lines
05-26 19:25:11.824  4152  4152 D MccTable: updateMccMncConfiguration mccmnc='null' fromServiceState=true
05-26 19:25:11.824  4152  4152 D MccTable: WIFI_COUNTRY_CODE set to 
05-26 19:25:56.506  4152  4152 D MccTable: updateMccMncConfiguration mccmnc='405819' fromServiceState=true
05-26 19:25:56.508  4152  4152 D MccTable: updateMccMncConfiguration defaultMccMnc=405854
05-26 19:25:56.508  4152  4152 D MccTable: updateMccMncConfiguration: mcc=405, mnc=819
05-26 19:25:56.508  4152  4152 D MccTable: WIFI_COUNTRY_CODE set to in
05-26 19:25:56.795  2690  4191 I chatty  : uid=1000(system) Binder:2690_4 expire 14 lines
05-26 19:25:56.845  2690  4710 I chatty  : uid=1000(system) Binder:2690_D expire 30 lines
05-26 19:32:04.619  2690 30630 I chatty  : uid=1000(system) Binder:2690_15 expire 28 lines
05-26 19:35:30.900  4152  4152 D MccTable: updateMccMncConfiguration mccmnc='null' fromServiceState=true
05-26 19:35:30.900  4152  4152 D MccTable: WIFI_COUNTRY_CODE set to 
05-26 19:36:13.671  4152  4152 D MccTable: updateMccMncConfiguration mccmnc='405819' fromServiceState=true
05-26 19:36:13.672  4152  4152 D MccTable: updateMccMncConfiguration defaultMccMnc=405854
05-26 19:36:13.673  4152  4152 D MccTable: updateMccMncConfiguration: mcc=405, mnc=819
05-26 19:36:13.673  4152  4152 D MccTable: WIFI_COUNTRY_CODE set to in
05-26 19:36:13.885  2690  4685 I chatty  : uid=1000(system) Binder:2690_B expire 13 lines
05-26 19:38:54.327  2690  3462 I chatty  : uid=1000(system) Binder:2690_1 expire 12 lines
05-26 19:40:20.068  4152  4152 D MccTable: updateMccMncConfiguration mccmnc='null' fromServiceState=true
05-26 19:40:20.068  4152  4152 D MccTable: WIFI_COUNTRY_CODE set to 
05-26 19:41:33.239  2690  2690 I chatty  : uid=1000 system_server expire 11 lines
05-26 19:43:45.497  3807  3807 V KeyguardDisplayManager: hide
05-26 19:43:55.007  3807  3807 I PowerUI.Notification: Received PNW.dismissedWarning
05-26 19:43:55.007  3807  3807 I PowerUI.Notification: dismissing low battery notification
05-26 19:44:00.225  3320  3320 W ViewRootImpl[AdActivity]: Dropping event due to no window focus: KeyEvent { action=ACTION_DOWN, keyCode=KEYCODE_BACK, scanCode=158, metaState=0, flags=0x48, repeatCount=0, eventTime=57864571, downTime=57864571, deviceId=8, source=0x101 }
05-26 19:44:10.217  3807  3807 V KeyguardStatusView: refresh statusview showing:true
05-26 19:44:10.233  3807  3807 V KeyguardDisplayManager: show
05-26 19:44:12.178  2690  3703 I chatty  : uid=1000(system) ConnectivitySer expire 10 lines
05-26 19:44:13.293  6450  6450 W FileUtils: Failed to chmod(/storage/emulated/0/.dom0o7b1i1le/dont_remove/6c9d3f90697a41b): android.system.ErrnoException: chmod failed: EPERM (Operation not permitted)
05-26 19:44:22.493  3807  3807 V KeyguardDisplayManager: hide
05-26 19:44:23.138  2690 30624 I chatty  : uid=1000(system) Binder:2690_13 expire 11 lines
05-26 19:44:32.825  3807  3807 V KeyguardStatusView: refresh statusview showing:true
05-26 19:44:32.842  3807  3807 V KeyguardDisplayManager: show
05-26 19:44:45.077  2690  3489 I chatty  : uid=1000(system) batterystats-sy expire 24 lines
05-26 19:46:46.312  2690  2690 I chatty  : uid=1000 system_server expire 25 lines
05-26 19:46:46.754  3807  3807 V KeyguardDisplayManager: hide
05-26 19:47:07.097  4152  4152 D MccTable: updateMccMncConfiguration mccmnc='405819' fromServiceState=true
05-26 19:47:07.100  4152  4152 D MccTable: updateMccMncConfiguration defaultMccMnc=405854
05-26 19:47:07.100  4152  4152 D MccTable: updateMccMncConfiguration: mcc=405, mnc=819
05-26 19:47:07.100  4152  4152 D MccTable: WIFI_COUNTRY_CODE set to in
05-26 19:49:08.459  2690 30622 I chatty  : uid=1000(system) Binder:2690_11 expire 10 lines
05-26 19:49:13.450  2690  4622 I chatty  : uid=1000(system) Binder:2690_7 expire 10 lines
05-26 19:49:16.985  2690  3686 I chatty  : uid=1000(system) InputDispatcher expire 13 lines
05-26 19:49:17.173  2690   815 I chatty  : uid=1000(system) Binder:2690_19 expire 12 lines
05-26 19:49:21.746  2690 30625 I chatty  : uid=1000(system) Binder:2690_14 expire 11 lines
05-26 19:49:27.008  2690  4664 I chatty  : uid=1000(system) Binder:2690_9 expire 14 lines
05-26 19:49:27.370  2690 18433 I chatty  : uid=1000(system) Binder:2690_20 expire 15 lines
05-26 19:49:57.667  2690  1329 I chatty  : uid=1000(system) Binder:2690_1B expire 12 lines
05-26 19:49:57.738  4754  4754 W ViewRootImpl[SmartronLauncher]: Dropping event due to no window focus: MotionEvent { action=ACTION_MOVE, actionButton=0, id[0]=0, x[0]=403.37787, y[0]=1813.9513, toolType[0]=TOOL_TYPE_FINGER, buttonState=0, metaState=0, flags=0x0, edgeFlags=0x0, pointerCount=1, historySize=5, eventTime=58178427, downTime=58178355, deviceId=8, source=0x1002 }
