05-27 08:08:25.077 14938 14938 E ActivityThread: 	at com.google.android.music.ui.ads.BaseStandaloneAdsView.onAttachedToWindow(BaseStandaloneAdsView.java:116)
05-27 08:08:25.077 14938 14938 E ActivityThread: 	at android.view.View.dispatchAttachedToWindow(View.java:15513)
05-27 08:08:25.077 14938 14938 E ActivityThread: 	at android.view.ViewGroup.dispatchAttachedToWindow(ViewGroup.java:2916)
05-27 08:08:25.077 14938 14938 E ActivityThread: 	at android.view.ViewGroup.dispatchAttachedToWindow(ViewGroup.java:2923)
05-27 08:08:25.077 14938 14938 E ActivityThread: 	at android.view.ViewGroup.dispatchAttachedToWindow(ViewGroup.java:2923)
05-27 08:08:25.077 14938 14938 E ActivityThread: 	at android.view.ViewGroup.dispatchAttachedToWindow(ViewGroup.java:2923)
05-27 08:08:25.077 14938 14938 E ActivityThread: 	at android.view.ViewGroup.dispatchAttachedToWindow(ViewGroup.java:2923)
05-27 08:08:25.077 14938 14938 E ActivityThread: 	at android.view.ViewGroup.dispatchAttachedToWindow(ViewGroup.java:2923)
05-27 08:08:25.077 14938 14938 E ActivityThread: 	at android.view.ViewGroup.dispatchAttachedToWindow(ViewGroup.java:2923)
05-27 08:08:25.077 14938 14938 E ActivityThread: 	at android.view.ViewGroup.dispatchAttachedToWindow(ViewGroup.java:2923)
05-27 08:08:25.077 14938 14938 E ActivityThread: 	at android.view.ViewGroup.dispatchAttachedToWindow(ViewGroup.java:2923)
05-27 08:08:25.077 14938 14938 E ActivityThread: 	at android.view.ViewGroup.dispatchAttachedToWindow(ViewGroup.java:2923)
05-27 08:08:25.077 14938 14938 E ActivityThread: 	at android.view.ViewRootImpl.performTraversals(ViewRootImpl.java:1526)
05-27 08:08:25.077 14938 14938 E ActivityThread: 	at android.view.ViewRootImpl.doTraversal(ViewRootImpl.java:1254)
05-27 08:08:25.077 14938 14938 E ActivityThread: 	at android.view.ViewRootImpl$TraversalRunnable.run(ViewRootImpl.java:6343)
05-27 08:08:25.077 14938 14938 E ActivityThread: 	at android.view.Choreographer$CallbackRecord.run(Choreographer.java:874)
05-27 08:08:25.077 14938 14938 E ActivityThread: 	at android.view.Choreographer.doCallbacks(Choreographer.java:686)
05-27 08:08:25.077 14938 14938 E ActivityThread: 	at android.view.Choreographer.doFrame(Choreographer.java:621)
05-27 08:08:25.077 14938 14938 E ActivityThread: 	at android.view.Choreographer$FrameDisplayEventReceiver.run(Choreographer.java:860)
05-27 08:08:25.077 14938 14938 E ActivityThread: 	at android.os.Handler.handleCallback(Handler.java:751)
05-27 08:08:25.077 14938 14938 E ActivityThread: 	at android.os.Handler.dispatchMessage(Handler.java:95)
05-27 08:08:25.077 14938 14938 E ActivityThread: 	at android.os.Looper.loop(Looper.java:154)
05-27 08:08:25.077 14938 14938 E ActivityThread: 	at android.app.ActivityThread.main(ActivityThread.java:6119)
05-27 08:08:25.077 14938 14938 E ActivityThread: 	at java.lang.reflect.Method.invoke(Native Method)
05-27 08:08:25.077 14938 14938 E ActivityThread: 	at com.android.internal.os.ZygoteInit$MethodAndArgsCaller.run(ZygoteInit.java:886)
05-27 08:08:25.077 14938 14938 E ActivityThread: 	at com.android.internal.os.ZygoteInit.main(ZygoteInit.java:776)
05-27 08:08:25.079 14938 14938 E ActivityThread: Activity com.google.android.music.ui.search.ClusteredSearchActivity has leaked ServiceConnection com.google.android.music.utils.MusicUtils$ServiceBinder@13c0ba8 that was originally bound here
05-27 08:08:25.079 14938 14938 E ActivityThread: android.app.ServiceConnectionLeaked: Activity com.google.android.music.ui.search.ClusteredSearchActivity has leaked ServiceConnection com.google.android.music.utils.MusicUtils$ServiceBinder@13c0ba8 that was originally bound here
05-27 08:08:25.079 14938 14938 E ActivityThread: 	at android.app.LoadedApk$ServiceDispatcher.<init>(LoadedApk.java:1336)
05-27 08:08:25.079 14938 14938 E ActivityThread: 	at android.app.LoadedApk.getServiceDispatcher(LoadedApk.java:1231)
05-27 08:08:25.079 14938 14938 E ActivityThread: 	at android.app.ContextImpl.bindServiceCommon(ContextImpl.java:1450)
05-27 08:08:25.079 14938 14938 E ActivityThread: 	at android.app.ContextImpl.bindService(ContextImpl.java:1422)
05-27 08:08:25.079 14938 14938 E ActivityThread: 	at android.content.ContextWrapper.bindService(ContextWrapper.java:636)
05-27 08:08:25.079 14938 14938 E ActivityThread: 	at android.content.ContextWrapper.bindService(ContextWrapper.java:636)
05-27 08:08:25.079 14938 14938 E ActivityThread: 	at com.google.android.music.utils.MusicUtils.bindToService(MusicUtils.java:195)
05-27 08:08:25.079 14938 14938 E ActivityThread: 	at com.google.android.music.ui.ads.ContentTargetingInfoProvider.initAsync(ContentTargetingInfoProvider.java:69)
05-27 08:08:25.079 14938 14938 E ActivityThread: 	at com.google.android.music.ui.ads.BaseStandaloneAdsView.onAttachedToWindow(BaseStandaloneAdsView.java:116)
05-27 08:08:25.079 14938 14938 E ActivityThread: 	at android.view.View.dispatchAttachedToWindow(View.java:15513)
05-27 08:08:25.079 14938 14938 E ActivityThread: 	at android.view.ViewGroup.dispatchAttachedToWindow(ViewGroup.java:2916)
05-27 08:08:25.079 14938 14938 E ActivityThread: 	at android.view.ViewGroup.dispatchAttachedToWindow(ViewGroup.java:2923)
05-27 08:08:25.079 14938 14938 E ActivityThread: 	at android.view.ViewGroup.dispatchAttachedToWindow(ViewGroup.java:2923)
05-27 08:08:25.079 14938 14938 E ActivityThread: 	at android.view.ViewGroup.dispatchAttachedToWindow(ViewGroup.java:2923)
05-27 08:08:25.079 14938 14938 E ActivityThread: 	at android.view.ViewGroup.dispatchAttachedToWindow(ViewGroup.java:2923)
05-27 08:08:25.079 14938 14938 E ActivityThread: 	at android.view.ViewGroup.dispatchAttachedToWindow(ViewGroup.java:2923)
05-27 08:08:25.079 14938 14938 E ActivityThread: 	at android.view.ViewGroup.dispatchAttachedToWindow(ViewGroup.java:2923)
05-27 08:08:25.079 14938 14938 E ActivityThread: 	at android.view.ViewGroup.dispatchAttachedToWindow(ViewGroup.java:2923)
05-27 08:08:25.079 14938 14938 E ActivityThread: 	at android.view.ViewGroup.dispatchAttachedToWindow(ViewGroup.java:2923)
05-27 08:08:25.079 14938 14938 E ActivityThread: 	at android.view.ViewGroup.dispatchAttachedToWindow(ViewGroup.java:2923)
05-27 08:08:25.079 14938 14938 E ActivityThread: 	at android.view.ViewRootImpl.performTraversals(ViewRootImpl.java:1526)
05-27 08:08:25.079 14938 14938 E ActivityThread: 	at android.view.ViewRootImpl.doTraversal(ViewRootImpl.java:1254)
05-27 08:08:25.079 14938 14938 E ActivityThread: 	at android.view.ViewRootImpl$TraversalRunnable.run(ViewRootImpl.java:6343)
05-27 08:08:25.079 14938 14938 E ActivityThread: 	at android.view.Choreographer$CallbackRecord.run(Choreographer.java:874)
05-27 08:08:25.079 14938 14938 E ActivityThread: 	at android.view.Choreographer.doCallbacks(Choreographer.java:686)
05-27 08:08:25.079 14938 14938 E ActivityThread: 	at android.view.Choreographer.doFrame(Choreographer.java:621)
05-27 08:08:25.079 14938 14938 E ActivityThread: 	at android.view.Choreographer$FrameDisplayEventReceiver.run(Choreographer.java:860)
05-27 08:08:25.079 14938 14938 E ActivityThread: 	at android.os.Handler.handleCallback(Handler.java:751)
05-27 08:08:25.079 14938 14938 E ActivityThread: 	at android.os.Handler.dispatchMessage(Handler.java:95)
05-27 08:08:25.079 14938 14938 E ActivityThread: 	at android.os.Looper.loop(Looper.java:154)
05-27 08:08:25.079 14938 14938 E ActivityThread: 	at android.app.ActivityThread.main(ActivityThread.java:6119)
05-27 08:08:25.079 14938 14938 E ActivityThread: 	at java.lang.reflect.Method.invoke(Native Method)
05-27 08:08:25.079 14938 14938 E ActivityThread: 	at com.android.internal.os.ZygoteInit$MethodAndArgsCaller.run(ZygoteInit.java:886)
05-27 08:08:25.079 14938 14938 E ActivityThread: 	at com.android.internal.os.ZygoteInit.main(ZygoteInit.java:776)
05-27 08:08:25.080  2690  4191 I chatty  : uid=1000(system) Binder:2690_4 expire 21 lines
05-27 08:08:25.081 14938 14938 E ActivityThread: Activity com.google.android.music.ui.search.ClusteredSearchActivity has leaked ServiceConnection com.google.android.music.utils.MusicUtils$ServiceBinder@3d7b915 that was originally bound here
05-27 08:08:25.081 14938 14938 E ActivityThread: android.app.ServiceConnectionLeaked: Activity com.google.android.music.ui.search.ClusteredSearchActivity has leaked ServiceConnection com.google.android.music.utils.MusicUtils$ServiceBinder@3d7b915 that was originally bound here
05-27 08:08:25.081 14938 14938 E ActivityThread: 	at android.app.LoadedApk$ServiceDispatcher.<init>(LoadedApk.java:1336)
05-27 08:08:25.081 14938 14938 E ActivityThread: 	at android.app.LoadedApk.getServiceDispatcher(LoadedApk.java:1231)
05-27 08:08:25.081 14938 14938 E ActivityThread: 	at android.app.ContextImpl.bindServiceCommon(ContextImpl.java:1450)
05-27 08:08:25.081 14938 14938 E ActivityThread: 	at android.app.ContextImpl.bindService(ContextImpl.java:1422)
05-27 08:08:25.081 14938 14938 E ActivityThread: 	at android.content.ContextWrapper.bindService(ContextWrapper.java:636)
05-27 08:08:25.081 14938 14938 E ActivityThread: 	at android.content.ContextWrapper.bindService(ContextWrapper.java:636)
05-27 08:08:25.081 14938 14938 E ActivityThread: 	at com.google.android.music.utils.MusicUtils.bindToService(MusicUtils.java:195)
05-27 08:08:25.081 14938 14938 E ActivityThread: 	at com.google.android.music.ui.NowPlayingFragment.onCreateView(NowPlayingFragment.java:410)
05-27 08:08:25.081 14938 14938 E ActivityThread: 	at android.support.v4.app.Fragment.performCreateView(Fragment.java:2192)
05-27 08:08:25.081 14938 14938 E ActivityThread: 	at android.support.v4.app.FragmentManagerImpl.moveToState(FragmentManager.java:1299)
05-27 08:08:25.081 14938 14938 E ActivityThread: 	at android.support.v4.app.FragmentManagerImpl.moveFragmentToExpectedState(FragmentManager.java:1528)
05-27 08:08:25.081 14938 14938 E ActivityThread: 	at android.support.v4.app.FragmentManagerImpl.moveToState(FragmentManager.java:1595)
05-27 08:08:25.081 14938 14938 E ActivityThread: 	at android.support.v4.app.BackStackRecord.executeOps(BackStackRecord.java:758)
05-27 08:08:25.081 14938 14938 E ActivityThread: 	at android.support.v4.app.FragmentManagerImpl.executeOps(FragmentManager.java:2363)
05-27 08:08:25.081 14938 14938 E ActivityThread: 	at android.support.v4.app.FragmentManagerImpl.executeOpsTogether(FragmentManager.java:2149)
05-27 08:08:25.081 14938 14938 E ActivityThread: 	at android.support.v4.app.FragmentManagerImpl.optimizeAndExecuteOps(FragmentManager.java:2103)
05-27 08:08:25.081 14938 14938 E ActivityThread: 	at android.support.v4.app.FragmentManagerImpl.execPendingActions(FragmentManager.java:2013)
05-27 08:08:25.081 14938 14938 E ActivityThread: 	at android.support.v4.app.FragmentController.execPendingActions(FragmentController.java:388)
05-27 08:08:25.081 14938 14938 E ActivityThread: 	at android.support.v4.app.FragmentActivity.onStart(FragmentActivity.java:607)
05-27 08:08:25.081 14938 14938 E ActivityThread: 	at android.support.v7.app.AppCompatActivity.onStart(AppCompatActivity.java:178)
05-27 08:08:25.081 14938 14938 E ActivityThread: 	at com.google.android.music.lifecycle.LifecycleLoggedAppCompatActivity.onStart(LifecycleLoggedAppCompatActivity.java:33)
05-27 08:08:25.081 14938 14938 E ActivityThread: 	at com.google.android.music.ui.BaseActivity.onStart(BaseActivity.java:921)
05-27 08:08:25.081 14938 14938 E ActivityThread: 	at android.app.Instrumentation.callActivityOnStart(Instrumentation.java:1249)
05-27 08:08:25.081 14938 14938 E ActivityThread: 	at android.app.Activity.performStart(Activity.java:6737)
05-27 08:08:25.081 14938 14938 E ActivityThread: 	at android.app.ActivityThread.performLaunchActivity(ActivityThread.java:2628)
05-27 08:08:25.081 14938 14938 E ActivityThread: 	at android.app.ActivityThread.handleLaunchActivity(ActivityThread.java:2726)
05-27 08:08:25.081 14938 14938 E ActivityThread: 	at android.app.ActivityThread.-wrap12(ActivityThread.java)
05-27 08:08:25.081 14938 14938 E ActivityThread: 	at android.app.ActivityThread$H.handleMessage(ActivityThread.java:1477)
05-27 08:08:25.081 14938 14938 E ActivityThread: 	at android.os.Handler.dispatchMessage(Handler.java:102)
05-27 08:08:25.081 14938 14938 E ActivityThread: 	at android.os.Looper.loop(Looper.java:154)
05-27 08:08:25.081 14938 14938 E ActivityThread: 	at android.app.ActivityThread.main(ActivityThread.java:6119)
05-27 08:08:25.081 14938 14938 E ActivityThread: 	at java.lang.reflect.Method.invoke(Native Method)
05-27 08:08:25.081 14938 14938 E ActivityThread: 	at com.android.internal.os.ZygoteInit$MethodAndArgsCaller.run(ZygoteInit.java:886)
05-27 08:08:25.081 14938 14938 E ActivityThread: 	at com.android.internal.os.ZygoteInit.main(ZygoteInit.java:776)
05-27 08:08:29.012  2690  4684 I chatty  : uid=1000(system) Binder:2690_A expire 10 lines
05-27 08:08:31.078  3807  3807 W ViewRootImpl[RecentsActivity]: Dropping event due to no window focus: MotionEvent { action=ACTION_MOVE, actionButton=0, id[0]=1, x[0]=199.81499, y[0]=2098.9067, toolType[0]=TOOL_TYPE_FINGER, buttonState=0, metaState=0, flags=0x0, edgeFlags=0x0, pointerCount=1, historySize=0, eventTime=69184202, downTime=69184174, deviceId=8, source=0x1002 }
05-27 08:08:31.078  3807  3807 W ViewRootImpl[RecentsActivity]: Cancelling event due to no window focus: MotionEvent { action=ACTION_CANCEL, actionButton=0, id[0]=1, x[0]=199.81499, y[0]=2098.9067, toolType[0]=TOOL_TYPE_FINGER, buttonState=0, metaState=0, flags=0x0, edgeFlags=0x0, pointerCount=1, historySize=0, eventTime=69184221, downTime=69184174, deviceId=8, source=0x1002 }
05-27 08:08:31.079  3807  3807 W ViewRootImpl[RecentsActivity]: Cancelling event due to no window focus: MotionEvent { action=ACTION_CANCEL, actionButton=0, id[0]=1, x[0]=199.81499, y[0]=2098.9067, toolType[0]=TOOL_TYPE_FINGER, buttonState=0, metaState=0, flags=0x0, edgeFlags=0x0, pointerCount=1, historySize=0, eventTime=69184221, downTime=69184174, deviceId=8, source=0x1002 }
05-27 08:08:31.079  3807  3807 W ViewRootImpl[RecentsActivity]: Cancelling event due to no window focus: MotionEvent { action=ACTION_CANCEL, actionButton=0, id[0]=1, x[0]=199.81499, y[0]=2098.9067, toolType[0]=TOOL_TYPE_FINGER, buttonState=0, metaState=0, flags=0x0, edgeFlags=0x0, pointerCount=1, historySize=0, eventTime=69184221, downTime=69184174, deviceId=8, source=0x1002 }
05-27 08:08:31.079  3807  3807 W ViewRootImpl[RecentsActivity]: Cancelling event due to no window focus: MotionEvent { action=ACTION_CANCEL, actionButton=0, id[0]=1, x[0]=199.81499, y[0]=2098.9067, toolType[0]=TOOL_TYPE_FINGER, buttonState=0, metaState=0, flags=0x0, edgeFlags=0x0, pointerCount=1, historySize=0, eventTime=69184221, downTime=69184174, deviceId=8, source=0x1002 }
05-27 08:08:36.507   387   393 D VoldCryptCmdListener: cryptfs getpwtype
05-27 08:09:05.141  2690  3503 I chatty  : uid=1000(system) android.display expire 15 lines
05-27 08:09:05.413  2690  3506 I chatty  : uid=1000(system) PowerManagerSer expire 11 lines
05-27 08:09:05.636  3807  3807 V KeyguardStatusView: refresh statusview showing:true
05-27 08:09:05.649  3807  3807 V KeyguardDisplayManager: show
05-27 08:19:40.017  2690  2690 I chatty  : uid=1000 system_server expire 40 lines
05-27 08:19:40.034  2690  4710 I chatty  : uid=1000(system) Binder:2690_D expire 10 lines
05-27 08:19:40.453  3807  3807 V KeyguardDisplayManager: hide
05-27 08:19:40.863  2690 17865 I chatty  : uid=1000(system) Binder:2690_1C expire 14 lines
05-27 08:19:40.928  2690 30623 I chatty  : uid=1000(system) Binder:2690_12 expire 13 lines
05-27 08:19:42.073  2690  3687 I chatty  : uid=1000(system) InputReader expire 15 lines
05-27 08:19:42.888  2690  3754 I chatty  : uid=1000(system) Binder:2690_3 expire 12 lines
05-27 08:19:43.032  3807  3807 V KeyguardStatusView: refresh statusview showing:true
05-27 08:19:43.044  3807  3807 V KeyguardDisplayManager: show
05-27 08:28:33.438  2690  3489 I chatty  : uid=1000(system) batterystats-sy expire 11 lines
05-27 08:39:32.378  2690  3484 I chatty  : uid=1000(system) android.bg expire 12 lines
05-27 08:40:00.273  3807  3807 V KeyguardDisplayManager: hide
05-27 08:40:00.810  2690  4222 I chatty  : uid=1000(system) Binder:2690_5 expire 18 lines
05-27 08:40:23.291  2690 30632 I chatty  : uid=1000(system) Binder:2690_16 expire 23 lines
05-27 08:40:26.123  2690  3686 I chatty  : uid=1000(system) InputDispatcher expire 11 lines
05-27 08:40:26.928  2690 30619 I chatty  : uid=1000(system) Binder:2690_F expire 11 lines
05-27 08:40:37.880  2690 30624 I chatty  : uid=1000(system) Binder:2690_13 expire 11 lines
05-27 08:40:39.307  2690   809 I chatty  : uid=1000(system) Binder:2690_17 expire 21 lines
05-27 08:40:39.319  2690  4237 I chatty  : uid=1000(system) uteStateMachine expire 29 lines
05-27 08:40:39.321  2690  4239 I chatty  : uid=1000(system) CallAudioModeSt expire 11 lines
05-27 08:40:40.402  2690 18009 I chatty  : uid=1000(system) Binder:2690_1E expire 10 lines
05-27 08:40:54.750  2690  2690 I chatty  : uid=1000 system_server expire 35 lines
05-27 08:41:21.768  2690  4662 I chatty  : uid=1000(system) Binder:2690_8 expire 16 lines
05-27 08:41:26.108  3807  3807 V KeyguardStatusView: refresh statusview showing:true
05-27 08:41:26.130  3807  3807 V KeyguardDisplayManager: show
05-27 08:42:18.945  2690 19216 I chatty  : uid=1000(system) Binder:19201_2 expire 1 line
05-27 08:42:19.013  2690 19225 I chatty  : uid=1000 system_server expire 3 lines
05-27 08:42:19.984  2690 30625 I chatty  : uid=1000(system) Binder:2690_14 expire 10 lines
05-27 08:42:20.033  2690  2690 I chatty  : uid=1000 system_server expire 10 lines
05-27 08:42:20.652  2690  3506 I chatty  : uid=1000(system) PowerManagerSer expire 16 lines
05-27 08:42:27.973  2690  3485 I chatty  : uid=1000(system) ActivityManager expire 14 lines
05-27 08:42:28.000  2690  4237 I chatty  : uid=1000(system) uteStateMachine expire 30 lines
05-27 08:42:28.001  2690  4239 I chatty  : uid=1000(system) CallAudioModeSt expire 11 lines
05-27 08:42:28.806  3807  3807 V KeyguardStatusView: refresh statusview showing:true
05-27 08:42:29.233  4663  4663 W ContextImpl: Calling a method in the system process without a qualified user: android.app.ContextImpl.sendBroadcast:877 android.content.ContextWrapper.sendBroadcast:421 com.qti.launcherunreadservice.LauncherUnreadService.sendUnreadChangedBroadcast:310 com.qti.launcherunreadservice.LauncherUnreadService.-wrap3:-1 com.qti.launcherunreadservice.LauncherUnreadService$2$1.run:118 
05-27 08:42:30.442  2690  3503 I chatty  : uid=1000(system) android.display expire 10 lines
05-27 08:42:43.263  2690  3489 I chatty  : uid=1000(system) batterystats-sy expire 14 lines
05-27 08:47:24.420  2690 30620 I chatty  : uid=1000(system) Binder:2690_10 expire 13 lines
05-27 08:54:38.098  4152  4152 D MccTable: updateMccMncConfiguration mccmnc='null' fromServiceState=true
05-27 08:54:38.098  4152  4152 D MccTable: WIFI_COUNTRY_CODE set to 
05-27 08:54:38.308  2690 18432 I chatty  : uid=1000(system) Binder:2690_1F expire 14 lines
05-27 08:54:38.492  2690   809 I chatty  : uid=1000(system) Binder:2690_17 expire 14 lines
05-27 08:54:51.574  2690   815 I chatty  : uid=1000(system) Binder:2690_19 expire 10 lines
05-27 08:54:51.739  2690  4191 I chatty  : uid=1000(system) Binder:2690_4 expire 11 lines
05-27 08:55:22.200  4152  4152 D MccTable: updateMccMncConfiguration mccmnc='405819' fromServiceState=true
05-27 08:55:22.203  4152  4152 D MccTable: updateMccMncConfiguration defaultMccMnc=405854
05-27 08:55:22.203  4152  4152 D MccTable: updateMccMncConfiguration: mcc=405, mnc=819
05-27 08:55:22.203  4152  4152 D MccTable: WIFI_COUNTRY_CODE set to in
05-27 08:55:22.327  2690  1329 I chatty  : uid=1000(system) Binder:2690_1B expire 11 lines
05-27 08:57:56.511  2690  2690 I chatty  : uid=1000 system_server expire 24 lines
05-27 08:57:56.951  3807  3807 V KeyguardDisplayManager: hide
05-27 08:58:06.792  2690   810 I chatty  : uid=1000(system) Binder:2690_18 expire 11 lines
05-27 08:58:07.013  2690  3462 I chatty  : uid=1000(system) Binder:2690_1 expire 17 lines
05-27 08:58:07.880  4663  4663 W ContextImpl: Calling a method in the system process without a qualified user: android.app.ContextImpl.sendBroadcast:877 android.content.ContextWrapper.sendBroadcast:421 com.qti.launcherunreadservice.LauncherUnreadService.sendUnreadChangedBroadcast:310 com.qti.launcherunreadservice.LauncherUnreadService.-wrap3:-1 com.qti.launcherunreadservice.LauncherUnreadService$2$1.run:118 
05-27 08:58:08.024  2690  3485 I chatty  : uid=1000(system) ActivityManager expire 29 lines
05-27 08:58:08.426  2690  2690 I chatty  : uid=1000 system_server expire 15 lines
05-27 08:58:08.429  2690  4316 I chatty  : uid=1000(system) Binder:2690_6 expire 10 lines
05-27 08:58:08.461  2690  3463 I chatty  : uid=1000(system) Binder:2690_2 expire 10 lines
05-27 08:58:09.760  2690 17874 I chatty  : uid=1000(system) Binder:2690_1D expire 31 lines
05-27 08:58:41.161  2690 30619 I chatty  : uid=1000(system) Binder:2690_F expire 13 lines
05-27 08:58:44.901  2690 30632 I chatty  : uid=1000(system) Binder:2690_16 expire 12 lines
05-27 08:58:56.102  2690   815 I chatty  : uid=1000(system) Binder:2690_19 expire 10 lines
05-27 08:58:59.175  3807  3807 V KeyguardStatusView: refresh statusview showing:true
05-27 08:58:59.185  3807  3807 V KeyguardDisplayManager: show
05-27 08:58:59.733  3807  3807 V KeyguardDisplayManager: hide
05-27 08:59:02.641  2690  7252 I chatty  : uid=1000(system) Binder:2690_E expire 11 lines
05-27 08:59:02.684   387   393 D VoldCryptCmdListener: cryptfs getpwtype
05-27 08:59:09.519  2690  3686 I chatty  : uid=1000(system) InputDispatcher expire 10 lines
05-27 08:59:09.781  2690 17874 I chatty  : uid=1000(system) Binder:2690_1D expire 12 lines
05-27 08:59:09.886  2690  2690 I chatty  : uid=1000 system_server expire 12 lines
05-27 09:01:25.789 26379 26379 W ViewRootImpl[VelvetActivity]: Dropping event due to root view being removed: MotionEvent { action=ACTION_MOVE, actionButton=0, id[0]=1, x[0]=300.66605, y[0]=-483.0958, toolType[0]=TOOL_TYPE_FINGER, buttonState=0, metaState=0, flags=0x0, edgeFlags=0x0, pointerCount=1, historySize=2, eventTime=71638507, downTime=71637149, deviceId=8, source=0x1002 }
05-27 09:01:33.764  2690  4684 I chatty  : uid=1000(system) Binder:2690_A expire 11 lines
05-27 09:02:56.468  2690 18009 I chatty  : uid=1000(system) Binder:2690_1E expire 12 lines
05-27 09:03:42.782  2690  3485 I chatty  : uid=1000(system) ActivityManager expire 10 lines
05-27 09:03:42.782  4152  4152 D MccTable: updateMccMncConfiguration mccmnc='null' fromServiceState=true
05-27 09:03:42.782  4152  4152 D MccTable: WIFI_COUNTRY_CODE set to 
05-27 09:03:42.937  2690 30624 I chatty  : uid=1000(system) Binder:2690_13 expire 15 lines
05-27 09:03:42.986  2690  3463 I chatty  : uid=1000(system) Binder:2690_2 expire 17 lines
05-27 09:04:59.560  2690  3503 I chatty  : uid=1000(system) android.display expire 12 lines
05-27 09:05:04.402  3807  3807 V KeyguardStatusView: refresh statusview showing:true
05-27 09:05:04.414  3807  3807 V KeyguardDisplayManager: show
05-27 09:05:04.779  4152  4152 D MccTable: updateMccMncConfiguration mccmnc='405819' fromServiceState=true
05-27 09:05:04.780  4152  4152 D MccTable: updateMccMncConfiguration defaultMccMnc=405854
05-27 09:05:04.780  4152  4152 D MccTable: updateMccMncConfiguration: mcc=405, mnc=819
05-27 09:05:04.780  4152  4152 D MccTable: WIFI_COUNTRY_CODE set to in
05-27 09:05:05.069  2690  4709 I chatty  : uid=1000(system) Binder:2690_C expire 10 lines
05-27 09:06:17.419  4152  4152 D MccTable: updateMccMncConfiguration mccmnc='null' fromServiceState=true
05-27 09:06:17.419  4152  4152 D MccTable: WIFI_COUNTRY_CODE set to 
05-27 09:06:28.661  2690  1328 I chatty  : uid=1000(system) Binder:2690_1A expire 10 lines
05-27 09:07:02.363  4152  4152 D MccTable: updateMccMncConfiguration mccmnc='405819' fromServiceState=true
05-27 09:07:02.364  4152  4152 D MccTable: updateMccMncConfiguration defaultMccMnc=405854
05-27 09:07:02.365  4152  4152 D MccTable: updateMccMncConfiguration: mcc=405, mnc=819
05-27 09:07:02.365  4152  4152 D MccTable: WIFI_COUNTRY_CODE set to in
05-27 09:08:39.628  2690  4237 I chatty  : uid=1000(system) uteStateMachine expire 11 lines
05-27 09:08:45.815 23038 23038 W ContextImpl: Calling a method in the system process without a qualified user: android.app.ContextImpl.sendBroadcast:877 android.content.ContextWrapper.sendBroadcast:421 android.content.ContextWrapper.sendBroadcast:421 com.smartron.fmui.FMMediaButtonIntentReceiver.onReceive:50 android.app.ActivityThread.handleReceiver:3040 
05-27 09:10:18.415  4663  4663 W ContextImpl: Calling a method in the system process without a qualified user: android.app.ContextImpl.sendBroadcast:877 android.content.ContextWrapper.sendBroadcast:421 com.qti.launcherunreadservice.LauncherUnreadService.sendUnreadChangedBroadcast:310 com.qti.launcherunreadservice.LauncherUnreadService.-wrap3:-1 com.qti.launcherunreadservice.LauncherUnreadService$1$1.run:96 
05-27 09:10:22.487  2690  2690 I chatty  : uid=1000 system_server expire 21 lines
05-27 09:10:22.938  3807  3807 V KeyguardDisplayManager: hide
05-27 09:10:30.524  3807  3807 V KeyguardStatusView: refresh statusview showing:true
05-27 09:10:30.537  3807  3807 V KeyguardDisplayManager: show
05-27 10:03:11.628  4663  4663 W ContextImpl: Calling a method in the system process without a qualified user: android.app.ContextImpl.sendBroadcast:877 android.content.ContextWrapper.sendBroadcast:421 com.qti.launcherunreadservice.LauncherUnreadService.sendUnreadChangedBroadcast:310 com.qti.launcherunreadservice.LauncherUnreadService.-wrap3:-1 com.qti.launcherunreadservice.LauncherUnreadService$1$1.run:96 
05-27 10:14:20.710   387   393 D VoldCryptCmdListener: cryptfs getpwtype
05-27 10:14:47.706  2690  3754 I chatty  : uid=1000(system) Binder:2690_3 expire 11 lines
05-27 10:15:44.951  2690 17865 I chatty  : uid=1000(system) Binder:2690_1C expire 11 lines
05-27 10:16:37.952  4152  4152 D MccTable: updateMccMncConfiguration mccmnc='null' fromServiceState=true
05-27 10:16:37.952  4152  4152 D MccTable: WIFI_COUNTRY_CODE set to 
05-27 10:16:38.096  2690  4685 I chatty  : uid=1000(system) Binder:2690_B expire 10 lines
05-27 10:16:47.413  2690   809 I chatty  : uid=1000(system) Binder:2690_17 expire 12 lines
05-27 10:18:07.481  4152  4152 D MccTable: updateMccMncConfiguration mccmnc='405819' fromServiceState=true
05-27 10:18:07.486  4152  4152 D MccTable: updateMccMncConfiguration defaultMccMnc=405854
05-27 10:18:07.486  4152  4152 D MccTable: updateMccMncConfiguration: mcc=405, mnc=819
05-27 10:18:07.486  4152  4152 D MccTable: WIFI_COUNTRY_CODE set to in
05-27 10:18:07.795  2690 30622 I chatty  : uid=1000(system) Binder:2690_11 expire 10 lines
05-27 10:21:00.857  4152  4152 D MccTable: updateMccMncConfiguration mccmnc='null' fromServiceState=true
05-27 10:21:00.857  4152  4152 D MccTable: WIFI_COUNTRY_CODE set to 
05-27 10:21:01.212  2690  4622 I chatty  : uid=1000(system) Binder:2690_7 expire 15 lines
05-27 10:21:09.676  2690 30630 I chatty  : uid=1000(system) Binder:2690_15 expire 12 lines
05-27 10:21:43.159  4152  4152 D MccTable: updateMccMncConfiguration mccmnc='405819' fromServiceState=true
05-27 10:21:43.160  4152  4152 D MccTable: updateMccMncConfiguration defaultMccMnc=405854
05-27 10:21:43.160  4152  4152 D MccTable: updateMccMncConfiguration: mcc=405, mnc=819
05-27 10:21:43.160  4152  4152 D MccTable: WIFI_COUNTRY_CODE set to in
05-27 10:29:20.466  2690  3506 I chatty  : uid=1000(system) PowerManagerSer expire 10 lines
05-27 10:29:20.864  3807  3807 V KeyguardDisplayManager: hide
05-27 10:29:22.150  4663  4663 W ContextImpl: Calling a method in the system process without a qualified user: android.app.ContextImpl.sendBroadcast:877 android.content.ContextWrapper.sendBroadcast:421 com.qti.launcherunreadservice.LauncherUnreadService.sendUnreadChangedBroadcast:310 com.qti.launcherunreadservice.LauncherUnreadService.-wrap3:-1 com.qti.launcherunreadservice.LauncherUnreadService$1$1.run:96 
05-27 10:29:27.588  2690  3489 I chatty  : uid=1000(system) batterystats-sy expire 29 lines
05-27 10:29:34.273  2690  3698 I chatty  : uid=1000(system) WifiService expire 4 lines
05-27 10:29:43.429   387   393 D VoldCryptCmdListener: cryptfs getpwtype
05-27 10:29:43.463  2690 18433 I chatty  : uid=1000(system) Binder:2690_20 expire 12 lines
05-27 10:29:45.006   598 25538 W SocketClient: write error (Broken pipe)
05-27 10:29:45.408   387   393 D VoldCryptCmdListener: cryptfs getpwtype
05-27 10:29:46.119 26037 26083 D ActivityThread: Loading provider com.smartron.tronx.account.messages: com.smartron.synctron.provider.MessagesContentProvider
05-27 10:29:47.527  2690  3703 I chatty  : uid=1000(system) ConnectivitySer expire 10 lines
05-27 10:29:48.541  2690  3485 I chatty  : uid=1000(system) ActivityManager expire 10 lines
05-27 10:29:50.135  2690  4684 I chatty  : uid=1000(system) Binder:2690_A expire 13 lines
05-27 10:29:50.185  2690  4191 I chatty  : uid=1000(system) Binder:2690_4 expire 10 lines
05-27 10:29:53.343  2690   810 I chatty  : uid=1000(system) Binder:2690_18 expire 15 lines
05-27 10:29:56.040  2690 30619 I chatty  : uid=1000(system) Binder:2690_F expire 11 lines
05-27 10:29:56.044  2690  1329 I chatty  : uid=1000(system) Binder:2690_1B expire 10 lines
05-27 10:29:58.908   387   393 D VoldCryptCmdListener: cryptfs getpwtype
05-27 10:29:59.076 26581 26636 E ActivityThread: Failed to find provider info for com.flipkart.android.DB.GeoFenceProvider
05-27 10:29:59.513  2690 18009 I chatty  : uid=1000(system) Binder:2690_1E expire 10 lines
05-27 10:29:59.533  2690 30623 I chatty  : uid=1000(system) Binder:2690_12 expire 24 lines
05-27 10:30:01.018   387   393 D VoldCryptCmdListener: cryptfs getpwtype
05-27 10:30:01.265  2690  4222 I chatty  : uid=1000(system) Binder:2690_5 expire 10 lines
05-27 10:30:02.165  2690  4664 I chatty  : uid=1000(system) Binder:2690_9 expire 15 lines
05-27 10:30:02.166   387   393 D VoldCryptCmdListener: cryptfs getpwtype
05-27 10:30:08.811   387   393 D VoldCryptCmdListener: cryptfs getpwtype
05-27 10:30:09.238   387   393 D VoldCryptCmdListener: cryptfs getpwtype
05-27 10:30:10.736  2690  4316 I chatty  : uid=1000(system) Binder:2690_6 expire 11 lines
05-27 10:30:11.034  2690  4710 I chatty  : uid=1000(system) Binder:2690_D expire 10 lines
05-27 10:30:13.424  2690  3463 I chatty  : uid=1000(system) Binder:2690_2 expire 10 lines
05-27 10:30:34.321  2690  3686 I chatty  : uid=1000(system) InputDispatcher expire 10 lines
05-27 10:30:51.509  2690 30620 I chatty  : uid=1000(system) Binder:2690_10 expire 12 lines
05-27 10:30:52.817  2690  4662 I chatty  : uid=1000(system) Binder:2690_8 expire 10 lines
05-27 10:30:56.931  2690 17874 I chatty  : uid=1000(system) Binder:2690_1D expire 10 lines
05-27 10:32:03.888  2690  4237 I chatty  : uid=1000(system) uteStateMachine expire 11 lines
05-27 10:39:50.029  2690  3484 I chatty  : uid=1000(system) android.bg expire 10 lines
05-27 10:39:50.583  2690 18432 I chatty  : uid=1000(system) Binder:2690_1F expire 11 lines
05-27 10:42:53.473  2690   815 I chatty  : uid=1000(system) Binder:2690_19 expire 13 lines
05-27 10:53:18.350  2690  3485 I chatty  : uid=1000(system) ActivityManager expire 37 lines
05-27 10:54:18.301  2690 17865 I chatty  : uid=1000(system) Binder:2690_1C expire 16 lines
05-27 11:01:29.935   896   896 W ContextImpl: Calling a method in the system process without a qualified user: android.app.ContextImpl.sendBroadcast:877 android.content.ContextWrapper.sendBroadcast:421 android.content.ContextWrapper.sendBroadcast:421 com.smartron.fmui.FMMediaButtonIntentReceiver.onReceive:50 android.app.ActivityThread.handleReceiver:3040 
05-27 11:01:30.073  2690  3754 I chatty  : uid=1000(system) Binder:2690_3 expire 10 lines
05-27 11:01:37.159  2690  3686 I chatty  : uid=1000(system) InputDispatcher expire 12 lines
05-27 11:01:42.467   387   393 D VoldCryptCmdListener: cryptfs getpwtype
05-27 11:01:42.468  2690  3692 I chatty  : uid=1000(system) CryptdConnector expire 12 lines
05-27 11:01:42.747  2690  4709 I chatty  : uid=1000(system) Binder:2690_C expire 12 lines
05-27 11:01:43.503 11072 11072 E ActivityThread: Service com.whatsapp.VoiceService has leaked ServiceConnection android.bluetooth.BluetoothHeadset$2@eb640d8 that was originally bound here
05-27 11:01:43.503 11072 11072 E ActivityThread: android.app.ServiceConnectionLeaked: Service com.whatsapp.VoiceService has leaked ServiceConnection android.bluetooth.BluetoothHeadset$2@eb640d8 that was originally bound here
05-27 11:01:43.503 11072 11072 E ActivityThread: 	at android.app.LoadedApk$ServiceDispatcher.<init>(LoadedApk.java:1336)
05-27 11:01:43.503 11072 11072 E ActivityThread: 	at android.app.LoadedApk.getServiceDispatcher(LoadedApk.java:1231)
05-27 11:01:43.503 11072 11072 E ActivityThread: 	at android.app.ContextImpl.bindServiceCommon(ContextImpl.java:1450)
05-27 11:01:43.503 11072 11072 E ActivityThread: 	at android.app.ContextImpl.bindServiceAsUser(ContextImpl.java:1430)
05-27 11:01:43.503 11072 11072 E ActivityThread: 	at android.content.ContextWrapper.bindServiceAsUser(ContextWrapper.java:643)
05-27 11:01:43.503 11072 11072 E ActivityThread: 	at android.bluetooth.BluetoothHeadset.doBind(BluetoothHeadset.java:305)
05-27 11:01:43.503 11072 11072 E ActivityThread: 	at android.bluetooth.BluetoothHeadset.<init>(BluetoothHeadset.java:298)
05-27 11:01:43.503 11072 11072 E ActivityThread: 	at android.bluetooth.BluetoothAdapter.getProfileProxy(BluetoothAdapter.java:1932)
05-27 11:01:43.503 11072 11072 E ActivityThread: 	at com.whatsapp.VoiceService.onCreate(VoiceService.java:521)
05-27 11:01:43.503 11072 11072 E ActivityThread: 	at android.app.ActivityThread.handleCreateService(ActivityThread.java:3191)
05-27 11:01:43.503 11072 11072 E ActivityThread: 	at android.app.ActivityThread.-wrap5(ActivityThread.java)
05-27 11:01:43.503 11072 11072 E ActivityThread: 	at android.app.ActivityThread$H.handleMessage(ActivityThread.java:1567)
05-27 11:01:43.503 11072 11072 E ActivityThread: 	at android.os.Handler.dispatchMessage(Handler.java:102)
05-27 11:01:43.503 11072 11072 E ActivityThread: 	at android.os.Looper.loop(Looper.java:154)
05-27 11:01:43.503 11072 11072 E ActivityThread: 	at android.app.ActivityThread.main(ActivityThread.java:6119)
05-27 11:01:43.503 11072 11072 E ActivityThread: 	at java.lang.reflect.Method.invoke(Native Method)
05-27 11:01:43.503 11072 11072 E ActivityThread: 	at com.android.internal.os.ZygoteInit$MethodAndArgsCaller.run(ZygoteInit.java:886)
05-27 11:01:43.503 11072 11072 E ActivityThread: 	at com.android.internal.os.ZygoteInit.main(ZygoteInit.java:776)
05-27 11:01:44.768  2690 30625 I chatty  : uid=1000(system) Binder:2690_14 expire 10 lines
05-27 11:01:44.875  2690  3503 I chatty  : uid=1000(system) android.display expire 13 lines
05-27 11:01:45.288  2690  3489 I chatty  : uid=1000(system) batterystats-sy expire 13 lines
05-27 11:01:45.419  3807  3807 V KeyguardStatusView: refresh statusview showing:true
05-27 11:01:45.434  3807  3807 V KeyguardDisplayManager: show
05-27 11:01:45.967  4663  4663 W ContextImpl: Calling a method in the system process without a qualified user: android.app.ContextImpl.sendBroadcast:877 android.content.ContextWrapper.sendBroadcast:421 com.qti.launcherunreadservice.LauncherUnreadService.sendUnreadChangedBroadcast:310 com.qti.launcherunreadservice.LauncherUnreadService.-wrap3:-1 com.qti.launcherunreadservice.LauncherUnreadService$1$1.run:96 
05-27 11:01:48.315  2690  3685 I chatty  : uid=1000(system) AlarmManager expire 7 lines
05-27 11:01:48.850  1295  1295 W FileUtils: Failed to chmod(/storage/emulated/0/.dom0o7b1i1le/dont_remove/6c9d3f90697a41b): android.system.ErrnoException: chmod failed: EPERM (Operation not permitted)
05-27 11:02:08.979  2690 30632 I chatty  : uid=1000(system) Binder:2690_16 expire 10 lines
05-27 11:07:19.168   387   393 D VoldCryptCmdListener: cryptfs getpwtype
05-27 11:07:46.296  2690 30624 I chatty  : uid=1000(system) Binder:2690_13 expire 12 lines
05-27 11:09:08.058  3807  3807 V KeyguardDisplayManager: hide
05-27 11:09:26.229  3807  3807 V KeyguardStatusView: refresh statusview showing:true
05-27 11:09:26.247  3807  3807 V KeyguardDisplayManager: show
05-27 11:09:54.267  4152  4152 D MccTable: updateMccMncConfiguration mccmnc='null' fromServiceState=true
05-27 11:09:54.268  4152  4152 D MccTable: WIFI_COUNTRY_CODE set to 
05-27 11:09:54.467  2690  7252 I chatty  : uid=1000(system) Binder:2690_E expire 15 lines
05-27 11:10:02.620  2690 30619 I chatty  : uid=1000(system) Binder:2690_F expire 10 lines
05-27 11:10:02.746  2690  4316 I chatty  : uid=1000(system) Binder:2690_6 expire 12 lines
05-27 11:17:58.111  2690  2690 I chatty  : uid=1000 system_server expire 34 lines
05-27 11:17:58.562  3807  3807 V KeyguardDisplayManager: hide
05-27 11:17:58.597  2690   810 I chatty  : uid=1000(system) Binder:2690_18 expire 10 lines
05-27 11:18:02.858  2690  3687 I chatty  : uid=1000(system) InputReader expire 8 lines
05-27 11:18:03.799  3807  3807 V KeyguardStatusView: refresh statusview showing:true
05-27 11:18:03.809  3807  3807 V KeyguardDisplayManager: show
05-27 11:18:12.840  4152  4152 D MccTable: updateMccMncConfiguration mccmnc='405819' fromServiceState=true
05-27 11:18:12.845  4152  4152 D MccTable: updateMccMncConfiguration defaultMccMnc=405854
05-27 11:18:12.845  4152  4152 D MccTable: updateMccMncConfiguration: mcc=405, mnc=819
05-27 11:18:12.845  4152  4152 D MccTable: WIFI_COUNTRY_CODE set to in
05-27 11:28:05.964  2690   809 I chatty  : uid=1000(system) Binder:2690_17 expire 10 lines
05-27 11:28:06.013  2690 18009 I chatty  : uid=1000(system) Binder:2690_1E expire 11 lines
05-27 11:28:06.042  2690  2893 I chatty  : uid=1000(system) ContactsProvide expire 1 line
05-27 11:28:06.078  2690  4237 I chatty  : uid=1000(system) uteStateMachine expire 15 lines
05-27 11:28:06.083  2690  4239 I chatty  : uid=1000(system) CallAudioModeSt expire 12 lines
05-27 11:28:06.092  2690  4622 I chatty  : uid=1000(system) Binder:2690_7 expire 12 lines
05-27 11:28:06.101  2690  2900 I chatty  : uid=1000(system) FinalizerWatchd expire 3 lines
05-27 11:28:06.504  2690  4662 I chatty  : uid=1000(system) Binder:2690_8 expire 22 lines
05-27 11:28:07.718  2690  3506 I chatty  : uid=1000(system) PowerManagerSer expire 11 lines
05-27 11:28:08.575  2690  2690 I chatty  : uid=1000 system_server expire 38 lines
05-27 11:28:08.945  3807  3807 V KeyguardStatusView: refresh statusview showing:true
05-27 11:28:09.445  2690  4710 I chatty  : uid=1000(system) Binder:2690_D expire 27 lines
05-27 11:30:08.219  2690  3485 I chatty  : uid=1000(system) ActivityManager expire 23 lines
05-27 11:30:08.634   387   393 D VoldCryptCmdListener: cryptfs getpwtype
05-27 11:34:43.757  2690  3489 I chatty  : uid=1000(system) batterystats-sy expire 15 lines
05-27 11:35:03.397  2690  2690 I chatty  : uid=1000 system_server expire 29 lines
05-27 12:05:12.221  2690 30622 I chatty  : uid=1000(system) Binder:2690_11 expire 14 lines
05-27 12:07:27.846   387   393 D VoldCryptCmdListener: cryptfs getpwtype
05-27 12:08:09.231  4663  4663 W ContextImpl: Calling a method in the system process without a qualified user: android.app.ContextImpl.sendBroadcast:877 android.content.ContextWrapper.sendBroadcast:421 com.qti.launcherunreadservice.LauncherUnreadService.sendUnreadChangedBroadcast:310 com.qti.launcherunreadservice.LauncherUnreadService.-wrap3:-1 com.qti.launcherunreadservice.LauncherUnreadService$1$1.run:96 
05-27 12:11:06.808  2690  1328 I chatty  : uid=1000(system) Binder:2690_1A expire 11 lines
05-27 12:11:08.164  4663  4663 W ContextImpl: Calling a method in the system process without a qualified user: android.app.ContextImpl.sendBroadcast:877 android.content.ContextWrapper.sendBroadcast:421 com.qti.launcherunreadservice.LauncherUnreadService.sendUnreadChangedBroadcast:310 com.qti.launcherunreadservice.LauncherUnreadService.-wrap3:-1 com.qti.launcherunreadservice.LauncherUnreadService$1$1.run:96 
05-27 12:34:43.808  2690  3489 I chatty  : uid=1000(system) batterystats-sy expire 12 lines
05-27 13:05:13.771  2690 30630 I chatty  : uid=1000(system) Binder:2690_15 expire 13 lines
05-27 13:05:13.855  2690  5189 I chatty  : uid=1000 system_server expire 1 line
05-27 13:05:13.888  2690  4237 I chatty  : uid=1000(system) uteStateMachine expire 15 lines
05-27 13:05:13.906  2690  5196 I chatty  : uid=1000 system_server expire 3 lines
05-27 13:05:14.390  2690 30623 I chatty  : uid=1000(system) Binder:2690_12 expire 11 lines
05-27 13:05:14.440  2690  3485 I chatty  : uid=1000(system) ActivityManager expire 16 lines
05-27 13:05:14.642  2690  2690 I chatty  : uid=1000 system_server expire 41 lines
05-27 13:05:16.233  2690 18432 I chatty  : uid=1000(system) Binder:2690_1F expire 11 lines
05-27 13:05:16.234   387   393 D VoldCryptCmdListener: cryptfs getpwtype
05-27 13:05:16.810  2690 18433 I chatty  : uid=1000(system) Binder:2690_20 expire 19 lines
05-27 13:05:51.887  2690  4191 I chatty  : uid=1000(system) Binder:2690_4 expire 11 lines
05-27 13:53:39.723  4152  4152 D MccTable: updateMccMncConfiguration mccmnc='null' fromServiceState=true
05-27 13:53:39.723  4152  4152 D MccTable: WIFI_COUNTRY_CODE set to 
05-27 13:53:50.952  2690  4684 I chatty  : uid=1000(system) Binder:2690_A expire 10 lines
05-27 13:56:00.636  2690  2690 I chatty  : uid=1000 system_server expire 43 lines
05-27 13:56:18.717  2690  4662 I chatty  : uid=1000(system) Binder:2690_8 expire 11 lines
05-27 13:56:37.443  2690  3506 I chatty  : uid=1000(system) PowerManagerSer expire 11 lines
05-27 13:56:37.448  2690  3503 I chatty  : uid=1000(system) android.display expire 12 lines
05-27 13:56:37.833  3807  3807 V KeyguardDisplayManager: hide
05-27 13:56:38.413  2690  3463 I chatty  : uid=1000(system) Binder:2690_2 expire 13 lines
05-27 13:58:04.400  4152  4152 D MccTable: updateMccMncConfiguration mccmnc='405819' fromServiceState=true
05-27 13:58:04.401  4152  4152 D MccTable: updateMccMncConfiguration defaultMccMnc=405854
05-27 13:58:04.401  4152  4152 D MccTable: updateMccMncConfiguration: mcc=405, mnc=819
05-27 13:58:04.401  4152  4152 D MccTable: WIFI_COUNTRY_CODE set to in
05-27 13:58:04.529  2690 30623 I chatty  : uid=1000(system) Binder:2690_12 expire 10 lines
05-27 13:58:04.739  2690  4664 I chatty  : uid=1000(system) Binder:2690_9 expire 13 lines
05-27 13:58:06.043  2690  2690 I chatty  : uid=1000 system_server expire 12 lines
05-27 13:58:52.927  2690  3489 I chatty  : uid=1000(system) batterystats-sy expire 15 lines
05-27 13:58:57.516  3807  3807 V KeyguardStatusView: refresh statusview showing:true
05-27 13:58:57.528  3807  3807 V KeyguardDisplayManager: show
05-27 13:59:32.335  2690   810 I chatty  : uid=1000(system) Binder:2690_18 expire 14 lines
05-27 13:59:32.764  3807  3807 V KeyguardDisplayManager: hide
05-27 13:59:33.283  2690  3462 I chatty  : uid=1000(system) Binder:2690_1 expire 11 lines
05-27 14:00:02.430  2690  4222 I chatty  : uid=1000(system) Binder:2690_5 expire 14 lines
05-27 14:00:30.555  4152  4152 D MccTable: updateMccMncConfiguration mccmnc='null' fromServiceState=true
05-27 14:00:30.555  4152  4152 D MccTable: WIFI_COUNTRY_CODE set to 
05-27 14:00:30.695  2690  3754 I chatty  : uid=1000(system) Binder:2690_3 expire 14 lines
05-27 14:01:07.424  3807  3807 V KeyguardStatusView: refresh statusview showing:true
05-27 14:01:07.446  3807  3807 V KeyguardDisplayManager: show
05-27 14:01:13.827  3807  3807 V KeyguardDisplayManager: hide
05-27 14:01:18.014  2690  2690 I chatty  : uid=1000 system_server expire 11 lines
05-27 14:01:18.953  3807  3807 V KeyguardStatusView: refresh statusview showing:true
05-27 14:01:18.969  3807  3807 V KeyguardDisplayManager: show
05-27 14:02:46.069  4152  4152 D MccTable: updateMccMncConfiguration mccmnc='405819' fromServiceState=true
05-27 14:02:46.071  4152  4152 D MccTable: updateMccMncConfiguration defaultMccMnc=405854
05-27 14:02:46.071  4152  4152 D MccTable: updateMccMncConfiguration: mcc=405, mnc=819
05-27 14:02:46.071  4152  4152 D MccTable: WIFI_COUNTRY_CODE set to in
05-27 14:02:47.685  2690  3506 I chatty  : uid=1000(system) PowerManagerSer expire 12 lines
05-27 14:03:24.783  3807  3807 V KeyguardDisplayManager: hide
05-27 14:04:12.233  4152  4152 D MccTable: updateMccMncConfiguration mccmnc='null' fromServiceState=true
05-27 14:04:12.233  4152  4152 D MccTable: WIFI_COUNTRY_CODE set to 
05-27 14:04:12.405  2690 30619 I chatty  : uid=1000(system) Binder:2690_F expire 24 lines
05-27 14:04:24.221  2690  1329 I chatty  : uid=1000(system) Binder:2690_1B expire 11 lines
05-27 14:05:29.537  2690  3503 I chatty  : uid=1000(system) android.display expire 12 lines
05-27 14:05:34.210  3807  3807 V KeyguardStatusView: refresh statusview showing:true
05-27 14:05:34.241  3807  3807 V KeyguardDisplayManager: show
05-27 14:05:37.339  2690  2690 I chatty  : uid=1000 system_server expire 43 lines
05-27 14:05:37.781  3807  3807 V KeyguardDisplayManager: hide
05-27 14:06:47.889  3807  3807 V KeyguardStatusView: refresh statusview showing:true
05-27 14:06:47.904  3807  3807 V KeyguardDisplayManager: show
05-27 14:07:30.130  2690  3506 I chatty  : uid=1000(system) PowerManagerSer expire 10 lines
05-27 14:07:30.511  3807  3807 V KeyguardDisplayManager: hide
05-27 14:07:40.478  3807  3807 V KeyguardStatusView: refresh statusview showing:true
05-27 14:07:40.491  3807  3807 V KeyguardDisplayManager: show
05-27 14:07:55.896  4152  4152 D MccTable: updateMccMncConfiguration mccmnc='405819' fromServiceState=true
05-27 14:07:55.905  4152  4152 D MccTable: updateMccMncConfiguration defaultMccMnc=405854
05-27 14:07:55.905  4152  4152 D MccTable: updateMccMncConfiguration: mcc=405, mnc=819
05-27 14:07:55.905  4152  4152 D MccTable: WIFI_COUNTRY_CODE set to in
05-27 14:08:27.341  4152  4152 D MccTable: updateMccMncConfiguration mccmnc='null' fromServiceState=true
05-27 14:08:27.342  4152  4152 D MccTable: WIFI_COUNTRY_CODE set to 
05-27 14:08:29.253  4152  4152 D MccTable: updateMccMncConfiguration mccmnc='405819' fromServiceState=true
05-27 14:08:29.256  4152  4152 D MccTable: updateMccMncConfiguration defaultMccMnc=405854
05-27 14:08:29.256  4152  4152 D MccTable: updateMccMncConfiguration: mcc=405, mnc=819
05-27 14:08:29.256  4152  4152 D MccTable: WIFI_COUNTRY_CODE set to in
05-27 14:08:29.421  2690 30625 I chatty  : uid=1000(system) Binder:2690_14 expire 10 lines
05-27 14:09:57.270  2690  3485 I chatty  : uid=1000(system) ActivityManager expire 32 lines
05-27 14:16:37.583  2690  3484 I chatty  : uid=1000(system) android.bg expire 9 lines
05-27 14:33:07.019  3807  3807 I PowerUI.Notification: show low battery warning: level=15 [-1] playSound=true
05-27 14:33:08.136   387   393 D VoldCryptCmdListener: cryptfs getpwtype
05-27 14:42:27.983  2690 11073 I chatty  : uid=1000 system_server expire 1 line
05-27 14:42:28.023  2690  4237 I chatty  : uid=1000(system) uteStateMachine expire 30 lines
05-27 14:42:28.027  2690  4239 I chatty  : uid=1000(system) CallAudioModeSt expire 11 lines
05-27 14:42:28.040  2690 11089 I chatty  : uid=1000 system_server expire 3 lines
05-27 14:42:29.368  2690 30624 I chatty  : uid=1000(system) Binder:2690_13 expire 10 lines
05-27 14:42:29.885  2690 17874 I chatty  : uid=1000(system) Binder:2690_1D expire 11 lines
05-27 14:42:29.920  3807  3807 V KeyguardStatusView: refresh statusview showing:true
05-27 14:42:29.935  2690  2690 I chatty  : uid=1000 system_server expire 34 lines
05-27 14:42:30.245  2690 17865 I chatty  : uid=1000(system) Binder:2690_1C expire 17 lines
05-27 14:54:51.509  2690  3489 I chatty  : uid=1000(system) batterystats-sy expire 12 lines
05-27 15:08:16.809  2690 18433 I chatty  : uid=1000(system) Binder:2690_20 expire 20 lines
05-27 15:09:57.540  2690  3485 I chatty  : uid=1000(system) ActivityManager expire 30 lines
05-27 15:12:24.845  2690 30619 I chatty  : uid=1000(system) Binder:2690_F expire 10 lines
05-27 15:12:24.848  2690 12116 I chatty  : uid=1000 system_server expire 1 line
05-27 15:12:24.910  2690 12122 I chatty  : uid=1000 system_server expire 3 lines
05-27 15:12:27.565  2690  3463 I chatty  : uid=1000(system) Binder:2690_2 expire 15 lines
05-27 15:12:29.547  2690 30630 I chatty  : uid=1000(system) Binder:2690_15 expire 13 lines
05-27 15:12:30.358  3807  3807 V KeyguardStatusView: refresh statusview showing:true
05-27 15:12:30.375  2690  2690 I chatty  : uid=1000 system_server expire 19 lines
05-27 15:12:46.377  2690  3489 I chatty  : uid=1000(system) batterystats-sy expire 33 lines
05-27 15:12:46.378  3807  3807 I PowerUI.Notification: dismissing low battery notification
05-27 15:12:46.463  2690  3485 I chatty  : uid=1000(system) ActivityManager expire 17 lines
05-27 15:12:56.864  2690  3503 I chatty  : uid=1000(system) android.display expire 6 lines
05-27 15:12:57.146  2690  3506 I chatty  : uid=1000(system) PowerManagerSer expire 10 lines
05-27 15:22:46.829  2690 18432 I chatty  : uid=1000(system) Binder:2690_1F expire 11 lines
05-27 15:22:50.963  3807  3807 V KeyguardDisplayManager: hide
05-27 15:23:00.923  2690  4685 I chatty  : uid=1000(system) Binder:2690_B expire 13 lines
05-27 15:23:01.338 14198 14267 E ActivityThread: Failed to find provider info for com.facebook.katana.provider.AttributionIdProvider
05-27 15:23:15.050 14198 14373 E ActivityThread: Failed to find provider info for com.facebook.katana.provider.AttributionIdProvider
05-27 15:23:19.018  2690  4710 I chatty  : uid=1000(system) Binder:2690_D expire 14 lines
05-27 15:23:52.487  2690  3489 I chatty  : uid=1000(system) batterystats-sy expire 10 lines
05-27 15:24:05.812  2690 30620 I chatty  : uid=1000(system) Binder:2690_10 expire 11 lines
05-27 15:24:05.854  2690   815 I chatty  : uid=1000(system) Binder:2690_19 expire 11 lines
05-27 15:24:07.586  2690  3703 I chatty  : uid=1000(system) ConnectivitySer expire 12 lines
05-27 15:24:08.080  2690   809 I chatty  : uid=1000(system) Binder:2690_17 expire 14 lines
05-27 15:24:08.680  2690  4547 I chatty  : uid=1000(system) backup expire 37 lines
