05-27 21:43:31.107 18065 18065 I art     : Explicit concurrent mark sweep GC freed 586(36KB) AllocSpace objects, 0(0B) LOS objects, 40% free, 22MB/37MB, paused 300us total 32.765ms
05-27 21:43:31.161 19029 19029 V ApplicationStateListener: Is Application.onCreate() for foreground: false
05-27 21:43:31.177 19029 19187 I ...ClientImplementation: Current App support weblab? true
05-27 21:43:31.191 19029 19196 D AbstractMetricsFactoryImpl: Setting non-anonymous customer ID and session ID to null, and anonymous tag to true as the metric entry was not recorded in non-anonymous queue.
05-27 21:43:31.192 19029 19196 D AbstractMetricsFactoryImpl: Setting non-anonymous customer ID and session ID to null, and anonymous tag to true as the metric entry was not recorded in non-anonymous queue.
05-27 21:43:31.193 19029 19196 D AbstractMetricsFactoryImpl: Setting non-anonymous customer ID and session ID to null, and anonymous tag to true as the metric entry was not recorded in non-anonymous queue.
05-27 21:43:31.193 19029 19196 D AbstractMetricsFactoryImpl: Setting non-anonymous customer ID and session ID to null, and anonymous tag to true as the metric entry was not recorded in non-anonymous queue.
05-27 21:43:31.194 19029 19196 D AbstractMetricsFactoryImpl: Setting non-anonymous customer ID and session ID to null, and anonymous tag to true as the metric entry was not recorded in non-anonymous queue.
05-27 21:43:31.198 19029 19196 D AbstractMetricsFactoryImpl: Setting non-anonymous customer ID and session ID to null, and anonymous tag to true as the metric entry was not recorded in non-anonymous queue.
05-27 21:43:31.198 19029 19196 D AbstractMetricsFactoryImpl: Setting non-anonymous customer ID and session ID to null, and anonymous tag to true as the metric entry was not recorded in non-anonymous queue.
05-27 21:43:31.199 19029 19196 D AbstractMetricsFactoryImpl: Setting non-anonymous customer ID and session ID to null, and anonymous tag to true as the metric entry was not recorded in non-anonymous queue.
05-27 21:43:31.199 19029 19196 D AbstractMetricsFactoryImpl: Setting non-anonymous customer ID and session ID to null, and anonymous tag to true as the metric entry was not recorded in non-anonymous queue.
05-27 21:43:31.200 19029 19196 D AbstractMetricsFactoryImpl: Setting non-anonymous customer ID and session ID to null, and anonymous tag to true as the metric entry was not recorded in non-anonymous queue.
05-27 21:43:31.217 19029 19198 I ...eAccountPluginHolder: Returning Default multiple profile settings
05-27 21:43:31.315   617   617 D GoodixFingerprintDaemonCallbackProxy: onAcquired, acquiredInfo = 1002
05-27 21:43:31.315   617   617 D fingerprintd: onAcquired(1002)
05-27 21:43:31.381  2690  3485 I ActivityManager: Start proc 19201:com.nis.app/u0a140 for service com.nis.app/.gcm.GcmPollingService
05-27 21:43:31.387   617   617 D GoodixFingerprintDaemonCallbackProxy: onAcquired, acquiredInfo = 0
05-27 21:43:31.387   617   617 D fingerprintd: onAcquired(0)
05-27 21:43:31.387   617   617 D GoodixFingerprintDaemonCallbackProxy: onAuthenticated, fpId = 2582733068, gpId = 0
05-27 21:43:31.387   617   617 D fingerprintd: onAuthenticated(fid=-1712234228, gid=0)
05-27 21:43:31.388  2690  2690 V FingerprintService: onAuthenticated(owner=com.android.systemui, id=-1712234228, gp=0)
05-27 21:43:31.391  2690   809 I ProcessStatsService: Added stats: 2017-05-27-18-11-25, over +3h0m0s688ms
05-27 21:43:31.398  2690  2690 V FingerprintService: Done with client: com.android.systemui
05-27 21:43:31.404  2690   809 I ProcessStatsService: Added stats: 2017-05-27-15-09-57, over +3h1m28s159ms
05-27 21:43:31.410  3807  3807 D KeyguardViewMediator: keyguardDone(true)
05-27 21:43:31.415  3807  3807 D KeyguardViewMediator: handleKeyguardDone
05-27 21:43:31.415  3807  3807 D KeyguardViewMediator: handleHide
05-27 21:43:31.441 19201 19201 I art     : Starting a blocking GC AddRemoveAppImageSpace
05-27 21:43:31.444  2690   809 I ProcessStatsService: Added stats: 2017-05-27-11-40-08, over +3h29m48s746ms
05-27 21:43:31.453 19201 19201 I MultiDex: VM with version 2.1.0 has multidex support
05-27 21:43:31.453 19201 19201 I MultiDex: install
05-27 21:43:31.453 19201 19201 I MultiDex: VM has multidex support, MultiDex support library is disabled.
05-27 21:43:31.457 19201 19201 D FirebaseApp: com.google.firebase.auth.FirebaseAuth is not linked. Skipping initialization.
05-27 21:43:31.461 19201 19201 D FirebaseApp: com.google.firebase.crash.FirebaseCrash is not linked. Skipping initialization.
05-27 21:43:31.466  2690   809 I ProcessStatsService: Added stats: 2017-05-27-07-59-47, over +3h40m20s765ms
05-27 21:43:31.471 19201 19201 I FA      : App measurement is starting up, version: 10240
05-27 21:43:31.471 19201 19201 I FA      : To enable debug logging run: adb shell setprop log.tag.FA VERBOSE
05-27 21:43:31.474 19201 19201 I FA      : To enable faster debug mode event logging run:
05-27 21:43:31.474 19201 19201 I FA      :   adb shell setprop debug.firebase.analytics.app com.nis.app
05-27 21:43:31.477 19201 19201 I FirebaseInitProvider: FirebaseApp initialization successful
05-27 21:43:31.491  2690   809 I ProcessStatsService: Added stats: 2017-05-26-21-05-35, over +10h54m12s880ms
05-27 21:43:31.516   617   617 D GoodixFingerprintDaemonCallbackProxy: onAcquired, acquiredInfo = 1003
05-27 21:43:31.516   617   617 D fingerprintd: onAcquired(1003)
05-27 21:43:31.520 19201 19221 D NetworkSecurityConfig: No Network Security Config specified, using platform default
05-27 21:43:31.569 19201 19201 I CrashlyticsCore: Initializing Crashlytics 2.3.17.dev
05-27 21:43:31.646  3807  3807 D KeyguardViewMediator: keyguardGoingAway
05-27 21:43:31.677  3807  3807 D KeyguardViewMediator: handleStartKeyguardExitAnimation startTime=110412784 fadeoutDuration=400
05-27 21:43:31.681 19201 19250 D ApplicationLoaders: ignored Vulkan layer search path /data/app/com.google.android.gms-2/lib/arm:/system/fake-libs:/data/app/com.google.android.gms-2/base.apk!/lib/armeabi-v7a for namespace 0xe9f30090
05-27 21:43:31.686   584 20481 I AudioPolicyManagerCustom: FLAG None hence request for a primary output
05-27 21:43:31.686   584 20132 I AudioPolicyManagerCustom: FLAG None hence request for a primary output
05-27 21:43:31.689   584  3712 I AudioPolicyManagerCustom: Direct PCM is disabled for this request
05-27 21:43:31.690   584   584 D compress_voip: voice_extn_compress_voip_out_get_parameters: enter
05-27 21:43:31.691  3807  3807 W AudioTrack: AUDIO_OUTPUT_FLAG_FAST denied by client; transfer 4, track 44100 Hz, output 48000 Hz
05-27 21:43:31.700   584   880 D audio_hw_primary: out_set_parameters: enter: usecase(1: low-latency-playback) kvpairs: routing=2
05-27 21:43:31.700   584   880 D audio_hw_extn: audio_extn_set_anc_parameters: anc_enabled:0
05-27 21:43:31.703   584   880 D audio_hw_primary: start_output_stream: enter: stream(0xe8e25200)usecase(1: low-latency-playback) devices(0x2)
05-27 21:43:31.703   584   880 D audio_hw_primary: select_devices: out_snd_device(2: speaker) in_snd_device(0: )
05-27 21:43:31.703   584   880 I msm8916_platform: platform_check_and_set_codec_backend_cfg: Usecase bitwidth 16, samplerate 48000, backend_idx 0
05-27 21:43:31.703   584   880 I msm8916_platform: platform_check_codec_backend_cfg Codec selected backend: 0 current bit width: 16 and sample rate: 48000
05-27 21:43:31.703   584   880 D msm8916_platform: platform_check_codec_backend_cfg: resetting sample_rate back to default, backend_idx: 0
05-27 21:43:31.703   584   880 I msm8916_platform: platform_check_codec_backend_cfg Codec selected backend: 0 updated bit width: 16 and sample rate: 48000
05-27 21:43:31.703   584   880 D hardware_info: hw_info_append_hw_type : device_name = speaker
05-27 21:43:31.703   584   880 D audio_hw_primary: enable_snd_device: snd_device(2: speaker)
05-27 21:43:31.703   584   880 I soundtrigger: audio_extn_sound_trigger_update_device_status: device 0x2 of type 0 for Event 1, with Raise=0
05-27 21:43:31.708   584   880 I audio_hw_primary: select_devices Selected apptype: 69937
05-27 21:43:31.708   584   880 D soundtrigger: audio_extn_sound_trigger_update_stream_status: uc_id 1 of type 0 for Event 3, with Raise=0
05-27 21:43:31.709   584   880 I audio_hw_utils: audio_extn_utils_send_app_type_cfg app_type 69937, acdb_dev_id 14, sample_rate 48000
05-27 21:43:31.709   584   880 D ACDB-LOADER: ACDB -> send_audio_cal, acdb_id = 14, path =  0
05-27 21:43:31.709   584   880 D ACDB-LOADER: ACDB -> send_asm_topology
05-27 21:43:31.709   584   880 D ACDB-LOADER: ACDB -> ACDB_CMD_GET_AUDPROC_STREAM_TOPOLOGY_ID
05-27 21:43:31.709   584   880 D ACDB-LOADER: ACDB -> send_adm_topology
05-27 21:43:31.709   584   880 D ACDB-LOADER: ACDB -> ACDB_CMD_GET_AUDPROC_COMMON_TOPOLOGY_ID
05-27 21:43:31.709   584   880 D ACDB-LOADER: ACDB -> send_audtable
05-27 21:43:31.709   584   880 D ACDB-LOADER: ACDB -> ACDB_CMD_GET_AUDPROC_COMMON_TABLE_SIZE
05-27 21:43:31.709   584   880 D ACDB-LOADER: ACDB -> ACDB_CMD_GET_AUDPROC_COMMON_TABLE
05-27 21:43:31.709   584   880 D ACDB-LOADER: ACDB -> AUDIO_SET_AUDPROC_CAL
05-27 21:43:31.709   584   880 D ACDB-LOADER: ACDB -> send_audvoltable
05-27 21:43:31.709   584   880 D ACDB-LOADER: ACDB -> ACDB_CMD_GET_AUDPROC_GAIN_DEP_STEP_TABLE
05-27 21:43:31.709   584   880 D ACDB-LOADER: ACDB -> AUDIO_SET_AUDPROC_VOL_CAL
05-27 21:43:31.709   584   880 D ACDB-LOADER: ACDB -> send_audstrmtable
05-27 21:43:31.709   584   880 D ACDB-LOADER: ACDB -> ACDB_CMD_GET_AUDPROC_STREAM_TABLE_V2
05-27 21:43:31.709   584   880 D ACDB-LOADER: ACDB -> audstrm_cal->cal_type.cal_data.cal_size = 32
05-27 21:43:31.709   584   880 D ACDB-LOADER: ACDB -> send_afe_topology
05-27 21:43:31.709   584   880 D ACDB-LOADER: ACDB -> ACDB_CMD_GET_AFE_TOPOLOGY_ID
05-27 21:43:31.709   584   880 D ACDB-LOADER: ACDB -> GET_AFE_TOPOLOGY_ID for adcd_id 14, Topology Id 1025e
05-27 21:43:31.709   584   880 D ACDB-LOADER: ACDB -> send_afe_cal
05-27 21:43:31.709   584   880 D ACDB-LOADER: ACDB -> ACDB_CMD_GET_AFE_COMMON_TABLE
05-27 21:43:31.709   584   880 D ACDB-LOADER: ACDB -> AUDIO_SET_AFE_CAL
05-27 21:43:31.709   584   880 D ACDB-LOADER: ACDB -> send_hw_delay : acdb_id = 14 path = 0
05-27 21:43:31.709   584   880 D ACDB-LOADER: ACDB -> ACDB_AVSYNC_INFO: ACDB_CMD_GET_DEVICE_PROPERTY
05-27 21:43:31.709   584   880 D audio_hw_primary: enable_audio_route: apply mixer and update path: low-latency-playback
05-27 21:43:31.710   584   880 D audio_hw_primary: select_devices: done
05-27 21:43:31.711  3807  3807 D PhoneStatusBar: disable: < expand icons* alerts system_info* back HOME RECENT clock SEARCH quick_settings >
05-27 21:43:31.719 19201 19261 I GAv4    : Google Analytics 10.2.40 is starting up. To enable debug logging on a device run:
05-27 21:43:31.719 19201 19261 I GAv4    :   adb shell setprop log.tag.GAv4 DEBUG
05-27 21:43:31.719 19201 19261 I GAv4    :   adb logcat -s GAv4
05-27 21:43:31.719   584   880 D msm8916_platform: platform_set_channel_map mixer_ctl_name:Playback Channel Map12
05-27 21:43:31.719   584   880 D msm8916_platform: platform_set_channel_map: set mapping(1 2 0 0 0 0 0 0) for channel:2
05-27 21:43:31.751  3807  3807 V KeyguardUpdateMonitor: *** unregister callback for com.android.keyguard.CarrierText$1@d2bd51b
05-27 21:43:31.751  3807  3807 V KeyguardUpdateMonitor: *** unregister callback for com.android.keyguard.EmergencyButton$1@47a26b8
05-27 21:43:31.753  3807  3807 V KeyguardDisplayManager: hide
05-27 21:43:31.753  3807  3807 D PhoneStatusBar: disable: < expand icons alerts system_info back HOME RECENT clock SEARCH quick_settings >
05-27 21:43:31.753  3807  3807 D KeyguardUpdateMonitor: onKeyguardVisibilityChanged(false)
05-27 21:43:31.754  3807  3807 V KeyguardUpdateMonitor: startListeningForFingerprint()
05-27 21:43:31.757  3807  3807 D KeyguardUpdateMonitor: sendKeyguardBouncerChanged(false)
05-27 21:43:31.757   617   617 V FingerprintHal: fingerprint_get_auth_id
05-27 21:43:31.758   618   618 I chatty  : uid=1000(system) goodixfingerpri expire 7 lines
05-27 21:43:31.758   584   880 D audio_hw_primary: start_output_stream: exit
05-27 21:43:31.763   618   618 E [gf_ca_entry] : gx_ta_send_modified_cmd_req end
05-27 21:43:31.763   618   618 E [gf_ca_entry] : [gf_ca_invoke_command] gx_ta_send_modified_cmd_req success
05-27 21:43:31.763   618   618 E [gf_ca_entry] : [gf_ca_invoke_command] ta execution succeed
05-27 21:43:31.763   618   618 V [GF_HAL][gf_hal_milan_f_series]: [hal_milan_f_series_invoke_command] exit
05-27 21:43:31.763   618   618 V [GF_HAL][gf_hal_common]: [gf_hal_invoke_command] exit
05-27 21:43:31.763   618   618 V [GF_HAL][gf_hal_common]: [gf_hal_common_get_auth_id] exit
05-27 21:43:31.763   618   618 V [GF_HAL][gf_hal_milan_f_series]: [hal_milan_f_series_get_auth_id] exit
05-27 21:43:31.763   618   618 V [GF_HAL][gf_hal]: [gf_hal_get_auth_id] exit
05-27 21:43:31.763  2690  2690 V FingerprintService: startAuthentication(com.android.systemui)
05-27 21:43:31.763  3807  3807 D KeyguardViewMediator: adjustStatusBarLocked: mShowing=false mOccluded=false isSecure=true --> flags=0x0
05-27 21:43:31.763  2690  2690 V FingerprintService: starting client AuthenticationClient(com.android.systemui), initiatedByClient = true)
05-27 21:43:31.763   617   617 V fingerprintd: authenticate(sid=0, gid=0)
05-27 21:43:31.763   617   617 V FingerprintHal: fingerprint_authenticate
05-27 21:43:31.764   618   618 V goodixfingerprintd: authenticate(gid=0)
05-27 21:43:31.764   618   618 V [GF_HAL][gf_hal]: [gf_hal_authenticate] enter
05-27 21:43:31.764   618   618 I [GF_HAL][gf_hal]: [gf_hal_authenticate] group_id=0
05-27 21:43:31.764   618   618 V [GF_HAL][gf_hal_milan_f_series]: [hal_milan_f_series_authenticate] enter
05-27 21:43:31.764   618   618 V [GF_HAL][gf_hal_timer]: [gf_hal_destroy_timer] enter
05-27 21:43:31.764   618   618 V [GF_HAL][gf_hal_timer]: [hal_destroy_timer] enter
05-27 21:43:31.764   618   618 V [GF_HAL][gf_hal_timer]: [hal_destroy_timer] exit
05-27 21:43:31.764   618   618 V [GF_HAL][gf_hal_timer]: [gf_hal_destroy_timer] exit
05-27 21:43:31.764   618   618 V [GF_HAL][gf_hal_common]: [gf_hal_common_authenticate] enter
05-27 21:43:31.764   618   618 D [GF_HAL][gf_hal_common]: [gf_hal_common_authenticate] group_id=0
05-27 21:43:31.764   618   618 V [GF_HAL][gf_hal_timer]: [gf_hal_destroy_timer] enter
05-27 21:43:31.764   618   618 V [GF_HAL][gf_hal_timer]: [hal_destroy_timer] enter
05-27 21:43:31.764   618   618 V [GF_HAL][gf_hal_timer]: [hal_destroy_timer] exit
05-27 21:43:31.764   618   618 V [GF_HAL][gf_hal_timer]: [gf_hal_destroy_timer] exit
05-27 21:43:31.764   618   618 V [GF_HAL][gf_hal_timer]: [gf_hal_destroy_timer] enter
05-27 21:43:31.764   618   618 V [GF_HAL][gf_hal_timer]: [hal_destroy_timer] enter
05-27 21:43:31.764   618   618 V [GF_HAL][gf_hal_timer]: [hal_destroy_timer] exit
05-27 21:43:31.764   618   618 V [GF_HAL][gf_hal_timer]: [gf_hal_destroy_timer] exit
05-27 21:43:31.766  4647  4647 E BrcmNfcJni: nfcManager_doSetScreenOrPowerState: Enter
05-27 21:43:31.766  4647  4647 D BrcmNfcJni: nfcManager_doSetScreenState: state = 3
05-27 21:43:31.766  4647  4647 D BrcmNfcJni: acquireRfInterfaceMutexLock: try to acquire lock
05-27 21:43:31.766  4647  4647 D BrcmNfcJni: acquireRfInterfaceMutexLock: sRfInterfaceMutex lock
05-27 21:43:31.766  4647  4647 D BrcmNfcJni: startRfDiscovery: is start=0
05-27 21:43:31.766  4647  4647 I BrcmNfcNfa: NFA_StopRfDiscovery ()
05-27 21:43:31.767  4647  4905 I BrcmNfcNfa: NFA got event 0x0110
05-27 21:43:31.767  4647  4905 I BrcmNfcNfa: nfa_dm_evt_hdlr event: NFA_DM_API_STOP_RF_DISCOVERY_EVT (0x10)
05-27 21:43:31.767  4647  4905 I BrcmNfcNfa: nfa_dm_act_stop_rf_discovery ()
05-27 21:43:31.767  4647  4905 I BrcmNfcNfa: nfa_dm_rf_deactivate () deactivate_type:0x0
05-27 21:43:31.767  4647  4905 I BrcmNfcNfa: nfa_dm_disc_sm_execute (): state: DISCOVERY (1), event: DEACTIVATE_CMD(6) disc_flags: 0x2
05-27 21:43:31.767  4647  4905 I BrcmNfcNfa: NFC_Deactivate 4 (IDLE) deactivate_type:0
05-27 21:43:31.767  4647  4905 I BrcmNfcNfa: nfc_ncif_send_cmd()
05-27 21:43:31.767  4647  4905 I BrcmNfcNfa: nfc_ncif_check_cmd_queue : Writing to HAL...
05-27 21:43:31.767  4647  4905 D NfcAdaptation: NfcAdaptation::HalWrite
05-27 21:43:31.767  4647  4905 D NxpExtns: const nxp::CNfcParam *nxp::CNfcConfig::find(const char *) const found MIFARE_READER_ENABLE=(0x1)
05-27 21:43:31.767  4647  4952 D NxpTml  : PN54X - Write requested.....
05-27 21:43:31.767  4647  4952 D NxpTml  : PN54X - Invoking I2C Write.....
05-27 21:43:31.767   618   618 V         : PowerManager get screen_state=1
05-27 21:43:31.767   618   618 D [GF_HAL][gf_hal_common]: [gf_hal_get_screen_state] get screen_state=1
05-27 21:43:31.767   618   618 V [GF_HAL][gf_hal_common]: [gf_hal_invoke_command] enter
05-27 21:43:31.767   618   618 V [GF_HAL][gf_hal_milan_f_series]: [hal_milan_f_series_invoke_command] enter
05-27 21:43:31.767   618   618 E [gf_ca_entry] : send_hmac_key
05-27 21:43:31.767   618   618 D [gf_qsee_keymaster]: keymaster_ta_start
05-27 21:43:31.767   618   618 D [gf_qsee_keymaster]: km handle=0x7f9f8282c0
05-27 21:43:31.768   618   618 D [gf_qsee_keymaster]: km get key ret:0, token_rsp:0x7ff7a7f628, rsp.status:0x0, rsp.offset:12, rsp.len:152
05-27 21:43:31.768   618   618 D [gf_qsee_keymaster]: get key success.
05-27 21:43:31.769   618   618 E [gf_ca_entry] : gx_ta_send_modified_cmd_req begin token 2610:1074
05-27 21:43:31.773  4647  4951 D NxpTml  : PN54X - I2C Read successful.....
05-27 21:43:31.773  4647  4951 D NxpTml  : Delay Read
05-27 21:43:31.773  4647  4952 D NxpNciX : len =   4 > 21060100
05-27 21:43:31.773  4647  4952 D NxpTml  : PN54X - I2C Write successful.....
05-27 21:43:31.773  4647  4952 D NxpTml  : PN54X - Posting Fresh Write message.....
05-27 21:43:31.774  4647  4952 D NxpTml  : PN54X - Tml Writer Thread Running................
05-27 21:43:31.774  4647  4954 D NxpHal  : write successful status = 0x0
05-27 21:43:31.774  4647  4905 I BrcmNfcNfa: nfa_dm_disc_sm_execute (): new state: DISCOVERY (1), disc_flags: 0x22
05-27 21:43:31.774  4647  4905 I BrcmNfcNfa: nfa_sys_ptim_stop_timer accf0a80
05-27 21:43:31.774  4647  4905 I BrcmNfcNfa: ptim timer stop
05-27 21:43:31.774  4647  4905 I BrcmNfcNfa: Stopped presence check timer (if started)
05-27 21:43:31.775  4647  4951 D NxpNciR : len =   4 > 41060100
05-27 21:43:31.775  4647  4951 D NxpTml  : PN54X - Posting read message.....
05-27 21:43:31.775  4647  4954 D NxpHal  : read successful status = 0x0
05-27 21:43:31.775  4647  4954 D NfcAdaptation: NfcAdaptation::HalDeviceContextDataCallback: len=4
05-27 21:43:31.775  4647  4951 D NxpTml  : PN54X - Read requested.....
05-27 21:43:31.775  4647  4905 I BrcmNfcNfa: NFC received rsp gid:1
05-27 21:43:31.775  4647  4951 D NxpTml  : PN54X - Invoking I2C Read.....
05-27 21:43:31.775  4647  4905 I BrcmNfcNfa: P2P_Prio_Logic
05-27 21:43:31.775  4647  4905 I BrcmNfcNfa: nfa_dm_p2p_prio_logic event_type = 0x1
05-27 21:43:31.775  4647  4905 I BrcmNfcNfa: returning TRUE
05-27 21:43:31.775  4647  4905 I BrcmNfcNfa: nfc_set_state 4 (IDLE)->4 (IDLE)
05-27 21:43:31.775  4647  4905 I BrcmNfcNfa: nfa_dm_disc_data_cback ()
05-27 21:43:31.775  4647  4905 I BrcmNfcNfa: nfa_dm_disc_discovery_cback (): event:0x4005
05-27 21:43:31.776  4647  4905 I BrcmNfcNfa: nfa_dm_disc_sm_execute (): state: DISCOVERY (1), event: DEACTIVATE_RSP(7) disc_flags: 0x22
05-27 21:43:31.776  4647  4905 I BrcmNfcNfa: nfa_dm_disc_new_state (): old_state: DISCOVERY (1), new_state: IDLE (0) disc_flags: 0x2
05-27 21:43:31.776  4647  4905 D BrcmNfcJni: nfaConnectionCallback: event= 31
05-27 21:43:31.776  4647  4905 D BrcmNfcJni: nfaConnectionCallback: NFA_RF_DISCOVERY_STOPPED_EVT: status = 0
05-27 21:43:31.776  4647  4905 D BrcmNfcJni: notifyPollingEventwhileNfcOff: sDiscCmdwhleNfcOff=0
05-27 21:43:31.776  4647  4905 D BrcmNfcJni: getReconnectState = 0x0
05-27 21:43:31.776  4647  4905 I BrcmNfcNfa: nfa_dm_start_rf_discover (): enter
05-27 21:43:31.776  4647  4647 D BrcmNfcJni: startRfDiscovery: is exit=0
05-27 21:43:31.776  4647  4905 I BrcmNfcNfa: nfa_dm_start_rf_discover (): return
05-27 21:43:31.776  4647  4905 I BrcmNfcNfa: nfa_dm_disc_sm_execute (): new state: IDLE (0), disc_flags: 0x0
05-27 21:43:31.776  4647  4647 D BrcmNfcJni: nfcManager_doSetScreenState: enter; NAME_NXP_CORE_SCRN_OFF_AUTONOMOUS_ENABLE = 00
05-27 21:43:31.776  4647  4647 D BrcmNfcJni: SetScreenState: enter
05-27 21:43:31.776  4647  4647 D BrcmNfcJni: Screen ON-Unlocked
05-27 21:43:31.776  4647  4647 D BrcmNfcJni: SetScreenState: Success NFA_SendNxpNciCommand
05-27 21:43:31.776  4647  4905 I BrcmNfcNfa: NFA got event 0x011B
05-27 21:43:31.776  4647  4905 I BrcmNfcNfa: nfa_dm_evt_hdlr event: Unknown or Vendor Specific (0x1b)
05-27 21:43:31.776  4647  4905 I BrcmNfcNfa: nfc_ncif_check_cmd_queue : Writing to HAL...
05-27 21:43:31.776  4647  4905 D NfcAdaptation: NfcAdaptation::HalWrite
05-27 21:43:31.776  4647  4905 D NxpExtns: const nxp::CNfcParam *nxp::CNfcConfig::find(const char *) const found MIFARE_READER_ENABLE=(0x1)
05-27 21:43:31.776  4647  4952 D NxpTml  : PN54X - Write requested.....
05-27 21:43:31.776  4647  4952 D NxpTml  : PN54X - Invoking I2C Write.....
05-27 21:43:31.777   618   618 E [gf_ca_entry] : gx_ta_send_modified_cmd_req end
05-27 21:43:31.777   618   618 E [gf_ca_entry] : [gf_ca_invoke_command] gx_ta_send_modified_cmd_req success
05-27 21:43:31.777   618   618 E [gf_ca_entry] : [gf_ca_invoke_command] ta execution succeed
05-27 21:43:31.777   618   618 E [gf_ca_entry] : gx_ta_send_modified_cmd_req begin token 2611:1010
05-27 21:43:31.777  4647  4952 D NxpNciX : len =   4 > 2F150100
05-27 21:43:31.778  4647  4952 D NxpTml  : PN54X - I2C Write successful.....
05-27 21:43:31.778  4647  4952 D NxpTml  : PN54X - Posting Fresh Write message.....
05-27 21:43:31.778  4647  4952 D NxpTml  : PN54X - Tml Writer Thread Running................
05-27 21:43:31.778  4647  4951 D NxpTml  : PN54X - I2C Read successful.....
05-27 21:43:31.778  4647  4951 D NxpTml  : Delay Read
05-27 21:43:31.780  4647  4951 D NxpNciR : len =   4 > 4F150100
05-27 21:43:31.780  4647  4951 D NxpTml  : PN54X - Posting read message.....
05-27 21:43:31.782  4647  4954 D NxpHal  : write successful status = 0x0
05-27 21:43:31.784  4647  4954 D NxpHal  : read successful status = 0x0
05-27 21:43:31.784  4647  4954 D NfcAdaptation: NfcAdaptation::HalDeviceContextDataCallback: len=4
05-27 21:43:31.784  4647  4951 D NxpTml  : PN54X - Read requested.....
05-27 21:43:31.784  4647  4951 D NxpTml  : PN54X - Invoking I2C Read.....
05-27 21:43:31.786  4647  4905 I BrcmNfcNfa: nfc_ncif_proc_proprietary_rsp: mt=2, gid=15, oid=21
05-27 21:43:31.786  4647  4905 I BrcmNfcNfa: nfc_ncif_proc_proprietary_rsp: exit status=1
05-27 21:43:31.786  4647  4905 D BrcmNfcJni: NxpResponse_SetDhlf_Cb Received length data = 0x4 status = 0x0
05-27 21:43:31.786  4647  4647 D BrcmNfcJni: StoreScreenState: enter
05-27 21:43:31.786  4647  4647 I BrcmNfcNfa: nfc_ncif_storeScreenState gScreenState : 3
05-27 21:43:31.786  4647  4647 D BrcmNfcJni: StoreScreenState: exit
05-27 21:43:31.786  4647  4647 D BrcmNfcJni: releaseRfInterfaceMutexLock: sRfInterfaceMutex unlock
05-27 21:43:31.787  4647  4647 E NfcService: applyRouting -20
05-27 21:43:31.787  4647  4647 D NfcService: applyRouting - enter force = false mScreenState = 3
05-27 21:43:31.788  4647  4647 D BrcmNfcJni: nfcManager_enableDiscovery: enter; tech_mask = ef
05-27 21:43:31.788  4647  4647 D BrcmNfcJni: nfcManager_enableDiscovery: sIsSecElemSelected=0
05-27 21:43:31.788  4647  4647 D BrcmNfcJni: acquireRfInterfaceMutexLock: try to acquire lock
05-27 21:43:31.788  4647  4647 D BrcmNfcJni: acquireRfInterfaceMutexLock: sRfInterfaceMutex lock
05-27 21:43:31.788  4647  4647 D BrcmNfcJni: PowerSwitch::setLevel: level=PS-FULL (1)
05-27 21:43:31.788  4647  4647 D NfcAdaptation: const CNfcParam *CNfcConfig::find(const char *) const found UICC_LISTEN_TECH_MASK=(0x7)
05-27 21:43:31.788  4647  4647 D BrcmNfcJni: nfcManager_enableDiscovery:UICC_LISTEN_MASK=0x07;
05-27 21:43:31.788  4647  4647 D BrcmNfcJni: nfcManager_enableDiscovery: Disable p2pListening
05-27 21:43:31.788  4647  4647 D BrcmNfcJni: PeerToPeer::enableP2pListening: enter isEnable: 0  mIsP2pListening: 0
05-27 21:43:31.788  4647  4647 D BrcmNfcJni: PeerToPeer::enableP2pListening: exit; mIsP2pListening: 0
05-27 21:43:31.788  4647  4647 D BrcmNfcJni: stopPolling_rfDiscoveryDisabled: disable polling
05-27 21:43:31.788  4647  4647 I BrcmNfcNfa: NFA_DisablePolling ()
05-27 21:43:31.788  4647  4905 I BrcmNfcNfa: NFA got event 0x0107
05-27 21:43:31.788  4647  4905 I BrcmNfcNfa: nfa_dm_evt_hdlr event: NFA_DM_API_DISABLE_POLLING_EVT (0x07)
05-27 21:43:31.788  4647  4905 I BrcmNfcNfa: nfa_dm_act_disable_polling ()
05-27 21:43:31.788  4647  4905 D BrcmNfcJni: nfaConnectionCallback: event= 1
05-27 21:43:31.788  4647  4905 D BrcmNfcJni: nfaConnectionCallback: NFA_POLL_DISABLED_EVT: status = 3
05-27 21:43:31.788  4647  4647 D BrcmNfcJni: startPolling_rfDiscoveryDisabled: enable polling
05-27 21:43:31.788  4647  4647 I BrcmNfcNfa: NFA_EnablePolling () 0xEF
05-27 21:43:31.788  4647  4647 D BrcmNfcJni: startPolling_rfDiscoveryDisabled: wait for enable event
05-27 21:43:31.788  4647  4905 I BrcmNfcNfa: NFA got event 0x0106
05-27 21:43:31.788  4647  4905 I BrcmNfcNfa: nfa_dm_evt_hdlr event: NFA_DM_API_ENABLE_POLLING_EVT (0x06)
05-27 21:43:31.788  4647  4905 I BrcmNfcNfa: nfa_dm_act_enable_polling ()
05-27 21:43:31.788  4647  4905 I BrcmNfcNfa: nfa_dm_start_polling ()
05-27 21:43:31.788  4647  4905 I BrcmNfcNfa: nfa_dm_add_rf_discover ():host_id=0x0 disc_mask=0x7d7f
05-27 21:43:31.788  4647  4905 I BrcmNfcNfa: nfa_dm_add_rf_discover ():disc_mask=0x7d7f, cback entry:[1]
05-27 21:43:31.789  4647  4905 D BrcmNfcJni: nfaConnectionCallback: event= 0
05-27 21:43:31.789  4647  4905 D BrcmNfcJni: nfaConnectionCallback: NFA_POLL_ENABLED_EVT: status = 0
05-27 21:43:31.789  4647  4647 D BrcmNfcJni: nfcManager_enableDiscovery: Enable p2pListening
05-27 21:43:31.789  4647  4647 D BrcmNfcJni: PeerToPeer::enableP2pListening: enter isEnable: 1  mIsP2pListening: 0
05-27 21:43:31.789  4647  4647 I BrcmNfcNfa: NFA_P2pSetListenTech (): tech_mask:0xC5
05-27 21:43:31.789  4647  4905 I BrcmNfcNfa: NFA got event 0x010E
05-27 21:43:31.789  4647  4905 I BrcmNfcNfa: nfa_dm_evt_hdlr event: NFA_DM_API_SET_P2P_LISTEN_TECH_EVT (0x0e)
05-27 21:43:31.789  4647  4905 I BrcmNfcNfa: nfa_dm_set_p2p_listen_tech ()  tech_mask = 197
05-27 21:43:31.789  4647  4905 I BrcmNfcNfa: nfa_p2p_update_listen_tech ()  tech_mask = 0xc5
05-27 21:43:31.789  4647  4905 I BrcmNfcNfa: nfa_p2p_enable_listening () sys_id = 3, update_wks = 0
05-27 21:43:31.789  4647  4905 I BrcmNfcNfa: nfa_dm_add_rf_discover ():host_id=0x0 disc_mask=0xc480000
05-27 21:43:31.789  4647  4905 I BrcmNfcNfa: nfa_dm_add_rf_discover ():disc_mask=0xc480000, cback entry:[2]
05-27 21:43:31.789  4647  4905 D BrcmNfcJni: nfaConnectionCallback: event= 33
05-27 21:43:31.789  4647  4905 D BrcmNfcJni: nfaConnectionCallback: NFA_SET_P2P_LISTEN_TECH_EVT
05-27 21:43:31.789  4647  4647 D BrcmNfcJni: PeerToPeer::enableP2pListening: exit; mIsP2pListening: 1
05-27 21:43:31.789  4647  4647 I BrcmNfcNfa: NFA_ResumeP2p ()
05-27 21:43:31.789  4647  4647 D BrcmNfcJni: nfcManager_enableDiscovery: restart UICC listen mode (07)
05-27 21:43:31.789  4647  4905 I BrcmNfcNfa: NFA_CeConfigureUiccL
05-27 21:43:31.789  4647  4647 D BrcmNfcJni: SecureElement::getEseHandleFromGenericId: enter; ESE-ID = 0x02
05-27 21:43:31.789  4647  4647 D BrcmNfcJni: SecureElement::getEseHandleFromGenericId: enter; ESE-Handle = 0x402
05-27 21:43:31.789  4647  4647 I BrcmNfcNfa: NFA_CeConfigureUiccListenTech () ee_handle = 0x402
05-27 21:43:31.789  4647  4905 I BrcmNfcNfa: nfa_dm_evt_hdlr event: NFA_DM_API_RESUME_P2P_EVT (0x0c)
05-27 21:43:31.789  4647  4905 I BrcmNfcNfa: nfa_dm_act_resume_p2p ()
05-27 21:43:31.789  4647  4905 D BrcmNfcJni: nfaConnectionCallback: event= 39
05-27 21:43:31.789  4647  4905 E BrcmNfcJni: nfaConnectionCallback: unknown event ????
05-27 21:43:31.789  4647  4905 I BrcmNfcNfa: NFA got event 0x0702
05-27 21:43:31.789  4647  4905 I BrcmNfcNfa: nfa_ce_handle_event event: NFA_CE_API_DEREG_LISTEN_EVT (0x702), flags: 00000000
05-27 21:43:31.789  4647  4905 I BrcmNfcNfa: NFA_CE: removing listen_info entry 2
05-27 21:43:31.789  4647  4905 D BrcmNfcJni: nfaConnectionCallback: event= 29
05-27 21:43:31.789  4647  4905 D BrcmNfcJni: nfaConnectionCallback: NFA_CE_UICC_LISTEN_CONFIGURED_EVT : status=0x0
05-27 21:43:31.789  4647  4647 I BrcmNfcNfa: NFA_CeConfigureUiccListenTech () ee_handle = 0x402
05-27 21:43:31.790  4647  4905 I BrcmNfcNfa: NFA got event 0x0701
05-27 21:43:31.790  4647  4905 I BrcmNfcNfa: nfa_ce_handle_event event: NFA_CE_API_REG_LISTEN_EVT (0x701), flags: 00000000
05-27 21:43:31.790  4647  4905 I BrcmNfcNfa: nfa_ce_api_reg_listen ():Registering UICC/ESE/Felica/Type-4 tag listener. Type=3
05-27 21:43:31.790  4647  4905 I BrcmNfcNfa: nfa_ce_api_reg_listen ():found free entry listen_info_idx = 2
05-27 21:43:31.790  4647  4905 I BrcmNfcNfa: NFA_CE: adding listen_info entry 2
05-27 21:43:31.790  4647  4905 I BrcmNfcNfa: nfa_ce_start_listening(): enter
05-27 21:43:31.790  4647  4905 E BrcmNfcNfa: UICC/ESE[0x402] is not activated
05-27 21:43:31.790  4647  4905 I BrcmNfcNfa: nfa_ce_start_listening(): exit
05-27 21:43:31.790  4647  4905 D BrcmNfcJni: nfaConnectionCallback: event= 29
05-27 21:43:31.790  4647  4905 D BrcmNfcJni: nfaConnectionCallback: NFA_CE_UICC_LISTEN_CONFIGURED_EVT : status=0x0
05-27 21:43:31.790  4647  4647 D BrcmNfcJni: SecureElement::getEseHandleFromGenericId: enter; ESE-ID = 0x02
05-27 21:43:31.790  4647  4647 D BrcmNfcJni: SecureElement::getEseHandleFromGenericId: enter; ESE-Handle = 0x402
05-27 21:43:31.790  4647  4647 D BrcmNfcJni: nfcManager_enableDiscovery: Enable p2pListening
05-27 21:43:31.790  4647  4647 D BrcmNfcJni: PeerToPeer::enableP2pListening: enter isEnable: 1  mIsP2pListening: 1
05-27 21:43:31.790  4647  4647 D BrcmNfcJni: PeerToPeer::enableP2pListening: exit; mIsP2pListening: 1
05-27 21:43:31.790  4647  4647 I BrcmNfcNfa: NFA_CeConfigureUiccListenTech () ee_handle = 0x402
05-27 21:43:31.793  2690  4710 W InputMethodManagerService: Window already focused, ignoring focus gain of: com.android.internal.view.IInputMethodClient$Stub$Proxy@b41d6d1 attribute=android.view.inputmethod.EditorInfo@1225536, token = android.os.BinderProxy@11d91d
05-27 21:43:31.794  4647  4905 I BrcmNfcNfa: NFA got event 0x0702
05-27 21:43:31.794  4647  4905 I BrcmNfcNfa: nfa_ce_handle_event event: NFA_CE_API_DEREG_LISTEN_EVT (0x702), flags: 00000000
05-27 21:43:31.794  4647  4905 I BrcmNfcNfa: NFA_CE: removing listen_info entry 2
05-27 21:43:31.794  4647  4905 D BrcmNfcJni: nfaConnectionCallback: event= 29
05-27 21:43:31.794  4647  4905 D BrcmNfcJni: nfaConnectionCallback: NFA_CE_UICC_LISTEN_CONFIGURED_EVT : status=0x0
05-27 21:43:31.794  4647  4647 I BrcmNfcNfa: NFA_CeConfigureUiccListenTech () ee_handle = 0x402
05-27 21:43:31.794  4647  4905 I BrcmNfcNfa: NFA got event 0x0701
05-27 21:43:31.794  4647  4905 I BrcmNfcNfa: nfa_ce_handle_event event: NFA_CE_API_REG_LISTEN_EVT (0x701), flags: 00000000
05-27 21:43:31.794  4647  4905 I BrcmNfcNfa: nfa_ce_api_reg_listen ():Registering UICC/ESE/Felica/Type-4 tag listener. Type=3
05-27 21:43:31.794  4647  4905 I BrcmNfcNfa: nfa_ce_api_reg_listen ():found free entry listen_info_idx = 2
05-27 21:43:31.794  4647  4905 I BrcmNfcNfa: NFA_CE: adding listen_info entry 2
05-27 21:43:31.794  4647  4905 I BrcmNfcNfa: nfa_ce_start_listening(): enter
05-27 21:43:31.794  4647  4905 E BrcmNfcNfa: UICC/ESE[0x402] is not activated
05-27 21:43:31.794  4647  4905 I BrcmNfcNfa: nfa_ce_start_listening(): exit
05-27 21:43:31.794  4647  4905 D BrcmNfcJni: nfaConnectionCallback: event= 29
05-27 21:43:31.794  4647  4905 D BrcmNfcJni: nfaConnectionCallback: NFA_CE_UICC_LISTEN_CONFIGURED_EVT : status=0x0
05-27 21:43:31.795  4647  4647 D BrcmNfcJni: startRfDiscovery: is start=1
05-27 21:43:31.795  4647  4647 I BrcmNfcNfa: NFA_StartRfDiscovery ()
05-27 21:43:31.796  4647  4905 I BrcmNfcNfa: NFA got event 0x010F
05-27 21:43:31.796  4647  4905 I BrcmNfcNfa: nfa_dm_evt_hdlr event: NFA_DM_API_START_RF_DISCOVERY_EVT (0x0f)
05-27 21:43:31.796  4647  4905 I BrcmNfcNfa: nfa_dm_act_start_rf_discovery ()
05-27 21:43:31.796  4647  4905 I BrcmNfcNfa: nfa_dm_start_rf_discover (): enter
05-27 21:43:31.796  4647  4905 I BrcmNfcNfa: nfa_ee_get_tech_route(): power state : 1
05-27 21:43:31.796  4647  4905 I BrcmNfcNfa: TechA route: 0x0, TechB route: 0x0, TechF route: 0x0, TechB' route: 0x0
05-27 21:43:31.796  4647  4905 I BrcmNfcNfa: requested_disc_mask = 0x140000, xx=0
05-27 21:43:31.796  4647  4905 I BrcmNfcNfa: poll_mask=0x0 listen_mask=0x0
05-27 21:43:31.796  4647  4905 I BrcmNfcNfa: listen_mask value after NFC-A = 0x40000
05-27 21:43:31.796  4647  4905 I BrcmNfcNfa: listen_mask value after NFC-B = 0x140000
05-27 21:43:31.796  4647  4905 I BrcmNfcNfa: listen_mask value after NFC-F = 0x140000
05-27 21:43:31.796  4647  4905 I BrcmNfcNfa: listen_mask value after NFC-B Prime = 0x140000
05-27 21:43:31.796  4647  4905 I BrcmNfcNfa: dm_disc_mask = 0x0
05-27 21:43:31.796  4647  4905 I BrcmNfcNfa: listen_mask value after T1T and T2T = 0x140000
05-27 21:43:31.796  4647  4905 I BrcmNfcNfa: listen_mask value after NFC-DEP = 0x140000
05-27 21:43:31.796  4647  4905 I BrcmNfcNfa: nfa_dm_cb.disc_cb.entry[0].selected_disc_mask = 0x140000
05-27 21:43:31.796  4647  4905 I BrcmNfcNfa: selected dm_disc_mask 0x140000 for entry[0]
05-27 21:43:31.796  4647  4905 I BrcmNfcNfa: requested_disc_mask = 0x7d7f, xx=1
05-27 21:43:31.796  4647  4905 I BrcmNfcNfa: poll_mask=0x7D7F listen_mask=0x0
05-27 21:43:31.796  4647  4905 I BrcmNfcNfa: listen_mask value after NFC-A = 0x0
05-27 21:43:31.796  4647  4905 I BrcmNfcNfa: listen_mask value after NFC-B = 0x0
05-27 21:43:31.796  4647  4905 I BrcmNfcNfa: listen_mask value after NFC-F = 0x0
05-27 21:43:31.796  4647  4905 I BrcmNfcNfa: listen_mask value after NFC-B Prime = 0x0
05-27 21:43:31.796  4647  4905 I BrcmNfcNfa: dm_disc_mask = 0x140000
05-27 21:43:31.796  4647  4905 I BrcmNfcNfa: listen_mask value after T1T and T2T = 0x0
05-27 21:43:31.796  4647  4905 I BrcmNfcNfa: listen_mask value after NFC-DEP = 0x0
05-27 21:43:31.796  4647  4905 I BrcmNfcNfa: nfa_dm_cb.disc_cb.entry[1].selected_disc_mask = 0x7d7f
05-27 21:43:31.796  4647  4905 I BrcmNfcNfa: selected dm_disc_mask 0x147D7F for entry[1]
05-27 21:43:31.796  4647  4905 I BrcmNfcNfa: requested_disc_mask = 0xc480000, xx=2
05-27 21:43:31.796  4647  4905 I BrcmNfcNfa: poll_mask=0x0 listen_mask=0x0
05-27 21:43:31.796  4647  4905 I BrcmNfcNfa: listen_mask value after NFC-A = 0x4080000
05-27 21:43:31.796  4647  4905 I BrcmNfcNfa: listen_mask value after NFC-B = 0x4080000
05-27 21:43:31.796  4647  4905 I BrcmNfcNfa: listen_mask value after NFC-F = 0xc480000
05-27 21:43:31.796  4647  4905 I BrcmNfcNfa: listen_mask value after NFC-B Prime = 0xc480000
05-27 21:43:31.796  4647  4905 I BrcmNfcNfa: dm_disc_mask = 0x147d7f
05-27 21:43:31.796  4647  4905 I BrcmNfcNfa: listen_mask value after T1T and T2T = 0xc480000
05-27 21:43:31.796  4647  4905 I BrcmNfcNfa: listen_mask value after NFC-DEP = 0xc480000
05-27 21:43:31.796  4647  4905 I BrcmNfcNfa: nfa_dm_cb.disc_cb.entry[2].selected_disc_mask = 0xc480000
05-27 21:43:31.796  4647  4905 I BrcmNfcNfa: selected dm_disc_mask 0xC5C7D7F for entry[2]
05-27 21:43:31.796  4647  4905 I BrcmNfcNfa: dm_disc_mask calculated finally for discovery: 0xC5C7D7F
05-27 21:43:31.796  4647  4905 D NfcAdaptation: const CNfcParam *CNfcConfig::find(const char *) const found NXP_FWD_FUNCTIONALITY_ENABLE=(0x1)
05-27 21:43:31.796  4647  4905 D NfcAdaptation: const CNfcParam *CNfcConfig::find(const char *) const found HOST_LISTEN_TECH_MASK=(0x7)
05-27 21:43:31.796  4647  4905 I BrcmNfcNfa: nfa_dm_start_rf_discover:HOST_LISTEN_TECH_MASK = 0x07;
05-27 21:43:31.796  4647  4905 D NfcAdaptation: const CNfcParam *CNfcConfig::find(const char *) const found UICC_LISTEN_TECH_MASK=(0x7)
05-27 21:43:31.797  4647  4905 I BrcmNfcNfa: nfa_dm_start_rf_discover:UICC_LISTEN_TECH_MASK = 0x07;
05-27 21:43:31.797  4647  4905 D NfcAdaptation: const CNfcParam *CNfcConfig::find(const char *) const found P2P_LISTEN_TECH_MASK=(0xC5)
05-27 21:43:31.797  4647  4905 I BrcmNfcNfa: nfa_dm_start_rf_discover:P2P_LISTEN_TECH_MASK = 0x0C5;
05-27 21:43:31.797  4647  4905 I BrcmNfcNfa: nfa_ee_find_ecb ()
05-27 21:43:31.797  4647  4905 I BrcmNfcNfa: supported tech list is 0x00 for given nfcee_id: 0x2 
05-27 21:43:31.797  4647  4905 I BrcmNfcNfa: nfa_p2p_set_config ()
05-27 21:43:31.797  4647  4905 I BrcmNfcNfa: LLCP_GetDiscoveryConfig ()
05-27 21:43:31.797  4647  4905 I BrcmNfcNfa: nfa_dm_check_set_config () tlv_len=22
05-27 21:43:31.797  4647  4905 I BrcmNfcNfa: nfa_dm_check_set_config () tlv_len=25
05-27 21:43:31.797  4647  4905 I BrcmNfcNfa: nfa_dm_check_set_config () tlv_len=3
05-27 21:43:31.797  4647  4905 I BrcmNfcNfa: dm_disc_mask before masking = 0xc5c7d7f
05-27 21:43:31.797  4647  4905 I BrcmNfcNfa: dm_disc_mask after masking = 0xc5c7d7f
05-27 21:43:31.797  4647  4905 I BrcmNfcNfa: nfa_dm_get_rf_discover_config : dm_disc_mask = 0x0C5C7D7F
05-27 21:43:31.797  4647  4905 I BrcmNfcNfa: nfa_dm_set_listen_mode_set_configs : tech_proto_mask = 0x0C5C7D7F
05-27 21:43:31.797  4647  4905 D NfcAdaptation: const CNfcParam *CNfcConfig::find(const char *) const found HOST_LISTEN_TECH_MASK=(0x7)
05-27 21:43:31.797  4647  4905 I BrcmNfcNfa: nfa_dm_set_listen_mode_set_configs : HOST_LISTEN_TECH_MASK = 0x07;
05-27 21:43:31.797  4647  4905 I BrcmNfcNfa: nfa_dm_set_listen_mode_set_configs : gLastSak = 0x20;
05-27 21:43:31.797  4647  4905 I BrcmNfcNfa: nfa_dm_set_listen_mode_set_configs : LA_SEL_INFO = 0x60;
05-27 21:43:31.797  4647  4905 I BrcmNfcNfa: nfa_dm_set_listen_mode_set_configs : LB_SENSB_INFO = 0x1;
05-27 21:43:31.797  4647  4905 I BrcmNfcNfa: nfa_dm_set_listen_mode_set_configs : LF_PROTOCOL_TYPE = 0x2;
05-27 21:43:31.797  4647  4905 I BrcmNfcNfa: nfa_dm_check_set_config () tlv_len=9
05-27 21:43:31.797  4647  4905 I BrcmNfcNfa: nfa_dm_check_set_config () updated_len=9
05-27 21:43:31.797  4647  4905 I BrcmNfcNfa: nfc_ncif_send_cmd()
05-27 21:43:31.797  4647  4905 I BrcmNfcNfa: nfc_ncif_check_cmd_queue : Writing to HAL...
05-27 21:43:31.797  4647  4905 D NfcAdaptation: NfcAdaptation::HalWrite
05-27 21:43:31.797  4647  4905 D NxpExtns: const nxp::CNfcParam *nxp::CNfcConfig::find(const char *) const found MIFARE_READER_ENABLE=(0x1)
05-27 21:43:31.797  4647  4952 D NxpTml  : PN54X - Write requested.....
05-27 21:43:31.797  4647  4952 D NxpTml  : PN54X - Invoking I2C Write.....
05-27 21:43:31.802  4647  4952 D NxpNciX : len =  13 > 20020A03320160380101500102
05-27 21:43:31.802  4647  4952 D NxpTml  : PN54X - I2C Write successful.....
05-27 21:43:31.802  4647  4952 D NxpTml  : PN54X - Posting Fresh Write message.....
05-27 21:43:31.802  4647  4952 D NxpTml  : PN54X - Tml Writer Thread Running................
05-27 21:43:31.802  4647  4954 D NxpHal  : write successful status = 0x0
05-27 21:43:31.804  4647  4905 I BrcmNfcNfa: nfa_dm_set_total_duration ()
05-27 21:43:31.804  4647  4905 I BrcmNfcNfa: nfa_dm_check_set_config () tlv_len=4
05-27 21:43:31.804  4647  4905 I BrcmNfcNfa: NFC_DiscoveryStart
05-27 21:43:31.804  4647  4905 I BrcmNfcNfa: NFC_DiscoveryStart status: 0xe3
05-27 21:43:31.807  4647  4951 D NxpTml  : PN54X - I2C Read successful.....
05-27 21:43:31.807  4647  4951 D NxpNciR : len =   5 > 4002020000
05-27 21:43:31.807  4647  4951 D NxpTml  : PN54X - Posting read message.....
05-27 21:43:31.807  4647  4954 D NxpHal  : read successful status = 0x0
05-27 21:43:31.807  4647  4954 D NxpHal  : phNxpNciHal_print_res_status: response status =STATUS_OK
05-27 21:43:31.807  4647  4954 D NfcAdaptation: NfcAdaptation::HalDeviceContextDataCallback: len=5
05-27 21:43:31.808  4647  4951 D NxpTml  : PN54X - Read requested.....
05-27 21:43:31.808  4647  4951 D NxpTml  : PN54X - Invoking I2C Read.....
05-27 21:43:31.808  4647  4905 I BrcmNfcNfa: NFC received rsp gid:0
05-27 21:43:31.808  4647  4905 I BrcmNfcNfa: nci_proc_core_rsp opcode:0x2
05-27 21:43:31.808  4647  4905 I BrcmNfcNfa: nfa_dm_nfc_response_cback () NFC_SET_CONFIG_REVT(0x5002)
05-27 21:43:31.808  4647  4905 D NfcAdaptation: NfcAdaptation::HalPrediscover
05-27 21:43:31.808  4647  4905 I BrcmNfcNfa: nfc_ncif_send_cmd()
05-27 21:43:31.808  4647  4905 I BrcmNfcNfa: nfc_ncif_check_cmd_queue : Writing to HAL...
05-27 21:43:31.808  4647  4905 D NfcAdaptation: NfcAdaptation::HalWrite
05-27 21:43:31.808  4647  4905 D NxpExtns: const nxp::CNfcParam *nxp::CNfcConfig::find(const char *) const found MIFARE_READER_ENABLE=(0x1)
05-27 21:43:31.808  4647  4905 D NxpHal  : > Polling Loop Started
05-27 21:43:31.808  4647  4952 D NxpTml  : PN54X - Write requested.....
05-27 21:43:31.808  4647  4952 D NxpTml  : PN54X - Invoking I2C Write.....
05-27 21:43:31.810   618   618 E [gf_ca_entry] : gx_ta_send_modified_cmd_req end
05-27 21:43:31.810   618   618 E [gf_ca_entry] : [gf_ca_invoke_command] gx_ta_send_modified_cmd_req success
05-27 21:43:31.810   618   618 E [gf_ca_entry] : [gf_ca_invoke_command] ta execution succeed
05-27 21:43:31.810   618   618 D [GF_HAL][gf_hal_milan_f_series]: [hal_milan_f_series_invoke_command] cmd_id=GF_CMD_AUTHENTICATE, cmd_id=1010
05-27 21:43:31.810   618   618 D [GF_HAL][gf_hal_milan_f_series]: [hal_milan_f_series_invoke_command] g_mode=MODE_IMAGE, g_mode=0
05-27 21:43:31.810   618   618 D [GF_HAL][gf_hal_milan_f_series]: [hal_milan_f_series_invoke_command] g_operation=OPERATION_AUTHENTICATE_IMAGE, g_operation=1
05-27 21:43:31.810   618   618 V [GF_HAL][gf_hal_milan_f_series]: [hal_milan_f_series_invoke_command] operation[0]=OPERATION_HOME_KEY, operation[0]=9
05-27 21:43:31.810   618   618 V [GF_HAL][gf_hal_milan_f_series]: [hal_milan_f_series_invoke_command] exit
05-27 21:43:31.810   618   618 V [GF_HAL][gf_hal_common]: [gf_hal_invoke_command] exit
05-27 21:43:31.810   618   618 D goodixfingerprintd: onAcquired(1001)
05-27 21:43:31.810   618   618 V [GF_HAL][gf_hal_common]: [gf_hal_common_authenticate] exit
05-27 21:43:31.810   618   618 V [GF_HAL][gf_hal_milan_f_series]: [hal_milan_f_series_authenticate] exit
05-27 21:43:31.810   618   618 V [GF_HAL][gf_hal]: [gf_hal_authenticate] exit
05-27 21:43:31.810   618   618 D goodixfingerprintd: g_sync_done = 1
05-27 21:43:31.810  4647  4952 D NxpNciX : len =  28 > 2103190C000101010201030105018001810182018301850106017001
05-27 21:43:31.810  4647  4952 D NxpTml  : PN54X - I2C Write successful.....
05-27 21:43:31.810  4647  4952 D NxpTml  : PN54X - Posting Fresh Write message.....
05-27 21:43:31.810  4647  4952 D NxpTml  : PN54X - Tml Writer Thread Running................
05-27 21:43:31.810  4647  4954 D NxpHal  : write successful status = 0x0
05-27 21:43:31.811   617   617 D GoodixFingerprintDaemonCallbackProxy: onAcquired, acquiredInfo = 1001
05-27 21:43:31.811   617   617 D fingerprintd: onAcquired(1001)
05-27 21:43:31.811  2690  2690 W FingerprintService: client com.android.systemui is authenticating...
05-27 21:43:31.815  2879  2879 W SessionLifecycleManager: Handover failed. Creating new session controller.
05-27 21:43:31.815  4647  4951 D NxpTml  : PN54X - I2C Read successful.....
05-27 21:43:31.815  4647  4951 D NxpNciR : len =   4 > 41030100
05-27 21:43:31.815  4647  4951 D NxpTml  : PN54X - Posting read message.....
05-27 21:43:31.815  4647  4954 D NxpHal  : read successful status = 0x0
05-27 21:43:31.815  4647  4954 D NfcAdaptation: NfcAdaptation::HalDeviceContextDataCallback: len=4
05-27 21:43:31.816  4647  4905 I BrcmNfcNfa: NFC received rsp gid:1
05-27 21:43:31.816  4647  4905 I BrcmNfcNfa: returning TRUE
05-27 21:43:31.816  4647  4905 I BrcmNfcNfa: nfa_dm_disc_discovery_cback (): event:0x4000
05-27 21:43:31.816  4647  4905 I BrcmNfcNfa: nfa_dm_disc_sm_execute (): state: IDLE (0), event: DISCOVER_RSP(1) disc_flags: 0x31
05-27 21:43:31.816  4647  4905 I BrcmNfcNfa: nfa_dm_disc_new_state (): old_state: IDLE (0), new_state: DISCOVERY (1) disc_flags: 0x11
05-27 21:43:31.816  4647  4905 I BrcmNfcNfa: nfa_dm_poll_disc_cback (): event:0x00
05-27 21:43:31.816  4647  4905 I BrcmNfcNfa: nfa_p2p_discovery_cback (): event:0x00
05-27 21:43:31.816  4647  4905 D BrcmNfcJni: nfaConnectionCallback: event= 30
05-27 21:43:31.816  4647  4905 D BrcmNfcJni: nfaConnectionCallback: NFA_RF_DISCOVERY_STARTED_EVT: status = 0
05-27 21:43:31.816  4647  4905 I BrcmNfcNfa: nfa_dm_disc_sm_execute (): new state: DISCOVERY (1), disc_flags: 0x1
05-27 21:43:31.816  4647  4647 D BrcmNfcJni: startRfDiscovery: is exit=1
05-27 21:43:31.816  4647  4647 D BrcmNfcJni: PowerSwitch::setModeOn(activated=0x1) : mCurrActivity=0x1
05-27 21:43:31.816  4647  4647 D BrcmNfcJni: releaseRfInterfaceMutexLock: sRfInterfaceMutex unlock
05-27 21:43:31.816  4647  4647 D BrcmNfcJni: nfcManager_enableDiscovery: exit
05-27 21:43:31.818  4647  4951 D NxpTml  : PN54X - Read requested.....
05-27 21:43:31.818  4647  4951 D NxpTml  : PN54X - Invoking I2C Read.....
05-27 21:43:31.820  2879  2879 I OptInState: There is a new client and it does not support opt-in. Dropping request.
05-27 21:43:31.828  3807  3807 D KeyguardUpdateMonitor: handleKeyguardBouncerChanged(0)
05-27 21:43:31.828  3807  3807 V KeyguardUpdateMonitor: stopListeningForFingerprint()
05-27 21:43:31.828  2690  2690 V FingerprintService: stop client com.android.systemui
05-27 21:43:31.829   617   617 V fingerprintd: stopAuthentication()
05-27 21:43:31.829   617   617 V FingerprintHal: fingerprint_cancel
05-27 21:43:31.829   618   618 V goodixfingerprintd: google cancel
05-27 21:43:31.829  3807  3807 D BatteryMeterDrawable: Charging true mPluggedIn true
05-27 21:43:31.829   618   618 V [GF_HAL][gf_hal]: [gf_hal_cancel] enter
05-27 21:43:31.829   618   618 I [GF_HAL][gf_hal]: [gf_hal_cancel]
05-27 21:43:31.829   618   618 V [GF_HAL][gf_hal_milan_f_series]: [hal_milan_f_series_cancel] enter
05-27 21:43:31.829   618   618 V [GF_HAL][gf_hal_common]: [gf_hal_nav_reset] enter
05-27 21:43:31.829   618   618 V [GF_HAL][gf_hal_common]: [gf_hal_nav_reset] exit
05-27 21:43:31.829   618   618 V [GF_HAL][gf_hal_timer]: [gf_hal_destroy_timer] enter
05-27 21:43:31.829   618   618 V [GF_HAL][gf_hal_timer]: [hal_destroy_timer] enter
05-27 21:43:31.829   618   618 V [GF_HAL][gf_hal_timer]: [hal_destroy_timer] exit
05-27 21:43:31.829   618   618 V [GF_HAL][gf_hal_timer]: [gf_hal_destroy_timer] exit
05-27 21:43:31.829   618   618 V [GF_HAL][gf_hal_common]: [gf_hal_common_cancel] enter
05-27 21:43:31.829   618   618 V [GF_HAL][gf_hal_timer]: [gf_hal_destroy_timer] enter
05-27 21:43:31.829   618   618 V [GF_HAL][gf_hal_timer]: [hal_destroy_timer] enter
05-27 21:43:31.829   618   618 V [GF_HAL][gf_hal_timer]: [hal_destroy_timer] exit
05-27 21:43:31.829   618   618 V [GF_HAL][gf_hal_timer]: [gf_hal_destroy_timer] exit
05-27 21:43:31.829   618   618 V [GF_HAL][gf_hal_timer]: [gf_hal_destroy_timer] enter
05-27 21:43:31.829   618   618 V [GF_HAL][gf_hal_timer]: [hal_destroy_timer] enter
05-27 21:43:31.829   618   618 V [GF_HAL][gf_hal_timer]: [hal_destroy_timer] exit
05-27 21:43:31.829   618   618 V [GF_HAL][gf_hal_timer]: [gf_hal_destroy_timer] exit
05-27 21:43:31.829   618   618 V [GF_HAL][gf_hal_common]: [gf_hal_common_cancel] exit
05-27 21:43:31.829   618   618 V [GF_HAL][gf_hal_common]: [gf_hal_invoke_command] enter
05-27 21:43:31.829   618   618 V [GF_HAL][gf_hal_milan_f_series]: [hal_milan_f_series_invoke_command] enter
05-27 21:43:31.829   618   618 E [gf_ca_entry] : gx_ta_send_modified_cmd_req begin token 2612:1009
05-27 21:43:31.829  3807  3807 D BatteryMeterDrawable: Charging true mPluggedIn true
05-27 21:43:31.829  3807  3807 D PhoneStatusBar: disable: < expand icons alerts system_info back home* recent* clock search* quick_settings >
05-27 21:43:31.853 10390 18997 I Authzen : [DeviceStateSyncManager] The server is in sync with current state. Nothing to do
05-27 21:43:31.865   618   618 E [gf_ca_entry] : gx_ta_send_modified_cmd_req end
05-27 21:43:31.865   618   618 E [gf_ca_entry] : [gf_ca_invoke_command] gx_ta_send_modified_cmd_req success
05-27 21:43:31.865   618   618 E [gf_ca_entry] : [gf_ca_invoke_command] ta execution succeed
05-27 21:43:31.865   618   618 D [GF_HAL][gf_hal_milan_f_series]: [hal_milan_f_series_invoke_command] cmd_id=GF_CMD_CANCEL, cmd_id=1009
05-27 21:43:31.865   618   618 D [GF_HAL][gf_hal_milan_f_series]: [hal_milan_f_series_invoke_command] g_mode=MODE_KEY, g_mode=1
05-27 21:43:31.865   618   618 D [GF_HAL][gf_hal_milan_f_series]: [hal_milan_f_series_invoke_command] g_operation=OPERATION_HOME_KEY, g_operation=9
05-27 21:43:31.865   618   618 V [GF_HAL][gf_hal_milan_f_series]: [hal_milan_f_series_invoke_command] exit
05-27 21:43:31.865   618   618 V [GF_HAL][gf_hal_common]: [gf_hal_invoke_command] exit
05-27 21:43:31.865   618   618 V [GF_HAL][gf_hal_milan_f_series]: [hal_milan_f_series_cancel] exit
05-27 21:43:31.865   618   618 D goodixfingerprintd: onError(5)
05-27 21:43:31.865   618   618 V [GF_HAL][gf_hal]: [gf_hal_cancel] exit
05-27 21:43:31.868  2690  2690 W FingerprintService: client com.android.systemui is no longer authenticating
05-27 21:43:31.868   617   617 D GoodixFingerprintDaemonCallbackProxy: onError, error = 5
05-27 21:43:31.868   617   617 D fingerprintd: onError(5)
05-27 21:43:31.869  2690  2690 V FingerprintService: Done with client: com.android.systemui
05-27 21:43:31.869  2690  2690 V FingerprintService: handleError(client=com.android.systemui, error = 5)
05-27 21:43:31.873  2879  2901 I art     : Background sticky concurrent mark sweep GC freed 21701(1359KB) AllocSpace objects, 5(208KB) LOS objects, 7% free, 25MB/27MB, paused 19.035ms total 40.421ms
05-27 21:43:31.879 19201 19201 D AppsFlyer_4.7.1: Build Number: 314
05-27 21:43:31.883  2879  2879 I MicroDetectionWorker: #updateMicroDetector [detectionMode: [mDetectionMode: [1]]]
05-27 21:43:31.883  2879  2879 I MicroDetectionWorker: #startMicroDetector [speakerMode: 0]
05-27 21:43:31.890  2879  2879 I MicroDetectionWorker: onReady
05-27 21:43:31.900  2879 18805 I MicroRecognitionRunner: Starting detection.
