05-26 20:05:20.940 10030 10030 D ActivityThread: Loading provider com.whatsapp.provider.contact: com.whatsapp.contact.ContactProvider
05-26 20:07:24.505   387   393 D VoldCryptCmdListener: cryptfs getpwtype
05-26 20:07:53.917  2690  3489 I chatty  : uid=1000(system) batterystats-sy expire 10 lines
05-26 20:08:35.279  2690  3754 I chatty  : uid=1000(system) Binder:2690_3 expire 10 lines
05-26 20:08:35.299  2690 18432 I chatty  : uid=1000(system) Binder:2690_1F expire 16 lines
05-26 20:08:35.303  2690 10466 I chatty  : uid=1000 system_server expire 1 line
05-26 20:08:35.347  2690  4237 I chatty  : uid=1000(system) uteStateMachine expire 28 lines
05-26 20:08:35.350  2690   810 I chatty  : uid=1000(system) Binder:2690_18 expire 10 lines
05-26 20:08:35.355  2690  3485 I chatty  : uid=1000(system) ActivityManager expire 32 lines
05-26 20:08:35.357  2690  2690 I chatty  : uid=1000 system_server expire 18 lines
05-26 20:08:35.358  2690  4239 I chatty  : uid=1000(system) CallAudioModeSt expire 14 lines
05-26 20:08:35.363  2690 10472 I chatty  : uid=1000 system_server expire 3 lines
05-26 20:09:04.415  2690 30623 I chatty  : uid=1000(system) Binder:2690_12 expire 11 lines
05-26 20:09:04.760  2690 30632 I chatty  : uid=1000(system) Binder:2690_16 expire 17 lines
05-26 20:09:24.519  3807  3807 V KeyguardStatusView: refresh statusview showing:true
05-26 20:09:24.553  2690  2690 I chatty  : uid=1000 system_server expire 47 lines
05-26 20:09:48.430  2690 30625 I chatty  : uid=1000(system) Binder:2690_14 expire 12 lines
05-26 20:09:59.412  4152  4152 D MccTable: updateMccMncConfiguration mccmnc='null' fromServiceState=true
05-26 20:09:59.413  4152  4152 D MccTable: WIFI_COUNTRY_CODE set to 
05-26 20:09:59.577  2690  4710 I chatty  : uid=1000(system) Binder:2690_D expire 24 lines
05-26 20:09:59.735  2690 18009 I chatty  : uid=1000(system) Binder:2690_1E expire 12 lines
05-26 20:10:10.798  2690 17874 I chatty  : uid=1000(system) Binder:2690_1D expire 11 lines
05-26 20:10:10.841  2690  7252 I chatty  : uid=1000(system) Binder:2690_E expire 15 lines
05-26 20:14:20.398  4152  4152 D MccTable: updateMccMncConfiguration mccmnc='405819' fromServiceState=true
05-26 20:14:20.400  4152  4152 D MccTable: updateMccMncConfiguration defaultMccMnc=405854
05-26 20:14:20.400  4152  4152 D MccTable: updateMccMncConfiguration: mcc=405, mnc=819
05-26 20:14:20.400  4152  4152 D MccTable: WIFI_COUNTRY_CODE set to in
05-26 20:20:13.134  3807  3807 V KeyguardDisplayManager: hide
05-26 20:20:14.243  2690  4662 I chatty  : uid=1000(system) Binder:2690_8 expire 12 lines
05-26 20:20:20.177  2690  4237 I chatty  : uid=1000(system) uteStateMachine expire 22 lines
05-26 20:20:20.178  2690  4239 I chatty  : uid=1000(system) CallAudioModeSt expire 15 lines
05-26 20:20:20.180  2690  3485 I chatty  : uid=1000(system) ActivityManager expire 29 lines
05-26 20:20:20.512  2690  3703 I chatty  : uid=1000(system) ConnectivitySer expire 12 lines
05-26 20:20:34.578  2690  3686 I chatty  : uid=1000(system) InputDispatcher expire 10 lines
05-26 20:20:41.477  3807  3807 V KeyguardStatusView: refresh statusview showing:true
05-26 20:20:41.488  3807  3807 V KeyguardDisplayManager: show
05-26 20:22:16.652  2690  2690 I chatty  : uid=1000 system_server expire 12 lines
05-26 20:22:17.099  3807  3807 V KeyguardDisplayManager: hide
05-26 20:22:17.118  2690  4316 I chatty  : uid=1000(system) Binder:2690_6 expire 15 lines
05-26 20:22:24.312  6458  6458 W ContextImpl: Calling a method in the system process without a qualified user: android.app.ContextImpl.sendBroadcast:877 android.content.ContextWrapper.sendBroadcast:421 com.qualcomm.qti.qs.tiles.DataTile.handleUpdateState:77 com.qualcomm.qti.qs.tiles.DataTile$DataObserver.onChange:99 android.database.ContentObserver.onChange:130 
05-26 20:22:24.359  6458  6458 W ContextImpl: Calling a method in the system process without a qualified user: android.app.ContextImpl.sendBroadcast:877 android.content.ContextWrapper.sendBroadcast:421 com.qualcomm.qti.qs.tiles.DdsTile.handleUpdateState:102 com.qualcomm.qti.qs.tiles.DdsTile$DdsObserver.onChange:154 android.database.ContentObserver.onChange:130 
05-26 20:22:25.133  2690  4684 I chatty  : uid=1000(system) Binder:2690_A expire 11 lines
05-26 20:22:25.133  2690  1328 I chatty  : uid=1000(system) Binder:2690_1A expire 10 lines
05-26 20:22:25.133  2690 30630 I chatty  : uid=1000(system) Binder:2690_15 expire 11 lines
05-26 20:22:25.636  2690  3696 I chatty  : uid=1000(system) NetworkPolicy expire 2 lines
05-26 20:22:25.671 12442 12518 D ActivityThread: Loading provider com.smartron.tronx.account.messages: com.smartron.synctron.provider.MessagesContentProvider
05-26 20:22:25.910  2690 18432 I chatty  : uid=1000(system) Binder:2690_1F expire 10 lines
05-26 20:22:25.911   387   393 D VoldCryptCmdListener: cryptfs getpwtype
05-26 20:22:26.305  2690  3485 I chatty  : uid=1000(system) ActivityManager expire 10 lines
05-26 20:22:33.716 12929 12949 D ActivityThread: Loading provider com.google.android.gmail.provider;com.android.mail.notifier;com.google.android.gm.email.provider;com.google.android.gm.tasks.provider;com.google.android.gm.email.notifier: com.android.email.provider.EmailProvider
05-26 20:22:34.439  2690  3502 I chatty  : uid=1000(system) android.io expire 18 lines
05-26 20:22:37.530   387   393 D VoldCryptCmdListener: cryptfs getpwtype
05-26 20:22:40.019  2690  3489 I chatty  : uid=1000(system) batterystats-sy expire 19 lines
05-26 20:22:51.345  2690 30632 I chatty  : uid=1000(system) Binder:2690_16 expire 16 lines
05-26 20:22:52.094  4152  4152 D MccTable: updateMccMncConfiguration mccmnc='null' fromServiceState=true
05-26 20:22:52.094  4152  4152 D MccTable: WIFI_COUNTRY_CODE set to 
05-26 20:22:52.618  4152  4152 D MccTable: updateMccMncConfiguration mccmnc='405819' fromServiceState=true
05-26 20:22:52.619  4152  4152 D MccTable: updateMccMncConfiguration defaultMccMnc=405854
05-26 20:22:52.619  4152  4152 D MccTable: updateMccMncConfiguration: mcc=405, mnc=819
05-26 20:22:52.619  4152  4152 D MccTable: WIFI_COUNTRY_CODE set to in
05-26 20:23:20.631  2690  3503 I chatty  : uid=1000(system) android.display expire 19 lines
05-26 20:23:20.924  2690  3506 I chatty  : uid=1000(system) PowerManagerSer expire 12 lines
05-26 20:23:21.103  3807  3807 V KeyguardStatusView: refresh statusview showing:true
05-26 20:23:21.121  3807  3807 V KeyguardDisplayManager: show
05-26 20:23:24.234 13825 13825 W FileUtils: Failed to chmod(/storage/emulated/0/.dom0o7b1i1le/dont_remove/6c9d3f90697a41b): android.system.ErrnoException: chmod failed: EPERM (Operation not permitted)
05-26 20:23:28.094  3807  3807 V KeyguardDisplayManager: hide
05-26 20:23:43.059  2690  7252 I chatty  : uid=1000(system) Binder:2690_E expire 14 lines
05-26 20:23:43.264  2690  4710 I chatty  : uid=1000(system) Binder:2690_D expire 14 lines
05-26 20:24:15.797  3807  3807 V KeyguardStatusView: refresh statusview showing:true
05-26 20:24:15.808  3807  3807 V KeyguardDisplayManager: show
05-26 20:24:47.608   387   393 D VoldCryptCmdListener: cryptfs getpwtype
05-26 20:24:58.439   387   393 D VoldCryptCmdListener: cryptfs getpwtype
05-26 20:25:00.467  4663  4663 W ContextImpl: Calling a method in the system process without a qualified user: android.app.ContextImpl.sendBroadcast:877 android.content.ContextWrapper.sendBroadcast:421 com.qti.launcherunreadservice.LauncherUnreadService.sendUnreadChangedBroadcast:310 com.qti.launcherunreadservice.LauncherUnreadService.-wrap3:-1 com.qti.launcherunreadservice.LauncherUnreadService$1$1.run:96 
05-26 20:25:38.634  3807  3807 V KeyguardDisplayManager: hide
05-26 20:25:38.656  2690  2690 I chatty  : uid=1000 system_server expire 10 lines
05-26 20:25:39.067  2690  4191 I chatty  : uid=1000(system) Binder:2690_4 expire 12 lines
05-26 20:25:40.975  2690  3687 I chatty  : uid=1000(system) InputReader expire 11 lines
05-26 20:25:41.765  2690  3506 I chatty  : uid=1000(system) PowerManagerSer expire 10 lines
05-26 20:25:41.933  3807  3807 V KeyguardStatusView: refresh statusview showing:true
05-26 20:25:41.950  3807  3807 V KeyguardDisplayManager: show
05-26 20:26:01.520  3807  3807 V KeyguardDisplayManager: hide
05-26 20:26:01.561  2690  2690 I chatty  : uid=1000 system_server expire 16 lines
05-26 20:26:04.643  2690 30622 I chatty  : uid=1000(system) Binder:2690_11 expire 14 lines
05-26 20:26:05.118  2690 30624 I chatty  : uid=1000(system) Binder:2690_13 expire 13 lines
05-26 20:26:13.662  2690 17865 I chatty  : uid=1000(system) Binder:2690_1C expire 11 lines
05-26 20:26:15.857  2690  3686 I chatty  : uid=1000(system) InputDispatcher expire 10 lines
05-26 20:26:15.989  2690 18009 I chatty  : uid=1000(system) Binder:2690_1E expire 36 lines
05-26 20:26:16.246  2690  3516 I chatty  : uid=1000(system) PackageManager expire 15 lines
05-26 20:26:52.635  2690  4685 I chatty  : uid=1000(system) Binder:2690_B expire 11 lines
05-26 20:26:52.666  2690  3462 I chatty  : uid=1000(system) Binder:2690_1 expire 15 lines
05-26 20:26:53.297  2690   815 I chatty  : uid=1000(system) Binder:2690_19 expire 12 lines
05-26 20:26:53.633  2690  3485 I chatty  : uid=1000(system) ActivityManager expire 19 lines
05-26 20:26:58.736  3807  3807 V KeyguardStatusView: refresh statusview showing:true
05-26 20:26:58.758  3807  3807 V KeyguardDisplayManager: show
05-26 20:27:07.591  2690  4664 I chatty  : uid=1000(system) Binder:2690_9 expire 14 lines
05-26 20:27:09.234  3807  3807 V KeyguardDisplayManager: hide
05-26 20:27:10.688   387   393 D VoldCryptCmdListener: cryptfs getpwtype
05-26 20:27:10.688  2690  3692 I chatty  : uid=1000(system) CryptdConnector expire 10 lines
05-26 20:27:17.939  2690  3686 I chatty  : uid=1000(system) InputDispatcher expire 12 lines
05-26 20:27:31.918  2690  3703 I chatty  : uid=1000(system) ConnectivitySer expire 20 lines
05-26 20:28:19.702  2690  2690 I chatty  : uid=1000 system_server expire 10 lines
05-26 20:28:20.557  2690 30625 I chatty  : uid=1000(system) Binder:2690_14 expire 15 lines
05-26 20:28:20.734  3807  3807 V KeyguardStatusView: refresh statusview showing:true
05-26 20:28:20.756  3807  3807 V KeyguardDisplayManager: show
05-26 20:28:52.034  3807  3807 V KeyguardDisplayManager: hide
05-26 20:28:58.718  3807  3807 V KeyguardStatusView: refresh statusview showing:true
05-26 20:28:58.728  3807  3807 V KeyguardDisplayManager: show
05-26 20:29:11.967  2690  3506 I chatty  : uid=1000(system) PowerManagerSer expire 19 lines
05-26 20:29:12.385  3807  3807 V KeyguardDisplayManager: hide
05-26 20:29:15.264  2690  2690 I chatty  : uid=1000 system_server expire 10 lines
05-26 20:29:15.740  2690  3503 I chatty  : uid=1000(system) android.display expire 18 lines
05-26 20:29:16.236  3807  3807 V KeyguardStatusView: refresh statusview showing:true
05-26 20:29:16.251  3807  3807 V KeyguardDisplayManager: show
05-26 20:29:23.758  3807  3807 V KeyguardDisplayManager: hide
05-26 20:29:30.341  3807  3807 V KeyguardStatusView: refresh statusview showing:true
05-26 20:29:30.355  3807  3807 V KeyguardDisplayManager: show
05-26 20:30:25.344  3807  3807 V KeyguardDisplayManager: hide
05-26 20:30:33.899  2690  3686 I chatty  : uid=1000(system) InputDispatcher expire 10 lines
05-26 20:30:35.878  2690  2690 I chatty  : uid=1000 system_server expire 10 lines
05-26 20:30:36.826  3807  3807 V KeyguardStatusView: refresh statusview showing:true
05-26 20:30:36.834  3807  3807 V KeyguardDisplayManager: show
05-26 20:32:40.543  2690  3484 I chatty  : uid=1000(system) android.bg expire 13 lines
05-26 20:32:40.899  2690  3754 I chatty  : uid=1000(system) Binder:2690_3 expire 14 lines
05-26 20:32:50.467  2690 30620 I chatty  : uid=1000(system) Binder:2690_10 expire 16 lines
05-26 20:33:02.185  3807  3807 V KeyguardDisplayManager: hide
05-26 20:33:12.120  3807  3807 V KeyguardStatusView: refresh statusview showing:true
05-26 20:33:12.136  3807  3807 V KeyguardDisplayManager: show
05-26 20:33:12.642  3807  3807 V KeyguardDisplayManager: hide
05-26 20:33:15.916  2690  2690 I chatty  : uid=1000 system_server expire 10 lines
05-26 20:33:16.832  3807  3807 V KeyguardStatusView: refresh statusview showing:true
05-26 20:33:16.846  3807  3807 V KeyguardDisplayManager: show
05-26 20:34:00.401  3807  3807 V KeyguardDisplayManager: hide
05-26 20:34:05.775  2690  1329 I chatty  : uid=1000(system) Binder:2690_1B expire 12 lines
05-26 20:34:17.627  2690  4684 I chatty  : uid=1000(system) Binder:2690_A expire 10 lines
05-26 20:34:22.406  4754  4754 W ViewRootImpl[SmartronLauncher]: Dropping event due to no window focus: KeyEvent { action=ACTION_DOWN, keyCode=KEYCODE_BACK, scanCode=158, metaState=0, flags=0x48, repeatCount=0, eventTime=59589828, downTime=59589828, deviceId=8, source=0x101 }
05-26 20:34:29.009  2690   809 I chatty  : uid=1000(system) Binder:2690_17 expire 12 lines
05-26 20:34:30.676  2690  4622 I chatty  : uid=1000(system) Binder:2690_7 expire 10 lines
05-26 20:35:19.765  3807  3807 V KeyguardStatusView: refresh statusview showing:true
05-26 20:35:19.775  3807  3807 V KeyguardDisplayManager: show
05-26 20:56:53.005  4663  4663 W ContextImpl: Calling a method in the system process without a qualified user: android.app.ContextImpl.sendBroadcast:877 android.content.ContextWrapper.sendBroadcast:421 com.qti.launcherunreadservice.LauncherUnreadService.sendUnreadChangedBroadcast:310 com.qti.launcherunreadservice.LauncherUnreadService.-wrap3:-1 com.qti.launcherunreadservice.LauncherUnreadService$1$1.run:96 
05-26 21:07:36.454   387   393 D VoldCryptCmdListener: cryptfs getpwtype
05-26 21:17:58.468 22210 22245 D ActivityThread: Loading provider com.smartron.tronx.account.messages: com.smartron.synctron.provider.MessagesContentProvider
05-26 21:22:09.890  3807  3807 V KeyguardDisplayManager: hide
05-26 21:22:09.936  2690 30630 I chatty  : uid=1000(system) Binder:2690_15 expire 11 lines
05-26 21:22:09.971  2690  3506 I chatty  : uid=1000(system) PowerManagerSer expire 13 lines
05-26 21:22:41.273   387   393 D VoldCryptCmdListener: cryptfs getpwtype
05-26 21:23:23.754  2690  3487 I chatty  : uid=1000(system) android.ui expire 7 lines
05-26 21:23:24.235  2690  3503 I chatty  : uid=1000(system) android.display expire 18 lines
05-26 21:23:44.024  2690  2690 I chatty  : uid=1000 system_server expire 15 lines
05-26 21:23:44.830  2690  4709 I chatty  : uid=1000(system) Binder:2690_C expire 11 lines
05-26 21:23:45.000  3807  3807 V KeyguardStatusView: refresh statusview showing:true
05-26 21:23:45.023  3807  3807 V KeyguardDisplayManager: show
05-26 21:23:48.046 23381 23381 W FileUtils: Failed to chmod(/storage/emulated/0/.dom0o7b1i1le/dont_remove/6c9d3f90697a41b): android.system.ErrnoException: chmod failed: EPERM (Operation not permitted)
05-26 21:23:53.293  3807  3807 V KeyguardDisplayManager: hide
05-26 21:23:58.079  2690  3687 I chatty  : uid=1000(system) InputReader expire 14 lines
05-26 21:23:59.049  3807  3807 V KeyguardStatusView: refresh statusview showing:true
05-26 21:23:59.061  3807  3807 V KeyguardDisplayManager: show
05-26 21:25:45.305  4663  4663 W ContextImpl: Calling a method in the system process without a qualified user: android.app.ContextImpl.sendBroadcast:877 android.content.ContextWrapper.sendBroadcast:421 com.qti.launcherunreadservice.LauncherUnreadService.sendUnreadChangedBroadcast:310 com.qti.launcherunreadservice.LauncherUnreadService.-wrap3:-1 com.qti.launcherunreadservice.LauncherUnreadService$1$1.run:96 
05-26 21:26:58.257  2690  4662 I chatty  : uid=1000(system) Binder:2690_8 expire 11 lines
05-26 21:26:58.695  3807  3807 V KeyguardDisplayManager: hide
05-26 21:26:59.129  2690  4685 I chatty  : uid=1000(system) Binder:2690_B expire 12 lines
05-26 21:27:00.228  2690 18432 I chatty  : uid=1000(system) Binder:2690_1F expire 13 lines
05-26 21:27:03.444  2690 30623 I chatty  : uid=1000(system) Binder:2690_12 expire 11 lines
05-26 21:27:03.460  2690  4222 I chatty  : uid=1000(system) Binder:2690_5 expire 12 lines
05-26 21:27:06.886  2690  3686 I chatty  : uid=1000(system) InputDispatcher expire 12 lines
05-26 21:27:10.588  3807  3807 V KeyguardStatusView: refresh statusview showing:true
05-26 21:27:10.600  3807  3807 V KeyguardDisplayManager: show
05-26 21:27:59.991  3807  3807 V KeyguardDisplayManager: hide
05-26 21:28:05.560  4389 24110 E ActivityThread: Failed to find provider info for com.facebook.katana.provider.AttributionIdProvider
05-26 21:28:05.631  4389 24113 E ActivityThread: Failed to find provider info for com.facebook.katana.provider.AttributionIdProvider
05-26 21:28:05.654  4389 24118 E ActivityThread: Failed to find provider info for com.facebook.katana.provider.AttributionIdProvider
05-26 21:28:05.655  4389 24119 E ActivityThread: Failed to find provider info for com.facebook.katana.provider.AttributionIdProvider
05-26 21:28:06.982  4389 24108 E ActivityThread: Failed to find provider info for com.facebook.katana.provider.AttributionIdProvider
05-26 21:28:09.807  2690  2690 I chatty  : uid=1000 system_server expire 10 lines
05-26 21:28:12.652  2690  3463 I chatty  : uid=1000(system) Binder:2690_2 expire 10 lines
05-26 21:28:13.017  4389 24211 E ActivityThread: Failed to find provider info for com.facebook.katana.provider.AttributionIdProvider
05-26 21:28:15.861 24232 24267 D ActivityThread: Loading provider net.one97.paytm.urbanairship.provider: com.urbanairship.UrbanAirshipProvider
05-26 21:28:23.121  4389 24119 E ActivityThread: Failed to find provider info for com.facebook.katana.provider.AttributionIdProvider
05-26 21:28:30.426   387   393 D VoldCryptCmdListener: cryptfs getpwtype
05-26 21:28:34.425  4389 24530 E ActivityThread: Failed to find provider info for com.facebook.katana.provider.AttributionIdProvider
05-26 21:28:56.133  2690  4316 I chatty  : uid=1000(system) Binder:2690_6 expire 27 lines
05-26 21:29:00.344  2690 17874 I chatty  : uid=1000(system) Binder:2690_1D expire 11 lines
05-26 21:29:00.365  4389 24714 E ActivityThread: Failed to find provider info for com.facebook.katana.provider.AttributionIdProvider
05-26 21:29:01.488  4389 24725 E ActivityThread: Failed to find provider info for com.facebook.katana.provider.AttributionIdProvider
05-26 21:29:55.368  4389  4389 W ViewRootImpl[PaySendActivity]: Dropping event due to no window focus: KeyEvent { action=ACTION_DOWN, keyCode=KEYCODE_BACK, scanCode=158, metaState=0, flags=0x48, repeatCount=0, eventTime=62731397, downTime=62731397, deviceId=8, source=0x101 }
05-26 21:29:55.370  4389  4389 W ViewRootImpl[PaySendActivity]: Cancelling event due to no window focus: KeyEvent { action=ACTION_UP, keyCode=KEYCODE_BACK, scanCode=158, metaState=0, flags=0x68, repeatCount=0, eventTime=62731466, downTime=62731397, deviceId=8, source=0x101 }
05-26 21:29:55.370  4389  4389 W ViewRootImpl[PaySendActivity]: Cancelling event due to no window focus: KeyEvent { action=ACTION_UP, keyCode=KEYCODE_BACK, scanCode=158, metaState=0, flags=0x68, repeatCount=0, eventTime=62731466, downTime=62731397, deviceId=8, source=0x101 }
05-26 21:29:55.370  4389  4389 W ViewRootImpl[PaySendActivity]: Cancelling event due to no window focus: KeyEvent { action=ACTION_UP, keyCode=KEYCODE_BACK, scanCode=158, metaState=0, flags=0x68, repeatCount=0, eventTime=62731466, downTime=62731397, deviceId=8, source=0x101 }
05-26 21:29:55.371  4389  4389 W ViewRootImpl[PaySendActivity]: Cancelling event due to no window focus: KeyEvent { action=ACTION_UP, keyCode=KEYCODE_BACK, scanCode=158, metaState=0, flags=0x68, repeatCount=0, eventTime=62731466, downTime=62731397, deviceId=8, source=0x101 }
05-26 21:29:55.371  4389  4389 W ViewRootImpl[PaySendActivity]: Cancelling event due to no window focus: KeyEvent { action=ACTION_UP, keyCode=KEYCODE_BACK, scanCode=158, metaState=0, flags=0x68, repeatCount=0, eventTime=62731466, downTime=62731397, deviceId=8, source=0x101 }
05-26 21:29:55.371  4389  4389 W ViewRootImpl[PaySendActivity]: Cancelling event due to no window focus: KeyEvent { action=ACTION_UP, keyCode=KEYCODE_BACK, scanCode=158, metaState=0, flags=0x68, repeatCount=0, eventTime=62731466, downTime=62731397, deviceId=8, source=0x101 }
05-26 21:29:55.372  4389  4389 W ViewRootImpl[PaySendActivity]: Cancelling event due to no window focus: KeyEvent { action=ACTION_UP, keyCode=KEYCODE_BACK, scanCode=158, metaState=0, flags=0x68, repeatCount=0, eventTime=62731466, downTime=62731397, deviceId=8, source=0x101 }
05-26 21:29:55.372  4389  4389 W ViewRootImpl[PaySendActivity]: Cancelling event due to no window focus: KeyEvent { action=ACTION_UP, keyCode=KEYCODE_BACK, scanCode=158, metaState=0, flags=0x68, repeatCount=0, eventTime=62731466, downTime=62731397, deviceId=8, source=0x101 }
05-26 21:29:55.372  4389  4389 W ViewRootImpl[PaySendActivity]: Cancelling event due to no window focus: KeyEvent { action=ACTION_UP, keyCode=KEYCODE_BACK, scanCode=158, metaState=0, flags=0x68, repeatCount=0, eventTime=62731466, downTime=62731397, deviceId=8, source=0x101 }
05-26 21:29:58.681  4389 25061 E ActivityThread: Failed to find provider info for com.facebook.katana.provider.AttributionIdProvider
05-26 21:30:22.948  3807  3807 V KeyguardStatusView: refresh statusview showing:true
05-26 21:30:22.965  3807  3807 V KeyguardDisplayManager: show
05-26 21:34:59.619  2690  2690 I chatty  : uid=1000 system_server expire 40 lines
05-26 21:35:00.060  3807  3807 V KeyguardDisplayManager: hide
05-26 21:35:06.293  2690 30624 I chatty  : uid=1000(system) Binder:2690_13 expire 10 lines
05-26 21:35:06.355  2690  1328 I chatty  : uid=1000(system) Binder:2690_1A expire 32 lines
05-26 21:35:22.331  2690  3485 I chatty  : uid=1000(system) ActivityManager expire 38 lines
05-26 21:36:42.655  2690  3686 I chatty  : uid=1000(system) InputDispatcher expire 15 lines
05-26 21:36:42.910  2690 30620 I chatty  : uid=1000(system) Binder:2690_10 expire 14 lines
05-26 21:36:50.401  2690   810 I chatty  : uid=1000(system) Binder:2690_18 expire 13 lines
05-26 21:37:02.029  2690  4237 I chatty  : uid=1000(system) uteStateMachine expire 22 lines
05-26 21:37:02.278  2690  7252 I chatty  : uid=1000(system) Binder:2690_E expire 11 lines
05-26 21:37:04.767  2690  3503 I chatty  : uid=1000(system) android.display expire 19 lines
05-26 21:37:04.891  2690 30632 I chatty  : uid=1000(system) Binder:2690_16 expire 10 lines
05-26 21:37:04.897  2690  4191 I chatty  : uid=1000(system) Binder:2690_4 expire 11 lines
05-26 21:41:05.730   598 27482 W SocketClient: write error (Broken pipe)
05-26 21:41:05.731   598 27479 W SocketClient: write error (Broken pipe)
05-26 21:41:05.732   598 27478 W SocketClient: write error (Broken pipe)
05-26 21:41:05.736   598 27492 W SocketClient: write error (Broken pipe)
05-26 21:41:05.775   598 27489 W SocketClient: write error (Broken pipe)
05-26 21:41:05.775   598 27488 W SocketClient: write error (Broken pipe)
05-26 21:41:05.775   598 27491 W SocketClient: write error (Broken pipe)
05-26 21:41:05.776   598 27487 W SocketClient: write error (Broken pipe)
05-26 21:41:06.356  2690  2690 I chatty  : uid=1000 system_server expire 15 lines
05-26 21:41:08.062  2690 30630 I chatty  : uid=1000(system) Binder:2690_15 expire 11 lines
05-26 21:41:08.087  2690 30619 I chatty  : uid=1000(system) Binder:2690_F expire 12 lines
05-26 21:41:12.539  2690  1328 I chatty  : uid=1000(system) Binder:2690_1A expire 11 lines
05-26 21:41:18.917  2690  4684 I chatty  : uid=1000(system) Binder:2690_A expire 10 lines
05-26 21:41:27.427  2690 18433 I chatty  : uid=1000(system) Binder:2690_20 expire 10 lines
05-26 21:41:47.613  2690  3754 I chatty  : uid=1000(system) Binder:2690_3 expire 13 lines
05-26 21:41:54.090 27215 28312 E ActivityThread: Failed to find provider info for com.facebook.katana.provider.AttributionIdProvider
05-26 21:41:54.117 27215 28313 E ActivityThread: Failed to find provider info for com.facebook.katana.provider.AttributionIdProvider
05-26 21:41:54.133 27215 28317 E ActivityThread: Failed to find provider info for com.facebook.katana.provider.AttributionIdProvider
05-26 21:41:54.141 27215 28318 E ActivityThread: Failed to find provider info for com.facebook.katana.provider.AttributionIdProvider
05-26 21:41:55.281 27215 28318 E ActivityThread: Failed to find provider info for com.facebook.katana.provider.AttributionIdProvider
05-26 21:42:04.042  2690  3485 I chatty  : uid=1000(system) ActivityManager expire 18 lines
05-26 21:42:04.148 28390 28423 D ActivityThread: Loading provider net.one97.paytm.urbanairship.provider: com.urbanairship.UrbanAirshipProvider
05-26 21:42:06.674 27215 28318 E ActivityThread: Failed to find provider info for com.facebook.katana.provider.AttributionIdProvider
05-26 21:42:09.808  2690 30622 I chatty  : uid=1000(system) Binder:2690_11 expire 11 lines
05-26 21:42:18.315 27215 28647 E ActivityThread: Failed to find provider info for com.facebook.katana.provider.AttributionIdProvider
05-26 21:42:18.358 27215 28313 E ActivityThread: Failed to find provider info for com.facebook.katana.provider.AttributionIdProvider
05-26 21:42:28.623 27215 28680 E ActivityThread: Failed to find provider info for com.facebook.katana.provider.AttributionIdProvider
05-26 21:42:30.676 27215 28310 E ActivityThread: Failed to find provider info for com.facebook.katana.provider.AttributionIdProvider
05-26 21:42:31.222 27215 28699 E ActivityThread: Failed to find provider info for com.facebook.katana.provider.AttributionIdProvider
05-26 21:42:31.227 27215 28698 E ActivityThread: Failed to find provider info for com.facebook.katana.provider.AttributionIdProvider
05-26 21:42:31.247 27215 28700 E ActivityThread: Failed to find provider info for com.facebook.katana.provider.AttributionIdProvider
05-26 21:42:32.116  2690  4316 I chatty  : uid=1000(system) Binder:2690_6 expire 10 lines
05-26 21:42:47.279  2690  3489 I chatty  : uid=1000(system) batterystats-sy expire 18 lines
05-26 21:42:48.667  2690 18009 I chatty  : uid=1000(system) Binder:2690_1E expire 10 lines
05-26 21:42:48.947   387   393 D VoldCryptCmdListener: cryptfs getpwtype
05-26 21:43:19.251 27215 28926 E ActivityThread: Failed to find provider info for com.facebook.katana.provider.AttributionIdProvider
05-26 21:43:21.111 27215 28931 E ActivityThread: Failed to find provider info for com.facebook.katana.provider.AttributionIdProvider
05-26 21:43:32.411 27215 28962 E ActivityThread: Failed to find provider info for com.facebook.katana.provider.AttributionIdProvider
05-26 21:43:32.488 27215 28932 E ActivityThread: Failed to find provider info for com.facebook.katana.provider.AttributionIdProvider
05-26 21:43:39.483 27215 28991 E ActivityThread: Failed to find provider info for com.facebook.katana.provider.AttributionIdProvider
05-26 21:43:41.162 27215 28929 E ActivityThread: Failed to find provider info for com.facebook.katana.provider.AttributionIdProvider
05-26 21:43:41.715 27215 29007 E ActivityThread: Failed to find provider info for com.facebook.katana.provider.AttributionIdProvider
05-26 21:43:41.716 27215 29008 E ActivityThread: Failed to find provider info for com.facebook.katana.provider.AttributionIdProvider
05-26 21:43:41.727 27215 29009 E ActivityThread: Failed to find provider info for com.facebook.katana.provider.AttributionIdProvider
05-26 21:43:52.105  2690 30625 I chatty  : uid=1000(system) Binder:2690_14 expire 13 lines
05-26 21:43:55.852   387   393 D VoldCryptCmdListener: cryptfs getpwtype
05-26 21:43:57.826  4663  4663 W ContextImpl: Calling a method in the system process without a qualified user: android.app.ContextImpl.sendBroadcast:877 android.content.ContextWrapper.sendBroadcast:421 com.qti.launcherunreadservice.LauncherUnreadService.sendUnreadChangedBroadcast:310 com.qti.launcherunreadservice.LauncherUnreadService.-wrap3:-1 com.qti.launcherunreadservice.LauncherUnreadService$1$1.run:96 
05-26 21:44:08.580  2690  4622 I chatty  : uid=1000(system) Binder:2690_7 expire 11 lines
05-26 21:44:08.581   387   393 D VoldCryptCmdListener: cryptfs getpwtype
05-26 21:44:12.826 29202 29591 E ActivityThread: Failed to find provider info for com.facebook.katana.provider.AttributionIdProvider
05-26 21:44:12.926 29202 29597 E ActivityThread: Failed to find provider info for com.facebook.katana.provider.AttributionIdProvider
05-26 21:44:12.926 29202 29593 E ActivityThread: Failed to find provider info for com.facebook.katana.provider.AttributionIdProvider
05-26 21:44:13.248 29202 29618 E ActivityThread: Failed to find provider info for com.facebook.katana.provider.AttributionIdProvider
05-26 21:44:14.128 29202 29593 E ActivityThread: Failed to find provider info for com.facebook.katana.provider.AttributionIdProvider
05-26 21:44:14.215  4663  4663 W ContextImpl: Calling a method in the system process without a qualified user: android.app.ContextImpl.sendBroadcast:877 android.content.ContextWrapper.sendBroadcast:421 com.qti.launcherunreadservice.LauncherUnreadService.sendUnreadChangedBroadcast:310 com.qti.launcherunreadservice.LauncherUnreadService.-wrap3:-1 com.qti.launcherunreadservice.LauncherUnreadService$1$1.run:96 
05-26 21:44:14.529 29202 29664 E ActivityThread: Failed to find provider info for com.facebook.katana.provider.AttributionIdProvider
05-26 21:44:14.910 29202 29590 E ActivityThread: Failed to find provider info for com.facebook.katana.provider.AttributionIdProvider
05-26 21:44:16.972 29678 29710 D ActivityThread: Loading provider net.one97.paytm.urbanairship.provider: com.urbanairship.UrbanAirshipProvider
05-26 21:44:18.072  2690  3686 I chatty  : uid=1000(system) InputDispatcher expire 12 lines
05-26 21:45:18.446  2690  3506 I chatty  : uid=1000(system) PowerManagerSer expire 10 lines
05-26 21:45:23.631  3807  3807 V KeyguardStatusView: refresh statusview showing:true
05-26 21:45:23.644  3807  3807 V KeyguardDisplayManager: show
05-26 21:47:13.437  2690 30623 I chatty  : uid=1000(system) Binder:2690_12 expire 10 lines
05-26 21:47:14.848  4663  4663 W ContextImpl: Calling a method in the system process without a qualified user: android.app.ContextImpl.sendBroadcast:877 android.content.ContextWrapper.sendBroadcast:421 com.qti.launcherunreadservice.LauncherUnreadService.sendUnreadChangedBroadcast:310 com.qti.launcherunreadservice.LauncherUnreadService.-wrap3:-1 com.qti.launcherunreadservice.LauncherUnreadService$1$1.run:96 
05-26 21:50:10.584  3807  3807 V KeyguardDisplayManager: hide
05-26 21:50:14.491  2690  4684 I chatty  : uid=1000(system) Binder:2690_A expire 10 lines
05-26 21:50:16.237  3807  3807 V KeyguardStatusView: refresh statusview showing:true
05-26 21:50:16.266  3807  3807 V KeyguardDisplayManager: show
05-26 21:50:16.760  3807  3807 V KeyguardDisplayManager: hide
05-26 21:50:16.808  2690  4709 I chatty  : uid=1000(system) Binder:2690_C expire 10 lines
05-26 21:51:21.365  2690 17874 I chatty  : uid=1000(system) Binder:2690_1D expire 11 lines
05-26 21:51:21.538  3807  3807 V KeyguardStatusView: refresh statusview showing:true
05-26 21:51:21.557  3807  3807 V KeyguardDisplayManager: show
05-26 21:51:28.302  2690   815 I chatty  : uid=1000(system) Binder:2690_19 expire 11 lines
05-26 21:59:07.213  2690 17865 I chatty  : uid=1000(system) Binder:2690_1C expire 10 lines
05-26 22:05:38.900 30928 30928 D ActivityThread: Loading provider com.whatsapp.provider.contact: com.whatsapp.contact.ContactProvider
05-26 22:05:38.935  2690 18432 I chatty  : uid=1000(system) Binder:2690_1F expire 10 lines
05-26 22:05:51.095  2690  4662 I chatty  : uid=1000(system) Binder:2690_8 expire 10 lines
05-26 22:07:34.251  2690  3703 I chatty  : uid=1000(system) ConnectivitySer expire 15 lines
05-26 22:12:12.040   387   393 D VoldCryptCmdListener: cryptfs getpwtype
05-26 22:12:12.137  2690  4710 I chatty  : uid=1000(system) Binder:2690_D expire 12 lines
05-26 22:16:13.969 31594 31611 D ActivityThread: Loading provider com.google.android.gmail.provider;com.android.mail.notifier;com.google.android.gm.email.provider;com.google.android.gm.tasks.provider;com.google.android.gm.email.notifier: com.android.email.provider.EmailProvider
05-26 22:16:14.134  2690  7252 I chatty  : uid=1000(system) Binder:2690_E expire 10 lines
05-26 22:20:20.033  2690  4222 I chatty  : uid=1000(system) Binder:2690_5 expire 11 lines
05-26 22:21:11.308  2690  2690 I chatty  : uid=1000 system_server expire 11 lines
05-26 22:21:11.764  3807  3807 V KeyguardDisplayManager: hide
05-26 22:21:11.832  2690  3506 I chatty  : uid=1000(system) PowerManagerSer expire 15 lines
05-26 22:21:11.867 32178 32240 D ActivityThread: Loading provider com.smartron.tronx.account.messages: com.smartron.synctron.provider.MessagesContentProvider
05-26 22:22:51.072 31259   335 E ActivityThread: Failed to find provider info for com.facebook.katana.provider.AttributionIdProvider
05-26 22:23:13.120   387   393 D VoldCryptCmdListener: cryptfs getpwtype
05-26 22:25:20.062  2690 30624 I chatty  : uid=1000(system) Binder:2690_13 expire 10 lines
05-26 22:28:36.777   387   393 D VoldCryptCmdListener: cryptfs getpwtype
05-26 22:28:37.334  2690  3489 I chatty  : uid=1000(system) batterystats-sy expire 27 lines
05-26 22:28:38.164  2690 30622 I chatty  : uid=1000(system) Binder:2690_11 expire 12 lines
05-26 22:28:38.221  2690   810 I chatty  : uid=1000(system) Binder:2690_18 expire 14 lines
05-26 22:28:39.518  2690  3754 I chatty  : uid=1000(system) Binder:2690_3 expire 10 lines
05-26 22:28:39.518   387   393 D VoldCryptCmdListener: cryptfs getpwtype
05-26 22:28:39.519  2690  3692 I chatty  : uid=1000(system) CryptdConnector expire 10 lines
05-26 22:28:40.098  2690  3463 I chatty  : uid=1000(system) Binder:2690_2 expire 11 lines
05-26 22:28:42.646  2690  3485 I chatty  : uid=1000(system) ActivityManager expire 19 lines
05-26 22:28:43.522   387   393 D VoldCryptCmdListener: cryptfs getpwtype
05-26 22:28:43.776  2687  2687 D ActivityThread: Loading provider com.whatsapp.provider.contact: com.whatsapp.contact.ContactProvider
05-26 22:28:43.971  2690 30619 I chatty  : uid=1000(system) Binder:2690_F expire 10 lines
05-26 22:28:50.275 10988 10988 W ContextImpl: Calling a method in the system process without a qualified user: android.app.ContextImpl.startService:1357 android.content.ContextWrapper.startService:613 android.content.ContextWrapper.startService:613 com.android.settings.TetherService.cancelRecheckAlarmIfNecessary:301 com.android.settings.HotspotOffReceiver.onReceive:29 
05-26 22:28:50.932   598  3549 D NetlinkEvent: Unknown ifindex 24 in RTM_DELADDR
05-26 22:28:56.139  2690  3502 I chatty  : uid=1000(system) android.io expire 14 lines
05-26 22:29:12.308  2690 30620 I chatty  : uid=1000(system) Binder:2690_10 expire 11 lines
05-26 22:29:14.609   387   393 D VoldCryptCmdListener: cryptfs getpwtype
05-26 22:29:16.787  4663  4663 W ContextImpl: Calling a method in the system process without a qualified user: android.app.ContextImpl.sendBroadcast:877 android.content.ContextWrapper.sendBroadcast:421 com.qti.launcherunreadservice.LauncherUnreadService.sendUnreadChangedBroadcast:310 com.qti.launcherunreadservice.LauncherUnreadService.-wrap3:-1 com.qti.launcherunreadservice.LauncherUnreadService$1$1.run:96 
05-26 22:29:21.369  4663  4663 W ContextImpl: Calling a method in the system process without a qualified user: android.app.ContextImpl.sendBroadcast:877 android.content.ContextWrapper.sendBroadcast:421 com.qti.launcherunreadservice.LauncherUnreadService.sendUnreadChangedBroadcast:310 com.qti.launcherunreadservice.LauncherUnreadService.-wrap3:-1 com.qti.launcherunreadservice.LauncherUnreadService$1$1.run:96 
05-26 22:29:30.450  2690  3462 I chatty  : uid=1000(system) Binder:2690_1 expire 10 lines
05-26 22:30:28.884  2690  4547 I chatty  : uid=1000(system) backup expire 48 lines
05-26 22:30:28.960  2690  3484 I chatty  : uid=1000(system) android.bg expire 10 lines
05-26 22:30:29.245   387   393 D VoldCryptCmdListener: cryptfs getpwtype
05-26 22:30:31.599  2690  4664 I chatty  : uid=1000(system) Binder:2690_9 expire 12 lines
05-26 22:30:32.890   387   393 D VoldCryptCmdListener: cryptfs getpwtype
05-26 22:30:34.092  2690  3501 I chatty  : uid=1000(system) android.fg expire 32 lines
05-26 22:31:14.596  2690 18009 I chatty  : uid=1000(system) Binder:2690_1E expire 14 lines
05-26 22:31:45.941  2690  1328 I chatty  : uid=1000(system) Binder:2690_1A expire 19 lines
05-26 22:31:51.119  2690  4710 I chatty  : uid=1000(system) Binder:2690_D expire 11 lines
05-26 22:31:51.496  2690  4685 I chatty  : uid=1000(system) Binder:2690_B expire 11 lines
05-26 22:31:56.693  2690 30632 I chatty  : uid=1000(system) Binder:2690_16 expire 10 lines
05-26 22:32:03.897 10988 10988 W ContextImpl: Calling a method in the system process without a qualified user: android.app.ContextImpl.startService:1357 android.content.ContextWrapper.startService:613 android.content.ContextWrapper.startService:613 com.android.settings.TetherService.cancelRecheckAlarmIfNecessary:301 com.android.settings.HotspotOffReceiver.onReceive:29 
05-26 22:32:04.472   598  3549 D NetlinkEvent: Unknown ifindex 29 in RTM_DELADDR
05-26 22:32:05.953  2690 18432 I chatty  : uid=1000(system) Binder:2690_1F expire 11 lines
05-26 22:32:06.170  2690  1329 I chatty  : uid=1000(system) Binder:2690_1B expire 11 lines
05-26 22:32:06.638  2690  4622 I chatty  : uid=1000(system) Binder:2690_7 expire 17 lines
05-26 22:32:08.145  2690   809 I chatty  : uid=1000(system) Binder:2690_17 expire 12 lines
05-26 22:32:10.228  2690  3686 I chatty  : uid=1000(system) InputDispatcher expire 14 lines
05-26 22:36:37.524  2690 18433 I chatty  : uid=1000(system) Binder:2690_20 expire 12 lines
05-26 22:36:37.525   387   393 D VoldCryptCmdListener: cryptfs getpwtype
05-26 22:37:00.098  2690  3488 I chatty  : uid=1000(system) ActivityManager expire 5 lines
05-26 22:38:04.547  2690  3489 I chatty  : uid=1000(system) batterystats-sy expire 33 lines
05-26 22:39:21.439  2690 30630 I chatty  : uid=1000(system) Binder:2690_15 expire 12 lines
05-26 22:52:52.293 31259  9029 E ActivityThread: Failed to find provider info for com.facebook.katana.provider.AttributionIdProvider
05-26 22:53:29.497  2690  3489 I chatty  : uid=1000(system) batterystats-sy expire 12 lines
05-26 22:58:25.532 10988 10988 W ContextImpl: Calling a method in the system process without a qualified user: android.app.ContextImpl.startService:1357 android.content.ContextWrapper.startService:613 android.content.ContextWrapper.startService:613 com.android.settings.TetherService.cancelRecheckAlarmIfNecessary:301 com.android.settings.HotspotOffReceiver.onReceive:29 
05-26 22:58:26.142   598  3549 D NetlinkEvent: Unknown ifindex 34 in RTM_DELADDR
05-26 22:58:26.885  2690  3489 I chatty  : uid=1000(system) batterystats-sy expire 15 lines
05-26 22:58:29.857  6458  6458 W ContextImpl: Calling a method in the system process without a qualified user: android.app.ContextImpl.sendBroadcast:877 android.content.ContextWrapper.sendBroadcast:421 com.qualcomm.qti.qs.tiles.DdsTile.handleUpdateState:102 com.qualcomm.qti.qs.tiles.DdsTile$DdsObserver.onChange:154 android.database.ContentObserver.onChange:130 
05-26 22:58:29.895  6458  6458 W ContextImpl: Calling a method in the system process without a qualified user: android.app.ContextImpl.sendBroadcast:877 android.content.ContextWrapper.sendBroadcast:421 com.qualcomm.qti.qs.tiles.DataTile.handleUpdateState:77 com.qualcomm.qti.qs.tiles.DataTile$DataObserver.onChange:99 android.database.ContentObserver.onChange:130 
05-26 22:58:30.894  2690  7252 I chatty  : uid=1000(system) Binder:2690_E expire 12 lines
05-26 22:58:31.294  2690 17874 I chatty  : uid=1000(system) Binder:2690_1D expire 10 lines
05-26 22:58:31.511  2690  2690 I chatty  : uid=1000 system_server expire 12 lines
05-26 22:58:31.833  2690 30625 I chatty  : uid=1000(system) Binder:2690_14 expire 14 lines
05-26 22:58:32.012  2690  3503 I chatty  : uid=1000(system) android.display expire 10 lines
05-26 22:58:32.544  3807  3807 V KeyguardStatusView: refresh statusview showing:true
05-26 22:58:32.558  3807  3807 V KeyguardDisplayManager: show
05-26 22:58:37.195 10845 10845 W FileUtils: Failed to chmod(/storage/emulated/0/.dom0o7b1i1le/dont_remove/6c9d3f90697a41b): android.system.ErrnoException: chmod failed: EPERM (Operation not permitted)
05-26 23:07:33.156 11072 11072 D ActivityThread: Loading provider com.whatsapp.provider.contact: com.whatsapp.contact.ContactProvider
05-26 23:07:34.899   387   393 D VoldCryptCmdListener: cryptfs getpwtype
05-26 23:16:29.560  4663  4663 W ContextImpl: Calling a method in the system process without a qualified user: android.app.ContextImpl.sendBroadcast:877 android.content.ContextWrapper.sendBroadcast:421 com.qti.launcherunreadservice.LauncherUnreadService.sendUnreadChangedBroadcast:310 com.qti.launcherunreadservice.LauncherUnreadService.-wrap3:-1 com.qti.launcherunreadservice.LauncherUnreadService$1$1.run:96 
05-26 23:24:01.310   387   393 D VoldCryptCmdListener: cryptfs getpwtype
05-26 23:33:25.740  4663  4663 W ContextImpl: Calling a method in the system process without a qualified user: android.app.ContextImpl.sendBroadcast:877 android.content.ContextWrapper.sendBroadcast:421 com.qti.launcherunreadservice.LauncherUnreadService.sendUnreadChangedBroadcast:310 com.qti.launcherunreadservice.LauncherUnreadService.-wrap3:-1 com.qti.launcherunreadservice.LauncherUnreadService$1$1.run:96 
05-27 00:02:07.595 12083 12116 E ActivityThread: Failed to find provider info for com.flipkart.android.DB.GeoFenceProvider
05-27 06:38:57.416  3807  3807 V KeyguardDisplayManager: hide
05-27 06:38:58.164   387   393 D VoldCryptCmdListener: cryptfs getpwtype
05-27 06:39:10.601  2690  4709 I chatty  : uid=1000(system) Binder:2690_C expire 26 lines
05-27 06:39:11.791  3807  3807 V KeyguardStatusView: refresh statusview showing:true
05-27 06:39:11.804  3807  3807 V KeyguardDisplayManager: show
05-27 06:39:12.322  3807  3807 V KeyguardDisplayManager: hide
05-27 06:39:14.115  2690  3485 I chatty  : uid=1000(system) ActivityManager expire 53 lines
05-27 06:39:20.027  2690  4316 I chatty  : uid=1000(system) Binder:2690_6 expire 32 lines
05-27 06:40:11.901  2690  2690 I chatty  : uid=1000 system_server expire 11 lines
05-27 06:40:17.072  3807  3807 V KeyguardStatusView: refresh statusview showing:true
05-27 06:40:17.092  3807  3807 V KeyguardDisplayManager: show
05-27 07:37:20.380   387   393 D VoldCryptCmdListener: cryptfs getpwtype
05-27 07:37:23.721  3807  3807 V KeyguardDisplayManager: hide
05-27 07:37:36.556  2690  3489 I chatty  : uid=1000(system) batterystats-sy expire 12 lines
05-27 07:38:35.069  2690  3506 I chatty  : uid=1000(system) PowerManagerSer expire 24 lines
05-27 07:38:35.638  2690  3503 I chatty  : uid=1000(system) android.display expire 13 lines
05-27 07:38:40.265  3807  3807 V KeyguardStatusView: refresh statusview showing:true
05-27 07:38:40.283  3807  3807 V KeyguardDisplayManager: show
05-27 07:39:54.931  3807  3807 V KeyguardDisplayManager: hide
05-27 07:39:55.304  2690   810 I chatty  : uid=1000(system) Binder:2690_18 expire 11 lines
05-27 07:39:55.311  2690 30622 I chatty  : uid=1000(system) Binder:2690_11 expire 14 lines
05-27 07:40:39.186   387   393 D VoldCryptCmdListener: cryptfs getpwtype
05-27 07:40:39.187  2690  3692 I chatty  : uid=1000(system) CryptdConnector expire 12 lines
05-27 07:40:39.360   387   393 D VoldCryptCmdListener: cryptfs getpwtype
05-27 07:42:23.163  2690  2690 I chatty  : uid=1000 system_server expire 11 lines
05-27 07:42:28.325  3807  3807 V KeyguardStatusView: refresh statusview showing:true
05-27 07:42:28.343  3807  3807 V KeyguardDisplayManager: show
05-27 08:02:04.533  2690  3463 I chatty  : uid=1000(system) Binder:2690_2 expire 22 lines
05-27 08:08:12.089  3807  3807 V KeyguardDisplayManager: hide
05-27 08:08:24.907  2690  3703 I chatty  : uid=1000(system) ConnectivitySer expire 11 lines
05-27 08:08:25.062 14938 14938 E ActivityThread: Activity com.google.android.music.ui.HomeActivity has leaked ServiceConnection com.google.android.music.utils.MusicUtils$ServiceBinder@1cc221a that was originally bound here
05-27 08:08:25.062 14938 14938 E ActivityThread: android.app.ServiceConnectionLeaked: Activity com.google.android.music.ui.HomeActivity has leaked ServiceConnection com.google.android.music.utils.MusicUtils$ServiceBinder@1cc221a that was originally bound here
05-27 08:08:25.062 14938 14938 E ActivityThread: 	at android.app.LoadedApk$ServiceDispatcher.<init>(LoadedApk.java:1336)
05-27 08:08:25.062 14938 14938 E ActivityThread: 	at android.app.LoadedApk.getServiceDispatcher(LoadedApk.java:1231)
05-27 08:08:25.062 14938 14938 E ActivityThread: 	at android.app.ContextImpl.bindServiceCommon(ContextImpl.java:1450)
05-27 08:08:25.062 14938 14938 E ActivityThread: 	at android.app.ContextImpl.bindService(ContextImpl.java:1422)
05-27 08:08:25.062 14938 14938 E ActivityThread: 	at android.content.ContextWrapper.bindService(ContextWrapper.java:636)
05-27 08:08:25.062 14938 14938 E ActivityThread: 	at android.content.ContextWrapper.bindService(ContextWrapper.java:636)
05-27 08:08:25.062 14938 14938 E ActivityThread: 	at com.google.android.music.utils.MusicUtils.bindToService(MusicUtils.java:195)
05-27 08:08:25.062 14938 14938 E ActivityThread: 	at com.google.android.music.ui.NowPlayingFragment.onCreateView(NowPlayingFragment.java:410)
05-27 08:08:25.062 14938 14938 E ActivityThread: 	at android.support.v4.app.Fragment.performCreateView(Fragment.java:2192)
05-27 08:08:25.062 14938 14938 E ActivityThread: 	at android.support.v4.app.FragmentManagerImpl.moveToState(FragmentManager.java:1299)
05-27 08:08:25.062 14938 14938 E ActivityThread: 	at android.support.v4.app.FragmentManagerImpl.moveFragmentToExpectedState(FragmentManager.java:1528)
05-27 08:08:25.062 14938 14938 E ActivityThread: 	at android.support.v4.app.FragmentManagerImpl.moveToState(FragmentManager.java:1595)
05-27 08:08:25.062 14938 14938 E ActivityThread: 	at android.support.v4.app.BackStackRecord.executeOps(BackStackRecord.java:758)
05-27 08:08:25.062 14938 14938 E ActivityThread: 	at android.support.v4.app.FragmentManagerImpl.executeOps(FragmentManager.java:2363)
05-27 08:08:25.062 14938 14938 E ActivityThread: 	at android.support.v4.app.FragmentManagerImpl.executeOpsTogether(FragmentManager.java:2149)
05-27 08:08:25.062 14938 14938 E ActivityThread: 	at android.support.v4.app.FragmentManagerImpl.optimizeAndExecuteOps(FragmentManager.java:2103)
05-27 08:08:25.062 14938 14938 E ActivityThread: 	at android.support.v4.app.FragmentManagerImpl.execPendingActions(FragmentManager.java:2013)
05-27 08:08:25.062 14938 14938 E ActivityThread: 	at android.support.v4.app.FragmentController.execPendingActions(FragmentController.java:388)
05-27 08:08:25.062 14938 14938 E ActivityThread: 	at android.support.v4.app.FragmentActivity.onStart(FragmentActivity.java:607)
05-27 08:08:25.062 14938 14938 E ActivityThread: 	at android.support.v7.app.AppCompatActivity.onStart(AppCompatActivity.java:178)
05-27 08:08:25.062 14938 14938 E ActivityThread: 	at com.google.android.music.lifecycle.LifecycleLoggedAppCompatActivity.onStart(LifecycleLoggedAppCompatActivity.java:33)
05-27 08:08:25.062 14938 14938 E ActivityThread: 	at com.google.android.music.ui.BaseActivity.onStart(BaseActivity.java:921)
05-27 08:08:25.062 14938 14938 E ActivityThread: 	at com.google.android.music.ui.HomeActivity.onStart(HomeActivity.java:469)
05-27 08:08:25.062 14938 14938 E ActivityThread: 	at android.app.Instrumentation.callActivityOnStart(Instrumentation.java:1249)
05-27 08:08:25.062 14938 14938 E ActivityThread: 	at android.app.Activity.performStart(Activity.java:6737)
05-27 08:08:25.062 14938 14938 E ActivityThread: 	at android.app.ActivityThread.performLaunchActivity(ActivityThread.java:2628)
05-27 08:08:25.062 14938 14938 E ActivityThread: 	at android.app.ActivityThread.handleLaunchActivity(ActivityThread.java:2726)
05-27 08:08:25.062 14938 14938 E ActivityThread: 	at android.app.ActivityThread.-wrap12(ActivityThread.java)
05-27 08:08:25.062 14938 14938 E ActivityThread: 	at android.app.ActivityThread$H.handleMessage(ActivityThread.java:1477)
05-27 08:08:25.062 14938 14938 E ActivityThread: 	at android.os.Handler.dispatchMessage(Handler.java:102)
05-27 08:08:25.062 14938 14938 E ActivityThread: 	at android.os.Looper.loop(Looper.java:154)
05-27 08:08:25.062 14938 14938 E ActivityThread: 	at android.app.ActivityThread.main(ActivityThread.java:6119)
05-27 08:08:25.062 14938 14938 E ActivityThread: 	at java.lang.reflect.Method.invoke(Native Method)
05-27 08:08:25.062 14938 14938 E ActivityThread: 	at com.android.internal.os.ZygoteInit$MethodAndArgsCaller.run(ZygoteInit.java:886)
05-27 08:08:25.062 14938 14938 E ActivityThread: 	at com.android.internal.os.ZygoteInit.main(ZygoteInit.java:776)
05-27 08:08:25.077 14938 14938 E ActivityThread: Activity com.google.android.music.ui.HomeActivity has leaked ServiceConnection com.google.android.music.utils.MusicUtils$ServiceBinder@8916f9c that was originally bound here
05-27 08:08:25.077 14938 14938 E ActivityThread: android.app.ServiceConnectionLeaked: Activity com.google.android.music.ui.HomeActivity has leaked ServiceConnection com.google.android.music.utils.MusicUtils$ServiceBinder@8916f9c that was originally bound here
05-27 08:08:25.077 14938 14938 E ActivityThread: 	at android.app.LoadedApk$ServiceDispatcher.<init>(LoadedApk.java:1336)
05-27 08:08:25.077 14938 14938 E ActivityThread: 	at android.app.LoadedApk.getServiceDispatcher(LoadedApk.java:1231)
05-27 08:08:25.077 14938 14938 E ActivityThread: 	at android.app.ContextImpl.bindServiceCommon(ContextImpl.java:1450)
05-27 08:08:25.077 14938 14938 E ActivityThread: 	at android.app.ContextImpl.bindService(ContextImpl.java:1422)
05-27 08:08:25.077 14938 14938 E ActivityThread: 	at android.content.ContextWrapper.bindService(ContextWrapper.java:636)
05-27 08:08:25.077 14938 14938 E ActivityThread: 	at android.content.ContextWrapper.bindService(ContextWrapper.java:636)
05-27 08:08:25.077 14938 14938 E ActivityThread: 	at com.google.android.music.utils.MusicUtils.bindToService(MusicUtils.java:195)
05-27 08:08:25.077 14938 14938 E ActivityThread: 	at com.google.android.music.ui.ads.ContentTargetingInfoProvider.initAsync(ContentTargetingInfoProvider.java:69)
