05-27 04:14:01.781  7925  8064 F libc    : Fatal signal 6 (SIGABRT), code -6 in tid 8064 (CAM_MctServ)
05-27 04:14:01.847  8095  8095 F DEBUG   : *** *** *** *** *** *** *** *** *** *** *** *** *** *** *** ***
05-27 04:14:01.847  8095  8095 F DEBUG   : Build fingerprint: 'Smartron/srtphone/rimo02a:7.1.1/NMF26F/akumbh05251013:userdebug/release-keys'
05-27 04:14:01.847  8095  8095 F DEBUG   : Revision: '0'
05-27 04:14:01.847  8095  8095 F DEBUG   : ABI: 'arm'
05-27 04:14:01.847  8095  8095 F DEBUG   : pid: 7925, tid: 8064, name: CAM_MctServ  >>> /system/bin/mm-qcamera-daemon <<<
05-27 04:14:01.847  8095  8095 F DEBUG   : signal 6 (SIGABRT), code -6 (SI_TKILL), fault addr --------
05-27 04:14:01.850  8095  8095 F DEBUG   : Abort message: '"################ Oh, This lib crashed ###############"'
05-27 04:14:01.850  8095  8095 F DEBUG   :     r0 00000000  r1 00001f80  r2 00000006  r3 00000008
05-27 04:14:01.850  8095  8095 F DEBUG   :     r4 e607f978  r5 00000006  r6 e607f920  r7 0000010c
05-27 04:14:01.850  8095  8095 F DEBUG   :     r8 00000001  r9 edbb6008  sl e5c1d000  fp e607cba8
05-27 04:14:01.850  8095  8095 F DEBUG   :     ip 00000000  sp e607c690  lr ec194517  pc ec196d98  cpsr 200f0010
05-27 04:14:01.854  8095  8095 F DEBUG   : 
05-27 04:14:01.854  8095  8095 F DEBUG   : backtrace:
05-27 04:14:01.854  8095  8095 F DEBUG   :     #00 pc 00049d98  /system/lib/libc.so (tgkill+12)
05-27 04:14:01.854  8095  8095 F DEBUG   :     #01 pc 00047513  /system/lib/libc.so (pthread_kill+34)
05-27 04:14:01.854  8095  8095 F DEBUG   :     #02 pc 0001d765  /system/lib/libc.so (raise+10)
05-27 04:14:01.854  8095  8095 F DEBUG   :     #03 pc 000192a1  /system/lib/libc.so (__libc_android_abort+34)
05-27 04:14:01.854  8095  8095 F DEBUG   :     #04 pc 00017308  /system/lib/libc.so (abort+4)
05-27 04:14:01.854  8095  8095 F DEBUG   :     #05 pc 0000c1f9  /system/lib/libcutils.so (__android_log_assert+112)
05-27 04:14:01.855  8095  8095 F DEBUG   :     #06 pc 00000d41  /system/vendor/lib/libmmcamera_s5k5e8.so (s5k5e8_fill_exposure_array+472)
05-27 04:14:01.855  8095  8095 F DEBUG   :     #07 pc 00021c15  /system/vendor/lib/libmmcamera2_sensor_modules.so
05-27 04:14:01.855  8095  8095 F DEBUG   :     #08 pc 00023c0f  /system/vendor/lib/libmmcamera2_sensor_modules.so
05-27 04:14:01.855  8095  8095 F DEBUG   :     #09 pc 00010d97  /system/vendor/lib/libmmcamera2_sensor_modules.so
05-27 04:14:01.855  8095  8095 F DEBUG   :     #10 pc 00013687  /system/vendor/lib/libmmcamera2_sensor_modules.so (module_sensor_stream_on+2546)
05-27 04:14:01.855  8095  8095 F DEBUG   :     #11 pc 0000a8f5  /system/vendor/lib/libmmcamera2_sensor_modules.so (port_sensor_handle_stream_on+24)
05-27 04:14:01.855  8095  8095 F DEBUG   :     #12 pc 00015755  /system/vendor/lib/libmmcamera2_sensor_modules.so
05-27 04:14:01.855  8095  8095 F DEBUG   :     #13 pc 000079df  /system/vendor/lib/libmmcamera2_mct.so
05-27 04:14:01.855  8095  8095 F DEBUG   :     #14 pc 00012bb5  /system/vendor/lib/libmmcamera2_mct.so
05-27 04:14:01.855  8095  8095 F DEBUG   :     #15 pc 00010cab  /system/vendor/lib/libmmcamera2_mct.so
05-27 04:14:01.855  8095  8095 F DEBUG   :     #16 pc 00014811  /system/vendor/lib/libmmcamera2_mct.so
05-27 04:14:01.855  8095  8095 F DEBUG   :     #17 pc 00013913  /system/vendor/lib/libmmcamera2_mct.so
05-27 04:14:01.855  8095  8095 F DEBUG   :     #18 pc 00046fe3  /system/lib/libc.so (_ZL15__pthread_startPv+22)
05-27 04:14:01.855  8095  8095 F DEBUG   :     #19 pc 00019ced  /system/lib/libc.so (__start_thread+6)
05-27 04:14:02.082  3156  3671 W NativeCrashListener: Couldn't find ProcessRecord for pid 7925
05-27 04:14:02.085  3156  3466 I BootReceiver: Copying /data/tombstones/tombstone_09 to DropBox (SYSTEM_TOMBSTONE)
05-27 04:14:04.684  3156  3598 I ActivityManager: START u0 {act=android.intent.action.MAIN cat=[android.intent.category.HOME] flg=0x10200000 cmp=com.smartron.launcher/com.smartron.smextension.SmartronLauncher (has extras)} from uid 1000 on display 0
05-27 04:14:04.893  3156  3598 I ActivityManager: START u0 {act=android.intent.action.MAIN cat=[android.intent.category.HOME] flg=0x10200000 cmp=com.smartron.launcher/com.smartron.smextension.SmartronLauncher (has extras)} from uid 1000 on display 0
05-27 04:14:11.327  3156  3984 I ActivityManager: Start proc 8146:com.google.android.apps.messaging/u0a83 for broadcast com.google.android.apps.messaging/.shared.datamodel.action.ActionServiceImpl$PendingActionReceiver
05-27 04:14:11.490  3156  3939 D CryptdConnector: SND -> {14 cryptfs getpwtype}
05-27 04:14:11.490   392   398 D VoldCryptCmdListener: cryptfs getpwtype
05-27 04:14:11.491  3156  3602 D CryptdConnector: RCV <- {213 14 default}
05-27 04:14:54.102  3156  3452 I ActivityManager: Killing 7357:com.google.android.apps.maps/u0a91 (adj 906): empty #17
05-27 04:14:54.103  3156  3452 I ActivityManager: Killing 7337:com.google.android.gms.unstable/u0a13 (adj 906): empty #18
05-27 04:14:54.141  3156  3624 D ActivityManager: cleanUpApplicationRecord -- 7337
05-27 04:14:54.200  3156  4462 D ActivityManager: cleanUpApplicationRecord -- 7357
05-27 04:14:54.364  3156  3758 I ActivityManager: Start proc 8200:com.google.android.gms.unstable/u0a13 for service com.google.android.gms/.droidguard.DroidGuardService
05-27 04:15:05.240  3156  3472 I PowerManagerService: Going to sleep due to screen timeout (uid 1000)...
05-27 04:15:05.856  3156  3470 I DisplayManagerService: Display device changed state: "Built-in Screen", OFF
05-27 04:15:06.130  3156  3472 I DreamManagerService: Entering dreamland.
05-27 04:15:06.131  3156  3472 I PowerManagerService: Dozing...
05-27 04:15:06.132  3156  3467 I DreamController: Starting dream: name=ComponentInfo{com.android.systemui/com.android.systemui.doze.DozeService}, isTest=false, canDoze=true, userId=0
05-27 04:15:06.651  3156  3758 I ActivityManager: Killing 7103:com.android.cellbroadcastreceiver/u0a5 (adj 906): empty #17
05-27 04:15:06.782  3156  4526 D ActivityManager: cleanUpApplicationRecord -- 7103
05-27 04:15:10.260  3156  3758 I ActivityManager: Setting hasTopUi=true for pid=3659
05-27 04:15:10.304  3659  3659 V KeyguardStatusView: refresh statusview showing:true
05-27 04:15:10.321  3659  3659 V KeyguardDisplayManager: show
05-27 04:17:12.503  3156  3597 I ActivityManager: Killing 7446:com.google.android.gms.ui/u0a13 (adj 906): empty #17
05-27 04:17:12.608  3156  4460 D ActivityManager: cleanUpApplicationRecord -- 7446
05-27 04:17:14.923  3156  3613 D ConnectivityService: NetworkAgentInfo [WIFI () - 100] EVENT_NETWORK_INFO_CHANGED, going from CONNECTED to DISCONNECTED
05-27 04:17:14.923  3156  3613 D ConnectivityService: NetworkAgentInfo [WIFI () - 100] got DISCONNECTED, was satisfying 7
05-27 04:17:15.054  3156  3613 D ConnectivityService: Sending DISCONNECTED broadcast for type 1 NetworkAgentInfo [WIFI () - 100] isDefaultNetwork=true
05-27 04:17:18.603  3156  3609 D ConnectivityService: registerNetworkAgent NetworkAgentInfo{ ni{[type: WIFI[], state: CONNECTING/CONNECTING, reason: (unspecified), extra: "CST_test", failover: false, available: true, roaming: false, metered: false]}  network{101}  nethandle{433808132830}  lp{{LinkAddresses: []  Routes: [] DnsAddresses: [] Domains: null MTU: 0}}  nc{[ Transports: WIFI Capabilities: NOT_METERED&INTERNET&NOT_RESTRICTED&TRUSTED&NOT_VPN LinkUpBandwidth>=1048576Kbps LinkDnBandwidth>=1048576Kbps]}  Score{20}  everValidated{false}  lastValidated{false}  created{false} lingering{false} explicitlySelected{false} acceptUnvalidated{false} everCaptivePortalDetected{false} lastCaptivePortalDetected{false} }
05-27 04:17:18.604  3156  3613 D ConnectivityService: NetworkAgentInfo [WIFI () - 101] EVENT_NETWORK_INFO_CHANGED, going from null to CONNECTING
05-27 04:17:18.792  3156  3613 D ConnectivityService: NetworkAgentInfo [WIFI () - 101] EVENT_NETWORK_INFO_CHANGED, going from CONNECTING to CONNECTED
05-27 04:17:18.794  3156  3613 D ConnectivityService: Adding iface wlan0 to network 101
05-27 04:17:18.879  3156  3613 D ConnectivityService: Setting DNS servers for network 101 to [/10.11.10.10, /10.11.10.20]
05-27 04:17:18.914  3156  3613 D ConnectivityService: Switching to new default network: NetworkAgentInfo{ ni{[type: WIFI[], state: CONNECTED/CONNECTED, reason: (unspecified), extra: "CST_test", failover: false, available: true, roaming: false, metered: false]}  network{101}  nethandle{433808132830}  lp{{InterfaceName: wlan0 LinkAddresses: [10.11.13.42/16,]  Routes: [fe80::/64 -> :: wlan0,10.11.0.0/16 -> 0.0.0.0 wlan0,0.0.0.0/0 -> 10.11.0.1 wlan0,] DnsAddresses: [10.11.10.10,10.11.10.20,] Domains: null MTU: 0 TcpBufferSizes: 524288,1048576,2097152,262144,524288,1048576}}  nc{[ Transports: WIFI Capabilities: NOT_METERED&INTERNET&NOT_RESTRICTED&TRUSTED&NOT_VPN&FOREGROUND LinkUpBandwidth>=1048576Kbps LinkDnBandwidth>=1048576Kbps]}  Score{20}  everValidated{false}  lastValidated{false}  created{true} lingering{false} explicitlySelected{false} acceptUnvalidated{false} everCaptivePortalDetected{false} lastCaptivePortalDetected{false} }
05-27 04:17:19.010  3156  3613 D ConnectivityService: Sending CONNECTED broadcast for type 1 NetworkAgentInfo [WIFI () - 101] isDefaultNetwork=true
05-27 04:17:19.196  3156  3613 D NetworkNotificationManager: clearNotification id=101
05-27 04:17:19.197  3156  3613 D ConnectivityService: NetworkAgentInfo [WIFI () - 101] validation passed
05-27 04:21:48.622  3156  3455 E BatteryStatsService: no controller energy info supplied
05-27 04:21:48.622  3156  3455 E BatteryStatsService: no controller energy info supplied
05-27 04:30:01.567  3156  3455 E BatteryStatsService: no controller energy info supplied
05-27 04:30:01.567  3156  3455 E BatteryStatsService: no controller energy info supplied
05-27 04:30:01.614  3156  3455 E BatteryStatsService: modem info is invalid: ModemActivityInfo{ mTimestamp=1107503 mSleepTimeMs=1057029 mIdleTimeMs=-575776 mTxTimeMs[]=[0, 0, 0, 0, 0] mRxTimeMs=11693 mEnergyUsed=0}
05-27 04:31:58.302  3156  3450 I UsageStatsService: User[0] Flushing usage stats to disk
05-27 04:36:24.233  3156  3455 E BatteryStatsService: no controller energy info supplied
05-27 04:36:24.233  3156  3455 E BatteryStatsService: no controller energy info supplied
05-27 04:36:24.285  3156  3455 E BatteryStatsService: modem info is invalid: ModemActivityInfo{ mTimestamp=1490166 mSleepTimeMs=1429735 mIdleTimeMs=-1056111 mTxTimeMs[]=[0, 0, 0, 0, 0] mRxTimeMs=9044 mEnergyUsed=0}
05-27 04:41:34.140  3156  3455 E BatteryStatsService: no controller energy info supplied
05-27 04:41:34.140  3156  3455 E BatteryStatsService: no controller energy info supplied
05-27 04:41:34.177  3156  3455 E BatteryStatsService: modem info is invalid: ModemActivityInfo{ mTimestamp=1800065 mSleepTimeMs=1731529 mIdleTimeMs=-1429048 mTxTimeMs[]=[0, 0, 0, 0, 0] mRxTimeMs=7416 mEnergyUsed=0}
05-27 04:41:48.621  3156  3455 E BatteryStatsService: no controller energy info supplied
05-27 04:41:48.621  3156  3455 E BatteryStatsService: no controller energy info supplied
05-27 04:41:48.662  3156  3455 E BatteryStatsService: modem info is invalid: ModemActivityInfo{ mTimestamp=1814549 mSleepTimeMs=1745664 mIdleTimeMs=-1731492 mTxTimeMs[]=[0, 0, 0, 0, 0] mRxTimeMs=314 mEnergyUsed=0}
05-27 04:42:11.342  3156  3452 I ProcessStatsService: Prepared write state in 10ms
05-27 04:42:11.408  3156  3450 I ProcessStatsService: Pruning old procstats: /data/system/procstats/state-1969-12-31-19-00-13.bin
05-27 04:42:11.459  3156  8290 I ActivityManager: Start proc 8418:com.smartron.gallery/u0a14 for broadcast com.smartron.gallery/.ClearBinReceiver
05-27 04:42:11.697  3156  3624 I ActivityManager: START u0 {act=android.intent.action.SEND typ=text/plain flg=0x10000001 cmp=android/com.android.internal.app.ResolverActivity clip={text/plain T:PACKAGE_NAME=com.smartron.gallery
05-27 04:42:11.697  3156  3624 I ActivityManager: APP_VERSION_CODE=4
05-27 04:42:11.697  3156  3624 I ActivityManager: APP_VERSION_NAME=1.2.1
05-27 04:42:11.697  3156  3624 I ActivityManager: ANDROID_VERSION=7.1.1
05-27 04:42:11.697  3156  3624 I ActivityManager: USER_APP_START_DATE=2017-05-27T04:42:11.000-04:00
05-27 04:42:11.697  3156  3624 I ActivityManager: USER_CRASH_DATE=2017-05-27T04:42:11.000-04:00
05-27 04:42:11.697  3156  3624 I ActivityManager: STACK_TRACE=java.lang.RuntimeException: An error occurred while executing doInBackground()
05-27 04:42:11.697  3156  3624 I ActivityManager: 	at android.os.AsyncTask$3.done(AsyncTask.java:325)
05-27 04:42:11.697  3156  3624 I ActivityManager: 	at java.util.concurrent.FutureTask.finishCompletion(FutureTask.java:354)
05-27 04:42:11.697  3156  3624 I ActivityManager: 	at java.util.concurrent.FutureTask.setException(FutureTask.java:223)
05-27 04:42:11.697  3156  3624 I ActivityManager: 	at java.util.concurrent.FutureTask.run(FutureTask.java:242)
05-27 04:42:11.697  3156  3624 I ActivityManager: 	at android.os.AsyncTask$SerialExecutor$1.run(AsyncTask.java:243)
05-27 04:42:11.697  3156  3624 I ActivityManager: 	at java.util.concurrent.ThreadPoolExecutor.runWorker(ThreadPoolExecutor.java:1133)
05-27 04:42:11.697  3156  3624 I ActivityManager: 	at java.util.concurrent.ThreadPoolExecutor$Worker.run(ThreadPoolExecutor.java:607)
05-27 04:42:11.697  3156  3624 I ActivityManager: 	at java.lang.Thread.run(Thread.java:761)
05-27 04:42:11.697  3156  3624 I ActivityManager: Caused by: android.database.sqlite.SQLiteException: Can't downgrade database from version 2 to 1
05-27 04:42:11.697  3156  3624 I ActivityManager: 	at android.database.sqlite.SQLiteOpenHelper.onDowngrade(SQLiteOpenHelper.java:360)
05-27 04:42:11.697  3156  3624 I ActivityManager: 	at android.database.sqlite.SQLiteOpenHelper.getDatabaseLocked(SQLiteOpenHelper.java:254)
05-27 04:42:11.697  3156  3624 I ActivityManager: 	at android.database.sqlite.SQLiteOpenHelper.getReadableDatabase(SQLiteOpenHelper.java:187)
05-27 04:42:11.697  3156  3624 I ActivityManager: 	at com.smartron.gallery.helper.DatabaseHelper.emptyTrash(DatabaseHelper.java:1341)
05-27 04:42:11.697  3156  3624 I ActivityManager: 	at com.smartron.gallery.tasks.EmptyTrashTask.doInBackground(EmptyTrashTask.java:24)
05-27 04:42:11.697  3156  3624 I ActivityManager: 	at com.smartron.gallery.tasks.EmptyTrashTask.doInBackground(EmptyTrashTask.java:22)
05-27 04:42:11.697  3156  3624 I ActivityManager: 	at android.os.AsyncTask$2.call(AsyncTask.java:305)
05-27 04:42:11.697  3156  3624 I ActivityManager: 	at java.util.concurrent.FutureTask.run(FutureTask.java:237)
05-27 04:42:11.697  3156  3624 I ActivityManager: 	... 4 more
05-27 04:42:11.697  3156  3624 I ActivityManager: android.database.sqlite.SQLiteException: Can't downgrade database from version 2 to 1
05-27 04:42:11.697  3156  3624 I ActivityManager: 	at android.database.sqlite.SQLiteOpenHelper.onDowngrade(SQLiteOpenHelper.java:360)
05-27 04:42:11.697  3156  3624 I ActivityManager: 	at android.database.sqlite.SQLiteOpenHelper.getDatabaseLocked(SQLiteOpenHelper.java:254)
05-27 04:42:11.697  3156  3624 I ActivityManager: 	at android.database.sqlite.SQLiteOpenHelper.getReadableDatabase(SQLiteOpenHelper.java:187)
05-27 04:42:11.697  3156  3624 I ActivityManager: 	at com.smartron.gallery.helper.DatabaseHelper.emptyTrash(DatabaseHelper.java:1341)
05-27 04:42:11.697  3156  3624 I ActivityManager: 	at com.smartron.gallery.tasks.EmptyTrashTask.doInBackground(EmptyTrashTask.java:24)
05-27 04:42:11.697  3156  3624 I ActivityManager: 	at com.smartron.gallery.tasks.EmptyTrashTask.doInBackground(EmptyTrashTask.java:22)
05-27 04:42:11.697  3156  3624 I ActivityManager: 	at android.os.AsyncTask$2.call(AsyncTask.java:305)
05-27 04:42:11.697  3156  3624 I ActivityManager: 	at java.util.concurrent.FutureTask.run(FutureTask.java:237)
05-27 04:42:11.697  3156  3624 I ActivityManager: 	at android.os.AsyncTask$SerialExecutor$1.run(AsyncTask.java:243)
05-27 04:42:11.697  3156  3624 I ActivityManager: 	at java.util.concurrent.ThreadPoolExecutor.runWorker(ThreadPoolExecutor.java:1133)
05-27 04:42:11.697  3156  3624 I ActivityManager: 	at java.util.concurrent.ThreadPoolExecutor$Worker.run(ThreadPoolExecutor.java:607)
05-27 04:42:11.697  3156  3624 I ActivityManager: 	at java.lang.Thread.run(Thread.java:761)
05-27 04:42:11.697  3156  3624 I ActivityManager: 
05-27 04:42:11.697  3156  3624 I ActivityManager: LOGCAT=05-27 04:41:05.222 I/cnss-daemon(  619): RTM_NEWNEIGH message received: 28
05-27 04:42:11.697  3156  3624 I ActivityManager: 05-27 04:41:05.222 E/cnss-daemon(  619): Stale or unreachable neighbors, ndm state: 4
05-27 04:42:11.697  3156  3624 I ActivityManager: 05-27 04:41:06.835 I/MSM-irqbalance(  802): Decided to move IRQ222 from CPU0 to CPU3
05-27 04:42:11.697  3156  3624 I ActivityManager: 05-27 04:41:11.839 I/MSM-irqbalance(  802): Decided to move IRQ203 from CPU1 to CPU3
05-27 04:42:11.697  3156  3624 I ActivityManager: 05-27 04:41:16.835 I/MSM-irqbalance(  802): Decided to move IRQ57 from CPU1 to CPU3
05-27 04:42:11.697  3156  3624 I ActivityManager: 05-27 04:41:21.834 I/MSM-irqbalance(  802): Decided to move IRQ203 from CPU1 to CPU3
05-27 04:42:11.697  3156  3624 I ActivityManager: 05-27 04:41:26.836 I/MSM-irqbalance(  802): Decided to move IRQ178 from CPU1 to CPU3
05-27 04:42:11.697  3156  3624 I ActivityManager: 05-27 04:41:31.834 I/MSM-irqbalance(  802): Decided to move IRQ57 from CPU3 to CPU2
05-27 04:42:11.697  3156  3624 I ActivityManager: --------- beginning of system
05-27 04:42:11.697  3156  3624 I ActivityManager: 05-27 04:41:34.140 E/BatteryStatsService( 3156): no controller energy info supplied
05-27 04:42:11.697  3156  3624 I ActivityManager: 05-27 04:41:34.140 E/BatteryStatsService( 3156): no controller energy info supplied
05-27 04:42:11.697  3156  3624 I ActivityManager: 05-27 04:41:34.177 E/BatteryStatsService( 3156): modem info is invalid: ModemActivityInfo{ mTimestamp=1800065 mSleepTimeMs=1731529 mIdleTimeMs=-1429048 mTxTimeMs[]=[0, 0, 0, 0, 0] mRxTimeMs=7416 mEnergyUsed=0}
05-27 04:42:11.697  3156  3624 I ActivityManager: 05-27 04:41:36.835 I/MSM-irqbalance(  802): Decided to move IRQ200 from CPU0 to CPU2
05-27 04:42:11.697  3156  3624 I ActivityManager: 05-27 04:41:41.835 I/MSM-irqbalance(  802): Decided to move IRQ178 from CPU3 to CPU2
05-27 04:42:11.697  3156  3624 I ActivityManager: 05-27 04:41:47.605 I/cnss-daemon(  619): RTM_NEWNEIGH message received: 28
05-27 04:42:11.697  3156  3624 I ActivityManager: 05-27 04:41:47.605 E/
05-27 04:42:11.809  3156  3758 I WindowManager: Failed to capture screenshot of Token{6c52ee8 ActivityRecord{ffa200b u0 android/com.android.internal.app.ResolverActivity t25 f}} appWin=Window{aec778a u0 android/com.android.internal.app.ResolverActivity} drawState=1
05-27 04:42:11.826  3156  3317 I ActivityManager: Activity reported stop, but no longer stopping: ActivityRecord{ffa200b u0 android/com.android.internal.app.ResolverActivity t25 f}
05-27 04:42:14.880  3156  3317 I WindowManager: WIN DEATH: Window{43fb9c9 u0 Toast}
05-27 04:42:14.881  3156  3624 I ActivityManager: Process com.smartron.gallery (pid 8418) has died
05-27 04:42:14.881  3156  3624 D ActivityManager: cleanUpApplicationRecord -- 8418
05-27 04:42:15.112  3156  3156 W NotificationService: Object died trying to hide notification android.app.ITransientNotification$Stub$Proxy@1d721fb in package com.smartron.gallery
05-27 04:42:15.112  3156  3156 W WindowManager: Attempted to remove non-existing token: android.os.Binder@5b26991
05-27 04:42:46.787  3156  3455 E BatteryStatsService: no controller energy info supplied
05-27 04:42:46.787  3156  3455 E BatteryStatsService: no controller energy info supplied
05-27 04:42:46.827  3156  3455 E BatteryStatsService: modem info is invalid: ModemActivityInfo{ mTimestamp=1872721 mSleepTimeMs=1802261 mIdleTimeMs=-1745516 mTxTimeMs[]=[0, 0, 0, 0, 0] mRxTimeMs=1427 mEnergyUsed=0}
05-27 04:48:44.344  3156  3455 E BatteryStatsService: no controller energy info supplied
05-27 04:48:44.344  3156  3455 E BatteryStatsService: no controller energy info supplied
05-27 04:48:44.385  3156  3455 E BatteryStatsService: modem info is invalid: ModemActivityInfo{ mTimestamp=2230272 mSleepTimeMs=2150536 mIdleTimeMs=-1801428 mTxTimeMs[]=[0, 0, 0, 0, 0] mRxTimeMs=8444 mEnergyUsed=0}
05-27 04:54:40.301  3156  3455 E BatteryStatsService: no controller energy info supplied
05-27 04:54:40.301  3156  3455 E BatteryStatsService: no controller energy info supplied
05-27 04:54:40.337  3156  3455 E BatteryStatsService: modem info is invalid: ModemActivityInfo{ mTimestamp=2586236 mSleepTimeMs=2497138 mIdleTimeMs=-2149695 mTxTimeMs[]=[0, 0, 0, 0, 0] mRxTimeMs=8521 mEnergyUsed=0}
05-27 04:54:50.715  3156  3450 I UsageStatsService: User[0] Flushing usage stats to disk
05-27 05:00:37.785  3156  3455 E BatteryStatsService: no controller energy info supplied
05-27 05:00:37.785  3156  3455 E BatteryStatsService: no controller energy info supplied
05-27 05:00:37.823  3156  3455 E BatteryStatsService: modem info is invalid: ModemActivityInfo{ mTimestamp=2943716 mSleepTimeMs=2844948 mIdleTimeMs=-2496276 mTxTimeMs[]=[0, 0, 0, 0, 0] mRxTimeMs=8808 mEnergyUsed=0}
05-27 05:06:42.663  3156  3455 E BatteryStatsService: no controller energy info supplied
05-27 05:06:42.663  3156  3455 E BatteryStatsService: no controller energy info supplied
05-27 05:06:42.710  3156  3455 E BatteryStatsService: modem info is invalid: ModemActivityInfo{ mTimestamp=3308593 mSleepTimeMs=3200636 mIdleTimeMs=-2844167 mTxTimeMs[]=[0, 0, 0, 0, 0] mRxTimeMs=8408 mEnergyUsed=0}
05-27 05:11:34.139  3156  3455 E BatteryStatsService: no controller energy info supplied
05-27 05:11:34.140  3156  3455 E BatteryStatsService: no controller energy info supplied
05-27 05:11:34.173  3156  3455 E BatteryStatsService: modem info is invalid: ModemActivityInfo{ mTimestamp=3600064 mSleepTimeMs=3484786 mIdleTimeMs=-3200015 mTxTimeMs[]=[0, 0, 0, 0, 0] mRxTimeMs=6697 mEnergyUsed=0}
05-27 05:11:48.623  3156  3455 E BatteryStatsService: no controller energy info supplied
05-27 05:11:48.623  3156  3455 E BatteryStatsService: no controller energy info supplied
05-27 05:11:48.661  3156  3455 E BatteryStatsService: modem info is invalid: ModemActivityInfo{ mTimestamp=3614550 mSleepTimeMs=3498897 mIdleTimeMs=-3484749 mTxTimeMs[]=[0, 0, 0, 0, 0] mRxTimeMs=340 mEnergyUsed=0}
05-27 05:12:50.069  3156  3452 I ProcessStatsService: Prepared write state in 9ms
05-27 05:13:20.603  3156  4498 I ActivityManager: Start proc 8582:com.microsoft.office.BootBroadCastReceiver/u0a21 for broadcast com.microsoft.office.word/com.microsoft.office.preinstallservice.GenericBroadCastReceiver
05-27 05:13:20.686  3156  4526 I ActivityManager: Start proc 8599:com.microsoft.office.word/u0a21 for service com.microsoft.office.word/com.microsoft.office.preinstallservice.PreInstallService
05-27 05:13:35.696  3156  3452 I ActivityManager: Waited long enough for: ServiceRecord{642e825 u0 com.microsoft.office.word/com.microsoft.office.preinstallservice.PreInstallService}
05-27 05:20:26.602  3156  3455 E BatteryStatsService: no controller energy info supplied
05-27 05:20:26.602  3156  3455 E BatteryStatsService: no controller energy info supplied
05-27 05:20:26.604  3156  3472 I PowerManagerService: Waking up from dozing (uid 1000)...
05-27 05:20:26.608  3156  3472 I DreamManagerService: Gently waking up from dream.
05-27 05:20:26.609  3156  3472 I DisplayPowerController: Blocking screen on until initial contents have been drawn.
05-27 05:20:26.638  3156  3452 I ActivityManager: Start proc 8654:com.android.chrome/u0a64 for broadcast com.android.chrome/org.chromium.base.PowerStatusReceiver
05-27 05:20:26.648  3156  3470 I DisplayManagerService: Display device changed state: "Built-in Screen", ON
05-27 05:20:26.652  3156  3317 I DreamManagerService: Leaving dreamland.
05-27 05:20:26.653  3156  3467 I DreamController: Stopping dream: name=ComponentInfo{com.android.systemui/com.android.systemui.doze.DozeService}, isTest=false, canDoze=true, userId=0
05-27 05:20:26.669  3156  3455 E BatteryStatsService: modem info is invalid: ModemActivityInfo{ mTimestamp=4132553 mSleepTimeMs=4003821 mIdleTimeMs=-3497747 mTxTimeMs[]=[0, 0, 0, 0, 0] mRxTimeMs=11916 mEnergyUsed=0}
05-27 05:20:26.670  3156  3455 I BatteryStatsImpl: Resetting battery stats: level=98 status=2 dischargeLevel=98 lowAmount=15 highAmount=16
05-27 05:20:26.727  3156  4500 I ActivityManager: Killing 7468:com.google.android.apps.photos/u0a94 (adj 906): empty #17
05-27 05:20:26.751  3156  3455 E BatteryStatsService: no controller energy info supplied
05-27 05:20:26.751  3156  3455 E BatteryStatsService: no controller energy info supplied
05-27 05:20:26.763  3156  3156 I EntropyMixer: Writing entropy...
05-27 05:20:26.796  3156  3455 E BatteryStatsService: modem info is invalid: ModemActivityInfo{ mTimestamp=4132694 mSleepTimeMs=4003821 mIdleTimeMs=-3497747 mTxTimeMs[]=[0, 0, 0, 0, 0] mRxTimeMs=11916 mEnergyUsed=0}
05-27 05:20:26.870  3156  4498 D ActivityManager: cleanUpApplicationRecord -- 7468
05-27 05:20:27.069  3156  3984 I ActivityManager: Start proc 8736:com.google.android.apps.photos/u0a94 for broadcast com.google.android.apps.photos/.scheduler.PowerReceiver
05-27 05:20:27.071  3156  3984 I ActivityManager: Killing 7495:com.android.timerswitch/1000 (adj 906): empty #17
05-27 05:20:27.142  3156  4526 D ActivityManager: cleanUpApplicationRecord -- 7495
05-27 05:20:27.189  3156  8290 I ActivityManager: Killing 5867:com.google.android.calendar/u0a55 (adj 906): empty #17
05-27 05:20:27.214  3156  3472 I DisplayPowerController: Unblocked screen on after 604 ms
05-27 05:20:27.272  3156  8290 D ActivityManager: cleanUpApplicationRecord -- 5867
05-27 05:20:27.325  3156  3758 D CryptdConnector: SND -> {15 cryptfs getpwtype}
05-27 05:20:27.326   392   398 D VoldCryptCmdListener: cryptfs getpwtype
05-27 05:20:27.326  3156  3602 D CryptdConnector: RCV <- {213 15 default}
05-27 05:20:36.750  3156  3472 I PowerManagerService: Going to sleep due to screen timeout (uid 1000)...
05-27 05:20:37.263  3156  3470 I DisplayManagerService: Display device changed state: "Built-in Screen", OFF
05-27 05:20:37.551  3156  3472 I DreamManagerService: Entering dreamland.
05-27 05:20:37.552  3156  3472 I PowerManagerService: Dozing...
05-27 05:20:37.556  3156  3467 I DreamController: Starting dream: name=ComponentInfo{com.android.systemui/com.android.systemui.doze.DozeService}, isTest=false, canDoze=true, userId=0
05-27 05:22:06.469  3156  3455 E BatteryStatsService: no controller energy info supplied
05-27 05:22:06.469  3156  3455 E BatteryStatsService: no controller energy info supplied
05-27 05:22:06.508  3156  3455 E BatteryStatsService: modem info is invalid: ModemActivityInfo{ mTimestamp=4232397 mSleepTimeMs=4101008 mIdleTimeMs=-4003492 mTxTimeMs[]=[0, 0, 0, 0, 0] mRxTimeMs=2341 mEnergyUsed=0}
05-27 05:31:48.621  3156  3455 E BatteryStatsService: no controller energy info supplied
05-27 05:31:48.621  3156  3455 E BatteryStatsService: no controller energy info supplied
05-27 05:31:48.673  3156  3455 E BatteryStatsService: modem info is invalid: ModemActivityInfo{ mTimestamp=4814560 mSleepTimeMs=4668177 mIdleTimeMs=-4099739 mTxTimeMs[]=[0, 0, 0, 0, 0] mRxTimeMs=13717 mEnergyUsed=0}
05-27 05:41:34.187  3156  3455 E BatteryStatsService: no controller energy info supplied
05-27 05:41:34.187  3156  3455 E BatteryStatsService: no controller energy info supplied
05-27 05:41:34.225  3156  3455 E BatteryStatsService: modem info is invalid: ModemActivityInfo{ mTimestamp=5400113 mSleepTimeMs=5239284 mIdleTimeMs=-4666879 mTxTimeMs[]=[0, 0, 0, 0, 0] mRxTimeMs=13155 mEnergyUsed=0}
05-27 05:42:31.900  3156  3455 E BatteryStatsService: no controller energy info supplied
05-27 05:42:31.900  3156  3455 E BatteryStatsService: no controller energy info supplied
05-27 05:42:31.909  3156  3472 I PowerManagerService: Waking up from dozing (uid 1000)...
05-27 05:42:31.915  3156  3472 I DreamManagerService: Gently waking up from dream.
05-27 05:42:31.916  3156  3472 I DisplayPowerController: Blocking screen on until initial contents have been drawn.
05-27 05:42:31.920  3156  3470 I DisplayManagerService: Display device changed state: "Built-in Screen", ON
05-27 05:42:31.934  3156  8290 I DreamManagerService: Leaving dreamland.
05-27 05:42:31.935  3156  3467 I DreamController: Stopping dream: name=ComponentInfo{com.android.systemui/com.android.systemui.doze.DozeService}, isTest=false, canDoze=true, userId=0
05-27 05:42:32.015  3156  3455 E BatteryStatsService: modem info is invalid: ModemActivityInfo{ mTimestamp=5457910 mSleepTimeMs=5295442 mIdleTimeMs=-5239102 mTxTimeMs[]=[0, 0, 0, 0, 0] mRxTimeMs=1392 mEnergyUsed=0}
05-27 05:42:32.016  3156  3455 I BatteryStatsImpl: Resetting battery stats: level=100 status=2 dischargeLevel=100 lowAmount=0 highAmount=0
05-27 05:42:32.037  3156  3156 I EntropyMixer: Writing entropy...
05-27 05:42:32.081  3156  3455 E BatteryStatsService: no controller energy info supplied
05-27 05:42:32.081  3156  3455 E BatteryStatsService: no controller energy info supplied
05-27 05:42:32.103  3156  3455 E BatteryStatsService: modem info is invalid: ModemActivityInfo{ mTimestamp=5458000 mSleepTimeMs=5295442 mIdleTimeMs=-5239102 mTxTimeMs[]=[0, 0, 0, 0, 0] mRxTimeMs=1392 mEnergyUsed=0}
05-27 05:42:32.113  3156  3455 E BatteryStatsService: no controller energy info supplied
05-27 05:42:32.113  3156  3455 E BatteryStatsService: no controller energy info supplied
05-27 05:42:32.145  3156  3455 E BatteryStatsService: modem info is invalid: ModemActivityInfo{ mTimestamp=5458034 mSleepTimeMs=5295442 mIdleTimeMs=-5239102 mTxTimeMs[]=[0, 0, 0, 0, 0] mRxTimeMs=1392 mEnergyUsed=0}
05-27 05:42:32.145  3156  3455 I BatteryStatsImpl: Resetting battery stats: level=100 status=4 dischargeLevel=100 lowAmount=0 highAmount=0
05-27 05:42:32.175  3156  4460 I ActivityManager: Start proc 8923:com.google.android.youtube/u0a95 for service com.google.android.youtube/com.google.android.libraries.youtube.common.gcore.gcoreclient.gcm.impl.GcmTaskServiceDelegator
05-27 05:42:32.690  3156  3472 I DisplayPowerController: Unblocked screen on after 774 ms
05-27 05:42:32.899  3156  4460 D CryptdConnector: SND -> {16 cryptfs getpwtype}
05-27 05:42:32.900   392   398 D VoldCryptCmdListener: cryptfs getpwtype
05-27 05:42:32.900  3156  3602 D CryptdConnector: RCV <- {213 16 default}
05-27 05:42:32.994  3156  4500 W ActivityManager: Permission Denial: Accessing service ComponentInfo{com.google.android.music/com.google.android.music.dial.DialMediaRouteProviderService} from pid=8923, uid=10095 that is not exported from uid 10074
05-27 05:42:42.996  3156  3472 I PowerManagerService: Going to sleep due to screen timeout (uid 1000)...
05-27 05:42:43.508  3156  3470 I DisplayManagerService: Display device changed state: "Built-in Screen", OFF
05-27 05:42:43.795  3156  3472 I DreamManagerService: Entering dreamland.
05-27 05:42:43.796  3156  3472 I PowerManagerService: Dozing...
05-27 05:42:43.798  3156  3467 I DreamController: Starting dream: name=ComponentInfo{com.android.systemui/com.android.systemui.doze.DozeService}, isTest=false, canDoze=true, userId=0
05-27 05:42:57.689  3156  3452 I ProcessStatsService: Prepared write state in 10ms
05-27 05:42:57.722  3156  3317 I ActivityManager: Killing 7520:com.google.android.deskclock/u0a50 (adj 906): empty #17
05-27 05:42:57.849  3156  3984 D ActivityManager: cleanUpApplicationRecord -- 7520
05-27 05:52:35.509  3156  3599 I PowerManagerService: Waking up from dozing (uid 1000)...
05-27 05:52:35.542  3156  3472 I DisplayPowerController: Blocking screen on until initial contents have been drawn.
05-27 05:52:35.546  3156  3470 I DisplayManagerService: Display device changed state: "Built-in Screen", ON
05-27 05:52:35.678  3156  3599 I GestureLauncherService: Power button double tap gesture detected, launching camera. Interval=174ms
05-27 05:52:35.939  3156  3472 I DisplayPowerController: Unblocked screen on after 397 ms
05-27 05:52:35.940  3156  3472 I DreamManagerService: Gently waking up from dream.
05-27 05:52:35.950  3156  8290 I ActivityManager: START u0 {act=android.media.action.STILL_IMAGE_CAMERA flg=0x14000000 cmp=com.smartron.camera/com.android.camera.CameraActivity (has extras)} from uid 10036 on display 0
05-27 05:52:35.959  3156  3317 I DreamManagerService: Leaving dreamland.
05-27 05:52:35.960  3156  3467 I DreamController: Stopping dream: name=ComponentInfo{com.android.systemui/com.android.systemui.doze.DozeService}, isTest=false, canDoze=true, userId=0
05-27 05:52:35.974  3156  8290 E ActivityManager: applyOptionsLocked: Unknown animationType=0
05-27 05:52:36.310  8104  9214 F libc    : Fatal signal 6 (SIGABRT), code -6 in tid 9214 (CAM_MctServ)
05-27 05:52:36.375  9242  9242 F DEBUG   : *** *** *** *** *** *** *** *** *** *** *** *** *** *** *** ***
05-27 05:52:36.375  9242  9242 F DEBUG   : Build fingerprint: 'Smartron/srtphone/rimo02a:7.1.1/NMF26F/akumbh05251013:userdebug/release-keys'
05-27 05:52:36.375  9242  9242 F DEBUG   : Revision: '0'
05-27 05:52:36.375  9242  9242 F DEBUG   : ABI: 'arm'
05-27 05:52:36.375  9242  9242 F DEBUG   : pid: 8104, tid: 9214, name: CAM_MctServ  >>> /system/bin/mm-qcamera-daemon <<<
05-27 05:52:36.375  9242  9242 F DEBUG   : signal 6 (SIGABRT), code -6 (SI_TKILL), fault addr --------
05-27 05:52:36.379  9242  9242 F DEBUG   : Abort message: '"################ Oh, This lib crashed ###############"'
05-27 05:52:36.379  9242  9242 F DEBUG   :     r0 00000000  r1 000023fe  r2 00000006  r3 00000008
05-27 05:52:36.379  9242  9242 F DEBUG   :     r4 e077f978  r5 00000006  r6 e077f920  r7 0000010c
05-27 05:52:36.379  9242  9242 F DEBUG   :     r8 00000001  r9 e80f0008  sl e117c000  fp e077cba8
05-27 05:52:36.379  9242  9242 F DEBUG   :     ip 00000000  sp e077c690  lr e788b517  pc e788dd98  cpsr 200f0010
05-27 05:52:36.382  9242  9242 F DEBUG   : 
05-27 05:52:36.382  9242  9242 F DEBUG   : backtrace:
05-27 05:52:36.382  9242  9242 F DEBUG   :     #00 pc 00049d98  /system/lib/libc.so (tgkill+12)
05-27 05:52:36.382  9242  9242 F DEBUG   :     #01 pc 00047513  /system/lib/libc.so (pthread_kill+34)
05-27 05:52:36.382  9242  9242 F DEBUG   :     #02 pc 0001d765  /system/lib/libc.so (raise+10)
05-27 05:52:36.382  9242  9242 F DEBUG   :     #03 pc 000192a1  /system/lib/libc.so (__libc_android_abort+34)
05-27 05:52:36.382  9242  9242 F DEBUG   :     #04 pc 00017308  /system/lib/libc.so (abort+4)
05-27 05:52:36.382  9242  9242 F DEBUG   :     #05 pc 0000c1f9  /system/lib/libcutils.so (__android_log_assert+112)
05-27 05:52:36.382  9242  9242 F DEBUG   :     #06 pc 00000d41  /system/vendor/lib/libmmcamera_s5k5e8.so (s5k5e8_fill_exposure_array+472)
05-27 05:52:36.382  9242  9242 F DEBUG   :     #07 pc 00021c15  /system/vendor/lib/libmmcamera2_sensor_modules.so
05-27 05:52:36.382  9242  9242 F DEBUG   :     #08 pc 00023c0f  /system/vendor/lib/libmmcamera2_sensor_modules.so
05-27 05:52:36.382  9242  9242 F DEBUG   :     #09 pc 00010d97  /system/vendor/lib/libmmcamera2_sensor_modules.so
05-27 05:52:36.382  9242  9242 F DEBUG   :     #10 pc 00013687  /system/vendor/lib/libmmcamera2_sensor_modules.so (module_sensor_stream_on+2546)
05-27 05:52:36.382  9242  9242 F DEBUG   :     #11 pc 0000a8f5  /system/vendor/lib/libmmcamera2_sensor_modules.so (port_sensor_handle_stream_on+24)
05-27 05:52:36.382  9242  9242 F DEBUG   :     #12 pc 00015755  /system/vendor/lib/libmmcamera2_sensor_modules.so
05-27 05:52:36.382  9242  9242 F DEBUG   :     #13 pc 000079df  /system/vendor/lib/libmmcamera2_mct.so
05-27 05:52:36.382  9242  9242 F DEBUG   :     #14 pc 00012bb5  /system/vendor/lib/libmmcamera2_mct.so
05-27 05:52:36.382  9242  9242 F DEBUG   :     #15 pc 00010cab  /system/vendor/lib/libmmcamera2_mct.so
05-27 05:52:36.382  9242  9242 F DEBUG   :     #16 pc 00014811  /system/vendor/lib/libmmcamera2_mct.so
05-27 05:52:36.383  9242  9242 F DEBUG   :     #17 pc 00013913  /system/vendor/lib/libmmcamera2_mct.so
05-27 05:52:36.383  9242  9242 F DEBUG   :     #18 pc 00046fe3  /system/lib/libc.so (_ZL15__pthread_startPv+22)
05-27 05:52:36.383  9242  9242 F DEBUG   :     #19 pc 00019ced  /system/lib/libc.so (__start_thread+6)
05-27 05:52:36.635  3156  3671 W NativeCrashListener: Couldn't find ProcessRecord for pid 8104
05-27 05:52:36.637  3156  3466 I BootReceiver: Copying /data/tombstones/tombstone_00 to DropBox (SYSTEM_TOMBSTONE)
05-27 05:52:36.697  3659  3659 V KeyguardDisplayManager: hide
05-27 05:52:36.722  3156  3624 I ActivityManager: Setting hasTopUi=false for pid=3659
05-27 05:52:37.683  3156  3598 I ActivityManager: START u0 {act=android.intent.action.MAIN cat=[android.intent.category.HOME] flg=0x10200000 cmp=com.smartron.launcher/com.smartron.smextension.SmartronLauncher (has extras)} from uid 1000 on display 0
05-27 05:52:37.891  3156  3598 I ActivityManager: START u0 {act=android.intent.action.MAIN cat=[android.intent.category.HOME] flg=0x10200000 cmp=com.smartron.launcher/com.smartron.smextension.SmartronLauncher (has extras)} from uid 1000 on display 0
05-27 05:52:38.089  3156  3598 I ActivityManager: START u0 {act=android.intent.action.MAIN cat=[android.intent.category.HOME] flg=0x10200000 cmp=com.smartron.launcher/com.smartron.smextension.SmartronLauncher (has extras)} from uid 1000 on display 0
05-27 05:52:38.714  3156  3939 I ActivityManager: START u0 {flg=0x10804000 cmp=com.android.systemui/.recents.RecentsActivity} from uid 10036 on display 0
05-27 05:52:38.765  4575  4575 W ViewRootImpl[SmartronLauncher]: Dropping event due to no window focus: MotionEvent { action=ACTION_MOVE, actionButton=0, id[0]=0, x[0]=204.81036, y[0]=1918.001, toolType[0]=TOOL_TYPE_FINGER, id[1]=1, x[1]=199.81499, y[1]=2098.9067, toolType[1]=TOOL_TYPE_FINGER, buttonState=0, metaState=0, flags=0x0, edgeFlags=0x0, pointerCount=2, historySize=0, eventTime=5936151, downTime=5936122, deviceId=8, source=0x1002 }
05-27 05:52:38.765  4575  4575 W ViewRootImpl[SmartronLauncher]: Dropping event due to no window focus: MotionEvent { action=ACTION_POINTER_UP(0), actionButton=0, id[0]=0, x[0]=204.81036, y[0]=1918.001, toolType[0]=TOOL_TYPE_FINGER, id[1]=1, x[1]=199.81499, y[1]=2098.9067, toolType[1]=TOOL_TYPE_FINGER, buttonState=0, metaState=0, flags=0x0, edgeFlags=0x0, pointerCount=2, historySize=0, eventTime=5936169, downTime=5936122, deviceId=8, source=0x1002 }
05-27 05:52:38.776  4575  4575 W ViewRootImpl[SmartronLauncher]: Dropping event due to no window focus: MotionEvent { action=ACTION_MOVE, actionButton=0, id[0]=1, x[0]=199.81499, y[0]=2098.9067, toolType[0]=TOOL_TYPE_FINGER, buttonState=0, metaState=0, flags=0x0, edgeFlags=0x0, pointerCount=1, historySize=2, eventTime=5936180, downTime=5936122, deviceId=8, source=0x1002 }
05-27 05:52:38.800  4575  4575 W ViewRootImpl[SmartronLauncher]: Cancelling event due to no window focus: MotionEvent { action=ACTION_CANCEL, actionButton=0, id[0]=1, x[0]=199.81499, y[0]=2098.9067, toolType[0]=TOOL_TYPE_FINGER, buttonState=0, metaState=0, flags=0x0, edgeFlags=0x0, pointerCount=1, historySize=0, eventTime=5936208, downTime=5936122, deviceId=8, source=0x1002 }
05-27 05:52:38.800  4575  4575 W ViewRootImpl[SmartronLauncher]: Cancelling event due to no window focus: MotionEvent { action=ACTION_CANCEL, actionButton=0, id[0]=1, x[0]=199.81499, y[0]=2098.9067, toolType[0]=TOOL_TYPE_FINGER, buttonState=0, metaState=0, flags=0x0, edgeFlags=0x0, pointerCount=1, historySize=0, eventTime=5936208, downTime=5936122, deviceId=8, source=0x1002 }
05-27 05:52:38.800  4575  4575 W ViewRootImpl[SmartronLauncher]: Cancelling event due to no window focus: MotionEvent { action=ACTION_CANCEL, actionButton=0, id[0]=1, x[0]=199.81499, y[0]=2098.9067, toolType[0]=TOOL_TYPE_FINGER, buttonState=0, metaState=0, flags=0x0, edgeFlags=0x0, pointerCount=1, historySize=0, eventTime=5936208, downTime=5936122, deviceId=8, source=0x1002 }
05-27 05:52:39.940  3156  3624 I ActivityManager: Killing 8005:com.smartron.camera/u0a30 (adj 200): remove task
05-27 05:52:39.945  3156  3984 I ActivityManager: START u0 {act=android.intent.action.MAIN cat=[android.intent.category.HOME] flg=0x10200000 cmp=com.smartron.launcher/com.smartron.smextension.SmartronLauncher} from uid 10036 on display 0
05-27 05:52:40.112  3156  4462 I WindowManager: WIN DEATH: Window{7772c5a u0 com.smartron.camera/com.android.camera.CameraActivity}
05-27 05:52:40.113  3156  4688 D ActivityManager: cleanUpApplicationRecord -- 8005
05-27 05:53:39.509  3156  3472 I PowerManagerService: Going to sleep due to screen timeout (uid 1000)...
05-27 05:53:40.062  3156  3470 I DisplayManagerService: Display device changed state: "Built-in Screen", OFF
05-27 05:53:40.342  3156  3472 I DreamManagerService: Entering dreamland.
05-27 05:53:40.343  3156  3472 I PowerManagerService: Dozing...
05-27 05:53:40.344  3156  3467 I DreamController: Starting dream: name=ComponentInfo{com.android.systemui/com.android.systemui.doze.DozeService}, isTest=false, canDoze=true, userId=0
--------- beginning of main
05-27 05:53:40.414  3645  3645 I GoogleInputMethod: onReceive() : Action = android.intent.action.SCREEN_OFF
05-27 05:53:40.419  5798  5798 E ActivityThread: Service com.google.android.location.places.service.PlaceDetectionAsyncService has leaked IntentReceiver amth@fb5c1a0 that was originally registered here. Are you missing a call to unregisterReceiver()?
05-27 05:53:40.419  5798  5798 E ActivityThread: android.app.IntentReceiverLeaked: Service com.google.android.location.places.service.PlaceDetectionAsyncService has leaked IntentReceiver amth@fb5c1a0 that was originally registered here. Are you missing a call to unregisterReceiver()?
05-27 05:53:40.419  5798  5798 E ActivityThread: 	at android.app.LoadedApk$ReceiverDispatcher.<init>(LoadedApk.java:1159)
05-27 05:53:40.419  5798  5798 E ActivityThread: 	at android.app.LoadedApk.getReceiverDispatcher(LoadedApk.java:946)
05-27 05:53:40.419  5798  5798 E ActivityThread: 	at android.app.ContextImpl.registerReceiverInternal(ContextImpl.java:1302)
05-27 05:53:40.419  5798  5798 E ActivityThread: 	at android.app.ContextImpl.registerReceiver(ContextImpl.java:1282)
05-27 05:53:40.419  5798  5798 E ActivityThread: 	at android.content.ContextWrapper.registerReceiver(ContextWrapper.java:593)
05-27 05:53:40.419  5798  5798 E ActivityThread: 	at android.content.ContextWrapper.registerReceiver(ContextWrapper.java:593)
05-27 05:53:40.419  5798  5798 E ActivityThread: 	at android.content.ContextWrapper.registerReceiver(ContextWrapper.java:593)
05-27 05:53:40.419  5798  5798 E ActivityThread: 	at android.content.ContextWrapper.registerReceiver(ContextWrapper.java:593)
05-27 05:53:40.419  5798  5798 E ActivityThread: 	at amrb.run(:com.google.android.gms:4414)
05-27 05:53:40.419  5798  5798 E ActivityThread: 	at android.os.Handler.handleCallback(Handler.java:751)
05-27 05:53:40.419  5798  5798 E ActivityThread: 	at android.os.Handler.dispatchMessage(Handler.java:95)
05-27 05:53:40.419  5798  5798 E ActivityThread: 	at android.os.Looper.loop(Looper.java:154)
05-27 05:53:40.419  5798  5798 E ActivityThread: 	at android.os.HandlerThread.run(HandlerThread.java:61)
05-27 05:53:40.420  5798  9350 E Places  : IllegalArgumentException whilst unregistering receiver. Was SignalManager stopped before being started?
05-27 05:53:40.425  5798  5798 W MessageQueue: Handler (amtl) {175f4ef} sending message to a Handler on a dead thread
05-27 05:53:40.425  5798  5798 W MessageQueue: java.lang.IllegalStateException: Handler (amtl) {175f4ef} sending message to a Handler on a dead thread
05-27 05:53:40.425  5798  5798 W MessageQueue: 	at android.os.MessageQueue.enqueueMessage(MessageQueue.java:543)
05-27 05:53:40.425  5798  5798 W MessageQueue: 	at android.os.Handler.enqueueMessage(Handler.java:643)
05-27 05:53:40.425  5798  5798 W MessageQueue: 	at android.os.Handler.sendMessageAtTime(Handler.java:612)
05-27 05:53:40.425  5798  5798 W MessageQueue: 	at android.os.Handler.sendMessageDelayed(Handler.java:582)
05-27 05:53:40.425  5798  5798 W MessageQueue: 	at android.os.Handler.post(Handler.java:338)
05-27 05:53:40.425  5798  5798 W MessageQueue: 	at amtl.a(:com.google.android.gms:29)
05-27 05:53:40.425  5798  5798 W MessageQueue: 	at amtd.b(:com.google.android.gms:3625)
05-27 05:53:40.425  5798  5798 W MessageQueue: 	at koh.handleMessage(:com.google.android.gms:1542)
05-27 05:53:40.425  5798  5798 W MessageQueue: 	at android.os.Handler.dispatchMessage(Handler.java:102)
05-27 05:53:40.425  5798  5798 W MessageQueue: 	at android.os.Looper.loop(Looper.java:154)
05-27 05:53:40.425  5798  5798 W MessageQueue: 	at android.app.ActivityThread.main(ActivityThread.java:6119)
05-27 05:53:40.425  5798  5798 W MessageQueue: 	at java.lang.reflect.Method.invoke(Native Method)
05-27 05:53:40.425  5798  5798 W MessageQueue: 	at com.android.internal.os.ZygoteInit$MethodAndArgsCaller.run(ZygoteInit.java:886)
05-27 05:53:40.425  5798  5798 W MessageQueue: 	at com.android.internal.os.ZygoteInit.main(ZygoteInit.java:776)
05-27 05:53:40.437  4429  4968 I chatty  : uid=1027(nfc) AsyncTask #1 expire 70 lines
05-27 05:53:40.457  3156  4814 I chatty  : uid=1000(system) IzatServiceBase expire 10 lines
05-27 05:53:40.462  4429  4988 I chatty  : uid=1027(nfc) AsyncTask #1 expire 11 lines
05-27 05:53:40.468  4429  4989 I chatty  : uid=1027(nfc) AsyncTask #1 expire 18 lines
05-27 05:53:40.471  4429  4429 I chatty  : uid=1027(nfc) com.android.nfc expire 27 lines
05-27 05:53:40.487  4519  4519 E LibSecureUISvc: svc_sock_send_message(suisvc): Error sending data, -1 vs 4: Connection refused
05-27 05:53:40.505  6002  6002 I DeviceScanner: [MDNS] Screen is OFF
05-27 05:53:40.514  6002  6002 I DeviceScanner: [CastNearby] Screen is OFF
05-27 05:53:40.516  6002  6277 W MdnsClient_Cast: Multicast lock held. Releasing. Subtypes:"233637DE"
05-27 05:53:40.518  6002  6277 W MdnsClient: unicast receiver thread is already dead.
05-27 05:53:41.108   802   802 I MSM-irqbalance: Decided to move IRQ200 from CPU0 to CPU1
05-27 05:53:44.521  3659  3659 D KeyguardViewMediator: received DELAYED_KEYGUARD_ACTION with seq = 7, mDelayedShowingSequence = 7
05-27 05:53:44.523  3659  3659 D KeyguardViewMediator: doKeyguard: showing the lock screen
05-27 05:53:44.523  3659  3659 D KeyguardViewMediator: showLocked
05-27 05:53:44.526  3659  3659 D KeyguardViewMediator: handleShow
05-27 05:53:44.532  3156  4460 I ActivityManager: Setting hasTopUi=true for pid=3659
05-27 05:53:44.537  3659  3659 V KeyguardUpdateMonitor: *** register callback for com.android.keyguard.KeyguardHostView$1@4394b5f
05-27 05:53:44.537  3659  3659 V KeyguardUpdateMonitor: *** unregister callback for null
05-27 05:53:44.540  3659  3659 V KeyguardSecurityView: showPrimarySecurityScreen(turningOff=false)
05-27 05:53:44.540  3659  3659 D KeyguardSecurityView: showSecurityScreen(None)
05-27 05:53:44.566  3659  3659 D PhoneStatusBar: disable: < expand ICONS* alerts SYSTEM_INFO* back home recent clock search quick_settings >
05-27 05:53:44.569  3659  3659 D KeyguardViewBase: show()
05-27 05:53:44.570  3659  3659 V KeyguardSecurityView: showPrimarySecurityScreen(turningOff=false)
05-27 05:53:44.570  3659  3659 D KeyguardSecurityView: showSecurityScreen(None)
05-27 05:53:44.576  3659  3659 D KeyguardUpdateMonitor: onKeyguardVisibilityChanged(true)
05-27 05:53:44.576  3659  3659 V KeyguardStatusView: refresh statusview showing:true
05-27 05:53:44.585  3659  3659 V KeyguardUpdateMonitor: startListeningForFingerprint()
05-27 05:53:44.588  3659  3659 D KeyguardViewMediator: adjustStatusBarLocked: mShowing=true mOccluded=false isSecure=false --> flags=0x3200000
05-27 05:53:44.591  3659  3659 V KeyguardDisplayManager: show
05-27 05:53:44.631  3659  3659 D KeyguardUpdateMonitor: handleKeyguardReset
05-27 05:53:44.632  3659  3659 V KeyguardUpdateMonitor: startListeningForFingerprint()
05-27 05:53:44.634  3659  3659 D PhoneStatusBar: disable: < expand ICONS alerts SYSTEM_INFO back HOME* RECENT* clock SEARCH* quick_settings >
05-27 05:53:46.902   802   802 I MSM-irqbalance: Decided to move IRQ155 from CPU0 to CPU1
05-27 05:53:52.280   802   802 I MSM-irqbalance: Decided to move IRQ178 from CPU0 to CPU1
05-27 05:53:58.946   802   802 I MSM-irqbalance: Decided to move IRQ155 from CPU0 to CPU1
05-27 05:54:05.952   802   802 I MSM-irqbalance: Decided to move IRQ178 from CPU0 to CPU2
05-27 05:54:11.426   802   802 I MSM-irqbalance: Decided to move IRQ155 from CPU0 to CPU2
05-27 05:54:16.076  4868  9292 W GmsLocationProvider: Error removing location updates: 16
05-27 05:54:17.011   802   802 I MSM-irqbalance: Decided to move IRQ178 from CPU0 to CPU2
05-27 05:54:23.558   802   802 I MSM-irqbalance: Decided to move IRQ155 from CPU0 to CPU2
05-27 05:54:30.615   802   802 I MSM-irqbalance: Decided to move IRQ178 from CPU0 to CPU2
05-27 05:54:37.255   802   802 I MSM-irqbalance: Decided to move IRQ155 from CPU0 to CPU2
05-27 05:54:42.422   802   802 I MSM-irqbalance: Decided to move IRQ178 from CPU0 to CPU2
05-27 05:54:42.921   619   619 I chatty  : uid=1000(system) /system/bin/cnss-daemon expire 11 lines
05-27 05:54:44.221  8599  8623 I Quasar  : start to send events
05-27 05:54:49.032   802   802 I MSM-irqbalance: Decided to move IRQ155 from CPU0 to CPU2
05-27 05:54:51.173  5798  9363 I PaymentBundleManager: Maintaining payment bundles
05-27 05:54:51.190  5798  9363 I PaymentBundleManager: Finished maintaining payment bundles
05-27 05:54:54.972   802   802 I MSM-irqbalance: Decided to move IRQ200 from CPU0 to CPU2
05-27 05:55:00.293   802   802 I MSM-irqbalance: Decided to move IRQ155 from CPU0 to CPU2
05-27 05:55:06.324   802   802 I MSM-irqbalance: Decided to move IRQ178 from CPU0 to CPU2
05-27 05:55:13.620   802   802 I MSM-irqbalance: Decided to move IRQ155 from CPU0 to CPU2
05-27 05:55:18.819   802   802 I MSM-irqbalance: Decided to move IRQ178 from CPU0 to CPU2
05-27 05:55:24.376   802   802 I MSM-irqbalance: Decided to move IRQ155 from CPU0 to CPU2
05-27 05:55:30.565   802   802 I MSM-irqbalance: Decided to move IRQ178 from CPU0 to CPU2
05-27 05:55:37.567   802   802 I MSM-irqbalance: Decided to move IRQ155 from CPU0 to CPU2
