05-27 06:41:57.625   482   482 D SurfaceFlinger: Set power mode=0, type=0 flinger=0x7f9ce48000
05-27 06:41:57.630   482   482 D qdhwcomposer: hwc_setPowerMode: Setting mode 0 on display: 0
05-27 06:41:57.631   638  3638 D [GF_HAL][gf_hal_device]: [gf_hal_netlink_recv] send message value=2
05-27 06:41:57.631   638  3637 V [GF_HAL][gf_hal]: [gf_hal_screen_off] enter
05-27 06:41:57.631   638  3637 I [GF_HAL][gf_hal]: [gf_hal_screen_off]
05-27 06:41:57.631   638  3637 V [GF_HAL][gf_hal_milan_f_series]: [hal_milan_f_series_screen_off] enter
05-27 06:41:57.631   638  3637 V [GF_HAL][gf_hal_common]: [gf_hal_common_screen_off] enter
05-27 06:41:57.631   638  3637 V [GF_HAL][gf_hal_common]: [gf_hal_invoke_command_ex] enter
05-27 06:41:57.631   638  3637 V [GF_HAL][gf_hal_common]: [gf_hal_invoke_command] enter
05-27 06:41:57.631   638  3637 V [GF_HAL][gf_hal_milan_f_series]: [hal_milan_f_series_invoke_command] enter
05-27 06:41:57.631   638  3637 E [gf_ca_entry] : gx_ta_send_modified_cmd_req begin token 32:1018
05-27 06:41:57.639  3659  3659 D CarrierText:  Present sim - sub id: -1
05-27 06:41:57.640  3659  3659 D CarrierText: Getting plmn/spn sticky brdcst Emergency calls only/
05-27 06:41:57.641  3659  3659 D CarrierText: updateCarrierText(): 0
05-27 06:41:57.648  3659  3659 D CarrierText:  Present sim - sub id: -1
05-27 06:41:57.650  3659  3659 D CarrierText: Getting plmn/spn sticky brdcst Emergency calls only/
05-27 06:41:57.650  3659  3659 D CarrierText: updateCarrierText(): 0
05-27 06:41:57.658  3659  3659 D CarrierText:  Present sim - sub id: -1
05-27 06:41:57.659  3659  3659 D CarrierText: Getting plmn/spn sticky brdcst Emergency calls only/
05-27 06:41:57.669   638  3637 E [gf_ca_entry] : gx_ta_send_modified_cmd_req end
05-27 06:41:57.669   638  3637 E [gf_ca_entry] : [gf_ca_invoke_command] gx_ta_send_modified_cmd_req success
05-27 06:41:57.669   638  3637 E [gf_ca_entry] : [gf_ca_invoke_command] ta execution succeed
05-27 06:41:57.669   638  3637 D [GF_HAL][gf_hal_milan_f_series]: [hal_milan_f_series_invoke_command] cmd_id=GF_CMD_SCREEN_OFF, cmd_id=1018
05-27 06:41:57.669   638  3637 D [GF_HAL][gf_hal_milan_f_series]: [hal_milan_f_series_invoke_command] g_mode=MODE_FF, g_mode=3
05-27 06:41:57.669   638  3637 D [GF_HAL][gf_hal_milan_f_series]: [hal_milan_f_series_invoke_command] g_operation=OPERATION_POWER_KEY, g_operation=10
05-27 06:41:57.669   638  3637 V [GF_HAL][gf_hal_milan_f_series]: [hal_milan_f_series_invoke_command] exit
05-27 06:41:57.669   638  3637 V [GF_HAL][gf_hal_common]: [gf_hal_invoke_command] exit
05-27 06:41:57.669   638  3637 V [GF_HAL][gf_hal_common]: [gf_hal_invoke_command_ex] exit
05-27 06:41:57.669   638  3637 V [GF_HAL][gf_hal_common]: [gf_hal_common_screen_off] exit
05-27 06:41:57.669   638  3637 V [GF_HAL][gf_hal_milan_f_series]: [hal_milan_f_series_screen_off] exit
05-27 06:41:57.669   638  3637 V [GF_HAL][gf_hal]: [gf_hal_screen_off] exit
05-27 06:41:57.690  4868  9753 I PBSessionCacheImpl: Deleted sessionId[21411186288777164] from persistence.
05-27 06:41:57.695  4868  4868 I MicroDetector: Keeping mic open: false
05-27 06:41:57.696  4868  9753 I AudioController: internalShutdown
05-27 06:41:57.696  4868  9753 I MicrophoneInputStream: mic_close com.google.android.apps.gsa.speech.audio.af@2ba1ecf
05-27 06:41:57.696  4868  9749 I MicroRecognitionRunner: Stopping hotword detection.
05-27 06:41:57.697  4868  9716 I DeviceStateChecker: DeviceStateChecker cancelled
05-27 06:41:57.702  4868  4868 W SearchService: Abort, client detached.
05-27 06:41:57.707   599  9752 D audio_hw_primary: in_standby: enter: stream (0xeecd1940) usecase(16: audio-record)
05-27 06:41:57.764   599  9752 D audio_hw_primary: disable_audio_route: reset and update mixer path: audio-record
05-27 06:41:57.765   599  9752 D soundtrigger: audio_extn_sound_trigger_update_stream_status: uc_id 16 of type 1 for Event 2, with Raise=0
05-27 06:41:57.765   599  9752 D hardware_info: hw_info_append_hw_type : device_name = voice-rec-mic
05-27 06:41:57.765   599  9752 D audio_hw_primary: disable_snd_device: snd_device(81: voice-rec-mic)
05-27 06:41:57.768   599  9752 I soundtrigger: audio_extn_sound_trigger_update_device_status: device 0x51 of type 1 for Event 0, with Raise=1
05-27 06:41:57.768   599  9752 D sound_trigger_platform: platform_stdev_check_and_update_concurrency: concurrency active 0, tx 0, rx 0, concurrency session_allowed 1
05-27 06:41:57.769   599  9752 D audio_hw_primary: in_set_parameters: enter: kvpairs=routing=0
05-27 06:41:57.770   599   978 I SoundTriggerHwService::Module: void android::SoundTriggerHwService::Module::onCallbackEvent(const sp<android::SoundTriggerHwService::CallbackEvent> &) mClient == 0
05-27 06:41:57.772   599  3622 D audio_hw_primary: adev_close_input_stream: enter:stream_handle(0xeecd1940)
05-27 06:41:57.772   599  3622 D audio_hw_primary: in_standby: enter: stream (0xeecd1940) usecase(16: audio-record)
05-27 06:41:57.775  4868  9719 I MicroRecognitionRunner: Detection finished
05-27 06:41:57.918   482   482 D qdhwcomposer: hwc_setPowerMode: Done setting mode 0 on display 0
05-27 06:41:57.919   482   554 I qdhwcomposer: handle_blank_event: dpy:0 panel power state: 0
05-27 06:41:57.923  3156  3472 I DreamManagerService: Entering dreamland.
05-27 06:41:57.923  4394  4411 E ANDR-PERF-MPCTL: Invalid profile no. 0, total profiles 0 only
05-27 06:41:57.924  3156  3472 I PowerManagerService: Dozing...
05-27 06:41:57.927  3156  3467 I DreamController: Starting dream: name=ComponentInfo{com.android.systemui/com.android.systemui.doze.DozeService}, isTest=false, canDoze=true, userId=0
05-27 06:41:57.978  3659  3675 D KeyguardViewMediator: onFinishedGoingToSleep(2)
05-27 06:41:57.978  3659  3675 D KeyguardViewMediator: notifyFinishedGoingToSleep
05-27 06:41:57.980  3659  3675 D KeyguardViewMediator: doKeyguard: showing the lock screen
05-27 06:41:57.980  3659  3675 D KeyguardViewMediator: showLocked
05-27 06:41:57.983  3659  3659 D KeyguardViewMediator: handleNotifyFinishedGoingToSleep
05-27 06:41:57.984  3659  3659 D KeyguardViewMediator: handleShow
05-27 06:41:57.991   599   599 D audio_hw_primary: adev_set_parameters: enter: screen_state=off
05-27 06:41:57.992   599   599 D audio_hw_extn: audio_extn_set_anc_parameters: anc_enabled:0
05-27 06:41:57.993  3156  4688 I ActivityManager: Setting hasTopUi=true for pid=3659
05-27 06:41:58.001  3659  3659 V KeyguardUpdateMonitor: *** register callback for com.android.keyguard.KeyguardHostView$1@7170459
05-27 06:41:58.001  3659  3659 V KeyguardUpdateMonitor: *** unregister callback for null
05-27 06:41:58.006  3659  3659 V KeyguardSecurityView: showPrimarySecurityScreen(turningOff=false)
05-27 06:41:58.006  3659  3659 D KeyguardSecurityView: showSecurityScreen(None)
05-27 06:41:58.009  3645  3645 I GoogleInputMethod: onReceive() : Action = android.intent.action.SCREEN_OFF
05-27 06:41:58.040  3659  3659 D PhoneStatusBar: disable: < expand ICONS* alerts SYSTEM_INFO* back home recent clock search quick_settings >
05-27 06:41:58.044  3659  3659 D KeyguardViewBase: show()
05-27 06:41:58.045  3659  3659 V KeyguardSecurityView: showPrimarySecurityScreen(turningOff=false)
05-27 06:41:58.045  3659  3659 D KeyguardSecurityView: showSecurityScreen(None)
05-27 06:41:58.050  3659  3659 D KeyguardUpdateMonitor: onKeyguardVisibilityChanged(true)
05-27 06:41:58.050  3659  3659 V KeyguardStatusView: refresh statusview showing:true
05-27 06:41:58.063  3659  3659 V KeyguardUpdateMonitor: startListeningForFingerprint()
05-27 06:41:58.066  3659  3659 D KeyguardViewMediator: adjustStatusBarLocked: mShowing=true mOccluded=false isSecure=false --> flags=0x3200000
05-27 06:41:58.068  3659  3659 V KeyguardDisplayManager: show
05-27 06:41:58.068  3659  3659 V KeyguardStatusView: Disable transport text marquee
05-27 06:41:58.069  3659  3659 V KeyguardUpdateMonitor: startListeningForFingerprint()
05-27 06:41:58.107  3659  3659 D KeyguardUpdateMonitor: handleKeyguardReset
05-27 06:41:58.108  3659  3659 V KeyguardUpdateMonitor: startListeningForFingerprint()
05-27 06:41:58.114  3659  3659 D BatteryMeterDrawable: Charging false mPluggedIn false
05-27 06:41:58.114  3659  3659 D BatteryMeterDrawable: Charging false mPluggedIn false
05-27 06:41:58.119  3659  3659 D PhoneStatusBar: disable: < expand ICONS alerts SYSTEM_INFO back HOME* RECENT* clock SEARCH* quick_settings >
05-27 06:41:58.147  4429  4429 I chatty  : uid=1027(nfc) com.android.nfc expire 12 lines
05-27 06:41:58.147  4429  4968 I chatty  : uid=1027(nfc) AsyncTask #1 expire 42 lines
05-27 06:41:58.147  4429  4989 I chatty  : uid=1027(nfc) AsyncTask #1 expire 8 lines
05-27 06:41:58.172  4429  4988 I chatty  : uid=1027(nfc) AsyncTask #1 expire 11 lines
05-27 06:41:58.176  4429  4989 I chatty  : uid=1027(nfc) AsyncTask #1 expire 4 lines
05-27 06:41:58.176  4429  4991 I chatty  : uid=1027(nfc) AsyncTask #1 expire 3 lines
05-27 06:41:58.178  4429  4968 I chatty  : uid=1027(nfc) AsyncTask #1 expire 3 lines
05-27 06:41:58.179  4429  4429 I chatty  : uid=1027(nfc) com.android.nfc expire 12 lines
05-27 06:41:58.182  4429  4968 I chatty  : uid=1027(nfc) AsyncTask #1 expire 9 lines
05-27 06:41:58.182  4429  4429 I chatty  : uid=1027(nfc) com.android.nfc expire 4 lines
05-27 06:41:58.182  4429  4968 I chatty  : uid=1027(nfc) AsyncTask #1 expire 3 lines
05-27 06:41:58.182  4429  4429 I chatty  : uid=1027(nfc) com.android.nfc expire 5 lines
05-27 06:41:58.182  4429  4968 I chatty  : uid=1027(nfc) AsyncTask #1 expire 8 lines
05-27 06:41:58.182  4429  4429 I chatty  : uid=1027(nfc) com.android.nfc expire 6 lines
05-27 06:41:58.183  4429  4968 I chatty  : uid=1027(nfc) AsyncTask #1 expire 5 lines
05-27 06:41:58.224  4519  4519 E LibSecureUISvc: svc_sock_send_message(suisvc): Error sending data, -1 vs 4: Connection refused
05-27 06:41:58.237  6002  6002 I DeviceScanner: [MDNS] Screen is OFF
05-27 06:41:58.252  6002  6277 W MdnsClient_Cast: Multicast lock held. Releasing. Subtypes:"233637DE"
05-27 06:41:58.253  6002  6002 I DeviceScanner: [CastNearby] Screen is OFF
05-27 06:41:58.260  6002  6277 W MdnsClient: unicast receiver thread is already dead.
05-27 06:42:00.341   599   855 D audio_hw_primary: out_standby: enter: stream (0xee425200) usecase(1: low-latency-playback)
05-27 06:42:00.521   599   855 D audio_hw_primary: disable_audio_route: reset and update mixer path: low-latency-playback
05-27 06:42:00.523   599   855 D soundtrigger: audio_extn_sound_trigger_update_stream_status: uc_id 1 of type 0 for Event 2, with Raise=0
05-27 06:42:00.523   599   855 D hardware_info: hw_info_append_hw_type : device_name = speaker
05-27 06:42:00.523   599   855 D audio_hw_primary: disable_snd_device: snd_device(2: speaker)
05-27 06:42:00.526   599   855 I soundtrigger: audio_extn_sound_trigger_update_device_status: device 0x2 of type 0 for Event 0, with Raise=0
05-27 06:42:00.741  3659  3659 D KeyguardUpdateMonitor: received broadcast android.intent.action.TIME_TICK
05-27 06:42:00.741  3659  3659 D KeyguardUpdateMonitor: handleTimeUpdate
05-27 06:42:01.274   802   802 I MSM-irqbalance: Decided to move IRQ200 from CPU0 to CPU2
05-27 06:42:02.786  5798  9734 I PlaceInferenceEngine: [anon] Setup for configuration 105:[]
05-27 06:42:02.786  5798  9734 I PlaceInferenceEngine: [anon] Active modules after start(): 0
05-27 06:42:02.945  5798  5798 W MessageQueue: Handler (amtl) {9ff267a} sending message to a Handler on a dead thread
05-27 06:42:02.945  5798  5798 W MessageQueue: java.lang.IllegalStateException: Handler (amtl) {9ff267a} sending message to a Handler on a dead thread
05-27 06:42:02.945  5798  5798 W MessageQueue: 	at android.os.MessageQueue.enqueueMessage(MessageQueue.java:543)
05-27 06:42:02.945  5798  5798 W MessageQueue: 	at android.os.Handler.enqueueMessage(Handler.java:643)
05-27 06:42:02.945  5798  5798 W MessageQueue: 	at android.os.Handler.sendMessageAtTime(Handler.java:612)
05-27 06:42:02.945  5798  5798 W MessageQueue: 	at android.os.Handler.sendMessageDelayed(Handler.java:582)
05-27 06:42:02.945  5798  5798 W MessageQueue: 	at android.os.Handler.post(Handler.java:338)
05-27 06:42:02.945  5798  5798 W MessageQueue: 	at amtl.a(:com.google.android.gms:29)
05-27 06:42:02.945  5798  5798 W MessageQueue: 	at amtd.b(:com.google.android.gms:3625)
05-27 06:42:02.945  5798  5798 W MessageQueue: 	at koh.handleMessage(:com.google.android.gms:1542)
05-27 06:42:02.945  5798  5798 W MessageQueue: 	at android.os.Handler.dispatchMessage(Handler.java:102)
05-27 06:42:02.945  5798  5798 W MessageQueue: 	at android.os.Looper.loop(Looper.java:154)
05-27 06:42:02.945  5798  5798 W MessageQueue: 	at android.app.ActivityThread.main(ActivityThread.java:6119)
05-27 06:42:02.945  5798  5798 W MessageQueue: 	at java.lang.reflect.Method.invoke(Native Method)
05-27 06:42:02.945  5798  5798 W MessageQueue: 	at com.android.internal.os.ZygoteInit$MethodAndArgsCaller.run(ZygoteInit.java:886)
05-27 06:42:02.945  5798  5798 W MessageQueue: 	at com.android.internal.os.ZygoteInit.main(ZygoteInit.java:776)
05-27 06:42:02.966  5798  5798 E ActivityThread: Service com.google.android.location.places.service.PlaceDetectionAsyncService has leaked IntentReceiver amth@27a3596 that was originally registered here. Are you missing a call to unregisterReceiver()?
05-27 06:42:02.966  5798  5798 E ActivityThread: android.app.IntentReceiverLeaked: Service com.google.android.location.places.service.PlaceDetectionAsyncService has leaked IntentReceiver amth@27a3596 that was originally registered here. Are you missing a call to unregisterReceiver()?
05-27 06:42:02.966  5798  5798 E ActivityThread: 	at android.app.LoadedApk$ReceiverDispatcher.<init>(LoadedApk.java:1159)
05-27 06:42:02.966  5798  5798 E ActivityThread: 	at android.app.LoadedApk.getReceiverDispatcher(LoadedApk.java:946)
05-27 06:42:02.966  5798  5798 E ActivityThread: 	at android.app.ContextImpl.registerReceiverInternal(ContextImpl.java:1302)
05-27 06:42:02.966  5798  5798 E ActivityThread: 	at android.app.ContextImpl.registerReceiver(ContextImpl.java:1282)
05-27 06:42:02.966  5798  5798 E ActivityThread: 	at android.content.ContextWrapper.registerReceiver(ContextWrapper.java:593)
05-27 06:42:02.966  5798  5798 E ActivityThread: 	at android.content.ContextWrapper.registerReceiver(ContextWrapper.java:593)
05-27 06:42:02.966  5798  5798 E ActivityThread: 	at android.content.ContextWrapper.registerReceiver(ContextWrapper.java:593)
05-27 06:42:02.966  5798  5798 E ActivityThread: 	at android.content.ContextWrapper.registerReceiver(ContextWrapper.java:593)
05-27 06:42:02.966  5798  5798 E ActivityThread: 	at amrb.run(:com.google.android.gms:4414)
05-27 06:42:02.966  5798  5798 E ActivityThread: 	at android.os.Handler.handleCallback(Handler.java:751)
05-27 06:42:02.966  5798  5798 E ActivityThread: 	at android.os.Handler.dispatchMessage(Handler.java:95)
05-27 06:42:02.966  5798  5798 E ActivityThread: 	at android.os.Looper.loop(Looper.java:154)
05-27 06:42:02.966  5798  5798 E ActivityThread: 	at android.os.HandlerThread.run(HandlerThread.java:61)
05-27 06:42:02.967  5798  9816 E Places  : IllegalArgumentException whilst unregistering receiver. Was SignalManager stopped before being started?
05-27 06:42:02.971  5798  5798 W MessageQueue: Handler (amtl) {f64b15d} sending message to a Handler on a dead thread
05-27 06:42:02.971  5798  5798 W MessageQueue: java.lang.IllegalStateException: Handler (amtl) {f64b15d} sending message to a Handler on a dead thread
05-27 06:42:02.971  5798  5798 W MessageQueue: 	at android.os.MessageQueue.enqueueMessage(MessageQueue.java:543)
05-27 06:42:02.971  5798  5798 W MessageQueue: 	at android.os.Handler.enqueueMessage(Handler.java:643)
05-27 06:42:02.971  5798  5798 W MessageQueue: 	at android.os.Handler.sendMessageAtTime(Handler.java:612)
05-27 06:42:02.971  5798  5798 W MessageQueue: 	at android.os.Handler.sendMessageDelayed(Handler.java:582)
05-27 06:42:02.971  5798  5798 W MessageQueue: 	at android.os.Handler.post(Handler.java:338)
05-27 06:42:02.971  5798  5798 W MessageQueue: 	at amtl.a(:com.google.android.gms:29)
05-27 06:42:02.971  5798  5798 W MessageQueue: 	at amtd.b(:com.google.android.gms:3625)
05-27 06:42:02.971  5798  5798 W MessageQueue: 	at koh.handleMessage(:com.google.android.gms:1542)
05-27 06:42:02.971  5798  5798 W MessageQueue: 	at android.os.Handler.dispatchMessage(Handler.java:102)
05-27 06:42:02.971  5798  5798 W MessageQueue: 	at android.os.Looper.loop(Looper.java:154)
05-27 06:42:02.971  5798  5798 W MessageQueue: 	at android.app.ActivityThread.main(ActivityThread.java:6119)
05-27 06:42:02.971  5798  5798 W MessageQueue: 	at java.lang.reflect.Method.invoke(Native Method)
05-27 06:42:02.971  5798  5798 W MessageQueue: 	at com.android.internal.os.ZygoteInit$MethodAndArgsCaller.run(ZygoteInit.java:886)
05-27 06:42:02.971  5798  5798 W MessageQueue: 	at com.android.internal.os.ZygoteInit.main(ZygoteInit.java:776)
05-27 06:42:06.276   802   802 I MSM-irqbalance: Decided to move IRQ155 from CPU0 to CPU2
05-27 06:42:09.322  4415  6856 D QtiTetherService/IpaWrapper: getStats(false)
05-27 06:42:10.879   619   619 I cnss-daemon: RTM_NEWNEIGH message received: 28
05-27 06:42:10.879   619   619 E cnss-daemon: Stale or unreachable neighbors, ndm state: 16
05-27 06:42:11.275   802   802 I MSM-irqbalance: Decided to move IRQ178 from CPU0 to CPU2
05-27 06:42:16.276   802   802 I MSM-irqbalance: Decided to move IRQ200 from CPU0 to CPU2
05-27 06:42:21.282   802   802 I MSM-irqbalance: Decided to move IRQ215 from CPU0 to CPU2
05-27 06:42:26.276   802   802 I MSM-irqbalance: Decided to move IRQ203 from CPU0 to CPU2
05-27 06:42:28.861   619   619 I cnss-daemon: RTM_NEWNEIGH message received: 28
05-27 06:42:28.861   619   619 E cnss-daemon: Stale or unreachable neighbors, ndm state: 4
05-27 06:42:30.055   619   619 I cnss-daemon: RTM_NEWROUTE Indication
05-27 06:42:31.276   802   802 I MSM-irqbalance: Decided to move IRQ170 from CPU0 to CPU1
05-27 06:42:36.275   802   802 I MSM-irqbalance: Decided to move IRQ222 from CPU0 to CPU1
05-27 06:42:46.277   802   802 I MSM-irqbalance: Decided to move IRQ203 from CPU2 to CPU1
05-27 06:42:53.629  8599  8623 I Quasar  : start to send events
05-27 06:42:56.276   802   802 I MSM-irqbalance: Decided to move IRQ203 from CPU5 [P:0] to CPU0 [P:1] (banned)
05-27 06:42:56.369   619   619 I cnss-daemon: RTM_NEWNEIGH message received: 28
05-27 06:42:56.369   619   619 I cnss-daemon: NDA_DST received: 10.11.0.1 ul: 562992919874314
05-27 06:42:56.369   619   619 I cnss-daemon: NDA_LLADDR received
05-27 06:42:56.369   619   619 E cnss-daemon: gateway mac address: %02x:%02x:%02x:%02x:%02x:%02x
05-27 06:42:56.369   619   619 E cnss-daemon: : 00:00:00:00:00:00
05-27 06:42:56.369   619   619 E cnss-daemon: Invalid mac address: 0x557755e110M
05-27 06:42:59.141  3156  4498 D ConnectivityService: Returning unblocked NetworkInfo to uid=10095
05-27 06:43:01.276   802   802 I MSM-irqbalance: Decided to move IRQ200 from CPU0 to CPU1
05-27 06:43:06.277   802   802 I MSM-irqbalance: Decided to move IRQ155 from CPU2 to CPU1
05-27 06:43:09.420   619   619 I cnss-daemon: RTM_NEWNEIGH message received: 28
05-27 06:43:09.421   619   619 E cnss-daemon: Stale or unreachable neighbors, ndm state: 4
05-27 06:43:11.276   802   802 I MSM-irqbalance: Decided to move IRQ200 from CPU2 to CPU1
05-27 06:43:16.276   802   802 I MSM-irqbalance: Decided to move IRQ215 from CPU2 to CPU1
05-27 06:43:21.276   802   802 I MSM-irqbalance: Decided to move IRQ203 from CPU2 to CPU1
05-27 06:43:26.276   802   802 I MSM-irqbalance: Decided to move IRQ178 from CPU2 to CPU1
05-27 06:43:34.266   619   619 I cnss-daemon: RTM_NEWROUTE Indication
05-27 06:43:53.671  8599  8623 I Quasar  : start to send events
05-27 06:43:56.276   802   802 I MSM-irqbalance: Decided to move IRQ203 from CPU1 to CPU3
05-27 06:43:56.879   619   619 I cnss-daemon: RTM_NEWROUTE Indication
05-27 06:44:01.276   802   802 I MSM-irqbalance: Decided to move IRQ178 from CPU1 to CPU3
05-27 06:44:21.276   802   802 I MSM-irqbalance: Decided to move IRQ203 from CPU3 to CPU2
05-27 06:44:31.275   802   802 I MSM-irqbalance: Decided to move IRQ203 from CPU3 to CPU2
05-27 06:44:41.276   802   802 I MSM-irqbalance: Decided to move IRQ203 from CPU1 to CPU2
05-27 06:44:46.276   802   802 I MSM-irqbalance: Decided to move IRQ178 from CPU3 to CPU2
05-27 06:44:53.713  8599  8623 I Quasar  : start to send events
05-27 06:44:56.841   802   802 I MSM-irqbalance: Decided to move IRQ178 from CPU0 to CPU2
05-27 06:44:59.106  4356  4356 I chatty  : uid=1010(wifi) /system/bin/wpa_supplicant expire 386 lines
05-27 06:45:01.547   619   619 I cnss-daemon: RTM_NEWROUTE Indication
05-27 06:45:04.041   802   802 I MSM-irqbalance: Decided to move IRQ215 from CPU0 to CPU2
05-27 06:45:11.161   802   802 I MSM-irqbalance: Decided to move IRQ178 from CPU0 to CPU2
05-27 06:45:17.249   802   802 I MSM-irqbalance: Decided to move IRQ215 from CPU0 to CPU2
05-27 06:45:23.901   802   802 I MSM-irqbalance: Decided to move IRQ178 from CPU0 to CPU2
05-27 06:45:30.870   802   802 I MSM-irqbalance: Decided to move IRQ321 from CPU0 to CPU2
05-27 06:45:38.427   802   802 I MSM-irqbalance: Decided to move IRQ178 from CPU0 to CPU2
05-27 06:45:43.714  3659  3659 D KeyguardUpdateMonitor: received broadcast android.intent.action.TIME_TICK
05-27 06:45:43.714  3659  3659 D KeyguardUpdateMonitor: handleTimeUpdate
05-27 06:45:43.852  6002  9854 I EventLogChimeraService: Opted in for usage reporting
05-27 06:45:43.852  6002  9854 I EventLogChimeraService: Aggregate from 1495880143610 (log), 1495880143610 (data)
05-27 06:45:44.098   802   802 I MSM-irqbalance: Decided to move IRQ155 from CPU0 to CPU3
05-27 06:45:48.987   619   619 I cnss-daemon: RTM_NEWNEIGH message received: 28
05-27 06:45:48.987   619   619 E cnss-daemon: Stale or unreachable neighbors, ndm state: 16
05-27 06:45:50.377  6002  9856 W PlatformStatsUtil: Could not retrieve Usage & Diagnostics setting. Giving up.
05-27 06:45:50.734   802   802 I MSM-irqbalance: Decided to move IRQ178 from CPU0 to CPU2
05-27 06:45:52.154   619   619 I cnss-daemon: RTM_NEWNEIGH message received: 28
05-27 06:45:52.154  3156  3609 I chatty  : uid=1000(system) WifiStateMachin expire 16 lines
05-27 06:45:52.154   619   619 E cnss-daemon: Stale or unreachable neighbors, ndm state: 32
05-27 06:45:56.031   802   802 I MSM-irqbalance: Decided to move IRQ155 from CPU0 to CPU3
05-27 06:45:57.633   619   619 I cnss-daemon: RTM_NEWROUTE Indication
05-27 06:45:59.133   619   619 I cnss-daemon: RTM_NEWNEIGH message received: 28
05-27 06:45:59.133   619   619 E cnss-daemon: Stale or unreachable neighbors, ndm state: 32
05-27 06:45:59.136  3156  8277 I chatty  : uid=1000(system) Thread-31 expire 9 lines
05-27 06:46:02.555   802   802 I MSM-irqbalance: Decided to move IRQ178 from CPU0 to CPU3
05-27 06:46:05.142   619   619 I cnss-daemon: RTM_NEWNEIGH message received: 28
05-27 06:46:05.142   619   619 E cnss-daemon: Stale or unreachable neighbors, ndm state: 32
05-27 06:46:07.867   802   802 I MSM-irqbalance: Decided to move IRQ155 from CPU0 to CPU3
05-27 06:46:10.144  8599  8623 I Quasar  : start to send events
05-27 06:46:10.347   619   619 I cnss-daemon: RTM_NEWNEIGH message received: 28
05-27 06:46:10.347   619   619 E cnss-daemon: Stale or unreachable neighbors, ndm state: 32
05-27 06:46:12.873   619   619 I cnss-daemon: RTM_NEWNEIGH message received: 28
05-27 06:46:12.873   619   619 E cnss-daemon: Stale or unreachable neighbors, ndm state: 4
05-27 06:46:12.885   802   802 I MSM-irqbalance: Decided to move IRQ178 from CPU0 to CPU3
05-27 06:46:18.134   802   802 I MSM-irqbalance: Decided to move IRQ155 from CPU0 to CPU3
05-27 06:46:23.129   619   619 I cnss-daemon: RTM_NEWNEIGH message received: 28
05-27 06:46:23.129   619   619 E cnss-daemon: Stale or unreachable neighbors, ndm state: 32
05-27 06:46:24.876   802   802 I MSM-irqbalance: Decided to move IRQ178 from CPU0 to CPU3
05-27 06:46:30.991   802   802 I MSM-irqbalance: Decided to move IRQ155 from CPU0 to CPU3
05-27 06:46:36.964   802   802 I MSM-irqbalance: Decided to move IRQ178 from CPU0 to CPU3
05-27 06:46:43.621   802   802 I MSM-irqbalance: Decided to move IRQ155 from CPU0 to CPU3
05-27 06:46:45.896   619   619 I cnss-daemon: RTM_NEWNEIGH message received: 28
05-27 06:46:45.896   619   619 E cnss-daemon: Stale or unreachable neighbors, ndm state: 32
05-27 06:46:50.300   802   802 I MSM-irqbalance: Decided to move IRQ178 from CPU0 to CPU3
05-27 06:46:56.026   802   802 I MSM-irqbalance: Decided to move IRQ200 from CPU0 to CPU3
05-27 06:46:57.651  3659  3659 D KeyguardUpdateMonitor: received broadcast android.intent.action.TIME_TICK
05-27 06:46:57.652  3659  3659 D KeyguardUpdateMonitor: handleTimeUpdate
05-27 06:47:01.626   802   802 I MSM-irqbalance: Decided to move IRQ178 from CPU0 to CPU3
05-27 06:47:06.628   802   802 I MSM-irqbalance: Decided to move IRQ200 from CPU0 to CPU2
05-27 06:47:07.790   619   619 I cnss-daemon: RTM_NEWNEIGH message received: 28
05-27 06:47:07.790   619   619 E cnss-daemon: Stale or unreachable neighbors, ndm state: 4
05-27 06:47:08.897   619   619 I cnss-daemon: RTM_NEWROUTE Indication
05-27 06:47:09.340   619   619 I cnss-daemon: RTM_NEWNEIGH message received: 28
05-27 06:47:09.341   619   619 I cnss-daemon: NDA_DST received: 10.11.0.1 ul: 562992919874314
05-27 06:47:09.341   619   619 I cnss-daemon: NDA_LLADDR received
05-27 06:47:09.341   619   619 E cnss-daemon: gateway mac address: %02x:%02x:%02x:%02x:%02x:%02x
05-27 06:47:09.341   619   619 E cnss-daemon: : 00:00:00:00:00:00
05-27 06:47:09.341   619   619 E cnss-daemon: Invalid mac address: 0x557755e110M
05-27 06:47:12.439   802   802 I MSM-irqbalance: Decided to move IRQ178 from CPU0 to CPU2
05-27 06:47:17.473   802   802 I MSM-irqbalance: Decided to move IRQ200 from CPU0 to CPU2
05-27 06:47:19.298   619   619 I cnss-daemon: RTM_NEWNEIGH message received: 28
05-27 06:47:19.298   619   619 E cnss-daemon: Stale or unreachable neighbors, ndm state: 4
05-27 06:47:19.967  8599  8623 I Quasar  : start to send events
05-27 06:47:22.496   802   802 I MSM-irqbalance: Decided to move IRQ178 from CPU0 to CPU2
05-27 06:47:27.486   802   802 I MSM-irqbalance: Decided to move IRQ155 from CPU0 to CPU2
05-27 06:47:32.920   802   802 I MSM-irqbalance: Decided to move IRQ200 from CPU0 to CPU2
05-27 06:47:38.380   802   802 I MSM-irqbalance: Decided to move IRQ178 from CPU0 to CPU2
05-27 06:47:43.522   802   802 I MSM-irqbalance: Decided to move IRQ200 from CPU0 to CPU3
05-27 06:47:43.628  3659  3659 D KeyguardUpdateMonitor: received broadcast android.intent.action.TIME_TICK
05-27 06:47:43.629  3659  3659 D KeyguardUpdateMonitor: handleTimeUpdate
05-27 06:47:43.643  3156  3611 I chatty  : uid=1000(system) WifiScanningSer expire 1 line
05-27 06:47:43.644  4356  4356 I chatty  : uid=1010(wifi) /system/bin/wpa_supplicant expire 383 lines
05-27 06:47:47.585  1886  4353 E LOWI-7.7.2.5.a: [LOWIUtils] channelBandToFreq: Invalid band,channel = 1,0
05-27 06:47:47.586  1886  4353 E LOWI-7.7.2.5.a: [LOWIUtils] channelBandToFreq: Invalid band,channel = 1,0
05-27 06:47:47.586  1886  4353 E LOWI-7.7.2.5.a: [LOWIUtils] channelBandToFreq: Invalid band,channel = 1,0
05-27 06:47:47.586  1886  4353 E LOWI-7.7.2.5.a: [LOWIUtils] channelBandToFreq: Invalid band,channel = 1,0
05-27 06:47:47.586  1886  4353 E LOWI-7.7.2.5.a: [LOWIUtils] channelBandToFreq: Invalid band,channel = 1,0
05-27 06:47:47.586  1886  4353 E LOWI-7.7.2.5.a: [LOWIUtils] channelBandToFreq: Invalid band,channel = 1,0
05-27 06:47:47.587  1886  4353 E LOWI-7.7.2.5.a: [LOWIUtils] channelBandToFreq: Invalid band,channel = 1,0
05-27 06:47:47.587  1886  4353 E LOWI-7.7.2.5.a: [LOWIUtils] channelBandToFreq: Invalid band,channel = 1,0
05-27 06:47:47.587  1886  4353 E LOWI-7.7.2.5.a: [LOWIUtils] channelBandToFreq: Invalid band,channel = 1,0
05-27 06:47:47.587  1886  4353 E LOWI-7.7.2.5.a: [LOWIUtils] channelBandToFreq: Invalid band,channel = 1,0
05-27 06:47:47.587  1886  4353 E LOWI-7.7.2.5.a: [LOWIUtils] channelBandToFreq: Invalid band,channel = 1,0
05-27 06:47:47.587  1886  4353 E LOWI-7.7.2.5.a: [LOWIUtils] channelBandToFreq: Invalid band,channel = 1,0
05-27 06:47:47.587  1886  4353 E LOWI-7.7.2.5.a: [LOWIUtils] channelBandToFreq: Invalid band,channel = 1,0
05-27 06:47:47.587  1886  4353 E LOWI-7.7.2.5.a: [LOWIUtils] channelBandToFreq: Invalid band,channel = 1,0
05-27 06:47:47.587  1886  4353 E LOWI-7.7.2.5.a: [LOWIUtils] channelBandToFreq: Invalid band,channel = 1,0
05-27 06:47:47.588  1886  4353 E LOWI-7.7.2.5.a: [LOWIUtils] channelBandToFreq: Invalid band,channel = 1,0
05-27 06:47:47.588  1886  4353 E LOWI-7.7.2.5.a: [LOWIUtils] channelBandToFreq: Invalid band,channel = 1,0
05-27 06:47:47.588  1886  4353 E LOWI-7.7.2.5.a: [LOWIUtils] channelBandToFreq: Invalid band,channel = 1,0
05-27 06:47:47.588  1886  4353 E LOWI-7.7.2.5.a: [LOWIUtils] channelBandToFreq: Invalid band,channel = 1,0
05-27 06:47:47.588  1886  4353 E LOWI-7.7.2.5.a: [LOWIUtils] channelBandToFreq: Invalid band,channel = 1,0
05-27 06:47:47.588  1886  4353 E LOWI-7.7.2.5.a: [LOWIUtils] channelBandToFreq: Invalid band,channel = 1,0
05-27 06:47:47.588  1886  4353 E LOWI-7.7.2.5.a: [LOWIUtils] channelBandToFreq: Invalid band,channel = 1,0
05-27 06:47:47.588  1886  4353 E LOWI-7.7.2.5.a: [LOWIUtils] channelBandToFreq: Invalid band,channel = 1,0
05-27 06:47:47.589  1886  4353 E LOWI-7.7.2.5.a: [LOWIUtils] channelBandToFreq: Invalid band,channel = 1,0
05-27 06:47:47.589  1886  4353 E LOWI-7.7.2.5.a: [LOWIUtils] channelBandToFreq: Invalid band,channel = 1,0
05-27 06:47:47.590  1886  4353 E LOWI-7.7.2.5.a: [LOWIUtils] channelBandToFreq: Invalid band,channel = 1,0
05-27 06:47:47.590  1886  4353 E LOWI-7.7.2.5.a: [LOWIUtils] channelBandToFreq: Invalid band,channel = 1,0
05-27 06:47:47.590  1886  4353 E LOWI-7.7.2.5.a: [LOWIUtils] channelBandToFreq: Invalid band,channel = 1,0
05-27 06:47:47.590  1886  4353 E LOWI-7.7.2.5.a: [LOWIUtils] channelBandToFreq: Invalid band,channel = 1,0
05-27 06:47:47.590  1886  4353 E LOWI-7.7.2.5.a: [LOWIUtils] channelBandToFreq: Invalid band,channel = 1,0
05-27 06:47:47.591  1886  4353 E LOWI-7.7.2.5.a: [LOWIUtils] channelBandToFreq: Invalid band,channel = 1,0
05-27 06:47:47.591  1886  4353 E LOWI-7.7.2.5.a: [LOWIUtils] channelBandToFreq: Invalid band,channel = 1,0
05-27 06:47:47.591  1886  4353 E LOWI-7.7.2.5.a: [LOWIUtils] channelBandToFreq: Invalid band,channel = 1,0
05-27 06:47:47.591  1886  4353 E LOWI-7.7.2.5.a: [LOWIUtils] channelBandToFreq: Invalid band,channel = 1,0
05-27 06:47:47.591  1886  4353 E LOWI-7.7.2.5.a: [LOWIUtils] channelBandToFreq: Invalid band,channel = 1,0
05-27 06:47:47.591  1886  4353 E LOWI-7.7.2.5.a: [LOWIUtils] channelBandToFreq: Invalid band,channel = 1,0
05-27 06:47:47.591  1886  4353 E LOWI-7.7.2.5.a: [LOWIUtils] channelBandToFreq: Invalid band,channel = 1,0
05-27 06:47:47.615  1886  4353 E LOWI-7.7.2.5.a: [LOWIUtils] channelBandToFreq: Invalid band,channel = 1,0
05-27 06:47:47.616  1886  4353 E LOWI-7.7.2.5.a: [LOWIUtils] channelBandToFreq: Invalid band,channel = 1,0
05-27 06:47:47.616  1886  4353 E LOWI-7.7.2.5.a: [LOWIUtils] channelBandToFreq: Invalid band,channel = 1,0
05-27 06:47:47.616  1886  4353 E LOWI-7.7.2.5.a: [LOWIUtils] channelBandToFreq: Invalid band,channel = 1,0
05-27 06:47:47.616  1886  4353 E LOWI-7.7.2.5.a: [LOWIUtils] channelBandToFreq: Invalid band,channel = 1,0
05-27 06:47:47.616  1886  4353 E LOWI-7.7.2.5.a: [LOWIUtils] channelBandToFreq: Invalid band,channel = 1,0
05-27 06:47:47.616  1886  4353 E LOWI-7.7.2.5.a: [LOWIUtils] channelBandToFreq: Invalid band,channel = 1,0
05-27 06:47:47.616  1886  4353 E LOWI-7.7.2.5.a: [LOWIUtils] channelBandToFreq: Invalid band,channel = 1,0
05-27 06:47:47.617  1886  4353 E LOWI-7.7.2.5.a: [LOWIUtils] channelBandToFreq: Invalid band,channel = 1,0
05-27 06:47:47.617  1886  4353 E LOWI-7.7.2.5.a: [LOWIUtils] channelBandToFreq: Invalid band,channel = 1,0
05-27 06:47:47.617  1886  4353 E LOWI-7.7.2.5.a: [LOWIUtils] channelBandToFreq: Invalid band,channel = 1,0
05-27 06:47:47.617  1886  4353 E LOWI-7.7.2.5.a: [LOWIUtils] channelBandToFreq: Invalid band,channel = 1,0
05-27 06:47:47.617  1886  4353 E LOWI-7.7.2.5.a: [LOWIUtils] channelBandToFreq: Invalid band,channel = 1,0
05-27 06:47:47.617  1886  4353 E LOWI-7.7.2.5.a: [LOWIUtils] channelBandToFreq: Invalid band,channel = 1,0
05-27 06:47:47.617  1886  4353 E LOWI-7.7.2.5.a: [LOWIUtils] channelBandToFreq: Invalid band,channel = 1,0
05-27 06:47:47.617  1886  4353 E LOWI-7.7.2.5.a: [LOWIUtils] channelBandToFreq: Invalid band,channel = 1,0
05-27 06:47:47.617  1886  4353 E LOWI-7.7.2.5.a: [LOWIUtils] channelBandToFreq: Invalid band,channel = 1,0
05-27 06:47:47.618  1886  4353 E LOWI-7.7.2.5.a: [LOWIUtils] channelBandToFreq: Invalid band,channel = 1,0
05-27 06:47:47.618  1886  4353 E LOWI-7.7.2.5.a: [LOWIUtils] channelBandToFreq: Invalid band,channel = 1,0
05-27 06:47:47.618  1886  4353 E LOWI-7.7.2.5.a: [LOWIUtils] channelBandToFreq: Invalid band,channel = 1,0
05-27 06:47:47.618  1886  4353 E LOWI-7.7.2.5.a: [LOWIUtils] channelBandToFreq: Invalid band,channel = 1,0
05-27 06:47:47.618  1886  4353 E LOWI-7.7.2.5.a: [LOWIUtils] channelBandToFreq: Invalid band,channel = 1,0
05-27 06:47:47.618  1886  4353 E LOWI-7.7.2.5.a: [LOWIUtils] channelBandToFreq: Invalid band,channel = 1,0
05-27 06:47:47.618  1886  4353 E LOWI-7.7.2.5.a: [LOWIUtils] channelBandToFreq: Invalid band,channel = 1,0
05-27 06:47:47.619  1886  4353 E LOWI-7.7.2.5.a: [LOWIUtils] channelBandToFreq: Invalid band,channel = 1,0
05-27 06:47:47.620  1886  4353 E LOWI-7.7.2.5.a: [LOWIUtils] channelBandToFreq: Invalid band,channel = 1,0
05-27 06:47:47.620  1886  4353 E LOWI-7.7.2.5.a: [LOWIUtils] channelBandToFreq: Invalid band,channel = 1,0
05-27 06:47:47.620  1886  4353 E LOWI-7.7.2.5.a: [LOWIUtils] channelBandToFreq: Invalid band,channel = 1,0
05-27 06:47:47.620  1886  4353 E LOWI-7.7.2.5.a: [LOWIUtils] channelBandToFreq: Invalid band,channel = 1,0
05-27 06:47:47.620  1886  4353 E LOWI-7.7.2.5.a: [LOWIUtils] channelBandToFreq: Invalid band,channel = 1,0
05-27 06:47:47.620  1886  4353 E LOWI-7.7.2.5.a: [LOWIUtils] channelBandToFreq: Invalid band,channel = 1,0
05-27 06:47:47.620  1886  4353 E LOWI-7.7.2.5.a: [LOWIUtils] channelBandToFreq: Invalid band,channel = 1,0
05-27 06:47:47.621  1886  4353 E LOWI-7.7.2.5.a: [LOWIUtils] channelBandToFreq: Invalid band,channel = 1,0
05-27 06:47:47.621  1886  4353 E LOWI-7.7.2.5.a: [LOWIUtils] channelBandToFreq: Invalid band,channel = 1,0
05-27 06:47:47.621  1886  4353 E LOWI-7.7.2.5.a: [LOWIUtils] channelBandToFreq: Invalid band,channel = 1,0
05-27 06:47:47.621  1886  4353 E LOWI-7.7.2.5.a: [LOWIUtils] channelBandToFreq: Invalid band,channel = 1,0
05-27 06:47:47.621  1886  4353 E LOWI-7.7.2.5.a: [LOWIUtils] channelBandToFreq: Invalid band,channel = 1,0
05-27 06:47:47.638  3156  3825 I chatty  : uid=1000(system) FLP Service Cal expire 12 lines
05-27 06:47:47.655  3156  3862 I chatty  : uid=1000(system) FLP Service Cal expire 6 lines
05-27 06:47:47.660  1889  2072 W XTCC-5.1.0.19-a: [LOWIUtils] to_eScanTypeResponse - default case
05-27 06:47:47.661  1889  2072 W XTCC-5.1.0.19-a: [WifiScanner] WiFi scan result : [61] AP's
05-27 06:47:47.717  3156  3609 I chatty  : uid=1000(system) WifiStateMachin expire 11 lines
05-27 06:47:47.719  3156  4826 I chatty  : uid=1000(system) GNPProxy expire 1 line
05-27 06:47:48.521   802   802 I MSM-irqbalance: Decided to move IRQ178 from CPU0 to CPU3
05-27 06:47:53.522   802   802 I MSM-irqbalance: Decided to move IRQ200 from CPU0 to CPU2
05-27 06:47:58.522   802   802 I MSM-irqbalance: Decided to move IRQ321 from CPU0 to CPU2
05-27 06:48:03.777   802   802 I MSM-irqbalance: Decided to move IRQ155 from CPU0 to CPU2
05-27 06:48:06.868   619   619 I cnss-daemon: RTM_NEWROUTE Indication
05-27 06:48:08.779   802   802 I MSM-irqbalance: Decided to move IRQ178 from CPU0 to CPU2
05-27 06:48:14.077   802   802 I MSM-irqbalance: Decided to move IRQ155 from CPU0 to CPU2
05-27 06:48:20.170   802   802 I MSM-irqbalance: Decided to move IRQ178 from CPU0 to CPU2
05-27 06:48:20.619   619   619 I cnss-daemon: RTM_NEWROUTE Indication
05-27 06:48:23.053  8599  8623 I Quasar  : start to send events
05-27 06:48:25.907   802   802 I MSM-irqbalance: Decided to move IRQ155 from CPU0 to CPU2
05-27 06:48:28.999  3156  4498 D ConnectivityService: Returning blocked NetworkInfo to uid=10095
05-27 06:48:31.537   802   802 I MSM-irqbalance: Decided to move IRQ178 from CPU0 to CPU2
05-27 06:48:37.325   802   802 I MSM-irqbalance: Decided to move IRQ155 from CPU0 to CPU2
05-27 06:48:42.991   802   802 I MSM-irqbalance: Decided to move IRQ178 from CPU0 to CPU2
05-27 06:48:43.838  3659  3659 D KeyguardUpdateMonitor: received broadcast android.intent.action.TIME_TICK
05-27 06:48:43.839  3659  3659 D KeyguardUpdateMonitor: handleTimeUpdate
05-27 06:48:48.206   802   802 I MSM-irqbalance: Decided to move IRQ155 from CPU0 to CPU2
05-27 06:48:55.318   802   802 I MSM-irqbalance: Decided to move IRQ178 from CPU0 to CPU2
05-27 06:49:01.083   802   802 I MSM-irqbalance: Decided to move IRQ155 from CPU0 to CPU3
05-27 06:49:04.676  3156  3474 I chatty  : uid=1000 system_server expire 1 line
05-27 06:49:06.926   802   802 I MSM-irqbalance: Decided to move IRQ178 from CPU0 to CPU3
05-27 06:49:12.383   802   802 I MSM-irqbalance: Decided to move IRQ155 from CPU0 to CPU3
05-27 06:49:18.702   802   802 I MSM-irqbalance: Decided to move IRQ178 from CPU0 to CPU3
05-27 06:49:24.690   802   802 I MSM-irqbalance: Decided to move IRQ200 from CPU0 to CPU3
05-27 06:49:30.563   802   802 I MSM-irqbalance: Decided to move IRQ155 from CPU0 to CPU3
05-27 06:49:31.504  4415  4563 W QCNEJ   : |CORE| CNE received unexpected action: android.intent.action.BATTERY_CHANGED
05-27 06:49:31.504  3659  3659 D KeyguardUpdateMonitor: received broadcast android.intent.action.BATTERY_CHANGED
05-27 06:49:31.504  3659  3659 D KeyguardUpdateMonitor: handleBatteryUpdate
05-27 06:49:31.506  3846  3846 E QtiImsExtUtils: getConfigForPhoneId subId is invalid
05-27 06:49:31.506  3846  3846 E QtiImsExtUtils: isCarrierConfigEnabled bundle is null
05-27 06:49:31.506  3659  3659 D BatteryMeterDrawable: Charging false mPluggedIn false
05-27 06:49:31.506  3659  3659 D BatteryMeterDrawable: Charging false mPluggedIn false
05-27 06:49:31.512  3659  3659 D BatteryMeterDrawable: Charging false mPluggedIn false
05-27 06:49:31.513  3659  3659 D BatteryMeterDrawable: Charging false mPluggedIn false
05-27 06:49:33.421  8599  8623 I Quasar  : start to send events
05-27 06:49:34.785  3156  3472 I PowerManagerService: Waking up from dozing (uid 1000)...
05-27 06:49:34.786  3659  3659 D KeyguardUpdateMonitor: received broadcast android.intent.action.BATTERY_CHANGED
05-27 06:49:34.788  3156  3472 I chatty  : uid=1000(system) PowerManagerSer expire 3 lines
05-27 06:49:34.790  4415  4563 W QCNEJ   : |CORE| CNE received unexpected action: android.intent.action.BATTERY_CHANGED
05-27 06:49:34.790  3156  4814 I chatty  : uid=1000(system) IzatServiceBase expire 4 lines
05-27 06:49:34.790  3156  3455 E BatteryStatsService: no controller energy info supplied
05-27 06:49:34.790  3156  3455 E BatteryStatsService: no controller energy info supplied
05-27 06:49:34.791  3156  4885 I chatty  : uid=1000(system) ulp_msg expire 4 lines
05-27 06:49:34.796  3659  3659 D BatteryMeterDrawable: Charging false mPluggedIn true
05-27 06:49:34.797  3659  3659 D BatteryMeterDrawable: Charging false mPluggedIn true
05-27 06:49:34.797  3156  3156 I chatty  : uid=1000 system_server expire 3 lines
05-27 06:49:34.797  3659  3659 D KeyguardUpdateMonitor: handleBatteryUpdate
05-27 06:49:34.797  3156  3156 I EntropyMixer: Writing entropy...
05-27 06:49:34.798  3659  3675 D KeyguardViewMediator: onStartedWakingUp, seq = 10
05-27 06:49:34.798  3659  3675 D KeyguardViewMediator: notifyStartedWakingUp
05-27 06:49:34.802  3659  3659 D BatteryMeterDrawable: Charging false mPluggedIn true
05-27 06:49:34.802  3659  3659 D KeyguardViewMediator: handleNotifyWakingUp
05-27 06:49:34.803  3659  3659 D BatteryMeterDrawable: Charging false mPluggedIn true
05-27 06:49:34.804  3659  3659 V KeyguardUpdateMonitor: startListeningForFingerprint()
05-27 06:49:34.810  3659  3659 V KeyguardStatusView: Enable transport text marquee
05-27 06:49:34.826  3156  3472 I DisplayPowerController: Blocking screen on until initial contents have been drawn.
05-27 06:49:34.832  3659  3908 D KeyguardViewMediator: notifyScreenOn
05-27 06:49:34.833  3659  3659 D KeyguardViewMediator: handleNotifyScreenTurningOn
05-27 06:49:34.834  3156  3470 I DisplayManagerService: Display device changed state: "Built-in Screen", ON
05-27 06:49:34.841   482   482 D SurfaceFlinger: Set power mode=2, type=0 flinger=0x7f9ce48000
05-27 06:49:34.841   482   482 D qdhwcomposer: hwc_setPowerMode: Setting mode 2 on display: 0
05-27 06:49:34.841   638  3638 D [GF_HAL][gf_hal_device]: [gf_hal_netlink_recv] send message value=3
05-27 06:49:34.841   638  3637 V [GF_HAL][gf_hal]: [gf_hal_screen_on] enter
05-27 06:49:34.841   638  3637 I [GF_HAL][gf_hal]: [gf_hal_screen_on]
05-27 06:49:34.841   638  3637 V [GF_HAL][gf_hal_milan_f_series]: [hal_milan_f_series_screen_on] enter
05-27 06:49:34.841   638  3637 V [GF_HAL][gf_hal_common]: [gf_hal_common_screen_on] enter
05-27 06:49:34.841   638  3637 V [GF_HAL][gf_hal_common]: [gf_hal_invoke_command_ex] enter
05-27 06:49:34.841   638  3637 V [GF_HAL][gf_hal_common]: [gf_hal_invoke_command] enter
05-27 06:49:34.841   638  3637 V [GF_HAL][gf_hal_milan_f_series]: [hal_milan_f_series_invoke_command] enter
05-27 06:49:34.842   638  3637 E [gf_ca_entry] : gx_ta_send_modified_cmd_req begin token 33:1017
05-27 06:49:34.845  3846  3846 E QtiImsExtUtils: getConfigForPhoneId subId is invalid
05-27 06:49:34.845  3846  3846 E QtiImsExtUtils: isCarrierConfigEnabled bundle is null
05-27 06:49:34.848   599   979 D audio_hw_primary: adev_set_parameters: enter: screen_state=on
05-27 06:49:34.849   599   979 D audio_hw_extn: audio_extn_set_anc_parameters: anc_enabled:0
05-27 06:49:34.850  4356  4356 I chatty  : uid=1010(wifi) /system/bin/wpa_supplicant expire 188 lines
05-27 06:49:34.863  3156  4462 I chatty  : uid=1000(system) Binder:3156_8 expire 1 line
05-27 06:49:34.876   638  3637 E [gf_ca_entry] : gx_ta_send_modified_cmd_req end
05-27 06:49:34.876   638  3637 E [gf_ca_entry] : [gf_ca_invoke_command] gx_ta_send_modified_cmd_req success
05-27 06:49:34.876   638  3637 E [gf_ca_entry] : [gf_ca_invoke_command] ta execution succeed
05-27 06:49:34.876   638  3637 D [GF_HAL][gf_hal_milan_f_series]: [hal_milan_f_series_invoke_command] cmd_id=GF_CMD_SCREEN_ON, cmd_id=1017
05-27 06:49:34.876   638  3637 D [GF_HAL][gf_hal_milan_f_series]: [hal_milan_f_series_invoke_command] g_mode=MODE_NAV, g_mode=4
05-27 06:49:34.876   638  3637 D [GF_HAL][gf_hal_milan_f_series]: [hal_milan_f_series_invoke_command] g_operation=OPERATION_NAV, g_operation=6
05-27 06:49:34.876   638  3637 V [GF_HAL][gf_hal_milan_f_series]: [hal_milan_f_series_invoke_command] exit
05-27 06:49:34.876   638  3637 V [GF_HAL][gf_hal_common]: [gf_hal_invoke_command] exit
05-27 06:49:34.876   638  3637 V [GF_HAL][gf_hal_common]: [gf_hal_invoke_command_ex] exit
05-27 06:49:34.876   638  3637 V [GF_HAL][gf_hal_common]: [gf_hal_common_screen_on] exit
05-27 06:49:34.876   638  3637 V [GF_HAL][gf_hal_milan_f_series]: [hal_milan_f_series_screen_on] exit
05-27 06:49:34.876   638  3637 V [GF_HAL][gf_hal]: [gf_hal_screen_on] exit
05-27 06:49:34.912  3156  3455 E BatteryStatsService: modem info is invalid: ModemActivityInfo{ mTimestamp=9480810 mSleepTimeMs=9198857 mIdleTimeMs=-8744767 mTxTimeMs[]=[0, 0, 0, 0, 0] mRxTimeMs=12137 mEnergyUsed=0}
05-27 06:49:34.934  5798  9306 E NetworkScheduler.SR: Invalid parameter app
05-27 06:49:34.934  5798  9306 E NetworkScheduler.SR: Invalid package name : Perhaps you didn't include a PendingIntent in the extras?
05-27 06:49:34.941  3156  3452 W ProcessCpuTracker: Skipping unknown process pid 9942
05-27 06:49:34.942  5798  6168 E NetworkScheduler.ATC: Trying to release unacquired lock: com.google.android.youtube/com.google.android.libraries.youtube.common.gcore.gcoreclient.gcm.impl.GcmTaskServiceDelegator
05-27 06:49:34.961  3156  3450 I chatty  : uid=1000(system) android.bg expire 1 line
05-27 06:49:35.041  4415  4563 W QCNEJ   : |CORE| CNE received unexpected action: android.intent.action.BATTERY_CHANGED
05-27 06:49:35.044  3846  3846 E QtiImsExtUtils: getConfigForPhoneId subId is invalid
05-27 06:49:35.044  3846  3846 E QtiImsExtUtils: isCarrierConfigEnabled bundle is null
05-27 06:49:35.160  4415  4563 W QCNEJ   : |CORE| CNE received unexpected action: android.intent.action.BATTERY_CHANGED
05-27 06:49:35.163  3846  3846 E QtiImsExtUtils: getConfigForPhoneId subId is invalid
05-27 06:49:35.163  3846  3846 E QtiImsExtUtils: isCarrierConfigEnabled bundle is null
05-27 06:49:35.200   482   554 I qdhwcomposer: handle_blank_event: dpy:0 panel power state: 1
05-27 06:49:35.283  4415  4563 W QCNEJ   : |CORE| CNE received unexpected action: android.intent.action.BATTERY_CHANGED
05-27 06:49:35.286  3846  3846 E QtiImsExtUtils: getConfigForPhoneId subId is invalid
05-27 06:49:35.286  3846  3846 E QtiImsExtUtils: isCarrierConfigEnabled bundle is null
05-27 06:49:35.341   482   482 D qdhwcomposer: hwc_setPowerMode: Done setting mode 2 on display 0
05-27 06:49:35.342  3156  3643 I chatty  : uid=1000(system) PhotonicModulat expire 1 line
05-27 06:49:35.342  3156  8290 I chatty  : uid=1000(system) Binder:3156_E expire 1 line
05-27 06:49:35.343  3659  3659 D KeyguardUpdateMonitor: received broadcast android.intent.action.BATTERY_CHANGED
05-27 06:49:35.346  3659  3659 D BatteryMeterDrawable: Charging false mPluggedIn true
05-27 06:49:35.346  3659  3659 D BatteryMeterDrawable: Charging false mPluggedIn true
05-27 06:49:35.348  3659  3659 D KeyguardUpdateMonitor: received broadcast android.intent.action.BATTERY_CHANGED
05-27 06:49:35.351  3659  3659 D BatteryMeterDrawable: Charging true mPluggedIn true
05-27 06:49:35.351  3659  3659 D BatteryMeterDrawable: Charging true mPluggedIn true
05-27 06:49:35.352  3659  3659 D KeyguardUpdateMonitor: received broadcast android.intent.action.BATTERY_CHANGED
05-27 06:49:35.355  3659  3659 D BatteryMeterDrawable: Charging true mPluggedIn true
05-27 06:49:35.355  3659  3659 D BatteryMeterDrawable: Charging true mPluggedIn true
05-27 06:49:35.356  3659  3659 D KeyguardUpdateMonitor: handleBatteryUpdate
05-27 06:49:35.357  4429  4429 I chatty  : uid=1027(nfc) com.android.nfc expire 11 lines
05-27 06:49:35.358  4429  4968 I chatty  : uid=1027(nfc) AsyncTask #1 expire 61 lines
05-27 06:49:35.360  4429  4989 I chatty  : uid=1027(nfc) AsyncTask #1 expire 12 lines
05-27 06:49:35.382  3156  3472 I DisplayPowerController: Unblocked screen on after 555 ms
05-27 06:49:35.383  3156  3472 I DreamManagerService: Gently waking up from dream.
05-27 06:49:35.384  3659  3909 D KeyguardViewMediator: notifyScreenTurnedOn
05-27 06:49:35.385  4429  4991 I chatty  : uid=1027(nfc) AsyncTask #1 expire 7 lines
05-27 06:49:35.385  4429  4988 I chatty  : uid=1027(nfc) AsyncTask #1 expire 9 lines
05-27 06:49:35.392  6002  6002 I DeviceScanner: [MDNS] Screen is ON
05-27 06:49:35.394  4429  4968 I BrcmNfcNfa: nci_proc_core_rsp opcode:0x2
05-27 06:49:35.394  4429  4988 D NxpTml  : PN54X - Invoking I2C Read.....
05-27 06:49:35.394  4429  4968 I BrcmNfcNfa: nfa_dm_nfc_response_cback () NFC_SET_CONFIG_REVT(0x5002)
05-27 06:49:35.394  4429  4968 D NfcAdaptation: NfcAdaptation::HalPrediscover
05-27 06:49:35.394  4429  4968 I BrcmNfcNfa: nfc_ncif_send_cmd()
05-27 06:49:35.394  4429  4968 I BrcmNfcNfa: nfc_ncif_check_cmd_queue : Writing to HAL...
05-27 06:49:35.394  4429  4968 D NfcAdaptation: NfcAdaptation::HalWrite
05-27 06:49:35.394  4429  4968 D NxpExtns: const nxp::CNfcParam *nxp::CNfcConfig::find(const char *) const found MIFARE_READER_ENABLE=(0x1)
05-27 06:49:35.394  4429  4968 D NxpHal  : > Polling Loop Started
05-27 06:49:35.394  4429  4989 D NxpTml  : PN54X - Write requested.....
05-27 06:49:35.394  4429  4989 D NxpTml  : PN54X - Invoking I2C Write.....
05-27 06:49:35.395  6002  6002 I DeviceScanner: [CastNearby] Screen is ON
05-27 06:49:35.396  4429  4989 D NxpNciX : len =   8 > 2103050280018101
05-27 06:49:35.396  4429  4989 D NxpTml  : PN54X - I2C Write successful.....
05-27 06:49:35.396  4429  4988 D NxpTml  : PN54X - I2C Read successful.....
05-27 06:49:35.396  4429  4989 D NxpTml  : PN54X - Posting Fresh Write message.....
05-27 06:49:35.396  4429  4988 D NxpTml  : Delay Read
05-27 06:49:35.396  4429  4989 D NxpTml  : PN54X - Tml Writer Thread Running................
05-27 06:49:35.396  4429  4991 D NxpHal  : write successful status = 0x0
05-27 06:49:35.398  4429  4988 D NxpNciR : len =   4 > 41030100
05-27 06:49:35.398  4429  4988 D NxpTml  : PN54X - Posting read message.....
05-27 06:49:35.398  4429  4991 D NxpHal  : read successful status = 0x0
05-27 06:49:35.398  4429  4991 D NfcAdaptation: NfcAdaptation::HalDeviceContextDataCallback: len=4
05-27 06:49:35.398  4429  4968 I BrcmNfcNfa: NFC received rsp gid:1
05-27 06:49:35.398  4429  4988 D NxpTml  : PN54X - Read requested.....
05-27 06:49:35.398  4429  4968 I BrcmNfcNfa: returning TRUE
05-27 06:49:35.398  4429  4988 D NxpTml  : PN54X - Invoking I2C Read.....
05-27 06:49:35.398  4429  4968 I BrcmNfcNfa: nfa_dm_disc_discovery_cback (): event:0x4000
05-27 06:49:35.398  4429  4968 I BrcmNfcNfa: nfa_dm_disc_sm_execute (): state: IDLE (0), event: DISCOVER_RSP(1) disc_flags: 0x31
05-27 06:49:35.398  4429  4968 I BrcmNfcNfa: nfa_dm_disc_new_state (): old_state: IDLE (0), new_state: DISCOVERY (1) disc_flags: 0x11
05-27 06:49:35.398  4429  4968 D BrcmNfcJni: nfaConnectionCallback: event= 30
05-27 06:49:35.398  4429  4968 D BrcmNfcJni: nfaConnectionCallback: NFA_RF_DISCOVERY_STARTED_EVT: status = 0
05-27 06:49:35.398  4429  4968 I BrcmNfcNfa: nfa_dm_disc_sm_execute (): new state: DISCOVERY (1), disc_flags: 0x1
05-27 06:49:35.398  4429  4429 D BrcmNfcJni: startRfDiscovery: is exit=1
