05-27 04:11:59.254  3156  3156 D ZenLog  : config: cleanUpZenRules,ZenModeConfig[user=0,allowCalls=true,allowRepeatCallers=false,allowMessages=false,allowCallsFrom=contacts,allowMessagesFrom=contacts,allowReminders=true,allowEvents=true,allowWhenScreenOff=true,allowWhenScreenOn=true,automaticRules={f4543c91743a4c65b8c48fa27b456b77=ZenRule[enabled=false,snoozing=false,name=Weekend,zenMode=ZEN_MODE_ALARMS,conditionId=condition://android/schedule?days=6.7&start=23.30&end=10.0&exitAtAlarm=false,condition=Condition[id=condition://android/schedule?days=6.7&start=23.30&end=10.0&exitAtAlarm=false,summary=...,line1=...,line2=...,icon=0,state=STATE_TRUE,flags=2],component=ComponentInfo{android/com.android.server.notification.ScheduleConditionProvider},id=f4543c91743a4c65b8c48fa27b456b77,creationTime=1495707844152,enabler=null], 746e14390ebb426fa856b89eba632de4=ZenRule[enabled=false,snoozing=false,name=Event,zenMode=ZEN_MODE_ALARMS,conditionId=condition://android/event?userId=-10000&calendar=&reply=1,condition=Condition[id=condition://android/event?userId=-10000&calendar=&reply=1,summary=...,line1=...,line2=...,icon=0,state=STATE_FALSE,flags=2],component=ComponentInfo{android/com.android.server.notification.EventConditionProvider},id=746e14390ebb426fa856b89eba632de4,creationTime=1495707844152,enabler=null], d52d8eef361b4cbb9d40f7e6f06252b8=ZenRule[enabled=false,snoozing=false,name=Weeknight,zenMode=ZEN_MODE_ALARMS,conditionId=condition://android/schedule?days=1.2.3.4.5&start=22.0&end=7.0&exitAtAlarm=false,condition=Condition[id=condition://android/schedule?days=1.2.3.4.5&start=22.0&end=7.0&exitAtAlarm=false,summary=...,line1=...,line2=...,icon=0,state=STATE_FALSE,flags=2],component=ComponentInfo{android/com.android.server.notification.ScheduleConditionProvider},id=d52d8eef361b4cbb9d40f7e6f06252b8,creationTime=1495707844152,enabler=null]},manualRule=null],Diff[]
05-27 04:11:59.254  3156  3156 D ZenLog  : set_zen_mode: off,onSystemReady
05-27 04:11:59.334  3156  3472 W KeyguardServiceDelegate: onScreenTurningOn(): no keyguard service!
05-27 04:11:59.334  3156  3156 V UserManagerService: Found /data/user_de/0 with serial number 0
05-27 04:11:59.334  3156  3156 V UserManagerService: Found /data/user/0 with serial number 0
05-27 04:11:59.334  3156  3156 V UserManagerService: Found /data/system_de/0 with serial number 0
05-27 04:11:59.335  3156  3156 V UserManagerService: Found /data/system_ce/0 with serial number 0
05-27 04:11:59.336  3156  3156 I ActivityManager: System now ready
05-27 04:11:59.339  3156  3156 I SystemServer: Making services ready
05-27 04:11:59.339  3156  3156 I SystemServiceManager: Starting phase 550
05-27 04:11:59.381  3156  3156 D BluetoothManagerService: Bluetooth boot completed
05-27 04:11:59.381  3156  3156 E InputMethodManagerService: Ignoring updateSystemUiLocked due to an invalid token. uid:1000 token:null
05-27 04:11:59.430  3156  3156 I ActivityManager: Start proc 3645:com.google.android.inputmethod.latin/u0a60 for service com.google.android.inputmethod.latin/com.android.inputmethod.latin.LatinIME
05-27 04:11:59.430  3156  3156 V InputMethodManagerService: Adding window token: android.os.Binder@79172a9
05-27 04:11:59.431  3156  3600 D MountService: Thinking about init, mSystemReady=true, mDaemonConnected=true
05-27 04:11:59.431  3156  3156 W TextServicesManagerService: no available spell checker services found
05-27 04:11:59.431  3156  3600 D MountService: Setting up emulation state, initlocked=false
05-27 04:11:59.431  3156  3600 D CryptdConnector: SND -> {2 cryptfs unlock_user_key 0 0 ! !}
05-27 04:11:59.431  3156  3156 E WallpaperManagerService: Invalid wallpaper data
05-27 04:11:59.431  3156  3156 E WallpaperManagerService: Unable to apply new wallpaper
05-27 04:11:59.431   392   398 D vold    : e4crypt_unlock_user_key 0 serial=0 token_present=0
05-27 04:11:59.432  3156  3602 D CryptdConnector: RCV <- {200 2 Command succeeded}
05-27 04:11:59.433  3156  3600 D MountService: Thinking about reset, mSystemReady=true, mDaemonConnected=true
05-27 04:11:59.433  3156  3600 D VoldConnector: SND -> {3 volume reset}
05-27 04:11:59.434  3156  3601 D VoldConnector: RCV <- {651 emulated 7}
05-27 04:11:59.434  3156  3601 D VoldConnector: RCV <- {659 emulated}
05-27 04:11:59.434  3156  3601 D VoldConnector: RCV <- {650 emulated 2 "" ""}
05-27 04:11:59.434  3156  3601 D VoldConnector: RCV <- {651 emulated 0}
05-27 04:11:59.434  3156  3601 D VoldConnector: RCV <- {200 3 Command succeeded}
05-27 04:11:59.434  3156  3600 D VoldConnector: SND -> {4 volume user_added 0 0}
05-27 04:11:59.435  3156  3467 V MountService: Found primary storage at VolumeInfo{emulated}:
05-27 04:11:59.435  3156  3467 V MountService:     type=EMULATED diskId=null partGuid=null mountFlags=0 mountUserId=-1 
05-27 04:11:59.435  3156  3467 V MountService:     state=UNMOUNTED 
05-27 04:11:59.435  3156  3467 V MountService:     fsType=null fsUuid=null fsLabel=null 
05-27 04:11:59.435  3156  3467 V MountService:     path=null internalPath=null 
05-27 04:11:59.435  3156  3601 D VoldConnector: RCV <- {200 4 Command succeeded}
05-27 04:11:59.443  3156  3156 I ActivityManager: Start proc 3659:com.android.systemui/u0a36 for service com.android.systemui/.ImageWallpaper
05-27 04:11:59.443  3156  3452 I ActivityManager: Force stopping com.android.providers.media appid=10014 user=-1: vold reset
05-27 04:11:59.444  3156  3600 D VoldConnector: SND -> {5 volume mount emulated 3 -1}
05-27 04:11:59.446  3156  3601 D VoldConnector: RCV <- {651 emulated 1}
05-27 04:11:59.446   392   397 V vold    : Waiting for FUSE to spin up...
05-27 04:11:59.447  3156  3601 D VoldConnector: RCV <- {656 emulated /data/media}
05-27 04:11:59.447  3156  3601 D VoldConnector: RCV <- {655 emulated /storage/emulated}
05-27 04:11:59.450  3156  3469 D BluetoothManagerService: Message: 20
05-27 04:11:59.450  3156  3469 D BluetoothManagerService: Added callback: android.bluetooth.BluetoothAdapter$1@8cf5819:true
05-27 04:11:59.451  3156  3156 D UsbAlsaManager: Adding ALSA device AlsaDevice: [card: 0, device: 0, type: 2]
05-27 04:11:59.451  3156  3156 D UsbAlsaManager: Adding ALSA device AlsaDevice: [card: 0, device: 0, type: 1]
05-27 04:11:59.451  3156  3156 D UsbAlsaManager: Adding ALSA device AlsaDevice: [card: 0, device: 1, type: 2]
05-27 04:11:59.451  3156  3156 D UsbAlsaManager: Adding ALSA device AlsaDevice: [card: 0, device: 1, type: 1]
05-27 04:11:59.451  3156  3156 D UsbAlsaManager: Adding ALSA device AlsaDevice: [card: 0, device: 2, type: 2]
05-27 04:11:59.451  3156  3156 D UsbAlsaManager: Adding ALSA device AlsaDevice: [card: 0, device: 2, type: 1]
05-27 04:11:59.451  3156  3156 D UsbAlsaManager: Adding ALSA device AlsaDevice: [card: 0, device: 3, type: 2]
05-27 04:11:59.451  3156  3156 D UsbAlsaManager: Adding ALSA device AlsaDevice: [card: 0, device: 3, type: 1]
05-27 04:11:59.451  3156  3156 D UsbAlsaManager: Adding ALSA device AlsaDevice: [card: 0, device: 4, type: 1]
05-27 04:11:59.451  3156  3156 D UsbAlsaManager: Adding ALSA device AlsaDevice: [card: 0, device: 5, type: 1]
05-27 04:11:59.451  3156  3156 D UsbAlsaManager: Adding ALSA device AlsaDevice: [card: 0, device: 6, type: 2]
05-27 04:11:59.451  3156  3156 D UsbAlsaManager: Adding ALSA device AlsaDevice: [card: 0, device: 6, type: 1]
05-27 04:11:59.451  3156  3156 D UsbAlsaManager: Adding ALSA device AlsaDevice: [card: 0, device: 7, type: 1]
05-27 04:11:59.451  3156  3156 D UsbAlsaManager: Adding ALSA device AlsaDevice: [card: 0, device: 8, type: 2]
05-27 04:11:59.451  3156  3156 D UsbAlsaManager: Adding ALSA device AlsaDevice: [card: 0, device: 10, type: 2]
05-27 04:11:59.451  3156  3156 D UsbAlsaManager: Adding ALSA device AlsaDevice: [card: 0, device: 10, type: 1]
05-27 04:11:59.451  3156  3156 D UsbAlsaManager: Adding ALSA device AlsaDevice: [card: 0, device: 11, type: 2]
05-27 04:11:59.451  3156  3156 D UsbAlsaManager: Adding ALSA device AlsaDevice: [card: 0, device: 12, type: 2]
05-27 04:11:59.451  3156  3156 D UsbAlsaManager: Adding ALSA device AlsaDevice: [card: 0, device: 12, type: 1]
05-27 04:11:59.451  3156  3156 D UsbAlsaManager: Adding ALSA device AlsaDevice: [card: 0, device: 13, type: 2]
05-27 04:11:59.451  3156  3156 D UsbAlsaManager: Adding ALSA device AlsaDevice: [card: 0, device: 13, type: 1]
05-27 04:11:59.451  3156  3156 D UsbAlsaManager: Adding ALSA device AlsaDevice: [card: 0, device: 14, type: 2]
05-27 04:11:59.451  3156  3156 D UsbAlsaManager: Adding ALSA device AlsaDevice: [card: 0, device: 14, type: 1]
05-27 04:11:59.451  3156  3156 D UsbAlsaManager: Adding ALSA device AlsaDevice: [card: 0, device: 15, type: 2]
05-27 04:11:59.451  3156  3156 D UsbAlsaManager: Adding ALSA device AlsaDevice: [card: 0, device: 15, type: 1]
05-27 04:11:59.451  3156  3156 D UsbAlsaManager: Adding ALSA device AlsaDevice: [card: 0, device: 16, type: 2]
05-27 04:11:59.451  3156  3156 D UsbAlsaManager: Adding ALSA device AlsaDevice: [card: 0, device: 16, type: 1]
05-27 04:11:59.451  3156  3156 D UsbAlsaManager: Adding ALSA device AlsaDevice: [card: 0, device: 17, type: 2]
05-27 04:11:59.451  3156  3156 D UsbAlsaManager: Adding ALSA device AlsaDevice: [card: 0, device: 17, type: 1]
05-27 04:11:59.451  3156  3156 D UsbAlsaManager: Adding ALSA device AlsaDevice: [card: 0, device: 18, type: 2]
05-27 04:11:59.451  3156  3156 D UsbAlsaManager: Adding ALSA device AlsaDevice: [card: 0, device: 18, type: 1]
05-27 04:11:59.451  3156  3156 D UsbAlsaManager: Adding ALSA device AlsaDevice: [card: 0, device: 19, type: 2]
05-27 04:11:59.451  3156  3156 D UsbAlsaManager: Adding ALSA device AlsaDevice: [card: 0, device: 20, type: 2]
05-27 04:11:59.451  3156  3156 D UsbAlsaManager: Adding ALSA device AlsaDevice: [card: 0, device: 21, type: 2]
05-27 04:11:59.451  3156  3156 D UsbAlsaManager: Adding ALSA device AlsaDevice: [card: 0, device: 22, type: 2]
05-27 04:11:59.451  3156  3156 D UsbAlsaManager: Adding ALSA device AlsaDevice: [card: 0, device: 23, type: 2]
05-27 04:11:59.451  3156  3156 D UsbAlsaManager: Adding ALSA device AlsaDevice: [card: 0, device: 25, type: 1]
05-27 04:11:59.451  3156  3156 D UsbAlsaManager: Adding ALSA device AlsaDevice: [card: 0, device: 26, type: 2]
05-27 04:11:59.451  3156  3156 D UsbAlsaManager: Adding ALSA device AlsaDevice: [card: 0, device: 34, type: 2]
05-27 04:11:59.451  3156  3156 D UsbAlsaManager: Adding ALSA device AlsaDevice: [card: 0, device: 34, type: 1]
05-27 04:11:59.451  3156  3156 D UsbAlsaManager: Adding ALSA device AlsaDevice: [card: 0, device: 35, type: 2]
05-27 04:11:59.451  3156  3156 D UsbAlsaManager: Adding ALSA device AlsaDevice: [card: 0, device: 35, type: 1]
05-27 04:11:59.452  3156  3469 D BluetoothManagerService: Message: 30
05-27 04:11:59.453  3156  3156 I SystemServer: WebViewFactory preparation
05-27 04:11:59.457  3156  3469 D BluetoothManagerService: Message: 30
05-27 04:11:59.497  3156  3601 D VoldConnector: RCV <- {651 emulated 2}
05-27 04:11:59.498  3156  3601 D VoldConnector: RCV <- {200 5 Command succeeded}
05-27 04:11:59.529  3156  3156 W ActivityManager: Slow operation: 55ms so far, now at startProcess: returned from zygote!
05-27 04:11:59.529  3156  3156 W ActivityManager: Slow operation: 56ms so far, now at startProcess: done updating battery stats
05-27 04:11:59.529  3156  3156 W ActivityManager: Slow operation: 56ms so far, now at startProcess: building log message
05-27 04:11:59.529  3156  3156 I ActivityManager: Start proc 3683:WebViewLoader-armeabi-v7a/1037 [android.webkit.WebViewFactory$RelroFileCreator] for 
05-27 04:11:59.529  3156  3156 W ActivityManager: Slow operation: 56ms so far, now at startProcess: starting to update pids map
05-27 04:11:59.529  3156  3156 W ActivityManager: Slow operation: 56ms so far, now at startProcess: done updating pids map
05-27 04:11:59.529  3156  3156 W ActivityManager: Slow operation: 56ms so far, now at startProcess: done starting proc!
05-27 04:11:59.541  3156  3156 I ActivityManager: Start proc 3694:WebViewLoader-arm64-v8a/1037 [android.webkit.WebViewFactory$RelroFileCreator] for 
05-27 04:11:59.543  3156  3156 D NetworkManagement: enabling bandwidth control
05-27 04:11:59.815  3156  3156 D NetworkPolicy: setRestrictBackgroundUL(): false
05-27 04:11:59.909  3156  3311 I StatusBarManagerService: registerStatusBar bar=com.android.internal.statusbar.IStatusBar$Stub$Proxy@bb4d8c5
05-27 04:11:59.930  3156  3156 I SystemServiceManager: Starting phase 600
05-27 04:11:59.932  3156  3156 V NotificationListeners: enabling notification listener for 0: ComponentInfo{com.smartron.tronx/com.smartron.tronx.service.NotificationService}
05-27 04:11:59.932  3156  3156 W ActivityManager: Unable to start service Intent { act=android.service.notification.NotificationListenerService cmp=com.smartron.tronx/.service.NotificationService } U=0: not found
05-27 04:11:59.933  3156  3156 W NotificationListeners: Unable to bind notification listener service: Intent { act=android.service.notification.NotificationListenerService cmp=com.smartron.tronx/.service.NotificationService (has extras) }
05-27 04:11:59.942  3156  3156 D GestureLauncherService: Gesture launcher mEmergencyNumber = 112 hits = 3
05-27 04:11:59.943  3156  3156 D SensorNotificationService: Cannot obtain dynamic meta sensor, not supported.
05-27 04:11:59.969  3156  3156 W LocationProviderProxy-network: Odd, no component found for service com.android.location.service.v3.NetworkLocationProvider
05-27 04:11:59.969  3156  3156 W LocationProviderProxy-fused: Odd, no component found for service com.android.location.service.FusedLocationProvider
05-27 04:11:59.970  3156  3156 W GeocoderProxy: Odd, no component found for service com.android.location.service.GeocodeProvider
05-27 04:11:59.980  3156  3156 W FusedProxy: Odd, no component found for service com.android.location.service.FusedProvider
05-27 04:11:59.982  3156  3156 W GeofenceProxy: Odd, no component found for service com.android.location.service.GeofenceProvider
05-27 04:11:59.992  3156  3156 W ActivityRecognitionProxy: Odd, no component found for service com.android.location.service.ActivityRecognitionProvider
05-27 04:11:59.999  3156  3156 I MmsServiceBroker: Delay connecting to MmsService until an API is called
05-27 04:12:00.017  3156  3156 I ActivityManager: Start proc 3846:com.android.phone/1001 for added application com.android.phone
05-27 04:12:00.019  3156  3156 I ActivityManager: START u0 {act=android.intent.action.MAIN cat=[android.intent.category.HOME] flg=0x10000100 cmp=com.android.settings/.FallbackHome} from uid 0 on display 0
05-27 04:12:00.027  3156  3156 I ActivityManager: Loaded persisted task ids for user 0
05-27 04:12:00.041  3156  3156 I ActivityManager: Start proc 3877:com.android.settings/1000 for activity com.android.settings/.FallbackHome
05-27 04:12:00.048  3156  3156 D ConditionProviders.SCP: onConnected
05-27 04:12:00.049  3156  3156 D ZenLog  : set_zen_mode: off,readXml
05-27 04:12:00.066  3156  3156 D ConditionProviders: Subscribing to condition://android/schedule?days=6.7&start=23.30&end=10.0&exitAtAlarm=false with ComponentInfo{android/com.android.server.notification.ScheduleConditionProvider}
05-27 04:12:00.066  3156  3156 D ZenLog  : subscribe: condition://android/schedule?days=6.7&start=23.30&end=10.0&exitAtAlarm=false,ok
05-27 04:12:00.066  3156  3156 D ConditionProviders: Subscribing to condition://android/event?userId=-10000&calendar=&reply=1 with ComponentInfo{android/com.android.server.notification.EventConditionProvider}
05-27 04:12:00.066  3156  3156 D ZenLog  : subscribe: condition://android/event?userId=-10000&calendar=&reply=1,ok
05-27 04:12:00.066  3156  3156 D ConditionProviders: Subscribing to condition://android/schedule?days=1.2.3.4.5&start=22.0&end=7.0&exitAtAlarm=false with ComponentInfo{android/com.android.server.notification.ScheduleConditionProvider}
05-27 04:12:00.066  3156  3156 D ZenLog  : subscribe: condition://android/schedule?days=1.2.3.4.5&start=22.0&end=7.0&exitAtAlarm=false,ok
05-27 04:12:00.077  3156  3450 W LocationProviderProxy-network: Odd, no component found for service com.android.location.service.v3.NetworkLocationProvider
05-27 04:12:00.077  3156  3450 W LocationProviderProxy-fused: Odd, no component found for service com.android.location.service.FusedLocationProvider
05-27 04:12:00.078  3156  3450 W GeocoderProxy: Odd, no component found for service com.android.location.service.GeocodeProvider
05-27 04:12:00.078  3156  3450 W FusedProxy: Odd, no component found for service com.android.location.service.FusedProvider
05-27 04:12:00.078  3156  3450 W GeofenceProxy: Odd, no component found for service com.android.location.service.GeofenceProvider
05-27 04:12:00.078  3156  3450 W ActivityRecognitionProxy: Odd, no component found for service com.android.location.service.ActivityRecognitionProvider
05-27 04:12:00.116  3156  3156 D ZenLog  : set_zen_mode: off,cleanUpZenRules
05-27 04:12:00.153  3156  3469 D BluetoothManagerService: Message: 30
05-27 04:12:00.158  3156  3156 I Telecom : SystemStateProvider: Registering car mode receiver: android.content.IntentFilter@32580d4: TS.init@AAA
05-27 04:12:00.163  3156  3919 I Telecom : Telecom: Non-call EVENT: AUDIO_ROUTE, Entering state QuiescentEarpieceRoute
05-27 04:12:00.165  3156  3921 I Telecom : CallAudioModeStateMachine: Message received: null.: TS.init->CAMSM.pM_1@AAA_0
05-27 04:12:00.168  3156  3156 I Telecom : ViceNotificationImpl: ViceNotificationImpl: TS.init@AAA
05-27 04:12:00.172  3156  3927 E ActivityThread: Failed to find provider info for call_log
05-27 04:12:00.172  3156  3469 D BluetoothManagerService: Message: 30
05-27 04:12:00.174  3156  3156 I Telecom : BluetoothPhoneService: Ignoring IBluetoothDsdaService class not found exception : TS.init@AAA
05-27 04:12:00.177  3156  3156 I Telecom : Class: TelecomSystem.INSTANCE being set
05-27 04:12:00.177  3156  3156 W ContextImpl: Calling a method in the system process without a qualified user: android.app.ContextImpl.startService:1357 android.content.ContextWrapper.startService:613 com.android.server.telecom.components.TelecomService.initializeTelecomSystem:186 com.android.server.telecom.components.TelecomService.onBind:63 android.app.ActivityThread.handleBindService:3218 
05-27 04:12:00.178  3156  3156 W ContextImpl: Calling a method in the system process without a qualified user: android.app.ContextImpl.startService:1357 com.android.server.content.SyncManager$13.run:658 android.os.Handler.handleCallback:751 android.os.Handler.dispatchMessage:95 android.os.Looper.loop:154 
05-27 04:12:00.188  3156  3469 D BluetoothManagerService: Message: 20
05-27 04:12:00.188  3156  3469 D BluetoothManagerService: Added callback: android.bluetooth.IBluetoothManagerCallback$Stub$Proxy@e8d65cf:true
05-27 04:12:00.194  3156  3469 D BluetoothManagerService: Message: 30
05-27 04:12:00.197  3156  3156 V WiredAccessoryManager: notifyWiredAccessoryChanged: when=0 bits= mask=54
05-27 04:12:00.197  3156  3156 V WiredAccessoryManager: newName=h2w newState=0 headsetState=0 prev headsetState=0
05-27 04:12:00.197  3156  3156 V WiredAccessoryManager: init()
05-27 04:12:00.201  3156  3469 D BluetoothManagerService: Message: 30
05-27 04:12:00.205  3156  3469 D BluetoothManagerService: Message: 30
05-27 04:12:00.210  3156  3469 D BluetoothManagerService: Message: 30
05-27 04:12:00.211  3156  3469 D BluetoothManagerService: Message: 30
05-27 04:12:00.253  3156  3156 D ConditionProviders.SCP: onSubscribe condition://android/schedule?days=6.7&start=23.30&end=10.0&exitAtAlarm=false
05-27 04:12:00.254  3156  3156 D ConditionProviders.SCP: notifyCondition condition://android/schedule?days=6.7&start=23.30&end=10.0&exitAtAlarm=false STATE_TRUE reason=meetsSchedule
05-27 04:12:00.255  3156  3156 D ConditionProviders.SCP: Not scheduling evaluate
05-27 04:12:00.255  3156  3156 D ConditionProviders.SCP: onSubscribe condition://android/schedule?days=1.2.3.4.5&start=22.0&end=7.0&exitAtAlarm=false
05-27 04:12:00.256  3156  3156 D ConditionProviders.SCP: notifyCondition condition://android/schedule?days=6.7&start=23.30&end=10.0&exitAtAlarm=false STATE_TRUE reason=meetsSchedule
05-27 04:12:00.256  3156  3156 D ConditionProviders.SCP: notifyCondition condition://android/schedule?days=1.2.3.4.5&start=22.0&end=7.0&exitAtAlarm=false STATE_FALSE reason=!meetsSchedule
05-27 04:12:00.257  3156  3156 D ConditionProviders.SCP: Scheduling evaluate for Sat May 27 07:00:00 EDT 2017 (1495882800000), in +2h47m59s744ms, now=Sat May 27 04:12:00 EDT 2017 (1495872720256)
05-27 04:12:00.258  3156  3156 I EntropyMixer: Writing entropy...
05-27 04:12:00.265  3156  3619 E ActivityThread: Failed to find provider info for com.android.calendar
05-27 04:12:00.265  3156  3619 E ActivityThread: Failed to find provider info for com.android.calendar
05-27 04:12:00.266  3156  3156 I Telecom : WiredHeadsetManager: ACTION_HEADSET_PLUG event, plugged in: false, : WHC.oADA@AAE
05-27 04:12:00.273  3156  3156 I ActivityManager: user 0 is still locked. Cannot load recents
05-27 04:12:00.327  3156  3450 I SyncManager: Got SyncJobService instance.
05-27 04:12:00.336  3156  3452 I ActivityManager: Start proc 4005:com.android.cellbroadcastreceiver/u0a5 for broadcast com.android.cellbroadcastreceiver/.CellBroadcastReceiver
05-27 04:12:00.337  3156  3453 W WindowManager: Keyguard drawn timeout. Setting mKeyguardDrawComplete
05-27 04:12:00.374  3659  4026 E ActivityThread: Failed to find provider info for com.android.contacts
05-27 04:12:00.375  3156  3452 W KeyguardServiceDelegate: onScreenTurningOn(): no keyguard service!
05-27 04:12:00.418  3156  3624 I ActivityManager: Start proc 4039:com.qualcomm.qcrilmsgtunnel/1001 for service com.qualcomm.qcrilmsgtunnel/.QcrilMsgTunnelService
05-27 04:12:00.551  3156  3613 D ConnectivityService: Got NetworkFactory Messenger for PhoneSwitcherNetworkRequstListener
05-27 04:12:00.558  3156  3613 D ConnectivityService: Got NetworkFactory Messenger for TelephonyNetworkFactory[0]
05-27 04:12:00.559  3156  3613 D ConnectivityService: Got NetworkFactory Messenger for TelephonyNetworkFactory[1]
05-27 04:12:00.584  3846  4090 E ActivityThread: Failed to find provider info for com.android.contacts
05-27 04:12:00.590  3156  3469 D BluetoothManagerService: Message: 20
05-27 04:12:00.590  3156  3469 D BluetoothManagerService: Added callback: android.bluetooth.IBluetoothManagerCallback$Stub$Proxy@92d0bee:true
05-27 04:12:00.592  3156  3469 D BluetoothManagerService: Message: 30
05-27 04:12:00.691  3156  3608 D WifiService: New client listening to asynchronous messages
05-27 04:12:00.720  3156  3939 D CryptdConnector: SND -> {3 cryptfs getpw}
05-27 04:12:00.721   392   398 D VoldCryptCmdListener: cryptfs getpw
05-27 04:12:00.721  3156  3602 D CryptdConnector: RCV <- {200 3 -1}
05-27 04:12:00.721  3156  3939 D CryptdConnector: SND -> {4 cryptfs clearpw}
05-27 04:12:00.722   392   398 D VoldCryptCmdListener: cryptfs clearpw
05-27 04:12:00.722  3156  3602 D CryptdConnector: RCV <- {200 4 0}
05-27 04:12:00.783  3156  3624 I ActivityManager: Start proc 4170:org.codeaurora.ims/1001 for broadcast org.codeaurora.ims/.ImsServiceAutoboot
05-27 04:12:00.870  3156  3984 I ActivityManager: Setting hasTopUi=true for pid=3659
05-27 04:12:00.896  3659  3659 V KeyguardStatusView: refresh statusview showing:true
05-27 04:12:00.911  3659  3659 V KeyguardDisplayManager: show
05-27 04:12:00.985  3156  3156 I Telecom : ViceNotificationImpl: mImsIntentReceiver: action com.android.ims.IMS_SERVICE_UP
05-27 04:12:01.065  3156  3624 I ActivityManager: user 0 is still locked. Cannot load recents
05-27 04:12:01.100  3156  3317 I Telecom : PhoneAccountRegistrar: [ComponentInfo{com.android.phone/com.android.services.telephony.TelephonyConnectionService}, [e0184adedf913b076626646d3f52c3b49c39ad6d], UserHandle{0}(icon: Icon(typ=BITMAP size=57x72) -> Icon(typ=BITMAP size=57x72))]: TSI.rPA@AAg
05-27 04:12:01.105  3156  3317 I Telecom : : Sending phone-account registered intent as user: TSI.rPA@AAg
05-27 04:12:01.132  3156  3317 I Telecom : PhoneAccountRegistrar: [ComponentInfo{com.android.phone/com.android.services.telephony.TelephonyConnectionService}, [e0184adedf913b076626646d3f52c3b49c39ad6d], UserHandle{0}(icon: Icon(typ=BITMAP size=57x72) -> Icon(typ=BITMAP size=57x72))]: TSI.rPA@ABA
05-27 04:12:01.135  3156  3317 I Telecom : : Sending phone-account registered intent as user: TSI.rPA@ABA
05-27 04:12:01.230  3156  3311 I Telecom : PhoneAccountRegistrar: [ComponentInfo{com.android.phone/com.android.services.telephony.TelephonyConnectionService}, [e0184adedf913b076626646d3f52c3b49c39ad6d], UserHandle{0}(icon: Icon(typ=BITMAP size=57x72) -> Icon(typ=BITMAP size=57x72))]: TSI.rPA@ABY
05-27 04:12:01.233  3156  3311 I Telecom : : Sending phone-account registered intent as user: TSI.rPA@ABY
05-27 04:12:01.250  3156  3624 I Telecom : PhoneAccountRegistrar: [ComponentInfo{com.android.phone/com.android.services.telephony.TelephonyConnectionService}, [e0184adedf913b076626646d3f52c3b49c39ad6d], UserHandle{0}(icon: Icon(typ=BITMAP size=57x72) -> Icon(typ=BITMAP size=57x72))]: TSI.rPA@ABk
05-27 04:12:01.253  3156  3624 I Telecom : : Sending phone-account registered intent as user: TSI.rPA@ABk
05-27 04:12:01.267  3156  3317 I Telecom : PhoneAccountRegistrar: [ComponentInfo{com.android.phone/com.android.services.telephony.TelephonyConnectionService}, [e0184adedf913b076626646d3f52c3b49c39ad6d], UserHandle{0}(icon: Icon(typ=BITMAP size=57x72) -> Icon(typ=BITMAP size=57x72))]: TSI.rPA@ABw
05-27 04:12:01.269  3156  3317 I Telecom : : Sending phone-account registered intent as user: TSI.rPA@ABw
05-27 04:12:01.271  3156  3470 I SystemServiceManager: Starting phase 1000
05-27 04:12:01.285  3156  3470 I ActivityManager: Start proc 4281:com.google.android.ext.services/u0a15 for on-hold
05-27 04:12:01.287  3156  3470 D ActivityManager: Finishing user boot 0
05-27 04:12:01.289  3156  3470 D CryptdConnector: SND -> {5 cryptfs prepare_user_storage ! 0 0 2}
05-27 04:12:01.290   392   398 D vold    : e4crypt_prepare_user_storage for volume null, user 0, serial 0, flags 2
05-27 04:12:01.290   392   398 D vold    : Preparing: /data/system_ce/0
05-27 04:12:01.290   392   398 D vold    : Preparing: /data/misc_ce/0
05-27 04:12:01.290   392   398 D vold    : Preparing: /data/media/0
05-27 04:12:01.290   392   398 D vold    : Preparing: /data/data
05-27 04:12:01.290  3156  3602 D CryptdConnector: RCV <- {200 5 Command succeeded}
05-27 04:12:01.294  3156  3470 V UserManagerService: Found /data/user/0 with serial number 0
05-27 04:12:01.294  3156  3470 V UserManagerService: Found /data/system_ce/0 with serial number 0
05-27 04:12:01.295  3156  3470 V PackageManager: reconcileAppsData for null u0 0x2
05-27 04:12:01.314  3156  3758 I Telecom : PhoneAccountRegistrar: [ComponentInfo{com.android.phone/com.android.services.telephony.TelephonyConnectionService}, [e0184adedf913b076626646d3f52c3b49c39ad6d], UserHandle{0}(icon: Icon(typ=BITMAP size=57x72) -> Icon(typ=BITMAP size=57x72))]: TSI.rPA@AB8
05-27 04:12:01.317  3156  3758 I Telecom : : Sending phone-account registered intent as user: TSI.rPA@AB8
05-27 04:12:01.755  3156  3470 V PackageManager: reconcileAppsData finished 197 packages
05-27 04:12:01.756  3156  3452 D BluetoothManagerService: User 0 unlocked
05-27 04:12:01.757  3156  3452 D MountService: onUnlockUser 0
05-27 04:12:01.757  3156  3452 D VoldConnector: SND -> {6 volume user_started 0}
05-27 04:12:01.759  3156  3469 D BluetoothManagerService: Message: 301
05-27 04:12:01.759  3156  3469 D BluetoothManagerService: MESSAGE_USER_UNLOCKED
05-27 04:12:01.763   392   397 D vold    : Linking /storage/emulated/0 to /mnt/user/0/primary
05-27 04:12:01.764  3156  3601 D VoldConnector: RCV <- {200 6 Command succeeded}
05-27 04:12:01.765  3156  3600 D MountService: Volume emulated broadcasting mounted to UserHandle{0}
05-27 04:12:01.794  3156  3452 V BackupManagerService: No ancestral data
05-27 04:12:01.826  3156  3452 V BackupManagerService: Starting with transport com.google.android.gms/.backup.BackupTransportService
05-27 04:12:01.826  3156  3452 V BackupManagerService: Found transports: 2
05-27 04:12:01.844  3156  3452 I ActivityManager: Start proc 4358:com.google.android.gms.persistent/u0a13 for service com.google.android.gms/.backup.BackupTransportService
05-27 04:12:01.846  3156  3758 I Telecom : PhoneAccountRegistrar: [ComponentInfo{com.android.phone/com.android.services.telephony.TelephonyConnectionService}, [e0184adedf913b076626646d3f52c3b49c39ad6d], UserHandle{0}(icon: Icon(typ=BITMAP size=57x72) -> Icon(typ=BITMAP size=57x72))]: TSI.rPA@ACI
05-27 04:12:01.847  3156  3452 I BackupManagerService: Backup enabled => false
05-27 04:12:01.849  3156  3758 I Telecom : : Sending phone-account registered intent as user: TSI.rPA@ACI
05-27 04:12:01.856  3156  3156 V BackupManagerService: Connected to transport ComponentInfo{android/com.android.internal.backup.LocalTransportService}
05-27 04:12:01.856  3156  3156 V BackupManagerService: Registering transport android/com.android.internal.backup.LocalTransportService::android/com.android.internal.backup.LocalTransport = android.app.backup.BackupTransport$TransportImpl@f8dc11f
05-27 04:12:01.860  3156  4350 V KeyValueBackupJob: Scheduling k/v pass in 243 minutes
05-27 04:12:01.913  3156  3452 I ActivityManager: Start proc 4377:com.google.android.googlequicksearchbox:interactor/u0a40 for service com.google.android.googlequicksearchbox/com.google.android.voiceinteraction.GsaVoiceInteractionService
05-27 04:12:01.915  3156  3452 I ActivityManager: Loading recents for user 0 into memory.
05-27 04:12:01.958  3156  3452 I ActivityManager: Start proc 4396:com.goodix.fingerprint/1000 for added application com.goodix.fingerprint
05-27 04:12:01.986  3156  3452 I ActivityManager: Start proc 4415:.dataservices/1000 for added application .dataservices
05-27 04:12:01.999  3156  3452 I ActivityManager: Start proc 4429:com.android.nfc/1027 for added application com.android.nfc
05-27 04:12:02.017  3156  3452 I ActivityManager: Start proc 4441:com.qti.launcherunreadservice/1000 for added application com.qti.launcherunreadservice
05-27 04:12:02.042  3156  3452 I ActivityManager: Start proc 4463:com.qualcomm.qti.rcsbootstraputil/1001 for added application com.qualcomm.qti.rcsbootstraputil
05-27 04:12:02.061  3156  3452 I ActivityManager: Start proc 4477:com.qualcomm.qti.loadcarrier/1001 for added application com.qualcomm.qti.loadcarrier
05-27 04:12:02.065  3156  4350 I BackupManagerService: Found stale backup journal, scheduling
05-27 04:12:02.065  3156  3470 W WindowManager: App freeze timeout expired.
05-27 04:12:02.079  3156  3452 I ActivityManager: Start proc 4490:com.qualcomm.qti.carrierconfigure/1000 for added application com.qualcomm.qti.carrierconfigure
05-27 04:12:02.098  3156  3452 I ActivityManager: Start proc 4499:com.oma.drm.server/u0a69 for added application com.oma.drm.server
05-27 04:12:02.111  3156  3452 I ActivityManager: Start proc 4519:com.qualcomm.qti.services.secureui:sui_service/1000 for added application com.qualcomm.qti.services.secureui:sui_service
05-27 04:12:02.113  3156  3452 D ActivityManager: Sending BOOT_COMPLETE user #0
05-27 04:12:02.164  3156  3156 V NotificationListeners: enabling notification listener for 0: ComponentInfo{com.smartron.tronx/com.smartron.tronx.service.NotificationService}
05-27 04:12:02.192  3156  3932 I ActivityManager: Start proc 4538:com.android.keychain/1000 for service com.android.keychain/.KeyChainService
05-27 04:12:02.218  3156  3156 W ActivityManager: Unable to start service Intent { act=android.service.notification.NotificationListenerService cmp=com.smartron.tronx/.service.NotificationService } U=0: not found
05-27 04:12:02.219  3156  3156 W NotificationListeners: Unable to bind notification listener service: Intent { act=android.service.notification.NotificationListenerService cmp=com.smartron.tronx/.service.NotificationService (has extras) }
05-27 04:12:02.240  3156  3469 D BluetoothManagerService: Message: 20
05-27 04:12:02.240  3156  3469 D BluetoothManagerService: Added callback: android.bluetooth.IBluetoothManagerCallback$Stub$Proxy@61234fc:true
05-27 04:12:02.259  3156  3450 I ActivityManager: Start proc 4555:com.android.printspooler/u0a76 for service com.android.printspooler/.model.PrintSpoolerService
05-27 04:12:02.289  4490  4490 W ContextImpl: Calling a method in the system process without a qualified user: android.app.ContextImpl.startService:1357 android.content.ContextWrapper.startService:613 com.qualcomm.qti.carrierconfigure.ConfigurationApplication.onCreate:156 android.app.Instrumentation.callApplicationOnCreate:1025 android.app.ActivityThread.handleBindApplication:5403 
05-27 04:12:02.313  4490  4490 W ContextImpl: Calling a method in the system process without a qualified user: android.app.ContextImpl.bindService:1421 android.content.ContextWrapper.bindService:636 com.qualcomm.qti.carrierconfigure.SetTargetSlotService.onCreate:90 android.app.ActivityThread.handleCreateService:3191 android.app.ActivityThread.-wrap5:-1 
05-27 04:12:02.316  3156  4462 I ActivityManager: START u0 {act=android.intent.action.MAIN cat=[android.intent.category.HOME] flg=0x10000100 cmp=com.smartron.launcher/com.smartron.smextension.SmartronLauncher} from uid 0 on display 0
05-27 04:12:02.352  3156  3624 I ActivityManager: Start proc 4575:com.smartron.launcher/u0a31 for activity com.smartron.launcher/com.smartron.smextension.SmartronLauncher
05-27 04:12:02.367  3156  3984 W BackupManagerService: dataChanged but no participant pkg='com.android.providers.settings' uid=10036
05-27 04:12:02.374  4415  4415 W ContextImpl: Calling a method in the system process without a qualified user: android.app.ContextImpl.sendBroadcast:877 android.content.ContextWrapper.sendBroadcast:421 com.quicinc.cne.CNEService.CNEServiceApp.broadcastCNEStarted:103 com.quicinc.cne.CNEService.CNEServiceApp.startCne:123 com.quicinc.cne.CNEService.CNEServiceApp.onCreate:94 
05-27 04:12:02.379  3156  3939 I ActivityManager: Start proc 4591:com.qualcomm.qti.accesscache/u0a44 for service com.qualcomm.qti.accesscache/.CarrierAccessCacheService
05-27 04:12:02.390  3846  3846 D MccTable: updateMccMncConfiguration mccmnc='' fromServiceState=false
05-27 04:12:02.412  3156  4498 I ActivityManager: Start proc 4621:com.google.process.gapps/u0a13 for content provider com.google.android.gsf/.gservices.GservicesProvider
05-27 04:12:02.424  3156  3469 D BluetoothManagerService: Message: 20
05-27 04:12:02.425  3156  3469 D BluetoothManagerService: Added callback: android.bluetooth.IBluetoothManagerCallback$Stub$Proxy@94b9306:true
05-27 04:12:02.444  3156  3939 I Telecom : PhoneAccountRegistrar: [ComponentInfo{com.android.phone/com.android.services.telephony.TelephonyConnectionService}, [e0184adedf913b076626646d3f52c3b49c39ad6d], UserHandle{0}(icon: Icon(typ=BITMAP size=57x72) -> Icon(typ=BITMAP size=57x72))]: TSI.rPA@ACY
05-27 04:12:02.446  3156  3939 I Telecom : : Sending phone-account registered intent as user: TSI.rPA@ACY
05-27 04:12:02.486  3156  3317 I ActivityManager: Start proc 4698:com.android.smspush/u0a82 for service com.android.smspush/.WapPushManager
05-27 04:12:02.534  3156  4460 I Telecom : PhoneAccountRegistrar: [ComponentInfo{com.android.phone/com.android.services.telephony.TelephonyConnectionService}, [e0184adedf913b076626646d3f52c3b49c39ad6d], UserHandle{0}(icon: Icon(typ=BITMAP size=57x72) -> Icon(typ=BITMAP size=57x72))]: TSI.rPA@ACc
05-27 04:12:02.540  3156  4460 I Telecom : : Sending phone-account registered intent as user: TSI.rPA@ACc
05-27 04:12:02.562  3156  3156 I ActivityManager: Start proc 4776:com.qualcomm.location.XT/1000 for service com.qualcomm.location.XT/.XTSrv
05-27 04:12:02.589  3156  4526 I Telecom : PhoneAccountRegistrar: [ComponentInfo{com.android.phone/com.android.services.telephony.TelephonyConnectionService}, [e0184adedf913b076626646d3f52c3b49c39ad6d], UserHandle{0}(icon: Icon(typ=BITMAP size=57x72) -> Icon(typ=BITMAP size=57x72))]: TSI.rPA@ACo
05-27 04:12:02.597  3156  4526 I Telecom : : Sending phone-account registered intent as user: TSI.rPA@ACo
05-27 04:12:02.610  3156  3156 I ActivityManager: Start proc 4842:com.google.android.marvin.talkback/u0a89 for broadcast com.google.android.marvin.talkback/com.android.talkback.BootReceiver
05-27 04:12:02.633  3156  3311 I ActivityManager: Start proc 4868:com.google.android.googlequicksearchbox:search/u0a40 for service com.google.android.googlequicksearchbox/com.google.android.hotword.service.HotwordService
05-27 04:12:02.695  3156  3613 D ConnectivityService: Got NetworkFactory Messenger for WIFI
05-27 04:12:02.696  3156  3613 D ConnectivityService: Got NetworkFactory Messenger for WIFI_UT
05-27 04:12:02.724  3156  3455 E BatteryStatsService: no controller energy info supplied
05-27 04:12:02.741  3156  3455 E BatteryStatsService: no controller energy info supplied
05-27 04:12:02.786  3156  4688 I ActivityManager: Start proc 4946:com.google.android.deskclock/u0a50 for broadcast com.google.android.deskclock/com.android.deskclock.AlarmInitReceiver
05-27 04:12:02.888  3156  3452 W ActivityManager: Activity pause timeout for ActivityRecord{ea61818 u0 com.smartron.launcher/com.smartron.smextension.SmartronLauncher t15}
05-27 04:12:02.987  4377  4377 W KeyphraseEnrollmentInfo: No Enrollment application supports the given keyphrase/locale
05-27 04:12:03.023  3156  3311 I ActivityManager: Start proc 5004:android.process.acore/u0a1 for broadcast com.android.providers.contacts/.PhoneAccountRegistrationReceiver
05-27 04:12:03.041  3156  4688 I ActivityManager: Start proc 5021:com.google.android.partnersetup/u0a19 for content provider com.google.android.partnersetup/.RlzAppProvider
05-27 04:12:03.072  3156  3156 V BackupManagerService: Connected to transport ComponentInfo{com.google.android.gms/com.google.android.gms.backup.BackupTransportService}
05-27 04:12:03.073  3156  3156 V BackupManagerService: Registering transport com.google.android.gms/.backup.BackupTransportService::com.google.android.gms/.backup.BackupTransportService = com.android.internal.backup.IBackupTransport$Stub$Proxy@1bb7184
05-27 04:12:03.185  3156  3624 I ActivityManager: Start proc 5047:android.process.media/u0a14 for broadcast com.android.providers.downloads/.DownloadReceiver
05-27 04:12:03.382  3156  4526 I ActivityManager: Start proc 5074:com.smartron.gallery/u0a14 for broadcast com.smartron.gallery/.MountReceiver
05-27 04:12:03.644  3156  3469 D BluetoothManagerService: Message: 20
05-27 04:12:03.644  3156  3469 D BluetoothManagerService: Added callback: android.bluetooth.IBluetoothManagerCallback$Stub$Proxy@5928cbd:true
05-27 04:12:04.242  3156  3939 I ActivityManager: Start proc 5145:com.smartron.timewidget/u0a27 for broadcast com.smartron.timewidget/.TimeWidgetProvider
05-27 04:12:04.295  3156  5159 I BootReceiver: Copying audit failures to DropBox
05-27 04:12:04.295  3156  5159 I BootReceiver: Checking for fsck errors
05-27 04:12:04.296  3156  5159 I BootReceiver: Copying /data/tombstones/tombstone_03 to DropBox (SYSTEM_TOMBSTONE)
05-27 04:12:04.298  3156  3156 I ActivityManager: Start proc 5160:com.android.timerswitch/1000 for broadcast com.android.timerswitch/.TimerSwitchInitReceiver
05-27 04:12:04.356  3156  4460 I ActivityManager: Start proc 5174:com.qualcomm.display/1000 for broadcast com.qualcomm.cabl/.CABLReceiver
05-27 04:12:04.400  5174  5174 W ContextImpl: Calling a method in the system process without a qualified user: android.app.ContextImpl.startService:1357 android.content.ContextWrapper.startService:613 android.content.ContextWrapper.startService:613 com.qualcomm.cabl.CABLReceiver.onReceive:31 android.app.ActivityThread.handleReceiver:3040 
05-27 04:12:04.954  5174  5174 W ContextImpl: Calling a method in the system process without a qualified user: android.app.ContextImpl.startService:1357 android.content.ContextWrapper.startService:613 android.content.ContextWrapper.startService:613 com.qualcomm.svi.SVIReceiver.onReceive:31 android.app.ActivityThread.handleReceiver:3040 
05-27 04:12:04.974  3156  4526 I ActivityManager: Start proc 5200:com.android.dialer/u0a10 for broadcast com.android.dialer/.calllog.CallLogReceiver
05-27 04:12:05.155  3659  3659 V KeyguardDisplayManager: hide
05-27 04:12:05.299  3156  3758 I ActivityManager: Start proc 5233:com.qti.diagservices/1000 for broadcast com.qti.diagservices/.Diag_OnBoot
05-27 04:12:05.368  5233  5233 W ContextImpl: Calling a method in the system process without a qualified user: android.app.ContextImpl.startService:1357 android.content.ContextWrapper.startService:613 android.content.ContextWrapper.startService:613 com.qti.diagservices.Diag_OnBoot.onReceive:44 android.app.ActivityThread.handleReceiver:3040 
05-27 04:12:05.424  3156  3317 I ActivityManager: Start proc 5249:com.android.carrierconfig/u0a4 for service com.android.carrierconfig/.DefaultCarrierConfigService
05-27 04:12:05.445  3156  3624 I ActivityManager: Start proc 5263:com.qualcomm.qti.qs/1000 for broadcast com.qualcomm.qti.qs/.QSBroadcastReceiver
05-27 04:12:05.505  5263  5263 W ContextImpl: Calling a method in the system process without a qualified user: android.app.ContextImpl.startService:1357 android.content.ContextWrapper.startService:613 android.content.ContextWrapper.startService:613 com.qualcomm.qti.qs.QSBroadcastReceiver.onReceive:22 android.app.ActivityThread.handleReceiver:3040 
05-27 04:12:05.526  3156  3156 I Telecom : PhoneAccountRegistrar: SimCallManager queried, returning: null: TSI.gSCMFU@AC8
05-27 04:12:05.534  3156  3317 I ActivityManager: Start proc 5277:com.rock.gota/u0a26 for broadcast com.rock.gota/com.reach.ActionMonitor
05-27 04:12:05.551  3156  3156 I Telecom : PhoneAccountRegistrar: SimCallManager queried, returning: null: TSI.gSCMFU@ADA
05-27 04:12:05.572  3156  3624 I ActivityManager: Setting hasTopUi=false for pid=3659
05-27 04:12:05.643  5263  5263 W ContextImpl: Calling a method in the system process without a qualified user: android.app.ContextImpl.sendBroadcast:877 android.content.ContextWrapper.sendBroadcast:421 com.qualcomm.qti.qs.tiles.ApnTile.handleUpdateState:94 com.qualcomm.qti.qs.QSService.onStartCommand:103 android.app.ActivityThread.handleServiceArgs:3326 
05-27 04:12:05.653  5263  5263 W ContextImpl: Calling a method in the system process without a qualified user: android.app.ContextImpl.sendBroadcast:877 android.content.ContextWrapper.sendBroadcast:421 com.qualcomm.qti.qs.tiles.DataTile.handleUpdateState:77 com.qualcomm.qti.qs.QSService.onStartCommand:103 android.app.ActivityThread.handleServiceArgs:3326 
05-27 04:12:05.661  5263  5263 W ContextImpl: Calling a method in the system process without a qualified user: android.app.ContextImpl.sendBroadcast:877 android.content.ContextWrapper.sendBroadcast:421 com.qualcomm.qti.qs.tiles.DdsTile.handleUpdateState:102 com.qualcomm.qti.qs.QSService.onStartCommand:103 android.app.ActivityThread.handleServiceArgs:3326 
05-27 04:12:05.666  5263  5263 W ContextImpl: Calling a method in the system process without a qualified user: android.app.ContextImpl.sendBroadcast:877 android.content.ContextWrapper.sendBroadcast:421 com.qualcomm.qti.qs.tiles.RoamingTile.handleUpdateState:75 com.qualcomm.qti.qs.QSService.onStartCommand:103 android.app.ActivityThread.handleServiceArgs:3326 
05-27 04:12:05.894  3156  3311 I ActivityManager: Start proc 5312:com.android.managedprovisioning/u0a22 for broadcast com.android.managedprovisioning/.BootReminder
05-27 04:12:06.006  3156  3311 I ActivityManager: Start proc 5332:com.android.providers.calendar/u0a2 for broadcast com.android.providers.calendar/.CalendarReceiver
05-27 04:12:06.331  3877  3877 W ContextImpl: Calling a method in the system process without a qualified user: android.app.ContextImpl.startService:1357 android.content.ContextWrapper.startService:613 android.content.ContextWrapper.startService:613 com.android.settings.SettingsBootReceiver.onReceive:25 android.app.ActivityThread.handleReceiver:3040 
05-27 04:12:06.356  3156  3984 I BroadcastQueue: Delay finish: com.android.settings/.SettingsBootReceiver
05-27 04:12:06.411  3156  3939 I ActivityManager: START u0 {act=android.intent.action.MAIN cat=[android.intent.category.LAUNCHER] flg=0x10200000 cmp=com.smartron.camera/com.android.camera.CameraLauncher bnds=[840,1688][1035,1928] (has extras)} from uid 10031 on display 0
05-27 04:12:06.465  3156  4688 I ActivityManager: Start proc 5386:com.smartron.camera/u0a30 for activity com.smartron.camera/com.android.camera.CameraLauncher
05-27 04:12:06.843  3156  3984 I BroadcastQueue: Resuming delayed broadcast
05-27 04:12:06.870  3156  3311 I ActivityManager: Start proc 5409:com.android.vending/u0a33 for broadcast com.android.vending/com.google.android.finsky.receivers.BootCompletedReceiver
05-27 04:12:07.145  3156  3491 I ActivityManager: Killing 4358:com.google.android.gms.persistent/u0a13 (adj 100): change com.google.android.gms
05-27 04:12:07.146  3156  3491 D ActivityManager: cleanUpApplicationRecord -- 4358
05-27 04:12:07.147  3156  3491 W ActivityManager: Scheduling restart of crashed service com.google.android.gms/com.google.android.location.internal.server.HardwareArProviderService in 1000ms
05-27 04:12:07.147  3156  3491 W ActivityManager: Scheduling restart of crashed service com.google.android.gms/com.google.android.location.places.service.PlaceDetectionAsyncService in 10999ms
05-27 04:12:07.147  3156  3491 W ActivityManager: Scheduling restart of crashed service com.google.android.gms/.trustagent.speech.service.VoiceUnlockService in 20999ms
05-27 04:12:07.148  3156  3491 W ActivityManager: Scheduling restart of crashed service com.google.android.gms/com.google.android.contextmanager.service.ContextManagerService in 30999ms
05-27 04:12:07.148  3156  3491 W ActivityManager: Scheduling restart of crashed service com.google.android.gms/com.google.android.location.fused.service.FusedProviderService in 40999ms
05-27 04:12:07.148  3156  3491 W ActivityManager: Scheduling restart of crashed service com.google.android.gms/com.google.android.location.geofencer.service.GeofenceProviderService in 50999ms
05-27 04:12:07.148  3156  3491 W ActivityManager: Scheduling restart of crashed service com.google.android.gms/.icing.service.LightweightIndexService in 60999ms
05-27 04:12:07.148  3156  3491 W ActivityManager: Scheduling restart of crashed service com.google.android.gms/com.google.android.location.network.NetworkLocationService in 70999ms
05-27 04:12:07.148  3156  3491 W ActivityManager: Scheduling restart of crashed service com.google.android.gms/.tapandpay.hce.service.TpHceService in 80998ms
05-27 04:12:07.148  3156  3491 W ActivityManager: Scheduling restart of crashed service com.google.android.gms/.phenotype.service.PhenotypeService in 90998ms
05-27 04:12:07.148  3156  3491 W ActivityManager: Scheduling restart of crashed service com.google.android.gms/com.google.android.location.internal.server.GoogleLocationService in 100998ms
05-27 04:12:07.148  3156  3491 W ActivityManager: Scheduling restart of crashed service com.google.android.gms/.backup.BackupTransportService in 110998ms
05-27 04:12:07.148  3156  3491 W ActivityManager: Scheduling restart of crashed service com.google.android.gms/com.google.android.location.geocode.GeocodeService in 120998ms
05-27 04:12:07.149  3156  3491 W ActivityManager: Scheduling restart of crashed service com.google.android.gms/.config.ConfigService in 130998ms
05-27 04:12:07.149  3156  3491 W ActivityManager: Scheduling restart of crashed service com.google.android.gms/com.google.android.location.internal.GoogleLocationManagerService in 140998ms
05-27 04:12:07.149  3156  3491 W ActivityManager: Scheduling restart of crashed service com.google.android.gms/.clearcut.service.ClearcutLoggerService in 150998ms
05-27 04:12:07.149  3156  3491 W ActivityManager: Scheduling restart of crashed service com.google.android.gms/com.google.android.location.places.service.PlaceDetectionService in 160998ms
05-27 04:12:07.366  3156  3450 I ActivityManager: Start proc 5517:com.google.android.gms.persistent/u0a13 for service com.google.android.gms/com.google.android.location.geocode.GeocodeService
05-27 04:12:07.391  3156  3156 V BackupManagerService: Disconnected from transport ComponentInfo{com.google.android.gms/com.google.android.gms.backup.BackupTransportService}
05-27 04:12:07.391  3156  3612 D RttService: Client connection lost with reason: 4
05-27 04:12:07.391  3156  3156 V BackupManagerService: Registering transport com.google.android.gms/.backup.BackupTransportService::null = null
05-27 04:12:07.391  3156  3612 D RttService: closing client android.os.Messenger@b6037b9
05-27 04:12:07.402  3156  3452 W ActivityManager: Scheduling restart of crashed service com.google.android.gms/com.google.android.location.places.service.PlaceDetectionAsyncService in 1000ms
05-27 04:12:07.402  3156  3452 W ActivityManager: Scheduling restart of crashed service com.google.android.gms/.trustagent.speech.service.VoiceUnlockService in 10999ms
05-27 04:12:07.403  3156  3452 W ActivityManager: Scheduling restart of crashed service com.google.android.gms/com.google.android.contextmanager.service.ContextManagerService in 20999ms
05-27 04:12:07.403  3156  3452 W ActivityManager: Scheduling restart of crashed service com.google.android.gms/.icing.service.LightweightIndexService in 30998ms
05-27 04:12:07.404  3156  3452 W ActivityManager: Scheduling restart of crashed service com.google.android.gms/com.google.android.location.network.NetworkLocationService in 40998ms
05-27 04:12:07.404  3156  3452 W ActivityManager: Scheduling restart of crashed service com.google.android.gms/.tapandpay.hce.service.TpHceService in 50998ms
05-27 04:12:07.404  3156  3452 W ActivityManager: Scheduling restart of crashed service com.google.android.gms/.phenotype.service.PhenotypeService in 60998ms
05-27 04:12:07.404  3156  3452 W ActivityManager: Scheduling restart of crashed service com.google.android.gms/com.google.android.location.internal.server.GoogleLocationService in 70997ms
