05-27 06:41:42.367  1889  2072 W XTCC-5.1.0.19-a: [LOWIUtils] to_eScanTypeResponse - default case
05-27 06:41:42.367  1889  2072 W XTCC-5.1.0.19-a: [WifiScanner] WiFi scan result : [73] AP's
05-27 06:41:42.682   599   979 I AudioPolicyManagerCustom: FLAG None hence request for a primary output
05-27 06:41:42.682   599  3623 I AudioPolicyManagerCustom: FLAG None hence request for a primary output
05-27 06:41:42.684   599   855 D audio_hw_primary: start_output_stream: enter: stream(0xee425200)usecase(1: low-latency-playback) devices(0x2)
05-27 06:41:42.684   599   855 D audio_hw_primary: select_devices: out_snd_device(2: speaker) in_snd_device(0: )
05-27 06:41:42.684   599   855 I msm8916_platform: platform_check_and_set_codec_backend_cfg: Usecase bitwidth 16, samplerate 48000, backend_idx 0
05-27 06:41:42.684   599   855 I msm8916_platform: platform_check_codec_backend_cfg Codec selected backend: 0 current bit width: 16 and sample rate: 48000
05-27 06:41:42.684   599   855 D msm8916_platform: platform_check_codec_backend_cfg: resetting sample_rate back to default, backend_idx: 0
05-27 06:41:42.684   599   855 I msm8916_platform: platform_check_codec_backend_cfg Codec selected backend: 0 updated bit width: 16 and sample rate: 48000
05-27 06:41:42.684   599   855 D hardware_info: hw_info_append_hw_type : device_name = speaker
05-27 06:41:42.684   599   855 D audio_hw_primary: enable_snd_device: snd_device(2: speaker)
05-27 06:41:42.684   599   855 I soundtrigger: audio_extn_sound_trigger_update_device_status: device 0x2 of type 0 for Event 1, with Raise=0
05-27 06:41:42.685   610   810 D NuPlayerDriver: stop(0xe742ac60)
05-27 06:41:42.685   610   810 D NuPlayerDriver: notifyListener_l(0xe742ac60), (8, 0, 0), loop setting(0, 0)
05-27 06:41:42.686  3659  3674 W MessageQueue: Handler (android.media.MediaPlayer$EventHandler) {3235809} sending message to a Handler on a dead thread
05-27 06:41:42.686  3659  3674 W MessageQueue: java.lang.IllegalStateException: Handler (android.media.MediaPlayer$EventHandler) {3235809} sending message to a Handler on a dead thread
05-27 06:41:42.686  3659  3674 W MessageQueue: 	at android.os.MessageQueue.enqueueMessage(MessageQueue.java:543)
05-27 06:41:42.686  3659  3674 W MessageQueue: 	at android.os.Handler.enqueueMessage(Handler.java:643)
05-27 06:41:42.686  3659  3674 W MessageQueue: 	at android.os.Handler.sendMessageAtTime(Handler.java:612)
05-27 06:41:42.686  3659  3674 W MessageQueue: 	at android.os.Handler.sendMessageDelayed(Handler.java:582)
05-27 06:41:42.686  3659  3674 W MessageQueue: 	at android.os.Handler.sendMessage(Handler.java:519)
05-27 06:41:42.686  3659  3674 W MessageQueue: 	at android.media.MediaPlayer.postEventFromNative(MediaPlayer.java:3060)
05-27 06:41:42.687   610  3707 D NuPlayerDriver: reset(0xe742ac60) at state 8
05-27 06:41:42.692   599   855 I audio_hw_primary: select_devices Selected apptype: 69937
05-27 06:41:42.692   599   855 D soundtrigger: audio_extn_sound_trigger_update_stream_status: uc_id 1 of type 0 for Event 3, with Raise=0
05-27 06:41:42.693   599   855 I audio_hw_utils: audio_extn_utils_send_app_type_cfg app_type 69937, acdb_dev_id 14, sample_rate 48000
05-27 06:41:42.693   599   855 D ACDB-LOADER: ACDB -> send_audio_cal, acdb_id = 14, path =  0
05-27 06:41:42.693   599   855 D ACDB-LOADER: ACDB -> send_asm_topology
05-27 06:41:42.693   599   855 D ACDB-LOADER: ACDB -> ACDB_CMD_GET_AUDPROC_STREAM_TOPOLOGY_ID
05-27 06:41:42.693   599   855 D ACDB-LOADER: ACDB -> send_adm_topology
05-27 06:41:42.693   599   855 D ACDB-LOADER: ACDB -> ACDB_CMD_GET_AUDPROC_COMMON_TOPOLOGY_ID
05-27 06:41:42.693   599   855 D ACDB-LOADER: ACDB -> send_audtable
05-27 06:41:42.693   599   855 D ACDB-LOADER: ACDB -> ACDB_CMD_GET_AUDPROC_COMMON_TABLE_SIZE
05-27 06:41:42.693   599   855 D ACDB-LOADER: ACDB -> ACDB_CMD_GET_AUDPROC_COMMON_TABLE
05-27 06:41:42.693   599   855 D ACDB-LOADER: ACDB -> AUDIO_SET_AUDPROC_CAL
05-27 06:41:42.693   599   855 D ACDB-LOADER: ACDB -> send_audvoltable
05-27 06:41:42.693   599   855 D ACDB-LOADER: ACDB -> ACDB_CMD_GET_AUDPROC_GAIN_DEP_STEP_TABLE
05-27 06:41:42.694   599   855 D ACDB-LOADER: ACDB -> AUDIO_SET_AUDPROC_VOL_CAL
05-27 06:41:42.694   599   855 D ACDB-LOADER: ACDB -> send_audstrmtable
05-27 06:41:42.694   599   855 D ACDB-LOADER: ACDB -> ACDB_CMD_GET_AUDPROC_STREAM_TABLE_V2
05-27 06:41:42.694   599   855 D ACDB-LOADER: ACDB -> audstrm_cal->cal_type.cal_data.cal_size = 32
05-27 06:41:42.694   599   855 D ACDB-LOADER: ACDB -> send_afe_topology
05-27 06:41:42.694   599   855 D ACDB-LOADER: ACDB -> ACDB_CMD_GET_AFE_TOPOLOGY_ID
05-27 06:41:42.694   599   855 D ACDB-LOADER: ACDB -> GET_AFE_TOPOLOGY_ID for adcd_id 14, Topology Id 1025e
05-27 06:41:42.694   599   855 D ACDB-LOADER: ACDB -> send_afe_cal
05-27 06:41:42.694   599   855 D ACDB-LOADER: ACDB -> ACDB_CMD_GET_AFE_COMMON_TABLE
05-27 06:41:42.694   599   855 D ACDB-LOADER: ACDB -> AUDIO_SET_AFE_CAL
05-27 06:41:42.694   599   855 D ACDB-LOADER: ACDB -> send_hw_delay : acdb_id = 14 path = 0
05-27 06:41:42.694   599   855 D ACDB-LOADER: ACDB -> ACDB_AVSYNC_INFO: ACDB_CMD_GET_DEVICE_PROPERTY
05-27 06:41:42.694   599   855 D audio_hw_primary: enable_audio_route: apply mixer and update path: low-latency-playback
05-27 06:41:42.699   599   855 D audio_hw_primary: select_devices: done
05-27 06:41:42.704   610  6512 W AMessage: failed to post message as target looper for handler 0 is gone.
05-27 06:41:42.705   610  6512 D NuPlayerDriver: notifyResetComplete(0xe742ac60)
05-27 06:41:42.709   599   855 D msm8916_platform: platform_set_channel_map mixer_ctl_name:Playback Channel Map12
05-27 06:41:42.709   599   855 D msm8916_platform: platform_set_channel_map: set mapping(1 2 0 0 0 0 0 0) for channel:2
05-27 06:41:42.745   599   855 D audio_hw_primary: start_output_stream: exit
05-27 06:41:43.230  4394  4411 E ANDR-PERF-MPCTL: Invalid profile no. 0, total profiles 0 only
05-27 06:41:43.334  3659  3659 D KeyguardSecurityView: showNextSecurityScreenOrFinish(false)
05-27 06:41:43.335  3659  3659 D KeyguardViewMediator: keyguardDone(true)
05-27 06:41:43.338  3659  3659 D PhoneStatusBar: disable: < expand ICONS alerts SYSTEM_INFO back HOME RECENT clock SEARCH quick_settings >
05-27 06:41:43.340  3659  3659 D KeyguardViewMediator: handleKeyguardDone
05-27 06:41:43.340  3659  3659 D KeyguardViewMediator: handleHide
05-27 06:41:43.340  3659  3659 D KeyguardViewMediator: keyguardGoingAway
05-27 06:41:43.372  3659  3659 D KeyguardViewMediator: handleStartKeyguardExitAnimation startTime=8383233 fadeoutDuration=400
05-27 06:41:43.379   599  3623 I AudioPolicyManagerCustom: FLAG None hence request for a primary output
05-27 06:41:43.380   599   979 I AudioPolicyManagerCustom: FLAG None hence request for a primary output
05-27 06:41:43.390  3659  3659 D PhoneStatusBar: disable: < expand icons* alerts system_info* back HOME RECENT clock SEARCH quick_settings >
05-27 06:41:43.401  3659  3659 V KeyguardDisplayManager: hide
05-27 06:41:43.401  3659  3659 D KeyguardUpdateMonitor: onKeyguardVisibilityChanged(false)
05-27 06:41:43.403  3659  3659 D KeyguardViewMediator: adjustStatusBarLocked: mShowing=false mOccluded=false isSecure=false --> flags=0x0
05-27 06:41:43.425  3156  4688 W InputMethodManagerService: Window already focused, ignoring focus gain of: com.android.internal.view.IInputMethodClient$Stub$Proxy@ce6ba1d attribute=android.view.inputmethod.EditorInfo@a604492, token = android.os.BinderProxy@103383a
05-27 06:41:43.438  4429  4988 I chatty  : uid=1027(nfc) AsyncTask #1 expire 2 lines
05-27 06:41:43.438  4429  4968 I chatty  : uid=1027(nfc) AsyncTask #1 expire 5 lines
05-27 06:41:43.439  3659  3659 D BatteryMeterDrawable: Charging false mPluggedIn false
05-27 06:41:43.440  3659  3659 D BatteryMeterDrawable: Charging false mPluggedIn false
05-27 06:41:43.440  4429  4989 I chatty  : uid=1027(nfc) AsyncTask #1 expire 4 lines
05-27 06:41:43.440  3659  3659 D PhoneStatusBar: disable: < expand icons alerts system_info back home* recent* clock search* quick_settings >
05-27 06:41:43.442  4429  4988 I chatty  : uid=1027(nfc) AsyncTask #1 expire 4 lines
05-27 06:41:43.442  4429  4989 I chatty  : uid=1027(nfc) AsyncTask #1 expire 2 lines
05-27 06:41:43.442  4429  4991 I chatty  : uid=1027(nfc) AsyncTask #1 expire 3 lines
05-27 06:41:43.446  6002  9707 I Authzen : [DeviceStateSyncManager] The server is in sync with current state. Nothing to do
05-27 06:41:43.446  4429  4988 I chatty  : uid=1027(nfc) AsyncTask #1 expire 2 lines
05-27 06:41:43.446  4429  4968 I chatty  : uid=1027(nfc) AsyncTask #1 expire 3 lines
05-27 06:41:43.447  4429  4429 I chatty  : uid=1027(nfc) com.android.nfc expire 18 lines
05-27 06:41:43.451  4429  4968 I chatty  : uid=1027(nfc) AsyncTask #1 expire 5 lines
05-27 06:41:43.455  4429  4429 I chatty  : uid=1027(nfc) com.android.nfc expire 3 lines
05-27 06:41:43.456  4429  4968 I chatty  : uid=1027(nfc) AsyncTask #1 expire 8 lines
05-27 06:41:43.456  4429  4429 I chatty  : uid=1027(nfc) com.android.nfc expire 3 lines
05-27 06:41:43.456  4429  4968 I chatty  : uid=1027(nfc) AsyncTask #1 expire 9 lines
05-27 06:41:43.456  4429  4429 I chatty  : uid=1027(nfc) com.android.nfc expire 6 lines
05-27 06:41:43.457  4429  4968 I chatty  : uid=1027(nfc) AsyncTask #1 expire 11 lines
05-27 06:41:43.457  4429  4429 I chatty  : uid=1027(nfc) com.android.nfc expire 1 line
05-27 06:41:43.457  4429  4968 I chatty  : uid=1027(nfc) AsyncTask #1 expire 117 lines
05-27 06:41:43.459  4429  4429 I chatty  : uid=1027(nfc) com.android.nfc expire 13 lines
05-27 06:41:43.462  4429  4989 I chatty  : uid=1027(nfc) AsyncTask #1 expire 12 lines
05-27 06:41:43.464  4429  4991 I chatty  : uid=1027(nfc) AsyncTask #1 expire 10 lines
05-27 06:41:43.467  6002  6002 I DeviceCache: Unable to convert the the network interface's MAC Address to string. MAC address cannot be null.
05-27 06:41:43.470  6002  6002 I DeviceCache: Unable to convert the the network interface's MAC Address to string. MAC address cannot be null.
05-27 06:41:43.471  4429  4988 I chatty  : uid=1027(nfc) AsyncTask #1 expire 10 lines
05-27 06:41:43.473  6002  6002 I DeviceCache: Unable to convert the the network interface's MAC Address to string. MAC address cannot be null.
05-27 06:41:43.474  6002  6002 I DeviceCache: Unable to convert the the network interface's MAC Address to string. MAC address cannot be null.
05-27 06:41:43.483  4868  4868 I OptInState: There is a new client and it does not support opt-in. Dropping request.
05-27 06:41:43.498  4868  9719 W LocationOracle: No location history returned by ContextManager
05-27 06:41:43.579  5798  8416 E ctxmgr  : [NetworkUtil]No active synchronizable contexts.
05-27 06:41:43.611  5798  8416 I GoogleURLConnFactory: Using platform SSLCertificateSocketFactory
05-27 06:41:43.615  5798  8416 E BaseAppContext: Tried to stop global GMSCore RequestQueue. This is likely unintended, so ignoring.
05-27 06:41:43.624  1886  4353 E LOWI-7.7.2.5.a: [LOWIUtils] channelBandToFreq: Invalid band,channel = 1,0
05-27 06:41:43.624  1886  4353 E LOWI-7.7.2.5.a: [LOWIUtils] channelBandToFreq: Invalid band,channel = 1,0
05-27 06:41:43.624  1886  4353 E LOWI-7.7.2.5.a: [LOWIUtils] channelBandToFreq: Invalid band,channel = 1,0
05-27 06:41:43.625  1886  4353 E LOWI-7.7.2.5.a: [LOWIUtils] channelBandToFreq: Invalid band,channel = 1,0
05-27 06:41:43.625  1886  4353 E LOWI-7.7.2.5.a: [LOWIUtils] channelBandToFreq: Invalid band,channel = 1,0
05-27 06:41:43.625  1886  4353 E LOWI-7.7.2.5.a: [LOWIUtils] channelBandToFreq: Invalid band,channel = 1,0
05-27 06:41:43.625  1886  4353 E LOWI-7.7.2.5.a: [LOWIUtils] channelBandToFreq: Invalid band,channel = 1,0
05-27 06:41:43.625  1886  4353 E LOWI-7.7.2.5.a: [LOWIUtils] channelBandToFreq: Invalid band,channel = 1,0
05-27 06:41:43.625  1886  4353 E LOWI-7.7.2.5.a: [LOWIUtils] channelBandToFreq: Invalid band,channel = 1,0
05-27 06:41:43.625  1886  4353 E LOWI-7.7.2.5.a: [LOWIUtils] channelBandToFreq: Invalid band,channel = 1,0
05-27 06:41:43.625  1886  4353 E LOWI-7.7.2.5.a: [LOWIUtils] channelBandToFreq: Invalid band,channel = 1,0
05-27 06:41:43.625  1886  4353 E LOWI-7.7.2.5.a: [LOWIUtils] channelBandToFreq: Invalid band,channel = 1,0
05-27 06:41:43.625  1886  4353 E LOWI-7.7.2.5.a: [LOWIUtils] channelBandToFreq: Invalid band,channel = 1,0
05-27 06:41:43.625  1886  4353 E LOWI-7.7.2.5.a: [LOWIUtils] channelBandToFreq: Invalid band,channel = 1,0
05-27 06:41:43.625  1886  4353 E LOWI-7.7.2.5.a: [LOWIUtils] channelBandToFreq: Invalid band,channel = 1,0
05-27 06:41:43.625  1886  4353 E LOWI-7.7.2.5.a: [LOWIUtils] channelBandToFreq: Invalid band,channel = 1,0
05-27 06:41:43.626  1886  4353 E LOWI-7.7.2.5.a: [LOWIUtils] channelBandToFreq: Invalid band,channel = 1,0
05-27 06:41:43.626  1886  4353 E LOWI-7.7.2.5.a: [LOWIUtils] channelBandToFreq: Invalid band,channel = 1,0
05-27 06:41:43.626  1886  4353 E LOWI-7.7.2.5.a: [LOWIUtils] channelBandToFreq: Invalid band,channel = 1,0
05-27 06:41:43.626  1886  4353 E LOWI-7.7.2.5.a: [LOWIUtils] channelBandToFreq: Invalid band,channel = 1,0
05-27 06:41:43.626  1886  4353 E LOWI-7.7.2.5.a: [LOWIUtils] channelBandToFreq: Invalid band,channel = 1,0
05-27 06:41:43.626  1886  4353 E LOWI-7.7.2.5.a: [LOWIUtils] channelBandToFreq: Invalid band,channel = 1,0
05-27 06:41:43.626  1886  4353 E LOWI-7.7.2.5.a: [LOWIUtils] channelBandToFreq: Invalid band,channel = 1,0
05-27 06:41:43.626  1886  4353 E LOWI-7.7.2.5.a: [LOWIUtils] channelBandToFreq: Invalid band,channel = 1,0
05-27 06:41:43.627  1886  4353 E LOWI-7.7.2.5.a: [LOWIUtils] channelBandToFreq: Invalid band,channel = 1,0
05-27 06:41:43.627  1886  4353 E LOWI-7.7.2.5.a: [LOWIUtils] channelBandToFreq: Invalid band,channel = 1,0
05-27 06:41:43.627  1886  4353 E LOWI-7.7.2.5.a: [LOWIUtils] channelBandToFreq: Invalid band,channel = 1,0
05-27 06:41:43.627  1886  4353 E LOWI-7.7.2.5.a: [LOWIUtils] channelBandToFreq: Invalid band,channel = 1,0
05-27 06:41:43.628  1886  4353 E LOWI-7.7.2.5.a: [LOWIUtils] channelBandToFreq: Invalid band,channel = 1,0
05-27 06:41:43.628  1886  4353 E LOWI-7.7.2.5.a: [LOWIUtils] channelBandToFreq: Invalid band,channel = 1,0
05-27 06:41:43.628  1886  4353 E LOWI-7.7.2.5.a: [LOWIUtils] channelBandToFreq: Invalid band,channel = 1,0
05-27 06:41:43.631  1886  4353 E LOWI-7.7.2.5.a: [LOWIUtils] channelBandToFreq: Invalid band,channel = 1,0
05-27 06:41:43.631  1886  4353 E LOWI-7.7.2.5.a: [LOWIUtils] channelBandToFreq: Invalid band,channel = 1,0
05-27 06:41:43.639  1886  4353 E LOWI-7.7.2.5.a: [LOWIUtils] channelBandToFreq: Invalid band,channel = 1,0
05-27 06:41:43.639  1886  4353 E LOWI-7.7.2.5.a: [LOWIUtils] channelBandToFreq: Invalid band,channel = 1,0
05-27 06:41:43.639  1886  4353 E LOWI-7.7.2.5.a: [LOWIUtils] channelBandToFreq: Invalid band,channel = 1,0
05-27 06:41:43.639  1886  4353 E LOWI-7.7.2.5.a: [LOWIUtils] channelBandToFreq: Invalid band,channel = 1,0
05-27 06:41:43.639  1886  4353 E LOWI-7.7.2.5.a: [LOWIUtils] channelBandToFreq: Invalid band,channel = 1,0
05-27 06:41:43.639  1886  4353 E LOWI-7.7.2.5.a: [LOWIUtils] channelBandToFreq: Invalid band,channel = 1,0
05-27 06:41:43.640  1886  4353 E LOWI-7.7.2.5.a: [LOWIUtils] channelBandToFreq: Invalid band,channel = 1,0
05-27 06:41:43.640  1886  4353 E LOWI-7.7.2.5.a: [LOWIUtils] channelBandToFreq: Invalid band,channel = 1,0
05-27 06:41:43.640  1886  4353 E LOWI-7.7.2.5.a: [LOWIUtils] channelBandToFreq: Invalid band,channel = 1,0
05-27 06:41:43.640  1886  4353 E LOWI-7.7.2.5.a: [LOWIUtils] channelBandToFreq: Invalid band,channel = 1,0
05-27 06:41:43.640  1886  4353 E LOWI-7.7.2.5.a: [LOWIUtils] channelBandToFreq: Invalid band,channel = 1,0
05-27 06:41:43.640  1886  4353 E LOWI-7.7.2.5.a: [LOWIUtils] channelBandToFreq: Invalid band,channel = 1,0
05-27 06:41:43.640  1886  4353 E LOWI-7.7.2.5.a: [LOWIUtils] channelBandToFreq: Invalid band,channel = 1,0
05-27 06:41:43.640  1886  4353 E LOWI-7.7.2.5.a: [LOWIUtils] channelBandToFreq: Invalid band,channel = 1,0
05-27 06:41:43.640  1886  4353 E LOWI-7.7.2.5.a: [LOWIUtils] channelBandToFreq: Invalid band,channel = 1,0
05-27 06:41:43.640  1886  4353 E LOWI-7.7.2.5.a: [LOWIUtils] channelBandToFreq: Invalid band,channel = 1,0
05-27 06:41:43.640  1886  4353 E LOWI-7.7.2.5.a: [LOWIUtils] channelBandToFreq: Invalid band,channel = 1,0
05-27 06:41:43.640  1886  4353 E LOWI-7.7.2.5.a: [LOWIUtils] channelBandToFreq: Invalid band,channel = 1,0
05-27 06:41:43.640  1886  4353 E LOWI-7.7.2.5.a: [LOWIUtils] channelBandToFreq: Invalid band,channel = 1,0
05-27 06:41:43.641  1886  4353 E LOWI-7.7.2.5.a: [LOWIUtils] channelBandToFreq: Invalid band,channel = 1,0
05-27 06:41:43.641  1886  4353 E LOWI-7.7.2.5.a: [LOWIUtils] channelBandToFreq: Invalid band,channel = 1,0
05-27 06:41:43.641  1886  4353 E LOWI-7.7.2.5.a: [LOWIUtils] channelBandToFreq: Invalid band,channel = 1,0
05-27 06:41:43.641  1886  4353 E LOWI-7.7.2.5.a: [LOWIUtils] channelBandToFreq: Invalid band,channel = 1,0
05-27 06:41:43.641  1886  4353 E LOWI-7.7.2.5.a: [LOWIUtils] channelBandToFreq: Invalid band,channel = 1,0
05-27 06:41:43.641  1886  4353 E LOWI-7.7.2.5.a: [LOWIUtils] channelBandToFreq: Invalid band,channel = 1,0
05-27 06:41:43.642  1886  4353 E LOWI-7.7.2.5.a: [LOWIUtils] channelBandToFreq: Invalid band,channel = 1,0
05-27 06:41:43.642  1886  4353 E LOWI-7.7.2.5.a: [LOWIUtils] channelBandToFreq: Invalid band,channel = 1,0
05-27 06:41:43.642  1886  4353 E LOWI-7.7.2.5.a: [LOWIUtils] channelBandToFreq: Invalid band,channel = 1,0
05-27 06:41:43.642  1886  4353 E LOWI-7.7.2.5.a: [LOWIUtils] channelBandToFreq: Invalid band,channel = 1,0
05-27 06:41:43.642  1886  4353 E LOWI-7.7.2.5.a: [LOWIUtils] channelBandToFreq: Invalid band,channel = 1,0
05-27 06:41:43.642  1886  4353 E LOWI-7.7.2.5.a: [LOWIUtils] channelBandToFreq: Invalid band,channel = 1,0
05-27 06:41:43.643  1886  4353 E LOWI-7.7.2.5.a: [LOWIUtils] channelBandToFreq: Invalid band,channel = 1,0
05-27 06:41:43.643  1886  4353 E LOWI-7.7.2.5.a: [LOWIUtils] channelBandToFreq: Invalid band,channel = 1,0
05-27 06:41:43.654  3156  3825 I chatty  : uid=1000(system) FLP Service Cal expire 9 lines
05-27 06:41:43.669  1889  2072 W XTCC-5.1.0.19-a: [LOWIUtils] to_eScanTypeResponse - default case
05-27 06:41:43.669  1889  2072 W XTCC-5.1.0.19-a: [WifiScanner] WiFi scan result : [73] AP's
05-27 06:41:43.771  5798  8416 W ctxmgr  : [AclManager]No 3 for (accnt=account#-517948760#, com.google.android.googlequicksearchbox(10040):com.google.android.googlequicksearchbox, vrsn=9877000, 1, 3pPkg = null ,  3pMdlId = null). Was: 3 for 6, account#-517948760#
05-27 06:41:43.807  5798  8416 W ctxmgr  : [PlacesProducer]Not handling added production policy type=3
05-27 06:41:43.833  3156  3311 I ActivityManager: Setting hasTopUi=false for pid=3659
05-27 06:41:43.859  5798  9734 I PlaceInferenceEngine: [anon] Setup for configuration 105:[]
05-27 06:41:43.859  5798  9734 I PlaceInferenceEngine: [anon] Active modules after start(): 0
05-27 06:41:43.889  5798  9734 I Places  : ?: PlacesBleScanner start() with priority 2
05-27 06:41:43.889  5798  9734 I PlaceInferenceEngine: [anon] Setup for configuration 102:[BeaconScoring, CategoryScoring, DistanceScoring, GeoJournalScoring, HomeWorkScoring, HulkPersonaScoring, PopularityScoring, SpotterScoring, TimeBasedScoring, WifiScoring]
05-27 06:41:43.889  5798  9734 I PlaceInferenceEngine: [anon] Active modules after start(): 10
05-27 06:41:43.945  8923  8923 W GcmTaskService: com.google.android.youtube offline_what_to_watch_browse_fetch: Task already running, won't start another
05-27 06:41:43.979  5798  9306 I PlaceInferenceEngine: No beacon scan available - ignoring candidates.
05-27 06:41:44.012  5798  5798 E ctxmgr  : [PlaceFenceHelper]NearbyBuffer is null!
05-27 06:41:44.030  5798  8416 W ctxmgr  : [AclManager]No 2 for (accnt=account#-517948760#, com.google.android.gms(10013):PlacesProducer, vrsn=10298000, 0, 3pPkg = null ,  3pMdlId = null). Was: 3 for 18, account#-517948760#
05-27 06:41:44.518   599  3623 I AudioPolicyManagerCustom: FLAG None hence request for a primary output
05-27 06:41:44.519   599   979 I AudioPolicyManagerCustom: FLAG None hence request for a primary output
05-27 06:41:45.137  4394  4411 E ANDR-PERF-MPCTL: Invalid profile no. 0, total profiles 0 only
05-27 06:41:45.539  4394  4411 E ANDR-PERF-MPCTL: Invalid profile no. 0, total profiles 0 only
05-27 06:41:45.553  4394  4411 E ANDR-PERF-MPCTL: Invalid profile no. 0, total profiles 0 only
05-27 06:41:46.097   599  3623 I AudioPolicyManagerCustom: FLAG None hence request for a primary output
05-27 06:41:46.097   599   979 I AudioPolicyManagerCustom: FLAG None hence request for a primary output
05-27 06:41:46.176  3156  3598 I ActivityManager: START u0 {act=android.intent.action.MAIN cat=[android.intent.category.HOME] flg=0x10200000 cmp=com.smartron.launcher/com.smartron.smextension.SmartronLauncher (has extras)} from uid 1000 on display 0
05-27 06:41:46.215  4575  4972 W OpenGLRenderer: Incorrectly called buildLayer on View: QsbContainerView, destroying layer...
05-27 06:41:46.272   802   802 I MSM-irqbalance: Decided to move IRQ321 from CPU0 to CPU3
05-27 06:41:46.280   599  3623 I AudioPolicyManagerCustom: FLAG None hence request for a primary output
05-27 06:41:46.280   599   979 I AudioPolicyManagerCustom: FLAG None hence request for a primary output
05-27 06:41:46.364  3156  3598 I ActivityManager: START u0 {act=android.intent.action.MAIN cat=[android.intent.category.HOME] flg=0x10200000 cmp=com.smartron.launcher/com.smartron.smextension.SmartronLauncher (has extras)} from uid 1000 on display 0
05-27 06:41:47.219   599  3623 I AudioPolicyManagerCustom: FLAG None hence request for a primary output
05-27 06:41:47.219   599   979 I AudioPolicyManagerCustom: FLAG None hence request for a primary output
05-27 06:41:48.267   599  3623 I AudioPolicyManagerCustom: FLAG None hence request for a primary output
05-27 06:41:48.268   599   979 I AudioPolicyManagerCustom: FLAG None hence request for a primary output
05-27 06:41:48.356  3156  3598 I ActivityManager: START u0 {act=android.intent.action.MAIN cat=[android.intent.category.HOME] flg=0x10200000 cmp=com.smartron.launcher/com.smartron.smextension.SmartronLauncher (has extras)} from uid 1000 on display 0
05-27 06:41:48.407  4575  4972 W OpenGLRenderer: Incorrectly called buildLayer on View: QsbContainerView, destroying layer...
05-27 06:41:48.621  3156  3455 E BatteryStatsService: no controller energy info supplied
05-27 06:41:48.621  3156  3455 E BatteryStatsService: no controller energy info supplied
05-27 06:41:48.648  3156  3455 E BatteryStatsService: modem info is invalid: ModemActivityInfo{ mTimestamp=9014544 mSleepTimeMs=8746446 mIdleTimeMs=-7574902 mTxTimeMs[]=[0, 0, 0, 0, 0] mRxTimeMs=28454 mEnergyUsed=0}
05-27 06:41:48.659  4415  4563 W QCNEJ   : |CORE| CNE received unexpected action: android.intent.action.BATTERY_CHANGED
05-27 06:41:48.660  3659  3659 D KeyguardUpdateMonitor: received broadcast android.intent.action.BATTERY_CHANGED
05-27 06:41:48.661  3659  3659 D KeyguardUpdateMonitor: handleBatteryUpdate
05-27 06:41:48.665  3659  3659 D BatteryMeterDrawable: Charging false mPluggedIn false
05-27 06:41:48.665  3659  3659 D BatteryMeterDrawable: Charging false mPluggedIn false
05-27 06:41:48.665  3846  3846 E QtiImsExtUtils: getConfigForPhoneId subId is invalid
05-27 06:41:48.665  3846  3846 E QtiImsExtUtils: isCarrierConfigEnabled bundle is null
05-27 06:41:48.990  4868  4868 I MicroDetectionWorker: Micro detection mode: [mDetectionMode: [1]].
05-27 06:41:49.005  4868  4868 I MicroDetectionWorker: onReady
05-27 06:41:49.020  4868  9749 I GsaNativeCrashHandler: Loaded shared library: nativecrashreporter
05-27 06:41:49.050  4868  9749 I MicroDataManager: Created a new hotword model for:
05-27 06:41:49.050  4868  9749 I MicroDataManager: # com.google.android.apps.gsa.speech.microdetection.h@36410d17
05-27 06:41:49.053  4868  9719 I MicroRecognitionRunner: Starting detection.
05-27 06:41:49.055  4868  9717 I MicrophoneInputStream: mic_starting com.google.android.apps.gsa.speech.audio.af@2ba1ecf
05-27 06:41:49.057   599  3622 D PermissionCache: checking android.permission.CAPTURE_AUDIO_HOTWORD for uid=10040 => granted (351 us)
05-27 06:41:49.057   599  3622 D audio_hw_primary: adev_open_input_stream: enter: sample_rate(16000) channel_mask(0x10) devices(0x80000004)        stream_handle(0xeecd1940) io_handle(46) source(6)
05-27 06:41:49.058   599  9752 I AudioFlinger: AudioFlinger's thread 0xec103480 ready to run
05-27 06:41:49.058   599  9752 D audio_hw_primary: in_standby: enter: stream (0xeecd1940) usecase(16: audio-record)
05-27 06:41:49.060   599  9752 D audio_hw_primary: in_standby: enter: stream (0xeecd1940) usecase(16: audio-record)
05-27 06:41:49.082   599   978 I SoundTriggerHwService::Module: void android::SoundTriggerHwService::Module::onCallbackEvent(const sp<android::SoundTriggerHwService::CallbackEvent> &) mClient == 0
05-27 06:41:49.083   599  9752 D audio_hw_primary: in_set_parameters: enter: kvpairs=input_source=6;routing=-2147483644
05-27 06:41:49.084   599  9752 D audio_hw_primary: start_input_stream: enter: stream(0xeecd1940)usecase(16: audio-record)
05-27 06:41:49.084  4868  9717 I MicrophoneInputStream: mic_started com.google.android.apps.gsa.speech.audio.af@2ba1ecf
05-27 06:41:49.085  4394  4411 E ANDR-PERF-MPCTL: Invalid profile no. 0, total profiles 0 only
05-27 06:41:49.085   599  9752 D audio_hw_primary: select_devices: out_snd_device(0: ) in_snd_device(81: voice-rec-mic)
05-27 06:41:49.085   599  9752 D hardware_info: hw_info_append_hw_type : device_name = voice-rec-mic
05-27 06:41:49.085   599  9752 D audio_hw_primary: enable_snd_device: snd_device(81: voice-rec-mic)
05-27 06:41:49.085   599  9752 I soundtrigger: audio_extn_sound_trigger_update_device_status: device 0x51 of type 1 for Event 1, with Raise=1
05-27 06:41:49.085   599  9752 D sound_trigger_platform: platform_stdev_check_and_update_concurrency: concurrency active 0, tx 1, rx 0, concurrency session_allowed 0
05-27 06:41:49.087   599  9752 D soundtrigger: audio_extn_sound_trigger_update_stream_status: uc_id 16 of type 1 for Event 3, with Raise=0
05-27 06:41:49.087   599  9752 D msm8916_platform: Resetting app type for Tx path to default
05-27 06:41:49.087   599  9752 D ACDB-LOADER: ACDB -> send_audio_cal, acdb_id = 4, path =  1
05-27 06:41:49.087   599  9752 D ACDB-LOADER: ACDB -> send_asm_topology
05-27 06:41:49.087   599  9752 D ACDB-LOADER: ACDB -> ACDB_CMD_GET_AUDPROC_STREAM_TOPOLOGY_ID
05-27 06:41:49.088   599  9752 D ACDB-LOADER: ACDB -> send_adm_topology
05-27 06:41:49.088   599  9752 D ACDB-LOADER: ACDB -> ACDB_CMD_GET_AUDPROC_COMMON_TOPOLOGY_ID
05-27 06:41:49.088   599  9752 D ACDB-LOADER: ACDB -> send_audtable
05-27 06:41:49.088   599  9752 D ACDB-LOADER: ACDB -> ACDB_CMD_GET_AUDPROC_COMMON_TABLE_SIZE
05-27 06:41:49.088   599  9752 D ACDB-LOADER: ACDB -> ACDB_CMD_GET_AUDPROC_COMMON_TABLE
05-27 06:41:49.088   599  9752 D ACDB-LOADER: ACDB -> AUDIO_SET_AUDPROC_CAL
05-27 06:41:49.088   599  9752 D ACDB-LOADER: ACDB -> send_audvoltable
05-27 06:41:49.088   599  9752 D ACDB-LOADER: ACDB -> ACDB_CMD_GET_AUDPROC_GAIN_DEP_STEP_TABLE
05-27 06:41:49.088   599  9752 D         : Failed to fetch the lookup information of the device 00000004 
05-27 06:41:49.088   599  9752 E ACDB-LOADER: Error: ACDB AudProc vol returned = -19
05-27 06:41:49.088   599  9752 D ACDB-LOADER: ACDB -> AUDIO_SET_AUDPROC_VOL_CAL
05-27 06:41:49.088   599  9752 D ACDB-LOADER: ACDB -> send_audstrmtable
05-27 06:41:49.088   599  9752 D ACDB-LOADER: ACDB -> ACDB_CMD_GET_AUDPROC_STREAM_TABLE_V2
05-27 06:41:49.088   599  9752 D ACDB-LOADER: ACDB -> audstrm_cal->cal_type.cal_data.cal_size = 32
05-27 06:41:49.088   599  9752 D ACDB-LOADER: ACDB -> send_afe_topology
05-27 06:41:49.088   599  9752 D ACDB-LOADER: ACDB -> ACDB_CMD_GET_AFE_TOPOLOGY_ID
05-27 06:41:49.088   599  9752 D ACDB-LOADER: ACDB -> GET_AFE_TOPOLOGY_ID for adcd_id 4, Topology Id 112fb
05-27 06:41:49.088   599  9752 D ACDB-LOADER: ACDB -> send_afe_cal
05-27 06:41:49.088   599  9752 D ACDB-LOADER: ACDB -> ACDB_CMD_GET_AFE_COMMON_TABLE
05-27 06:41:49.088   599  9752 D         : Failed to fetch the lookup information of the device 00000004 
05-27 06:41:49.088   599  9752 E ACDB-LOADER: Error: ACDB AFE returned = -19
05-27 06:41:49.088   599  9752 D ACDB-LOADER: ACDB -> AUDIO_SET_AFE_CAL
05-27 06:41:49.088   599  9752 D ACDB-LOADER: ACDB -> send_hw_delay : acdb_id = 4 path = 1
05-27 06:41:49.088   599  9752 D ACDB-LOADER: ACDB -> ACDB_AVSYNC_INFO: ACDB_CMD_GET_DEVICE_PROPERTY
05-27 06:41:49.088   599  9752 D audio_hw_primary: enable_audio_route: apply mixer and update path: audio-record
05-27 06:41:49.089   599  9752 D audio_hw_primary: select_devices: done
05-27 06:41:49.148   599  9752 D audio_hw_primary: start_input_stream: exit
05-27 06:41:49.168  4868  4868 I MicroDetectionWorker: onReady
05-27 06:41:49.630  4868  9715 W System  : ClassLoader referenced unknown path: /system/app/Chrome/lib/arm64
05-27 06:41:49.631  4868  9715 D ApplicationLoaders: ignored Vulkan layer search path /system/app/Chrome/lib/arm64:/system/app/Chrome/Chrome.apk!/lib/arm64-v8a:/system/lib64:/vendor/lib64 for namespace 0x7f8deef1d0
05-27 06:41:49.637  4868  9715 I WebViewFactory: Loading com.android.chrome version 55.0.2883.91 (code 288309152)
05-27 06:41:49.698  4868  9715 I cr_LibraryLoader: Time to load native libraries: 7 ms (timestamps 9463-9470)
05-27 06:41:49.698  4868  9715 I cr_LibraryLoader: Expected native library version number "55.0.2883.91", actual native library version number "55.0.2883.91"
05-27 06:41:49.723  4868  9715 W Search.SearchUrlHelper: Auth token not ready, no auth header set.
05-27 06:41:49.757  6002  9710 I PeopleDatabaseHelper: cleanUpNonGplusAccounts done.
05-27 06:41:49.764  4868  9715 W Search.SearchUrlHelper: Auth token not ready, no auth header set.
05-27 06:41:49.864  4868  9754 I cr_CronetLibraryLoader: Cronet version: 57.0.2984.3, arch: aarch64
05-27 06:41:49.865  4868  9754 I CronetEngineBuilderImpl: dalvik.system.PathClassLoader[DexPathList[[zip file "/system/priv-app/Velvet/Velvet.apk"],nativeLibraryDirectories=[/system/priv-app/Velvet/lib/arm64, /system/priv-app/Velvet/Velvet.apk!/lib/arm64-v8a, /system/lib64, /vendor/lib64, /system/lib64, /vendor/lib64]]] found Cronet engine implementation class org.chromium.net.impl.CronetUrlRequestContext. Network stack version Cronet/57.0.2984.3@cbacec49
05-27 06:41:50.212  4394  4411 E ANDR-PERF-MPCTL: Invalid profile no. 0, total profiles 0 only
05-27 06:41:50.468  4356  4356 I chatty  : uid=1010(wifi) /system/bin/wpa_supplicant expire 102 lines
05-27 06:41:50.854  4868  4868 E NowDoodleController: Failed to receive DoodleData
05-27 06:41:50.854  4868  4868 E NowDoodleController: java.util.concurrent.CancellationException: Task was cancelled.
05-27 06:41:50.854  4868  4868 E NowDoodleController: 	at com.google.common.util.concurrent.d.cH(SourceFile:11115)
05-27 06:41:50.854  4868  4868 E NowDoodleController: 	at com.google.common.util.concurrent.d.get(SourceFile:463)
05-27 06:41:50.854  4868  4868 E NowDoodleController: 	at com.google.common.util.concurrent.cd.n(SourceFile:142)
05-27 06:41:50.854  4868  4868 E NowDoodleController: 	at com.google.common.util.concurrent.as.l(SourceFile:1221)
05-27 06:41:50.854  4868  4868 E NowDoodleController: 	at com.google.common.util.concurrent.au.run(SourceFile:1168)
05-27 06:41:50.854  4868  4868 E NowDoodleController: 	at com.google.android.apps.gsa.shared.util.concurrent.a.au.run(SourceFile:276)
05-27 06:41:50.854  4868  4868 E NowDoodleController: 	at android.os.Handler.handleCallback(Handler.java:751)
05-27 06:41:50.854  4868  4868 E NowDoodleController: 	at android.os.Handler.dispatchMessage(Handler.java:95)
05-27 06:41:50.854  4868  4868 E NowDoodleController: 	at android.os.Looper.loop(Looper.java:154)
05-27 06:41:50.854  4868  4868 E NowDoodleController: 	at android.app.ActivityThread.main(ActivityThread.java:6119)
05-27 06:41:50.854  4868  4868 E NowDoodleController: 	at java.lang.reflect.Method.invoke(Native Method)
05-27 06:41:50.854  4868  4868 E NowDoodleController: 	at com.android.internal.os.ZygoteInit$MethodAndArgsCaller.run(ZygoteInit.java:886)
05-27 06:41:50.854  4868  4868 E NowDoodleController: 	at com.android.internal.os.ZygoteInit.main(ZygoteInit.java:776)
05-27 06:41:51.273   802   802 I MSM-irqbalance: Decided to move IRQ200 from CPU0 to CPU2
05-27 06:41:51.387  4394  4411 E ANDR-PERF-MPCTL: Invalid profile no. 0, total profiles 0 only
05-27 06:41:51.409   599   855 D audio_hw_primary: out_standby: enter: stream (0xee425200) usecase(1: low-latency-playback)
05-27 06:41:51.504   599   855 D audio_hw_primary: disable_audio_route: reset and update mixer path: low-latency-playback
05-27 06:41:51.505   599   855 D soundtrigger: audio_extn_sound_trigger_update_stream_status: uc_id 1 of type 0 for Event 2, with Raise=0
05-27 06:41:51.505   599   855 D hardware_info: hw_info_append_hw_type : device_name = speaker
05-27 06:41:51.505   599   855 D audio_hw_primary: disable_snd_device: snd_device(2: speaker)
05-27 06:41:51.508   599   855 I soundtrigger: audio_extn_sound_trigger_update_device_status: device 0x2 of type 0 for Event 0, with Raise=0
05-27 06:41:51.876  4394  4411 E ANDR-PERF-MPCTL: Invalid profile no. 0, total profiles 0 only
05-27 06:41:51.905  4575  4575 W IInputConnectionWrapper: reportFullscreenMode on inexistent InputConnection
05-27 06:41:52.326  4394  4411 E ANDR-PERF-MPCTL: Invalid profile no. 0, total profiles 0 only
05-27 06:41:52.377  1886  4353 E LOWI-7.7.2.5.a: [LOWIUtils] channelBandToFreq: Invalid band,channel = 1,0
05-27 06:41:52.377  1886  4353 E LOWI-7.7.2.5.a: [LOWIUtils] channelBandToFreq: Invalid band,channel = 1,0
05-27 06:41:52.377  1886  4353 E LOWI-7.7.2.5.a: [LOWIUtils] channelBandToFreq: Invalid band,channel = 1,0
05-27 06:41:52.377  1886  4353 E LOWI-7.7.2.5.a: [LOWIUtils] channelBandToFreq: Invalid band,channel = 1,0
05-27 06:41:52.377  1886  4353 E LOWI-7.7.2.5.a: [LOWIUtils] channelBandToFreq: Invalid band,channel = 1,0
05-27 06:41:52.377  1886  4353 E LOWI-7.7.2.5.a: [LOWIUtils] channelBandToFreq: Invalid band,channel = 1,0
05-27 06:41:52.378  1886  4353 E LOWI-7.7.2.5.a: [LOWIUtils] channelBandToFreq: Invalid band,channel = 1,0
05-27 06:41:52.378  1886  4353 E LOWI-7.7.2.5.a: [LOWIUtils] channelBandToFreq: Invalid band,channel = 1,0
05-27 06:41:52.378  1886  4353 E LOWI-7.7.2.5.a: [LOWIUtils] channelBandToFreq: Invalid band,channel = 1,0
05-27 06:41:52.378  1886  4353 E LOWI-7.7.2.5.a: [LOWIUtils] channelBandToFreq: Invalid band,channel = 1,0
05-27 06:41:52.379  1886  4353 E LOWI-7.7.2.5.a: [LOWIUtils] channelBandToFreq: Invalid band,channel = 1,0
05-27 06:41:52.380  1886  4353 E LOWI-7.7.2.5.a: [LOWIUtils] channelBandToFreq: Invalid band,channel = 1,0
05-27 06:41:52.380  1886  4353 E LOWI-7.7.2.5.a: [LOWIUtils] channelBandToFreq: Invalid band,channel = 1,0
05-27 06:41:52.380  1886  4353 E LOWI-7.7.2.5.a: [LOWIUtils] channelBandToFreq: Invalid band,channel = 1,0
05-27 06:41:52.380  1886  4353 E LOWI-7.7.2.5.a: [LOWIUtils] channelBandToFreq: Invalid band,channel = 1,0
05-27 06:41:52.380  1886  4353 E LOWI-7.7.2.5.a: [LOWIUtils] channelBandToFreq: Invalid band,channel = 1,0
05-27 06:41:52.380  1886  4353 E LOWI-7.7.2.5.a: [LOWIUtils] channelBandToFreq: Invalid band,channel = 1,0
05-27 06:41:52.380  1886  4353 E LOWI-7.7.2.5.a: [LOWIUtils] channelBandToFreq: Invalid band,channel = 1,0
05-27 06:41:52.380  1886  4353 E LOWI-7.7.2.5.a: [LOWIUtils] channelBandToFreq: Invalid band,channel = 1,0
05-27 06:41:52.380  1886  4353 E LOWI-7.7.2.5.a: [LOWIUtils] channelBandToFreq: Invalid band,channel = 1,0
05-27 06:41:52.380  1886  4353 E LOWI-7.7.2.5.a: [LOWIUtils] channelBandToFreq: Invalid band,channel = 1,0
05-27 06:41:52.381  1886  4353 E LOWI-7.7.2.5.a: [LOWIUtils] channelBandToFreq: Invalid band,channel = 1,0
05-27 06:41:52.383  1886  4353 E LOWI-7.7.2.5.a: [LOWIUtils] channelBandToFreq: Invalid band,channel = 1,0
05-27 06:41:52.383  1886  4353 E LOWI-7.7.2.5.a: [LOWIUtils] channelBandToFreq: Invalid band,channel = 1,0
05-27 06:41:52.384  1886  4353 E LOWI-7.7.2.5.a: [LOWIUtils] channelBandToFreq: Invalid band,channel = 1,0
05-27 06:41:52.387   619   619 I cnss-daemon: RTM_NEWROUTE Indication
05-27 06:41:52.388  1886  4353 E LOWI-7.7.2.5.a: [LOWIUtils] channelBandToFreq: Invalid band,channel = 1,0
05-27 06:41:52.388   619   619 I cnss-daemon: RTM_NEWROUTE Indication
05-27 06:41:52.388  1886  4353 E LOWI-7.7.2.5.a: [LOWIUtils] channelBandToFreq: Invalid band,channel = 1,0
05-27 06:41:52.388   619   619 I cnss-daemon: RTM_NEWROUTE Indication
05-27 06:41:52.388   619   619 I cnss-daemon: RTM_NEWROUTE Indication
05-27 06:41:52.388   619   619 I cnss-daemon: RTM_NEWNEIGH message received: 28
05-27 06:41:52.388   619   619 E cnss-daemon: Stale or unreachable neighbors, ndm state: 4
05-27 06:41:52.391  1886  4353 E LOWI-7.7.2.5.a: [LOWIUtils] channelBandToFreq: Invalid band,channel = 1,0
05-27 06:41:52.392  1886  4353 E LOWI-7.7.2.5.a: [LOWIUtils] channelBandToFreq: Invalid band,channel = 1,0
05-27 06:41:52.392  1886  4353 E LOWI-7.7.2.5.a: [LOWIUtils] channelBandToFreq: Invalid band,channel = 1,0
05-27 06:41:52.392  1886  4353 E LOWI-7.7.2.5.a: [LOWIUtils] channelBandToFreq: Invalid band,channel = 1,0
05-27 06:41:52.393  1886  4353 E LOWI-7.7.2.5.a: [LOWIUtils] channelBandToFreq: Invalid band,channel = 1,0
05-27 06:41:52.393  1886  4353 E LOWI-7.7.2.5.a: [LOWIUtils] channelBandToFreq: Invalid band,channel = 1,0
05-27 06:41:52.393  1886  4353 E LOWI-7.7.2.5.a: [LOWIUtils] channelBandToFreq: Invalid band,channel = 1,0
05-27 06:41:52.393  1886  4353 E LOWI-7.7.2.5.a: [LOWIUtils] channelBandToFreq: Invalid band,channel = 1,0
05-27 06:41:52.393  1886  4353 E LOWI-7.7.2.5.a: [LOWIUtils] channelBandToFreq: Invalid band,channel = 1,0
05-27 06:41:52.393  1886  4353 E LOWI-7.7.2.5.a: [LOWIUtils] channelBandToFreq: Invalid band,channel = 1,0
05-27 06:41:52.393  1886  4353 E LOWI-7.7.2.5.a: [LOWIUtils] channelBandToFreq: Invalid band,channel = 1,0
05-27 06:41:52.393  1886  4353 E LOWI-7.7.2.5.a: [LOWIUtils] channelBandToFreq: Invalid band,channel = 1,0
05-27 06:41:52.404  1886  4353 E LOWI-7.7.2.5.a: [LOWIUtils] channelBandToFreq: Invalid band,channel = 1,0
05-27 06:41:52.405  1886  4353 E LOWI-7.7.2.5.a: [LOWIUtils] channelBandToFreq: Invalid band,channel = 1,0
05-27 06:41:52.405  1886  4353 E LOWI-7.7.2.5.a: [LOWIUtils] channelBandToFreq: Invalid band,channel = 1,0
05-27 06:41:52.405  1886  4353 E LOWI-7.7.2.5.a: [LOWIUtils] channelBandToFreq: Invalid band,channel = 1,0
05-27 06:41:52.405  1886  4353 E LOWI-7.7.2.5.a: [LOWIUtils] channelBandToFreq: Invalid band,channel = 1,0
05-27 06:41:52.405  1886  4353 E LOWI-7.7.2.5.a: [LOWIUtils] channelBandToFreq: Invalid band,channel = 1,0
05-27 06:41:52.405  1886  4353 E LOWI-7.7.2.5.a: [LOWIUtils] channelBandToFreq: Invalid band,channel = 1,0
05-27 06:41:52.405  1886  4353 E LOWI-7.7.2.5.a: [LOWIUtils] channelBandToFreq: Invalid band,channel = 1,0
05-27 06:41:52.405  1886  4353 E LOWI-7.7.2.5.a: [LOWIUtils] channelBandToFreq: Invalid band,channel = 1,0
05-27 06:41:52.405  1886  4353 E LOWI-7.7.2.5.a: [LOWIUtils] channelBandToFreq: Invalid band,channel = 1,0
05-27 06:41:52.406  1886  4353 E LOWI-7.7.2.5.a: [LOWIUtils] channelBandToFreq: Invalid band,channel = 1,0
05-27 06:41:52.406  1886  4353 E LOWI-7.7.2.5.a: [LOWIUtils] channelBandToFreq: Invalid band,channel = 1,0
05-27 06:41:52.406  1886  4353 E LOWI-7.7.2.5.a: [LOWIUtils] channelBandToFreq: Invalid band,channel = 1,0
05-27 06:41:52.406  1886  4353 E LOWI-7.7.2.5.a: [LOWIUtils] channelBandToFreq: Invalid band,channel = 1,0
05-27 06:41:52.406  1886  4353 E LOWI-7.7.2.5.a: [LOWIUtils] channelBandToFreq: Invalid band,channel = 1,0
05-27 06:41:52.406  1886  4353 E LOWI-7.7.2.5.a: [LOWIUtils] channelBandToFreq: Invalid band,channel = 1,0
05-27 06:41:52.406  1886  4353 E LOWI-7.7.2.5.a: [LOWIUtils] channelBandToFreq: Invalid band,channel = 1,0
05-27 06:41:52.406  1886  4353 E LOWI-7.7.2.5.a: [LOWIUtils] channelBandToFreq: Invalid band,channel = 1,0
05-27 06:41:52.406  1886  4353 E LOWI-7.7.2.5.a: [LOWIUtils] channelBandToFreq: Invalid band,channel = 1,0
05-27 06:41:52.406  1886  4353 E LOWI-7.7.2.5.a: [LOWIUtils] channelBandToFreq: Invalid band,channel = 1,0
05-27 06:41:52.406  1886  4353 E LOWI-7.7.2.5.a: [LOWIUtils] channelBandToFreq: Invalid band,channel = 1,0
05-27 06:41:52.407  1886  4353 E LOWI-7.7.2.5.a: [LOWIUtils] channelBandToFreq: Invalid band,channel = 1,0
05-27 06:41:52.407  1886  4353 E LOWI-7.7.2.5.a: [LOWIUtils] channelBandToFreq: Invalid band,channel = 1,0
05-27 06:41:52.407  1886  4353 E LOWI-7.7.2.5.a: [LOWIUtils] channelBandToFreq: Invalid band,channel = 1,0
05-27 06:41:52.407  1886  4353 E LOWI-7.7.2.5.a: [LOWIUtils] channelBandToFreq: Invalid band,channel = 1,0
05-27 06:41:52.408  1886  4353 E LOWI-7.7.2.5.a: [LOWIUtils] channelBandToFreq: Invalid band,channel = 1,0
05-27 06:41:52.408  1886  4353 E LOWI-7.7.2.5.a: [LOWIUtils] channelBandToFreq: Invalid band,channel = 1,0
05-27 06:41:52.408  1886  4353 E LOWI-7.7.2.5.a: [LOWIUtils] channelBandToFreq: Invalid band,channel = 1,0
05-27 06:41:52.408  1886  4353 E LOWI-7.7.2.5.a: [LOWIUtils] channelBandToFreq: Invalid band,channel = 1,0
05-27 06:41:52.408  1886  4353 E LOWI-7.7.2.5.a: [LOWIUtils] channelBandToFreq: Invalid band,channel = 1,0
05-27 06:41:52.408  1886  4353 E LOWI-7.7.2.5.a: [LOWIUtils] channelBandToFreq: Invalid band,channel = 1,0
05-27 06:41:52.409  1886  4353 E LOWI-7.7.2.5.a: [LOWIUtils] channelBandToFreq: Invalid band,channel = 1,0
05-27 06:41:52.409  1886  4353 E LOWI-7.7.2.5.a: [LOWIUtils] channelBandToFreq: Invalid band,channel = 1,0
05-27 06:41:52.409  1886  4353 E LOWI-7.7.2.5.a: [LOWIUtils] channelBandToFreq: Invalid band,channel = 1,0
05-27 06:41:52.409  1886  4353 E LOWI-7.7.2.5.a: [LOWIUtils] channelBandToFreq: Invalid band,channel = 1,0
05-27 06:41:52.409  1886  4353 E LOWI-7.7.2.5.a: [LOWIUtils] channelBandToFreq: Invalid band,channel = 1,0
05-27 06:41:52.409  1886  4353 E LOWI-7.7.2.5.a: [LOWIUtils] channelBandToFreq: Invalid band,channel = 1,0
05-27 06:41:52.410  1886  4353 E LOWI-7.7.2.5.a: [LOWIUtils] channelBandToFreq: Invalid band,channel = 1,0
05-27 06:41:52.410  1886  4353 E LOWI-7.7.2.5.a: [LOWIUtils] channelBandToFreq: Invalid band,channel = 1,0
05-27 06:41:52.433  1889  2072 W XTCC-5.1.0.19-a: [LOWIUtils] to_eScanTypeResponse - default case
05-27 06:41:52.433  1889  2072 W XTCC-5.1.0.19-a: [WifiScanner] WiFi scan result : [74] AP's
05-27 06:41:52.486  3156  3609 I chatty  : uid=1000(system) WifiStateMachin expire 11 lines
05-27 06:41:53.585  8599  8623 I Quasar  : start to send events
05-27 06:41:54.286  4394  4411 E ANDR-PERF-MPCTL: Invalid profile no. 0, total profiles 0 only
05-27 06:41:55.037  4394  4411 E ANDR-PERF-MPCTL: Invalid profile no. 0, total profiles 0 only
05-27 06:41:55.485  4394  4411 E ANDR-PERF-MPCTL: Invalid profile no. 0, total profiles 0 only
05-27 06:41:55.777  4868  9764 D NetworkSecurityConfig: Using Network Security Config from resource network_security_config debugBuild: false
05-27 06:41:55.993   599  3622 I AudioPolicyManagerCustom: FLAG None hence request for a primary output
05-27 06:41:55.994   599  3623 I AudioPolicyManagerCustom: FLAG None hence request for a primary output
05-27 06:41:55.996   599   855 D audio_hw_primary: start_output_stream: enter: stream(0xee425200)usecase(1: low-latency-playback) devices(0x2)
05-27 06:41:55.997   599   855 D audio_hw_primary: select_devices: out_snd_device(2: speaker) in_snd_device(0: )
05-27 06:41:55.997   599   855 I msm8916_platform: platform_check_and_set_codec_backend_cfg: Usecase bitwidth 16, samplerate 48000, backend_idx 0
05-27 06:41:55.997   599   855 I msm8916_platform: platform_check_codec_backend_cfg Codec selected backend: 0 current bit width: 16 and sample rate: 48000
05-27 06:41:55.997   599   855 D msm8916_platform: platform_check_codec_backend_cfg: resetting sample_rate back to default, backend_idx: 0
05-27 06:41:55.997   599   855 I msm8916_platform: platform_check_codec_backend_cfg Codec selected backend: 0 updated bit width: 16 and sample rate: 48000
05-27 06:41:55.997   599   855 D hardware_info: hw_info_append_hw_type : device_name = speaker
05-27 06:41:55.997   599   855 D audio_hw_primary: enable_snd_device: snd_device(2: speaker)
05-27 06:41:55.997   599   855 I soundtrigger: audio_extn_sound_trigger_update_device_status: device 0x2 of type 0 for Event 1, with Raise=0
05-27 06:41:55.999   599   855 I audio_hw_primary: select_devices Selected apptype: 69937
05-27 06:41:55.999   599   855 D soundtrigger: audio_extn_sound_trigger_update_stream_status: uc_id 1 of type 0 for Event 3, with Raise=0
05-27 06:41:56.000   599   855 I audio_hw_utils: audio_extn_utils_send_app_type_cfg app_type 69937, acdb_dev_id 14, sample_rate 48000
05-27 06:41:56.000   599   855 D ACDB-LOADER: ACDB -> send_audio_cal, acdb_id = 14, path =  0
05-27 06:41:56.000   599   855 D ACDB-LOADER: ACDB -> send_asm_topology
05-27 06:41:56.000   599   855 D ACDB-LOADER: ACDB -> ACDB_CMD_GET_AUDPROC_STREAM_TOPOLOGY_ID
05-27 06:41:56.000   599   855 D ACDB-LOADER: ACDB -> send_adm_topology
05-27 06:41:56.000   599   855 D ACDB-LOADER: ACDB -> ACDB_CMD_GET_AUDPROC_COMMON_TOPOLOGY_ID
05-27 06:41:56.000   599   855 D ACDB-LOADER: ACDB -> send_audtable
05-27 06:41:56.000   599   855 D ACDB-LOADER: ACDB -> ACDB_CMD_GET_AUDPROC_COMMON_TABLE_SIZE
05-27 06:41:56.000   599   855 D ACDB-LOADER: ACDB -> ACDB_CMD_GET_AUDPROC_COMMON_TABLE
05-27 06:41:56.000   599   855 D ACDB-LOADER: ACDB -> AUDIO_SET_AUDPROC_CAL
05-27 06:41:56.000   599   855 D ACDB-LOADER: ACDB -> send_audvoltable
05-27 06:41:56.000   599   855 D ACDB-LOADER: ACDB -> ACDB_CMD_GET_AUDPROC_GAIN_DEP_STEP_TABLE
05-27 06:41:56.000   599   855 D ACDB-LOADER: ACDB -> AUDIO_SET_AUDPROC_VOL_CAL
05-27 06:41:56.001   599   855 D ACDB-LOADER: ACDB -> send_audstrmtable
05-27 06:41:56.001   599   855 D ACDB-LOADER: ACDB -> ACDB_CMD_GET_AUDPROC_STREAM_TABLE_V2
05-27 06:41:56.001   599   855 D ACDB-LOADER: ACDB -> audstrm_cal->cal_type.cal_data.cal_size = 32
05-27 06:41:56.001   599   855 D ACDB-LOADER: ACDB -> send_afe_topology
05-27 06:41:56.001   599   855 D ACDB-LOADER: ACDB -> ACDB_CMD_GET_AFE_TOPOLOGY_ID
05-27 06:41:56.001   599   855 D ACDB-LOADER: ACDB -> GET_AFE_TOPOLOGY_ID for adcd_id 14, Topology Id 1025e
05-27 06:41:56.001   599   855 D ACDB-LOADER: ACDB -> send_afe_cal
05-27 06:41:56.001   599   855 D ACDB-LOADER: ACDB -> ACDB_CMD_GET_AFE_COMMON_TABLE
05-27 06:41:56.001   599   855 D ACDB-LOADER: ACDB -> AUDIO_SET_AFE_CAL
05-27 06:41:56.001   599   855 D ACDB-LOADER: ACDB -> send_hw_delay : acdb_id = 14 path = 0
05-27 06:41:56.001   599   855 D ACDB-LOADER: ACDB -> ACDB_AVSYNC_INFO: ACDB_CMD_GET_DEVICE_PROPERTY
05-27 06:41:56.001   599   855 D audio_hw_primary: enable_audio_route: apply mixer and update path: low-latency-playback
05-27 06:41:56.002   599   855 D audio_hw_primary: select_devices: done
05-27 06:41:56.011   599   855 D msm8916_platform: platform_set_channel_map mixer_ctl_name:Playback Channel Map12
05-27 06:41:56.011   599   855 D msm8916_platform: platform_set_channel_map: set mapping(1 2 0 0 0 0 0 0) for channel:2
05-27 06:41:56.044   599   855 D audio_hw_primary: start_output_stream: exit
05-27 06:41:56.152  3156  3598 I ActivityManager: START u0 {act=android.intent.action.MAIN cat=[android.intent.category.HOME] flg=0x10200000 cmp=com.smartron.launcher/com.smartron.smextension.SmartronLauncher (has extras)} from uid 1000 on display 0
05-27 06:41:56.228   599  3622 I AudioPolicyManagerCustom: FLAG None hence request for a primary output
05-27 06:41:56.229   599  3623 I AudioPolicyManagerCustom: FLAG None hence request for a primary output
05-27 06:41:56.271   802   802 I MSM-irqbalance: Decided to move IRQ65 from CPU0 to CPU2
05-27 06:41:56.346  3156  3598 I ActivityManager: START u0 {act=android.intent.action.MAIN cat=[android.intent.category.HOME] flg=0x10200000 cmp=com.smartron.launcher/com.smartron.smextension.SmartronLauncher (has extras)} from uid 1000 on display 0
05-27 06:41:57.070  3156  3599 I PowerManagerService: Going to sleep due to power button (uid 1000)...
05-27 06:41:57.072  3659  3909 D KeyguardViewMediator: onStartedGoingToSleep(2)
05-27 06:41:57.078   599  3622 I AudioPolicyManagerCustom: FLAG None hence request for a primary output
05-27 06:41:57.079   599  3623 I AudioPolicyManagerCustom: FLAG None hence request for a primary output
05-27 06:41:57.085   599   599 W AudioPolicyIntefaceImpl: getOutputForAttr uid 10036 tried to pass itself off as 1000
05-27 06:41:57.085   599   599 I AudioPolicyManagerCustom: Direct PCM is disabled for this request
05-27 06:41:57.086   599  3622 D compress_voip: voice_extn_compress_voip_out_get_parameters: enter
05-27 06:41:57.086  3659  3909 W AudioTrack: AUDIO_OUTPUT_FLAG_FAST denied by client; transfer 4, track 44100 Hz, output 48000 Hz
05-27 06:41:57.091   599  3623 W AudioFlinger: virtual sp<android::IAudioTrack> android::AudioFlinger::createTrack(audio_stream_type_t, uint32_t, audio_format_t, audio_channel_mask_t, size_t *, audio_output_flags_t *, const sp<android::IMemory> &, audio_io_handle_t, pid_t, pid_t, audio_session_t *, int, status_t *) uid 10036 pid 3659 tried to pass itself off as pid 0
05-27 06:41:57.092   599  3623 W AudioFlinger: TrackBase uid 10036 tried to pass itself off as 1000
05-27 06:41:57.108  3659  3909 D KeyguardViewMediator: notifyStartedGoingToSleep
05-27 06:41:57.110  3659  3659 V KeyguardUpdateMonitor: startListeningForFingerprint()
05-27 06:41:57.115  3659  3659 D KeyguardViewMediator: handleNotifyStartedGoingToSleep
05-27 06:41:57.621  3659  3674 D KeyguardViewMediator: notifyScreenTurnedOff
05-27 06:41:57.621  3659  3659 D KeyguardViewMediator: handleNotifyScreenTurnedOff
05-27 06:41:57.623  3659  3659 D CarrierText: updateCarrierText(): 0
05-27 06:41:57.625  3156  3470 I DisplayManagerService: Display device changed state: "Built-in Screen", OFF
