05-27 12:08:29.546  3795  3795 D wpa_supplicant: nl80211: Drv Event 33 (NL80211_CMD_TRIGGER_SCAN) received for wlan0
05-27 12:08:29.546  3795  3795 D wpa_supplicant: wlan0: nl80211: Scan trigger
05-27 12:08:29.546  3795  3795 D wpa_supplicant: wlan0: Event SCAN_STARTED (47) received
05-27 12:08:29.546  3795  3795 D wpa_supplicant: wlan0: Own scan request started a scan in 0.000149 seconds
05-27 12:08:29.547  3795  3795 D wpa_supplicant: CTRL-DEBUG: ctrl_sock-sendmsg: sock=8 sndbuf=212992 outq=1536 send_len=24
05-27 12:08:29.547  3795  3795 D wpa_supplicant: CTRL_IFACE monitor sent successfully to /data/misc/wifi/sockets/wpa_ctrl_2405-2\x00
05-27 12:08:29.571 13743 13743 W profman : type=1400 audit(0.0:33): avc: denied { getattr } for path="/vendor" dev="rootfs" ino=9821 scontext=u:r:profman:s0 tcontext=u:object_r:rootfs:s0 tclass=lnk_file permissive=0
05-27 12:08:29.585  2405  4873 E IzatSvc_OSObserver: I/LocTech-Label :: OSOBSERVER :: Data Items In
05-27 12:08:29.585  2405  4873 E IzatSvc_OSObserver: I/LocTech-Value :: Data Item Value: Attach state: 3, Mac address valid: false, AP MAC address: [00:00:00:00:00:00], Wifi-Ap SSID Valid: false, SSID: 
05-27 12:08:29.599  4916  4994 V DownloadManager: Deleting /data/data/com.android.providers.downloads/cache/03162017-sms-blacklist-metadata.txt via provider delete
05-27 12:08:29.611  4564  4718 W QCNEJ   : |CORE| CNE received unexpected action: android.intent.action.BATTERY_CHANGED
05-27 12:08:29.613  3914  3914 E QtiImsExtUtils: getConfigForPhoneId subId is invalid
05-27 12:08:29.613  3914  3914 E QtiImsExtUtils: isCarrierConfigEnabled bundle is null
05-27 12:08:29.622  2405  3166 E LocSvc_eng: I/===> int loc_eng_inject_location(loc_eng_data_s_type &, double, double, float) line 2207 
05-27 12:08:29.631  4994  4994 W sAsyncHandlerTh: type=1400 audit(0.0:34): avc: denied { getattr } for path="/data/cache/backup" dev="dm-1" ino=425988 scontext=u:r:priv_app:s0:c512,c768 tcontext=u:object_r:cache_private_backup_file:s0 tclass=dir permissive=0
05-27 12:08:29.631  4994  4994 W sAsyncHandlerTh: type=1400 audit(0.0:35): avc: denied { getattr } for path="/data/cache/backup" dev="dm-1" ino=425988 scontext=u:r:priv_app:s0:c512,c768 tcontext=u:object_r:cache_private_backup_file:s0 tclass=dir permissive=0
05-27 12:08:29.632  4916  4994 D DownloadManager: Removed 1 stale downloads
05-27 12:08:29.639  4916  4994 D DownloadManager: Found 1 files in database
05-27 12:08:29.639  4916  4994 D DownloadManager: Found 1 files on disk
05-27 12:08:29.721  4703  4703 D com.smartron.tronx.service.NotificationService: >>> onNotificationPosted <<<
05-27 12:08:29.724  4703  4703 D com.smartron.tronx.service.NotificationService: >>> onNotificationPosted <<<
05-27 12:08:29.724  4564  4718 W QCNEJ   : |CORE| CNE received unexpected action: android.intent.action.BATTERY_CHANGED
05-27 12:08:29.727  3914  3914 E QtiImsExtUtils: getConfigForPhoneId subId is invalid
05-27 12:08:29.727  3914  3914 E QtiImsExtUtils: isCarrierConfigEnabled bundle is null
05-27 12:08:29.762   483   555 I qdhwcomposer: handle_blank_event: dpy:0 panel power state: 1
05-27 12:08:29.854  4564  4718 W QCNEJ   : |CORE| CNE received unexpected action: android.intent.action.BATTERY_CHANGED
05-27 12:08:29.856  3914  3914 E QtiImsExtUtils: getConfigForPhoneId subId is invalid
05-27 12:08:29.856  3914  3914 E QtiImsExtUtils: isCarrierConfigEnabled bundle is null
05-27 12:08:30.209   483   483 D qdhwcomposer: hwc_setPowerMode: Done setting mode 2 on display 0
05-27 12:08:30.210  2405  3693 D SurfaceControl: Excessive delay in setPowerMode(): 817ms
05-27 12:08:30.215  2405  4673 W art     : Long monitor contention with owner android.display (3321) at void com.android.server.wm.WindowAnimator$1.doFrame(long)(WindowAnimator.java:144) waiters=0 in void com.android.server.wm.WindowManagerService.finishDrawingWindow(com.android.server.wm.Session, android.view.IWindow) for 685ms
05-27 12:08:30.221  3716  3716 D KeyguardUpdateMonitor: received broadcast android.intent.action.BATTERY_CHANGED
05-27 12:08:30.223  3716  3716 D BatteryMeterDrawable: Charging false mPluggedIn true
05-27 12:08:30.223  3716  3716 D BatteryMeterDrawable: Charging false mPluggedIn true
05-27 12:08:30.224  3716  3716 D KeyguardUpdateMonitor: received broadcast android.intent.action.BATTERY_CHANGED
05-27 12:08:30.224  2405  3330 I DisplayPowerController: Unblocked screen on after 843 ms
05-27 12:08:30.225  2405  3330 V KeyguardServiceDelegate: onScreenTurnedOn()
05-27 12:08:30.225  2405  3330 I DreamManagerService: Gently waking up from dream.
05-27 12:08:30.226  3716  3716 D BatteryMeterDrawable: Charging true mPluggedIn true
05-27 12:08:30.226  3716  3716 D BatteryMeterDrawable: Charging true mPluggedIn true
05-27 12:08:30.226  3716  3955 D KeyguardViewMediator: notifyScreenTurnedOn
05-27 12:08:30.227  3716  3716 D KeyguardUpdateMonitor: received broadcast android.intent.action.BATTERY_CHANGED
05-27 12:08:30.228  3716  3716 D BatteryMeterDrawable: Charging true mPluggedIn true
05-27 12:08:30.229  3716  3716 D BatteryMeterDrawable: Charging true mPluggedIn true
05-27 12:08:30.229  3716  3716 D KeyguardViewMediator: handleNotifyScreenTurnedOn
05-27 12:08:30.234  3716  3716 D KeyguardUpdateMonitor: handleBatteryUpdate
05-27 12:08:30.249  4586  4586 I chatty  : uid=1027(nfc) com.android.nfc expire 9 lines
05-27 12:08:30.249  4586  4971 I chatty  : uid=1027(nfc) AsyncTask #1 expire 10 lines
05-27 12:08:30.249  4586  5000 I chatty  : uid=1027(nfc) AsyncTask #1 expire 6 lines
05-27 12:08:30.266  2405  4873 E IzatSvc_OSObserver: I/LocTech-Label :: OSOBSERVER :: Data Items In
05-27 12:08:30.266  2405  4873 E IzatSvc_OSObserver: I/LocTech-Value :: Data Item Value: IS_SCREEN_ON: true
05-27 12:08:30.267  2405  4897 E LocSvc_libulp: I/int ulp_msg_process_system_update(const UlpSystemEvent): systemEvent:0 
05-27 12:08:30.273  4586  4999 I chatty  : uid=1027(nfc) AsyncTask #1 expire 3 lines
05-27 12:08:30.274  4586  5002 I chatty  : uid=1027(nfc) AsyncTask #1 expire 3 lines
05-27 12:08:30.276  4586  4999 I chatty  : uid=1027(nfc) AsyncTask #1 expire 1 line
05-27 12:08:30.276  4586  4971 I chatty  : uid=1027(nfc) AsyncTask #1 expire 3 lines
05-27 12:08:30.276  4586  4999 I chatty  : uid=1027(nfc) AsyncTask #1 expire 2 lines
05-27 12:08:30.276  4586  4586 I chatty  : uid=1027(nfc) com.android.nfc expire 2 lines
05-27 12:08:30.276  4586  4971 I chatty  : uid=1027(nfc) AsyncTask #1 expire 13 lines
05-27 12:08:30.277  4586  4971 I BrcmNfcNfa: listen_mask value after T1T and T2T = 0x140000
05-27 12:08:30.277  4586  4971 I BrcmNfcNfa: listen_mask value after NFC-DEP = 0x140000
05-27 12:08:30.277  4586  4971 I BrcmNfcNfa: nfa_dm_cb.disc_cb.entry[0].selected_disc_mask = 0x140000
05-27 12:08:30.277  4586  4971 I BrcmNfcNfa: selected dm_disc_mask 0x140000 for entry[0]
05-27 12:08:30.277  4586  4971 I BrcmNfcNfa: dm_disc_mask calculated finally for discovery: 0x140000
05-27 12:08:30.277  4586  4971 D NfcAdaptation: const CNfcParam *CNfcConfig::find(const char *) const found NXP_FWD_FUNCTIONALITY_ENABLE=(0x1)
05-27 12:08:30.277  4586  4971 D NfcAdaptation: const CNfcParam *CNfcConfig::find(const char *) const found HOST_LISTEN_TECH_MASK=(0x7)
05-27 12:08:30.277  4586  4971 I BrcmNfcNfa: nfa_dm_start_rf_discover:HOST_LISTEN_TECH_MASK = 0x07;
05-27 12:08:30.277  4586  4971 D NfcAdaptation: const CNfcParam *CNfcConfig::find(const char *) const found UICC_LISTEN_TECH_MASK=(0x7)
05-27 12:08:30.277  4586  4971 I BrcmNfcNfa: nfa_dm_start_rf_discover:UICC_LISTEN_TECH_MASK = 0x07;
05-27 12:08:30.277  4586  4971 D NfcAdaptation: const CNfcParam *CNfcConfig::find(const char *) const found P2P_LISTEN_TECH_MASK=(0xC5)
05-27 12:08:30.277  4586  4971 I BrcmNfcNfa: nfa_dm_start_rf_discover:P2P_LISTEN_TECH_MASK = 0x0C5;
05-27 12:08:30.277  4586  4971 I BrcmNfcNfa: nfa_ee_find_ecb ()
05-27 12:08:30.277  4586  4971 I BrcmNfcNfa: supported tech list is 0x00 for given nfcee_id: 0x2 
05-27 12:08:30.277  4586  4971 I BrcmNfcNfa: dm_disc_mask before masking = 0x140000
05-27 12:08:30.277  4586  4971 I BrcmNfcNfa: dm_disc_mask after masking = 0x140000
05-27 12:08:30.277  4586  4971 I BrcmNfcNfa: nfa_dm_get_rf_discover_config : dm_disc_mask = 0x00140000
05-27 12:08:30.277  4586  4971 I BrcmNfcNfa: nfa_dm_get_rf_discover_config () removing active listen A/B 0x140000
05-27 12:08:30.277  4586  4971 I BrcmNfcNfa: nfa_dm_set_listen_mode_set_configs : tech_proto_mask = 0x00140000
05-27 12:08:30.277  4586  4971 D NfcAdaptation: const CNfcParam *CNfcConfig::find(const char *) const found HOST_LISTEN_TECH_MASK=(0x7)
05-27 12:08:30.277  4586  4971 I BrcmNfcNfa: nfa_dm_set_listen_mode_set_configs : HOST_LISTEN_TECH_MASK = 0x07;
05-27 12:08:30.277  4586  4971 I BrcmNfcNfa: nfa_dm_set_listen_mode_set_configs : LA_SEL_INFO = 0x20;
05-27 12:08:30.277  4586  4971 I BrcmNfcNfa: nfa_dm_set_listen_mode_set_configs : LB_SENSB_INFO = 0x1;
05-27 12:08:30.277  4586  4971 I BrcmNfcNfa: nfa_dm_set_listen_mode_set_configs : LF_PROTOCOL_TYPE = 0x0;
05-27 12:08:30.277  4586  4971 I BrcmNfcNfa: nfa_dm_check_set_config () tlv_len=9
05-27 12:08:30.277  4586  4971 I BrcmNfcNfa: nfa_dm_check_set_config () updated_len=9
05-27 12:08:30.277  4586  4971 I BrcmNfcNfa: nfc_ncif_send_cmd()
05-27 12:08:30.277  4586  4971 I BrcmNfcNfa: nfc_ncif_check_cmd_queue : Writing to HAL...
05-27 12:08:30.277  4586  4971 D NfcAdaptation: NfcAdaptation::HalWrite
05-27 12:08:30.277  4586  4971 D NxpExtns: const nxp::CNfcParam *nxp::CNfcConfig::find(const char *) const found MIFARE_READER_ENABLE=(0x1)
05-27 12:08:30.277  4586  5000 D NxpTml  : PN54X - Write requested.....
05-27 12:08:30.277  4586  5000 D NxpTml  : PN54X - Invoking I2C Write.....
05-27 12:08:30.279  4586  5000 D NxpNciX : len =  13 > 20020A03320120380101500100
05-27 12:08:30.279  4586  5000 D NxpTml  : PN54X - I2C Write successful.....
05-27 12:08:30.279  4586  5000 D NxpTml  : PN54X - Posting Fresh Write message.....
05-27 12:08:30.279  4586  5000 D NxpTml  : PN54X - Tml Writer Thread Running................
05-27 12:08:30.280  4586  5002 D NxpHal  : write successful status = 0x0
05-27 12:08:30.281  4586  4971 I BrcmNfcNfa: nfa_dm_set_total_duration ()
05-27 12:08:30.281  4586  4971 I BrcmNfcNfa: nfa_dm_check_set_config () tlv_len=4
05-27 12:08:30.281  4586  4971 I BrcmNfcNfa: NFC_DiscoveryStart
05-27 12:08:30.281  4586  4971 I BrcmNfcNfa: NFC_DiscoveryStart status: 0xe3
05-27 12:08:30.285  4586  4999 D NxpTml  : PN54X - I2C Read successful.....
05-27 12:08:30.285  4586  4999 D NxpNciR : len =   5 > 4002020000
05-27 12:08:30.285  4586  4999 D NxpTml  : PN54X - Posting read message.....
05-27 12:08:30.285  4586  5002 D NxpHal  : read successful status = 0x0
05-27 12:08:30.285  4586  5002 D NxpHal  : phNxpNciHal_print_res_status: response status =STATUS_OK
05-27 12:08:30.285  4586  5002 D NfcAdaptation: NfcAdaptation::HalDeviceContextDataCallback: len=5
05-27 12:08:30.285  4586  4971 I BrcmNfcNfa: NFC received rsp gid:0
05-27 12:08:30.285  4586  4971 I BrcmNfcNfa: nci_proc_core_rsp opcode:0x2
05-27 12:08:30.285  4586  4971 I BrcmNfcNfa: nfa_dm_nfc_response_cback () NFC_SET_CONFIG_REVT(0x5002)
05-27 12:08:30.285  4586  4971 D NfcAdaptation: NfcAdaptation::HalPrediscover
05-27 12:08:30.285  4586  4971 I BrcmNfcNfa: nfc_ncif_send_cmd()
05-27 12:08:30.285  4586  4971 I BrcmNfcNfa: nfc_ncif_check_cmd_queue : Writing to HAL...
05-27 12:08:30.285  4586  4971 D NfcAdaptation: NfcAdaptation::HalWrite
05-27 12:08:30.285  4586  4999 D NxpTml  : PN54X - Read requested.....
05-27 12:08:30.285  4586  4971 D NxpExtns: const nxp::CNfcParam *nxp::CNfcConfig::find(const char *) const found MIFARE_READER_ENABLE=(0x1)
05-27 12:08:30.285  4586  4999 D NxpTml  : PN54X - Invoking I2C Read.....
05-27 12:08:30.285  4586  4971 D NxpHal  : > Polling Loop Started
05-27 12:08:30.285  4586  5000 D NxpTml  : PN54X - Write requested.....
05-27 12:08:30.285  4586  5000 D NxpTml  : PN54X - Invoking I2C Write.....
05-27 12:08:30.287  4586  4999 D NxpTml  : PN54X - I2C Read successful.....
05-27 12:08:30.287  4586  4999 D NxpTml  : Delay Read
05-27 12:08:30.287  4586  5000 D NxpNciX : len =   8 > 2103050280018101
05-27 12:08:30.287  4586  5000 D NxpTml  : PN54X - I2C Write successful.....
05-27 12:08:30.287  4586  5000 D NxpTml  : PN54X - Posting Fresh Write message.....
05-27 12:08:30.287  4586  5000 D NxpTml  : PN54X - Tml Writer Thread Running................
05-27 12:08:30.287  4586  5002 D NxpHal  : write successful status = 0x0
05-27 12:08:30.289  4586  4999 D NxpNciR : len =   4 > 41030100
05-27 12:08:30.289  4586  4999 D NxpTml  : PN54X - Posting read message.....
05-27 12:08:30.290  4586  5002 D NxpHal  : read successful status = 0x0
05-27 12:08:30.290  4586  5002 D NfcAdaptation: NfcAdaptation::HalDeviceContextDataCallback: len=4
05-27 12:08:30.290  4586  4971 I BrcmNfcNfa: NFC received rsp gid:1
05-27 12:08:30.290  4586  4971 I BrcmNfcNfa: returning TRUE
05-27 12:08:30.290  4586  4971 I BrcmNfcNfa: nfa_dm_disc_discovery_cback (): event:0x4000
05-27 12:08:30.290  4586  4971 I BrcmNfcNfa: nfa_dm_disc_sm_execute (): state: IDLE (0), event: DISCOVER_RSP(1) disc_flags: 0x31
05-27 12:08:30.290  4586  4971 I BrcmNfcNfa: nfa_dm_disc_new_state (): old_state: IDLE (0), new_state: DISCOVERY (1) disc_flags: 0x11
05-27 12:08:30.290  4586  4971 D BrcmNfcJni: nfaConnectionCallback: event= 30
05-27 12:08:30.290  4586  4971 D BrcmNfcJni: nfaConnectionCallback: NFA_RF_DISCOVERY_STARTED_EVT: status = 0
05-27 12:08:30.290  4586  4971 I BrcmNfcNfa: nfa_dm_disc_sm_execute (): new state: DISCOVERY (1), disc_flags: 0x1
05-27 12:08:30.290  4586  4999 D NxpTml  : PN54X - Read requested.....
05-27 12:08:30.290  4586  4999 D NxpTml  : PN54X - Invoking I2C Read.....
05-27 12:08:30.291  4586  4586 D BrcmNfcJni: startRfDiscovery: is exit=1
05-27 12:08:30.291  4586  4586 D BrcmNfcJni: StoreScreenState: enter
05-27 12:08:30.291  4586  4586 I BrcmNfcNfa: nfc_ncif_storeScreenState gScreenState : 2
05-27 12:08:30.291  4586  4586 D BrcmNfcJni: StoreScreenState: exit
05-27 12:08:30.291  4586  4586 D BrcmNfcJni: releaseRfInterfaceMutexLock: sRfInterfaceMutex unlock
05-27 12:08:30.292  4586  4586 E NfcService: applyRouting -20
05-27 12:08:30.292  4586  4586 D NfcService: applyRouting - enter force = false mScreenState = 2
05-27 12:08:30.293  4586  4586 D BrcmNfcJni: nfcManager_enableDiscovery: enter; tech_mask = 00
05-27 12:08:30.293  4586  4586 D BrcmNfcJni: nfcManager_enableDiscovery: sIsSecElemSelected=0
05-27 12:08:30.293  4586  4586 D BrcmNfcJni: acquireRfInterfaceMutexLock: try to acquire lock
05-27 12:08:30.293  4586  4586 D BrcmNfcJni: acquireRfInterfaceMutexLock: sRfInterfaceMutex lock
05-27 12:08:30.293  4586  4586 D BrcmNfcJni: PowerSwitch::setLevel: level=PS-FULL (1)
05-27 12:08:30.293  4586  4586 D BrcmNfcJni: startRfDiscovery: is start=0
05-27 12:08:30.293  4586  4586 I BrcmNfcNfa: NFA_StopRfDiscovery ()
05-27 12:08:30.293  4586  4971 I BrcmNfcNfa: NFA got event 0x0110
05-27 12:08:30.293  4586  4971 I BrcmNfcNfa: nfa_dm_evt_hdlr event: NFA_DM_API_STOP_RF_DISCOVERY_EVT (0x10)
05-27 12:08:30.293  4586  4971 I BrcmNfcNfa: nfa_dm_act_stop_rf_discovery ()
05-27 12:08:30.293  4586  4971 I BrcmNfcNfa: nfa_dm_rf_deactivate () deactivate_type:0x0
05-27 12:08:30.293  4586  4971 I BrcmNfcNfa: nfa_dm_disc_sm_execute (): state: DISCOVERY (1), event: DEACTIVATE_CMD(6) disc_flags: 0x2
05-27 12:08:30.293  4586  4971 I BrcmNfcNfa: NFC_Deactivate 4 (IDLE) deactivate_type:0
05-27 12:08:30.293  4586  4971 I BrcmNfcNfa: nfc_ncif_send_cmd()
05-27 12:08:30.293  4586  4971 I BrcmNfcNfa: nfc_ncif_check_cmd_queue : Writing to HAL...
05-27 12:08:30.293  4586  4971 D NfcAdaptation: NfcAdaptation::HalWrite
05-27 12:08:30.293  4586  4971 D NxpExtns: const nxp::CNfcParam *nxp::CNfcConfig::find(const char *) const found MIFARE_READER_ENABLE=(0x1)
05-27 12:08:30.294  4586  5000 D NxpTml  : PN54X - Write requested.....
05-27 12:08:30.294  4586  5000 D NxpTml  : PN54X - Invoking I2C Write.....
05-27 12:08:30.296  4586  4999 D NxpTml  : PN54X - I2C Read successful.....
05-27 12:08:30.296  4586  4999 D NxpTml  : Delay Read
05-27 12:08:30.296  4586  5000 D NxpNciX : len =   4 > 21060100
05-27 12:08:30.296  4586  5000 D NxpTml  : PN54X - I2C Write successful.....
05-27 12:08:30.296  4586  5000 D NxpTml  : PN54X - Posting Fresh Write message.....
05-27 12:08:30.296  4586  5000 D NxpTml  : PN54X - Tml Writer Thread Running................
05-27 12:08:30.296  4586  5002 D NxpHal  : write successful status = 0x0
05-27 12:08:30.296  4586  4971 I BrcmNfcNfa: nfa_dm_disc_sm_execute (): new state: DISCOVERY (1), disc_flags: 0x22
05-27 12:08:30.296  4586  4971 I BrcmNfcNfa: nfa_sys_ptim_stop_timer 995eca80
05-27 12:08:30.296  4586  4971 I BrcmNfcNfa: ptim timer stop
05-27 12:08:30.296  4586  4971 I BrcmNfcNfa: Stopped presence check timer (if started)
05-27 12:08:30.298  4586  4999 D NxpNciR : len =   4 > 41060100
05-27 12:08:30.298  4586  4999 D NxpTml  : PN54X - Posting read message.....
05-27 12:08:30.298  4586  5002 D NxpHal  : read successful status = 0x0
05-27 12:08:30.298  4586  5002 D NfcAdaptation: NfcAdaptation::HalDeviceContextDataCallback: len=4
05-27 12:08:30.298  4586  4971 I BrcmNfcNfa: NFC received rsp gid:1
05-27 12:08:30.298  4586  4971 I BrcmNfcNfa: P2P_Prio_Logic
05-27 12:08:30.298  4586  4971 I BrcmNfcNfa: nfa_dm_p2p_prio_logic event_type = 0x1
05-27 12:08:30.298  4586  4971 I BrcmNfcNfa: returning TRUE
05-27 12:08:30.298  4586  4971 I BrcmNfcNfa: nfc_set_state 4 (IDLE)->4 (IDLE)
05-27 12:08:30.298  4586  4971 I BrcmNfcNfa: nfa_dm_disc_data_cback ()
05-27 12:08:30.298  4586  4971 I BrcmNfcNfa: nfa_dm_disc_discovery_cback (): event:0x4005
05-27 12:08:30.298  4586  4971 I BrcmNfcNfa: nfa_dm_disc_sm_execute (): state: DISCOVERY (1), event: DEACTIVATE_RSP(7) disc_flags: 0x22
05-27 12:08:30.298  4586  4999 D NxpTml  : PN54X - Read requested.....
05-27 12:08:30.298  4586  4971 I BrcmNfcNfa: nfa_dm_disc_new_state (): old_state: DISCOVERY (1), new_state: IDLE (0) disc_flags: 0x2
05-27 12:08:30.298  4586  4999 D NxpTml  : PN54X - Invoking I2C Read.....
05-27 12:08:30.298  4586  4971 D BrcmNfcJni: nfaConnectionCallback: event= 31
05-27 12:08:30.298  4586  4971 D BrcmNfcJni: nfaConnectionCallback: NFA_RF_DISCOVERY_STOPPED_EVT: status = 0
05-27 12:08:30.298  4586  4971 D BrcmNfcJni: notifyPollingEventwhileNfcOff: sDiscCmdwhleNfcOff=0
05-27 12:08:30.298  4586  4971 D BrcmNfcJni: getReconnectState = 0x0
05-27 12:08:30.299  4586  4971 I BrcmNfcNfa: nfa_dm_start_rf_discover (): enter
05-27 12:08:30.299  4586  4971 I BrcmNfcNfa: nfa_dm_start_rf_discover (): return
05-27 12:08:30.299  4586  4971 I BrcmNfcNfa: nfa_dm_disc_sm_execute (): new state: IDLE (0), disc_flags: 0x0
05-27 12:08:30.299  4586  4586 D BrcmNfcJni: startRfDiscovery: is exit=0
05-27 12:08:30.299  4586  4586 D NfcAdaptation: const CNfcParam *CNfcConfig::find(const char *) const found UICC_LISTEN_TECH_MASK=(0x7)
05-27 12:08:30.299  4586  4586 D BrcmNfcJni: nfcManager_enableDiscovery:UICC_LISTEN_MASK=0x07;
05-27 12:08:30.299  4586  4586 D BrcmNfcJni: stopPolling_rfDiscoveryDisabled: disable polling
05-27 12:08:30.299  4586  4586 I BrcmNfcNfa: NFA_DisablePolling ()
05-27 12:08:30.299  4586  4971 I BrcmNfcNfa: NFA got event 0x0107
05-27 12:08:30.299  4586  4971 I BrcmNfcNfa: nfa_dm_evt_hdlr event: NFA_DM_API_DISABLE_POLLING_EVT (0x07)
05-27 12:08:30.299  4586  4971 I BrcmNfcNfa: nfa_dm_act_disable_polling ()
05-27 12:08:30.299  4586  4971 D BrcmNfcJni: nfaConnectionCallback: event= 1
05-27 12:08:30.299  4586  4971 D BrcmNfcJni: nfaConnectionCallback: NFA_POLL_DISABLED_EVT: status = 3
05-27 12:08:30.299  4586  4586 D BrcmNfcJni: SecureElement::getEseHandleFromGenericId: enter; ESE-ID = 0x02
05-27 12:08:30.299  4586  4586 D BrcmNfcJni: SecureElement::getEseHandleFromGenericId: enter; ESE-Handle = 0x402
05-27 12:08:30.299  4586  4586 D BrcmNfcJni: nfcManager_enableDiscovery: Disable p2pListening
05-27 12:08:30.299  4586  4586 D BrcmNfcJni: PeerToPeer::enableP2pListening: enter isEnable: 0  mIsP2pListening: 0
05-27 12:08:30.299  4586  4586 D BrcmNfcJni: PeerToPeer::enableP2pListening: exit; mIsP2pListening: 0
05-27 12:08:30.299  4586  4586 I BrcmNfcNfa: NFA_CeConfigureUiccListenTech () ee_handle = 0x402
05-27 12:08:30.299  4586  4971 I BrcmNfcNfa: NFA got event 0x0702
05-27 12:08:30.299  4586  4971 I BrcmNfcNfa: nfa_ce_handle_event event: NFA_CE_API_DEREG_LISTEN_EVT (0x702), flags: 00000000
05-27 12:08:30.299  4586  4971 I BrcmNfcNfa: NFA_CE: removing listen_info entry 2
05-27 12:08:30.299  4586  4971 D BrcmNfcJni: nfaConnectionCallback: event= 29
05-27 12:08:30.299  4586  4971 D BrcmNfcJni: nfaConnectionCallback: NFA_CE_UICC_LISTEN_CONFIGURED_EVT : status=0x0
05-27 12:08:30.299  4586  4586 I BrcmNfcNfa: NFA_CeConfigureUiccListenTech () ee_handle = 0x402
05-27 12:08:30.299  4586  4971 I BrcmNfcNfa: NFA got event 0x0701
05-27 12:08:30.299  4586  4971 I BrcmNfcNfa: nfa_ce_handle_event event: NFA_CE_API_REG_LISTEN_EVT (0x701), flags: 00000000
05-27 12:08:30.299  4586  4971 I BrcmNfcNfa: nfa_ce_api_reg_listen ():Registering UICC/ESE/Felica/Type-4 tag listener. Type=3
05-27 12:08:30.299  4586  4971 I BrcmNfcNfa: nfa_ce_api_reg_listen ():found free entry listen_info_idx = 2
05-27 12:08:30.299  4586  4971 I BrcmNfcNfa: NFA_CE: adding listen_info entry 2
05-27 12:08:30.299  4586  4971 I BrcmNfcNfa: nfa_ce_start_listening(): enter
05-27 12:08:30.299  4586  4971 E BrcmNfcNfa: UICC/ESE[0x402] is not activated
05-27 12:08:30.299  4586  4971 I BrcmNfcNfa: nfa_ce_start_listening(): exit
05-27 12:08:30.299  4586  4971 D BrcmNfcJni: nfaConnectionCallback: event= 29
05-27 12:08:30.299  4586  4971 D BrcmNfcJni: nfaConnectionCallback: NFA_CE_UICC_LISTEN_CONFIGURED_EVT : status=0x0
05-27 12:08:30.300  4586  4586 D BrcmNfcJni: startRfDiscovery: is start=1
05-27 12:08:30.300  4586  4586 I BrcmNfcNfa: NFA_StartRfDiscovery ()
05-27 12:08:30.300  4586  4971 I BrcmNfcNfa: NFA got event 0x010F
05-27 12:08:30.300  4586  4971 I BrcmNfcNfa: nfa_dm_evt_hdlr event: NFA_DM_API_START_RF_DISCOVERY_EVT (0x0f)
05-27 12:08:30.300  4586  4971 I BrcmNfcNfa: nfa_dm_act_start_rf_discovery ()
05-27 12:08:30.300  4586  4971 I BrcmNfcNfa: nfa_dm_start_rf_discover (): enter
05-27 12:08:30.300  4586  4971 I BrcmNfcNfa: nfa_ee_get_tech_route(): power state : 1
05-27 12:08:30.300  4586  4971 I BrcmNfcNfa: TechA route: 0x0, TechB route: 0x0, TechF route: 0x0, TechB' route: 0x0
05-27 12:08:30.300  4586  4971 I BrcmNfcNfa: requested_disc_mask = 0x140000, xx=0
05-27 12:08:30.300  4586  4971 I BrcmNfcNfa: poll_mask=0x0 listen_mask=0x0
05-27 12:08:30.300  4586  4971 I BrcmNfcNfa: listen_mask value after NFC-A = 0x40000
05-27 12:08:30.300  4586  4971 I BrcmNfcNfa: listen_mask value after NFC-B = 0x140000
05-27 12:08:30.300  4586  4971 I BrcmNfcNfa: listen_mask value after NFC-F = 0x140000
05-27 12:08:30.300  4586  4971 I BrcmNfcNfa: listen_mask value after NFC-B Prime = 0x140000
05-27 12:08:30.300  4586  4971 I BrcmNfcNfa: dm_disc_mask = 0x0
05-27 12:08:30.300  4586  4971 I BrcmNfcNfa: listen_mask value after T1T and T2T = 0x140000
05-27 12:08:30.300  4586  4971 I BrcmNfcNfa: listen_mask value after NFC-DEP = 0x140000
05-27 12:08:30.300  4586  4971 I BrcmNfcNfa: nfa_dm_cb.disc_cb.entry[0].selected_disc_mask = 0x140000
05-27 12:08:30.300  4586  4971 I BrcmNfcNfa: selected dm_disc_mask 0x140000 for entry[0]
05-27 12:08:30.300  4586  4971 I BrcmNfcNfa: dm_disc_mask calculated finally for discovery: 0x140000
05-27 12:08:30.300  4586  4971 D NfcAdaptation: const CNfcParam *CNfcConfig::find(const char *) const found NXP_FWD_FUNCTIONALITY_ENABLE=(0x1)
05-27 12:08:30.300  4586  4971 D NfcAdaptation: const CNfcParam *CNfcConfig::find(const char *) const found HOST_LISTEN_TECH_MASK=(0x7)
05-27 12:08:30.300  4586  4971 I BrcmNfcNfa: nfa_dm_start_rf_discover:HOST_LISTEN_TECH_MASK = 0x07;
05-27 12:08:30.300  4586  4971 D NfcAdaptation: const CNfcParam *CNfcConfig::find(const char *) const found UICC_LISTEN_TECH_MASK=(0x7)
05-27 12:08:30.300  4586  4971 I BrcmNfcNfa: nfa_dm_start_rf_discover:UICC_LISTEN_TECH_MASK = 0x07;
05-27 12:08:30.300  4586  4971 D NfcAdaptation: const CNfcParam *CNfcConfig::find(const char *) const found P2P_LISTEN_TECH_MASK=(0xC5)
05-27 12:08:30.300  4586  4971 I BrcmNfcNfa: nfa_dm_start_rf_discover:P2P_LISTEN_TECH_MASK = 0x0C5;
05-27 12:08:30.300  4586  4971 I BrcmNfcNfa: nfa_ee_find_ecb ()
05-27 12:08:30.300  4586  4971 I BrcmNfcNfa: supported tech list is 0x00 for given nfcee_id: 0x2 
05-27 12:08:30.300  4586  4971 I BrcmNfcNfa: dm_disc_mask before masking = 0x140000
05-27 12:08:30.301  4586  4971 I BrcmNfcNfa: dm_disc_mask after masking = 0x140000
05-27 12:08:30.301  4586  4971 I BrcmNfcNfa: nfa_dm_get_rf_discover_config : dm_disc_mask = 0x00140000
05-27 12:08:30.301  4586  4971 I BrcmNfcNfa: nfa_dm_get_rf_discover_config () removing active listen A/B 0x140000
05-27 12:08:30.301  4586  4971 I BrcmNfcNfa: nfa_dm_set_listen_mode_set_configs : tech_proto_mask = 0x00140000
05-27 12:08:30.301  4586  4971 D NfcAdaptation: const CNfcParam *CNfcConfig::find(const char *) const found HOST_LISTEN_TECH_MASK=(0x7)
05-27 12:08:30.301  4586  4971 I BrcmNfcNfa: nfa_dm_set_listen_mode_set_configs : HOST_LISTEN_TECH_MASK = 0x07;
05-27 12:08:30.301  4586  4971 I BrcmNfcNfa: nfa_dm_set_listen_mode_set_configs : LA_SEL_INFO = 0x20;
05-27 12:08:30.301  6023  6023 I DeviceScanner: [MDNS] Screen is ON
05-27 12:08:30.301  4586  4971 I BrcmNfcNfa: nfa_dm_set_listen_mode_set_configs : LB_SENSB_INFO = 0x1;
05-27 12:08:30.301  4586  4971 I BrcmNfcNfa: nfa_dm_set_listen_mode_set_configs : LF_PROTOCOL_TYPE = 0x0;
05-27 12:08:30.301  4586  4971 I BrcmNfcNfa: nfa_dm_check_set_config () tlv_len=9
05-27 12:08:30.301  4586  4971 I BrcmNfcNfa: nfa_dm_check_set_config () updated_len=6
05-27 12:08:30.301  4586  4971 I BrcmNfcNfa: nfc_ncif_send_cmd()
05-27 12:08:30.301  4586  4971 I BrcmNfcNfa: nfc_ncif_check_cmd_queue : Writing to HAL...
05-27 12:08:30.301  4586  4971 D NfcAdaptation: NfcAdaptation::HalWrite
05-27 12:08:30.301  4586  4971 D NxpExtns: const nxp::CNfcParam *nxp::CNfcConfig::find(const char *) const found MIFARE_READER_ENABLE=(0x1)
05-27 12:08:30.301  4586  5000 D NxpTml  : PN54X - Write requested.....
05-27 12:08:30.301  4586  5000 D NxpTml  : PN54X - Invoking I2C Write.....
05-27 12:08:30.301  3716  3716 D KeyguardUpdateMonitor: handleBatteryUpdate
05-27 12:08:30.302  4586  4999 D NxpTml  : PN54X - I2C Read successful.....
05-27 12:08:30.302  4586  4999 D NxpTml  : Delay Read
05-27 12:08:30.303  4586  5000 D NxpNciX : len =  10 > 20020702320120380101
05-27 12:08:30.303  4586  5000 D NxpTml  : PN54X - I2C Write successful.....
05-27 12:08:30.303  4586  5000 D NxpTml  : PN54X - Posting Fresh Write message.....
05-27 12:08:30.303  4586  5000 D NxpTml  : PN54X - Tml Writer Thread Running................
05-27 12:08:30.303  4586  5002 D NxpHal  : write successful status = 0x0
05-27 12:08:30.303  4586  4971 I BrcmNfcNfa: nfa_dm_set_total_duration ()
05-27 12:08:30.303  4586  4971 I BrcmNfcNfa: nfa_dm_check_set_config () tlv_len=4
05-27 12:08:30.303  4586  4971 I BrcmNfcNfa: NFC_DiscoveryStart
05-27 12:08:30.303  4586  4971 I BrcmNfcNfa: NFC_DiscoveryStart status: 0xe3
05-27 12:08:30.304  6023  6023 I DeviceScanner: [CastNearby] Screen is ON
05-27 12:08:30.305  4586  4999 D NxpNciR : len =   5 > 4002020000
05-27 12:08:30.305  4586  4999 D NxpTml  : PN54X - Posting read message.....
05-27 12:08:30.305  4586  5002 D NxpHal  : read successful status = 0x0
05-27 12:08:30.305  4586  5002 D NxpHal  : phNxpNciHal_print_res_status: response status =STATUS_OK
05-27 12:08:30.305  4586  5002 D NfcAdaptation: NfcAdaptation::HalDeviceContextDataCallback: len=5
05-27 12:08:30.305  4586  4971 I BrcmNfcNfa: NFC received rsp gid:0
05-27 12:08:30.305  4586  4971 I BrcmNfcNfa: nci_proc_core_rsp opcode:0x2
05-27 12:08:30.305  4586  4971 I BrcmNfcNfa: nfa_dm_nfc_response_cback () NFC_SET_CONFIG_REVT(0x5002)
05-27 12:08:30.305  4586  4971 D NfcAdaptation: NfcAdaptation::HalPrediscover
05-27 12:08:30.305  4586  4971 I BrcmNfcNfa: nfc_ncif_send_cmd()
05-27 12:08:30.305  4586  4971 I BrcmNfcNfa: nfc_ncif_check_cmd_queue : Writing to HAL...
05-27 12:08:30.305  4586  4971 D NfcAdaptation: NfcAdaptation::HalWrite
05-27 12:08:30.305  4586  4971 D NxpExtns: const nxp::CNfcParam *nxp::CNfcConfig::find(const char *) const found MIFARE_READER_ENABLE=(0x1)
05-27 12:08:30.305  4586  4971 D NxpHal  : > Polling Loop Started
05-27 12:08:30.305  4586  4999 D NxpTml  : PN54X - Read requested.....
05-27 12:08:30.305  4586  5000 D NxpTml  : PN54X - Write requested.....
05-27 12:08:30.305  4586  4999 D NxpTml  : PN54X - Invoking I2C Read.....
05-27 12:08:30.305  4586  5000 D NxpTml  : PN54X - Invoking I2C Write.....
05-27 12:08:30.307  4586  5000 D NxpNciX : len =   8 > 2103050280018101
05-27 12:08:30.307  4586  5000 D NxpTml  : PN54X - I2C Write successful.....
05-27 12:08:30.307  4586  5000 D NxpTml  : PN54X - Posting Fresh Write message.....
05-27 12:08:30.307  4586  5000 D NxpTml  : PN54X - Tml Writer Thread Running................
05-27 12:08:30.307  4586  5002 D NxpHal  : write successful status = 0x0
05-27 12:08:30.307  4586  4999 D NxpTml  : PN54X - I2C Read successful.....
05-27 12:08:30.307  4586  4999 D NxpNciR : len =   4 > 41030100
05-27 12:08:30.307  4586  4999 D NxpTml  : PN54X - Posting read message.....
05-27 12:08:30.307  4586  5002 D NxpHal  : read successful status = 0x0
05-27 12:08:30.307  4586  5002 D NfcAdaptation: NfcAdaptation::HalDeviceContextDataCallback: len=4
05-27 12:08:30.307  4586  4971 I BrcmNfcNfa: NFC received rsp gid:1
05-27 12:08:30.307  4586  4999 D NxpTml  : PN54X - Read requested.....
05-27 12:08:30.307  4586  4999 D NxpTml  : PN54X - Invoking I2C Read.....
05-27 12:08:30.307  4586  4971 I BrcmNfcNfa: returning TRUE
05-27 12:08:30.307  4586  4971 I BrcmNfcNfa: nfa_dm_disc_discovery_cback (): event:0x4000
05-27 12:08:30.307  4586  4971 I BrcmNfcNfa: nfa_dm_disc_sm_execute (): state: IDLE (0), event: DISCOVER_RSP(1) disc_flags: 0x31
05-27 12:08:30.307  4586  4971 I BrcmNfcNfa: nfa_dm_disc_new_state (): old_state: IDLE (0), new_state: DISCOVERY (1) disc_flags: 0x11
05-27 12:08:30.307  4586  4971 D BrcmNfcJni: nfaConnectionCallback: event= 30
05-27 12:08:30.307  4586  4971 D BrcmNfcJni: nfaConnectionCallback: NFA_RF_DISCOVERY_STARTED_EVT: status = 0
05-27 12:08:30.307  4586  4971 I BrcmNfcNfa: nfa_dm_disc_sm_execute (): new state: DISCOVERY (1), disc_flags: 0x1
05-27 12:08:30.308  4586  4586 D BrcmNfcJni: startRfDiscovery: is exit=1
05-27 12:08:30.308  4586  4586 D BrcmNfcJni: PowerSwitch::setModeOn(activated=0x1) : mCurrActivity=0x1
05-27 12:08:30.308  4586  4586 D BrcmNfcJni: releaseRfInterfaceMutexLock: sRfInterfaceMutex unlock
05-27 12:08:30.308  4586  4586 D BrcmNfcJni: nfcManager_enableDiscovery: exit
05-27 12:08:30.315  3716  3716 D BatteryMeterDrawable: Charging true mPluggedIn true
05-27 12:08:30.315  3716  3716 D BatteryMeterDrawable: Charging true mPluggedIn true
05-27 12:08:30.316  2405  4225 I DreamManagerService: Leaving dreamland.
05-27 12:08:30.316  2405  3316 I DreamController: Stopping dream: name=ComponentInfo{com.android.systemui/com.android.systemui.doze.DozeService}, isTest=false, canDoze=true, userId=0
05-27 12:08:30.319  3716  3716 D KeyguardUpdateMonitor: handleBatteryUpdate
05-27 12:08:30.329  3716  3716 D KeyguardUpdateMonitor: received broadcast android.intent.action.TIME_TICK
05-27 12:08:30.332  3716  3716 D KeyguardUpdateMonitor: handleTimeUpdate
05-27 12:08:30.526  4916  4916 D MtpService: starting MTP server in MTP mode
05-27 12:08:33.128  3795  3795 D wpa_supplicant: nl80211: Event message available
05-27 12:08:33.128  3795  3795 D wpa_supplicant: nl80211: Drv Event 34 (NL80211_CMD_NEW_SCAN_RESULTS) received for wlan0
05-27 12:08:33.128  3795  3795 D wpa_supplicant: wlan0: nl80211: New scan results available
05-27 12:08:33.128  3795  3795 D wpa_supplicant: nl80211: Scan included frequencies: 2412 2417 2422 2427 2432 2437 2442 2447 2452 2457 2462 2467 2472 2484 4920 4940 4960 4980 5040 5060 5080 5180 5200 5220 5240 5260 5280 5300 5320 5500 5520 5540 5560 5580 5600 5620 5640 5660 5680 5700 5720 5745 5765 5785 5805 5825
05-27 12:08:33.128  3795  3795 D wpa_supplicant: wlan0: Event SCAN_RESULTS (3) received
05-27 12:08:33.128  3795  3795 D wpa_supplicant: wlan0: Scan completed in 3.581904 seconds
05-27 12:08:33.129  1917  3788 E LOWI-7.7.2.5.a: [LOWIUtils] channelBandToFreq: Invalid band,channel = 1,0
05-27 12:08:33.129  3795  3795 D wpa_supplicant: nl80211: Received scan results (6 BSSes)
05-27 12:08:33.129  3795  3795 D wpa_supplicant: wlan0: BSS: Start scan result update 142
05-27 12:08:33.129  1917  3788 E LOWI-7.7.2.5.a: [LOWIUtils] channelBandToFreq: Invalid band,channel = 1,0
05-27 12:08:33.129  3795  3795 D wpa_supplicant: wlan0: BSS: Add new id 654 BSSID 18:d6:c7:4e:93:e0 SSID 'hk' freq 5180
05-27 12:08:33.129  3795  3795 D wpa_supplicant: CTRL-DEBUG: ctrl_sock-sendmsg: sock=8 sndbuf=212992 outq=0 send_len=42
05-27 12:08:33.130  3795  3795 D wpa_supplicant: CTRL_IFACE monitor sent successfully to /data/misc/wifi/sockets/wpa_ctrl_2405-2\x00
05-27 12:08:33.130  3795  3795 D wpa_supplicant: wlan0: BSS: Add new id 655 BSSID 18:d6:c7:4e:93:e1 SSID 'hk2' freq 2457
05-27 12:08:33.130  3795  3795 D wpa_supplicant: CTRL-DEBUG: ctrl_sock-sendmsg: sock=8 sndbuf=212992 outq=768 send_len=42
05-27 12:08:33.130  3795  3795 D wpa_supplicant: CTRL_IFACE monitor sent successfully to /data/misc/wifi/sockets/wpa_ctrl_2405-2\x00
05-27 12:08:33.130  3795  3795 D wpa_supplicant: wlan0: BSS: Add new id 656 BSSID 6c:19:8f:c8:b6:56 SSID 'dlink-B654-5GHz' freq 5220
05-27 12:08:33.130  3795  3795 D wpa_supplicant: CTRL-DEBUG: ctrl_sock-sendmsg: sock=8 sndbuf=212992 outq=1536 send_len=42
05-27 12:08:33.130  3795  3795 D wpa_supplicant: CTRL_IFACE monitor sent successfully to /data/misc/wifi/sockets/wpa_ctrl_2405-2\x00
05-27 12:08:33.130  3795  3795 D wpa_supplicant: BSS: last_scan_res_used=6/128
05-27 12:08:33.130  3795  3795 D wpa_supplicant: wlan0: Scan-only results received
05-27 12:08:33.130  3795  3795 D wpa_supplicant: CTRL-DEBUG: ctrl_sock-sendmsg: sock=8 sndbuf=212992 outq=2304 send_len=24
05-27 12:08:33.130  3795  3795 D wpa_supplicant: CTRL_IFACE monitor sent successfully to /data/misc/wifi/sockets/wpa_ctrl_2405-2\x00
05-27 12:08:33.131  3795  3795 D wpa_supplicant: WPS: Unknown Vendor Extension (Vendor ID 9442)
05-27 12:08:33.131  3795  3795 D wpa_supplicant: WPS: Unknown Vendor Extension (Vendor ID 9442)
05-27 12:08:33.131  3795  3795 D wpa_supplicant: WPS: Unknown Vendor Extension (Vendor ID 9442)
05-27 12:08:33.131  3795  3795 D wpa_supplicant: WPS: Unknown Vendor Extension (Vendor ID 9442)
05-27 12:08:33.131  3795  3795 D wpa_supplicant: WPS: Unknown Vendor Extension (Vendor ID 9442)
05-27 12:08:33.131  3795  3795 D wpa_supplicant: WPS: Unknown Vendor Extension (Vendor ID 9442)
05-27 12:08:33.131  3795  3795 D wpa_supplicant: WPS: Unknown Vendor Extension (Vendor ID 9442)
05-27 12:08:33.131  3795  3795 D wpa_supplicant: WPS: Unknown Vendor Extension (Vendor ID 9442)
05-27 12:08:33.131  3795  3795 D wpa_supplicant: WPS: Unknown Vendor Extension (Vendor ID 9442)
05-27 12:08:33.131  3795  3795 D wpa_supplicant: CTRL-DEBUG: ctrl_sock-sendmsg: sock=8 sndbuf=212992 outq=3072 send_len=17
05-27 12:08:33.131  3795  3795 D wpa_supplicant: CTRL_IFACE monitor sent successfully to /data/misc/wifi/sockets/wpa_ctrl_2405-2\x00
05-27 12:08:33.131  3795  3795 D wpa_supplicant: wlan0: Radio work 'scan'@0x7fa7e2e300 done in 3.585757 seconds
05-27 12:08:33.131  3795  3795 D wpa_supplicant: wlan0: radio_work_free('scan'@0x7fa7e2e300: num_active_works --> 0
05-27 12:08:33.131  3795  3795 D wpa_supplicant: wlan0: State: SCANNING -> DISCONNECTED
05-27 12:08:33.131  3795  3795 D wpa_supplicant: nl80211: Set wlan0 operstate 0->0 (DORMANT)
05-27 12:08:33.132  3795  3795 D wpa_supplicant: netlink: Operstate: ifindex=22 linkmode=-1 (no change), operstate=5 (IF_OPER_DORMANT)
05-27 12:08:33.132  3795  3795 D wpa_supplicant: CTRL-DEBUG: ctrl_sock-sendmsg: sock=8 sndbuf=212992 outq=3840 send_len=67
05-27 12:08:33.132  3795  3795 D wpa_supplicant: CTRL_IFACE monitor sent successfully to /data/misc/wifi/sockets/wpa_ctrl_2405-2\x00
05-27 12:08:33.132  3795  3795 D wpa_supplicant: wlan0: Determining shared radio frequencies (max len 2)
05-27 12:08:33.132  3795  3795 D wpa_supplicant: wlan0: Shared frequencies (len=0): completed iteration
05-27 12:08:33.132  3795  3795 D wpa_supplicant: P2P: Add operating class 81
05-27 12:08:33.132  3795  3795 D wpa_supplicant: P2P: Channels - hexdump(len=11): 01 02 03 04 05 06 07 08 09 0a 0b
05-27 12:08:33.132  3795  3795 D wpa_supplicant: P2P: Update channel list
05-27 12:08:33.132  3795  3795 D wpa_supplicant: P2P: channels: 81:1,2,3,4,5,6,7,8,9,10,11
05-27 12:08:33.132  3795  3795 D wpa_supplicant: P2P: cli_channels:
05-27 12:08:33.136  1917  3788 E LOWI-7.7.2.5.a: [LOWIUtils] channelBandToFreq: Invalid band,channel = 1,0
05-27 12:08:33.136  1917  3788 E LOWI-7.7.2.5.a: [LOWIUtils] channelBandToFreq: Invalid band,channel = 1,0
05-27 12:08:33.136  3795  3795 D wpa_supplicant: WPS: Unknown Vendor Extension (Vendor ID 9442)
05-27 12:08:33.136  3795  3795 D wpa_supplicant: WPS: Unknown Vendor Extension (Vendor ID 9442)
05-27 12:08:33.136  3795  3795 D wpa_supplicant: WPS: Unknown Vendor Extension (Vendor ID 9442)
05-27 12:08:33.138  3795  3795 D wpa_supplicant: WPS: Unknown Vendor Extension (Vendor ID 9442)
05-27 12:08:33.138  3795  3795 D wpa_supplicant: WPS: Unknown Vendor Extension (Vendor ID 9442)
05-27 12:08:33.138  3795  3795 D wpa_supplicant: WPS: Unknown Vendor Extension (Vendor ID 9442)
05-27 12:08:33.138  3795  3795 D wpa_supplicant: WPS: Unknown Vendor Extension (Vendor ID 9442)
05-27 12:08:33.138  3795  3795 D wpa_supplicant: WPS: Unknown Vendor Extension (Vendor ID 9442)
05-27 12:08:33.138  3795  3795 D wpa_supplicant: WPS: Unknown Vendor Extension (Vendor ID 9442)
05-27 12:08:33.139  3795  3795 D wpa_supplicant: CTRL-DEBUG: global_ctrl_sock-sendto: sock=8 sndbuf=212992 outq=0 send_len=3721
05-27 12:08:33.140  1920  2012 W XTCC-5.1.0.19-a: [LOWIUtils] to_eScanTypeResponse - default case
05-27 12:08:33.140  1920  2012 W XTCC-5.1.0.19-a: [WifiScanner] WiFi scan result : [4] AP's
05-27 12:08:33.144  3795  3795 D wpa_supplicant: WPS: Unknown Vendor Extension (Vendor ID 9442)
05-27 12:08:33.144  3795  3795 D wpa_supplicant: WPS: Unknown Vendor Extension (Vendor ID 9442)
05-27 12:08:33.144  3795  3795 D wpa_supplicant: WPS: Unknown Vendor Extension (Vendor ID 9442)
05-27 12:08:33.145  3795  3795 D wpa_supplicant: WPS: Unknown Vendor Extension (Vendor ID 9442)
05-27 12:08:33.145  3795  3795 D wpa_supplicant: WPS: Unknown Vendor Extension (Vendor ID 9442)
05-27 12:08:33.145  3795  3795 D wpa_supplicant: WPS: Unknown Vendor Extension (Vendor ID 9442)
05-27 12:08:33.146  3795  3795 D wpa_supplicant: WPS: Unknown Vendor Extension (Vendor ID 9442)
05-27 12:08:33.146  3795  3795 D wpa_supplicant: WPS: Unknown Vendor Extension (Vendor ID 9442)
05-27 12:08:33.146  3795  3795 D wpa_supplicant: WPS: Unknown Vendor Extension (Vendor ID 9442)
05-27 12:08:33.147  3795  3795 D wpa_supplicant: CTRL-DEBUG: global_ctrl_sock-sendto: sock=8 sndbuf=212992 outq=0 send_len=3721
05-27 12:08:33.150  3795  3795 D wpa_supplicant: CTRL-DEBUG: global_ctrl_sock-sendto: sock=8 sndbuf=212992 outq=0 send_len=2089
05-27 12:08:33.153  3795  3795 D wpa_supplicant: CTRL-DEBUG: global_ctrl_sock-sendto: sock=8 sndbuf=212992 outq=0 send_len=2089
05-27 12:08:33.155  3795  3795 D wpa_supplicant: CTRL-DEBUG: global_ctrl_sock-sendto: sock=8 sndbuf=212992 outq=0 send_len=0
05-27 12:08:33.157  3795  3795 D wpa_supplicant: CTRL-DEBUG: global_ctrl_sock-sendto: sock=8 sndbuf=212992 outq=0 send_len=0
05-27 12:08:33.158  2405  4873 E IzatSvc_OSObserver: I/LocTech-Label :: OSOBSERVER :: Data Items In
05-27 12:08:33.158  2405  4873 E IzatSvc_OSObserver: I/LocTech-Value :: Data Item Value: Attach state: 0, Mac address valid: false, AP MAC address: [00:00:00:00:00:00], Wifi-Ap SSID Valid: false, SSID: 
05-27 12:08:33.159  2405  3635 D WifiQualifiedNetworkSelector:: ==========start qualified Network Selection==========
05-27 12:08:33.160  2405  3635 D WifiQualifiedNetworkSelector:: Saved Network List
05-27 12:08:33.160  2405  3635 D WifiQualifiedNetworkSelector::     "CST_test":0  User Preferred BSSID:null FQDN:null NETWORK_SELECTION_ENABLED Disable account: 0 0 0 0 0 0 0 0 0 0 Connect Choice:null set time:-1
05-27 12:08:33.160  2405  3635 D WifiQualifiedNetworkSelector:: hk:18:d6:c7:4e:93:e0(5GHz)-84 / dlink-B654-5GHz:6c:19:8f:c8:b6:56(5GHz)-88 /  skipped due to low signal
05-27 12:08:33.160  2405  3635 D WifiQualifiedNetworkSelector:: lifestyle 302:ec:08:6b:e4:e4:5e / hk2:18:d6:c7:4e:93:e1 /  skipped due to not saved
05-27 12:08:33.160  2405  3635 D WifiQualifiedNetworkSelector::  
05-27 12:08:33.161  2405  3635 D WifiQualifiedNetworkSelector::  skipped due to not valid SSID
05-27 12:08:33.161  2405  3635 D WifiQualifiedNetworkSelector:: 
05-27 12:08:33.161  2405  3635 D WifiQualifiedNetworkSelector:: Checking the externalScoreEvaluator for candidates...
05-27 12:08:33.161  2405  3635 D WifiQualifiedNetworkSelector:: ExternalScoreEvaluator did not see any good candidates.
05-27 12:08:33.161  2405  3635 D WifiQualifiedNetworkSelector:: Can not find any suitable candidates
05-27 12:08:33.230   785   785 I MSM-irqbalance: Decided to move IRQ166 from CPU0 to CPU2
05-27 12:08:33.799  3716  3716 D KeyguardUpdateMonitor: received broadcast android.intent.action.BATTERY_CHANGED
05-27 12:08:33.800  3716  3716 D KeyguardUpdateMonitor: handleBatteryUpdate
05-27 12:08:33.800  2405  4873 E IzatSvc_OSObserver: I/LocTech-Label :: OSOBSERVER :: Data Items In
05-27 12:08:33.800  2405  4873 E IzatSvc_OSObserver: I/LocTech-Value :: Data Item Value: IS_POWER_CONNECTED: false
05-27 12:08:33.801  2405  3891 E LocSvc_api_v02: I/---> locClientSendReq line 2059 QMI_LOC_SET_EXTERNAL_POWER_CONFIG_REQ_V02
05-27 12:08:33.801  2405  4897 E LocSvc_libulp: I/int ulp_msg_process_system_update(const UlpSystemEvent): systemEvent:3 
05-27 12:08:33.802  2405  4897 E LocSvc_libulp: I/int ulp_msg_process_start_req(), at ulp state = 1
05-27 12:08:33.807  3914  3914 E QtiImsExtUtils: getConfigForPhoneId subId is invalid
05-27 12:08:33.807  3914  3914 E QtiImsExtUtils: isCarrierConfigEnabled bundle is null
05-27 12:08:33.808  4564  4718 W QCNEJ   : |CORE| CNE received unexpected action: android.intent.action.BATTERY_CHANGED
05-27 12:08:33.808  2405  3930 E LocSvc_ApiV02: I/<--- void globalRespCb(locClientHandleType, uint32_t, const locClientRespIndUnionType, uint32_t, void *) line 133 QMI_LOC_SET_EXTERNAL_POWER_CONFIG_REQ_V02
05-27 12:08:33.810  2405  3182 E BatteryStatsService: no controller energy info supplied
05-27 12:08:33.810  2405  3182 E BatteryStatsService: no controller energy info supplied
05-27 12:08:33.826  3716  3716 D BatteryMeterDrawable: Charging true mPluggedIn false
05-27 12:08:33.827  3716  3716 D BatteryMeterDrawable: Charging true mPluggedIn false
05-27 12:08:33.840  2405  3182 E BatteryStatsService: modem info is invalid: ModemActivityInfo{ mTimestamp=18384733 mSleepTimeMs=17185944 mIdleTimeMs=-16829816 mTxTimeMs[]=[0, 0, 0, 0, 0] mRxTimeMs=10024 mEnergyUsed=0}
05-27 12:08:33.840  2405  3182 I BatteryStatsImpl: Resetting battery stats: level=93 status=2 dischargeLevel=93 lowAmount=2 highAmount=3
05-27 12:08:33.844  3716  3716 D BatteryMeterDrawable: Charging true mPluggedIn false
05-27 12:08:33.845  3716  3716 D BatteryMeterDrawable: Charging true mPluggedIn false
05-27 12:08:33.861  2405  3182 E BatteryStatsService: power: Missing API
05-27 12:08:33.952  2405  2405 I EntropyMixer: Writing entropy...
05-27 12:08:33.953  2405  4873 E IzatSvc_OSObserver: I/LocTech-Label :: OSOBSERVER :: Data Items In
05-27 12:08:33.953  2405  4873 E IzatSvc_OSObserver: I/LocTech-Value :: Data Item Value: IS_POWER_CONNECTED: true
05-27 12:08:33.953  2405  3891 E LocSvc_api_v02: I/---> locClientSendReq line 2059 QMI_LOC_SET_EXTERNAL_POWER_CONFIG_REQ_V02
05-27 12:08:33.954  2405  4897 E LocSvc_libulp: I/int ulp_msg_process_system_update(const UlpSystemEvent): systemEvent:2 
05-27 12:08:33.954  2405  4897 E LocSvc_libulp: I/int ulp_msg_process_start_req(), at ulp state = 1
05-27 12:08:33.954  4564  4718 W QCNEJ   : |CORE| CNE received unexpected action: android.intent.action.BATTERY_CHANGED
05-27 12:08:33.956  3716  3716 D KeyguardUpdateMonitor: received broadcast android.intent.action.BATTERY_CHANGED
05-27 12:08:33.956  3716  3716 D KeyguardUpdateMonitor: handleBatteryUpdate
05-27 12:08:33.958  3914  3914 E QtiImsExtUtils: getConfigForPhoneId subId is invalid
05-27 12:08:33.958  3914  3914 E QtiImsExtUtils: isCarrierConfigEnabled bundle is null
05-27 12:08:33.962  2405  3182 E BatteryStatsService: no controller energy info supplied
05-27 12:08:33.962  2405  3182 E BatteryStatsService: no controller energy info supplied
05-27 12:08:33.965  3716  3716 D BatteryMeterDrawable: Charging false mPluggedIn true
05-27 12:08:33.965  3716  3716 D BatteryMeterDrawable: Charging false mPluggedIn true
05-27 12:08:33.978  3716  3716 D BatteryMeterDrawable: Charging false mPluggedIn true
05-27 12:08:33.979  3716  3716 D BatteryMeterDrawable: Charging false mPluggedIn true
05-27 12:08:33.979  2405  3930 E LocSvc_ApiV02: I/<--- void globalRespCb(locClientHandleType, uint32_t, const locClientRespIndUnionType, uint32_t, void *) line 133 QMI_LOC_SET_EXTERNAL_POWER_CONFIG_REQ_V02
05-27 12:08:33.979  2405  3891 E LocSvc_api_v02: I/---> locClientSendReq line 2059 QMI_LOC_GET_BEST_AVAILABLE_POSITION_REQ_V02
05-27 12:08:33.985  2405  3930 E LocSvc_ApiV02: I/<--- void globalRespCb(locClientHandleType, uint32_t, const locClientRespIndUnionType, uint32_t, void *) line 133 QMI_LOC_GET_BEST_AVAILABLE_POSITION_REQ_V02
05-27 12:08:33.986  2405  4897 E LocSvc_libulp: I/int ulp_brain_process_zpp_position_report(const enum loc_sess_status, LocPosTechMask, UlpLocation *), report ZPP position to providers,report_position = 1
05-27 12:08:33.987  2405  3891 E IzatSvc_PassiveLocListener: E/Exiting with error virtual void izat_manager::IzatPassiveLocationListener::onLocationChanged(const izat_manager::IzatLocation *, const IzatLocationStatus) line 171 "1"
05-27 12:08:34.000  2405  3182 E BatteryStatsService: modem info is invalid: ModemActivityInfo{ mTimestamp=18384894 mSleepTimeMs=17185944 mIdleTimeMs=-16829816 mTxTimeMs[]=[0, 0, 0, 0, 0] mRxTimeMs=10024 mEnergyUsed=0}
05-27 12:08:34.022  5935  5986 E NetworkScheduler.SR: Invalid parameter app
05-27 12:08:34.022  5935  5986 E NetworkScheduler.SR: Invalid package name : Perhaps you didn't include a PendingIntent in the extras?
05-27 12:08:34.045  2405  2405 E LocSvc_flp: I/===> int flp_inject_location(FlpLocation *) line 253 
05-27 12:08:34.045  2405  2405 E         : I/===> int FlpLocationClient::flp_inject_location(FlpExtLocation*) line 265 
05-27 12:08:34.046  2405  3166 E LocSvc_eng: I/===> int loc_eng_inject_location(loc_eng_data_s_type &, double, double, float) line 2207 
05-27 12:08:34.196  3716  3716 D KeyguardUpdateMonitor: received broadcast android.intent.action.BATTERY_CHANGED
05-27 12:08:34.197  3716  3716 D KeyguardUpdateMonitor: handleBatteryUpdate
05-27 12:08:34.200  4564  4718 W QCNEJ   : |CORE| CNE received unexpected action: android.intent.action.BATTERY_CHANGED
05-27 12:08:34.204  3914  3914 E QtiImsExtUtils: getConfigForPhoneId subId is invalid
05-27 12:08:34.204  3914  3914 E QtiImsExtUtils: isCarrierConfigEnabled bundle is null
05-27 12:08:34.207  3716  3716 D BatteryMeterDrawable: Charging true mPluggedIn true
05-27 12:08:34.207  3716  3716 D BatteryMeterDrawable: Charging true mPluggedIn true
05-27 12:08:34.215  3716  3716 D BatteryMeterDrawable: Charging true mPluggedIn true
05-27 12:08:34.217  3716  3716 D BatteryMeterDrawable: Charging true mPluggedIn true
05-27 12:08:34.223  2405  4873 E IzatSvc_OSObserver: I/LocTech-Label :: OSOBSERVER :: Data Items In
05-27 12:08:34.223  2405  4873 E IzatSvc_OSObserver: I/LocTech-Value :: Data Item Value: IS_POWER_CONNECTED: false
05-27 12:08:34.224  2405  3891 E LocSvc_api_v02: I/---> locClientSendReq line 2059 QMI_LOC_SET_EXTERNAL_POWER_CONFIG_REQ_V02
05-27 12:08:34.225  2405  4897 E LocSvc_libulp: I/int ulp_msg_process_system_update(const UlpSystemEvent): systemEvent:3 
05-27 12:08:34.226  2405  4897 E LocSvc_libulp: I/int ulp_msg_process_start_req(), at ulp state = 1
05-27 12:08:34.233  4564  4718 W QCNEJ   : |CORE| CNE received unexpected action: android.intent.action.BATTERY_CHANGED
05-27 12:08:34.234  2405  3930 E LocSvc_ApiV02: I/<--- void globalRespCb(locClientHandleType, uint32_t, const locClientRespIndUnionType, uint32_t, void *) line 133 QMI_LOC_SET_EXTERNAL_POWER_CONFIG_REQ_V02
05-27 12:08:34.236  3716  3716 D KeyguardUpdateMonitor: received broadcast android.intent.action.BATTERY_CHANGED
05-27 12:08:34.237  3914  3914 E QtiImsExtUtils: getConfigForPhoneId subId is invalid
05-27 12:08:34.237  3914  3914 E QtiImsExtUtils: isCarrierConfigEnabled bundle is null
05-27 12:08:34.239  3716  3716 D BatteryMeterDrawable: Charging false mPluggedIn false
05-27 12:08:34.239  3716  3716 D BatteryMeterDrawable: Charging false mPluggedIn false
05-27 12:08:34.240  2405  3182 E BatteryStatsService: no controller energy info supplied
05-27 12:08:34.240  2405  3182 E BatteryStatsService: no controller energy info supplied
05-27 12:08:34.244  3716  3716 D KeyguardUpdateMonitor: handleBatteryUpdate
05-27 12:08:34.269  3716  3716 D BatteryMeterDrawable: Charging false mPluggedIn false
05-27 12:08:34.270  3716  3716 D BatteryMeterDrawable: Charging false mPluggedIn false
05-27 12:08:34.273  2405  3182 E BatteryStatsService: modem info is invalid: ModemActivityInfo{ mTimestamp=18385165 mSleepTimeMs=17185944 mIdleTimeMs=-16829816 mTxTimeMs[]=[0, 0, 0, 0, 0] mRxTimeMs=10024 mEnergyUsed=0}
05-27 12:08:34.273  2405  3182 I BatteryStatsImpl: Resetting battery stats: level=93 status=2 dischargeLevel=93 lowAmount=0 highAmount=0
05-27 12:08:34.277  2405  3182 E BatteryStatsService: power: Missing API
