05-27 07:03:03.013  2405  3715 I ActivityManager: Start proc 6670:com.microsoft.office.BootBroadCastReceiver/u0a21 for broadcast com.microsoft.office.word/com.microsoft.office.preinstallservice.BootBroadCastReceiver
05-27 07:03:03.029  2405  2981 I ActivityManager: Killing 5726:com.android.carrierconfig/u0a4 (adj 906): empty #17
05-27 07:03:03.043  2405  4625 D CryptdConnector: SND -> {10 cryptfs getpwtype}
05-27 07:03:03.043   393   399 D VoldCryptCmdListener: cryptfs getpwtype
05-27 07:03:03.044  2405  3628 D CryptdConnector: RCV <- {213 10 default}
05-27 07:03:03.058  2405  5878 D ActivityManager: cleanUpApplicationRecord -- 5726
05-27 07:03:03.202  2405  4622 I ActivityManager: Start proc 6698:com.qti.csk/u0a101 for broadcast com.qti.csk/.AutoStartBroadcast
05-27 07:03:03.350  2405  5878 I ActivityManager: Start proc 6731:com.qti.csm/1000 for broadcast com.qti.csm/.securityLog.SystemInfo
05-27 07:03:03.356  2405  5878 I ActivityManager: Killing 5004:com.smartron.gallery/u0a14 (adj 906): empty #17
05-27 07:03:03.464  2405  4625 D ActivityManager: cleanUpApplicationRecord -- 5004
05-27 07:03:03.484  6731  6731 W ContextImpl: Calling a method in the system process without a qualified user: android.app.ContextImpl.startService:1357 android.content.ContextWrapper.startService:613 android.content.ContextWrapper.startService:613 com.qti.csm.securityLog.Settings.updateTask:103 com.qti.csm.securityLog.SystemInfo.onReceive:22 
05-27 07:03:03.504  4598  4598 W ContextImpl: Calling a method in the system process without a qualified user: android.app.ContextImpl.startService:1357 android.content.ContextWrapper.startService:613 android.content.ContextWrapper.startService:613 com.qti.launcherunreadservice.BootCompletReceiver.onReceive:41 android.app.ActivityThread.handleReceiver:3040 
05-27 07:03:03.541  2405  5878 I ActivityManager: Killing 5343:com.android.managedprovisioning/u0a22 (adj 906): empty #17
05-27 07:03:03.558  2405  5878 I ActivityManager: Start proc 6760:com.qti.smq.qualcommFeedback/u0a105 for broadcast com.qti.smq.qualcommFeedback/com.qti.smq.receiver.lifecycle.BootReceiver
05-27 07:03:03.570  4598  4598 W ContextImpl: Calling a method in the system process without a qualified user: android.app.ContextImpl.sendBroadcast:877 android.content.ContextWrapper.sendBroadcast:421 com.qti.launcherunreadservice.LauncherUnreadService.sendUnreadChangedBroadcast:310 com.qti.launcherunreadservice.LauncherUnreadService.onStartCommand:167 android.app.ActivityThread.handleServiceArgs:3326 
05-27 07:03:03.608  4598  4598 W ContextImpl: Calling a method in the system process without a qualified user: android.app.ContextImpl.sendBroadcast:877 android.content.ContextWrapper.sendBroadcast:421 com.qti.launcherunreadservice.LauncherUnreadService.sendUnreadChangedBroadcast:310 com.qti.launcherunreadservice.LauncherUnreadService.onStartCommand:168 android.app.ActivityThread.handleServiceArgs:3326 
05-27 07:03:03.624  4598  4598 E ActivityThread: Failed to find provider info for com.android.email.provider
05-27 07:03:03.625  4598  4598 W ContextImpl: Calling a method in the system process without a qualified user: android.app.ContextImpl.sendBroadcast:877 android.content.ContextWrapper.sendBroadcast:421 com.qti.launcherunreadservice.LauncherUnreadService.sendUnreadChangedBroadcast:310 com.qti.launcherunreadservice.LauncherUnreadService.onStartCommand:169 android.app.ActivityThread.handleServiceArgs:3326 
05-27 07:03:03.633  2405  4641 D ActivityManager: cleanUpApplicationRecord -- 5343
05-27 07:03:03.706  5378  5378 W ContextImpl: Calling a method in the system process without a qualified user: android.app.ContextImpl.startService:1357 android.content.ContextWrapper.startService:613 android.content.ContextWrapper.startService:613 com.qualcomm.atfwd.AtFwdAutoboot.onReceive:24 android.app.ActivityThread.handleReceiver:3040 
05-27 07:03:03.731  2405  4641 I ActivityManager: Start proc 6779:com.qualcomm.embms/u0a87 for broadcast com.qualcomm.embms/.EmbmsBootReceiver
05-27 07:03:03.815  2405  4672 I ActivityManager: Start proc 6803:com.qualcomm.embms:remote/u0a87 for service com.qualcomm.embms/.EmbmsService
05-27 07:03:03.824  2405  6597 I ActivityManager: Killing 4756:com.android.printspooler/u0a76 (adj 906): empty #17
05-27 07:03:03.880  2405  2405 I ActivityManager: Start proc 6821:com.qualcomm.location.XT/1000 for broadcast com.qualcomm.location.XT/.XTBroadcastReceiver
05-27 07:03:03.906  2405  4673 I ActivityManager: Killing 6047:com.google.android.apps.inputmethod.hindi/u0a65 (adj 906): empty #17
05-27 07:03:03.957  2405  4673 I ActivityManager: Start proc 6878:com.qualcomm.qti.appnetaccess/1000 for broadcast com.qualcomm.qti.appnetaccess/.AppNetAccessReceiver
05-27 07:03:03.959  2405  4625 D ActivityManager: cleanUpApplicationRecord -- 4756
05-27 07:03:03.974  2405  3715 I ActivityManager: Killing 6066:com.google.android.apps.maps/u0a91 (adj 906): empty #17
05-27 07:03:03.988  2405  3949 D ActivityManager: cleanUpApplicationRecord -- 6047
05-27 07:03:04.035  6878  6878 W ContextImpl: Calling a method in the system process without a qualified user: android.app.ContextImpl.startService:1357 android.content.ContextWrapper.startService:613 android.content.ContextWrapper.startService:613 com.qualcomm.qti.appnetaccess.AppNetAccessReceiver.onReceive:24 android.app.ActivityThread.handleReceiver:3040 
05-27 07:03:04.057  2405  3949 I ActivityManager: Start proc 6912:com.qualcomm.qti.modemtestmode/1000 for broadcast com.qualcomm.qti.modemtestmode/.DefaultReceiver
05-27 07:03:04.089  2405  6597 D ActivityManager: cleanUpApplicationRecord -- 6066
05-27 07:03:04.126  6912  6912 W ContextImpl: Calling a method in the system process without a qualified user: android.app.ContextImpl.startService:1357 android.content.ContextWrapper.startService:613 com.qualcomm.qcrilhook.QcRilHook.<init>:102 com.qualcomm.qti.modemtestmode.MbnAppGlobals.onCreate:32 android.app.Instrumentation.callApplicationOnCreate:1025 
05-27 07:03:04.128  6912  6912 W ContextImpl: Calling a method in the system process without a qualified user: android.app.ContextImpl.bindService:1421 android.content.ContextWrapper.bindService:636 com.qualcomm.qcrilhook.QcRilHook.<init>:104 com.qualcomm.qti.modemtestmode.MbnAppGlobals.onCreate:32 android.app.Instrumentation.callApplicationOnCreate:1025 
05-27 07:03:04.140  6912  6912 W ContextImpl: Calling a method in the system process without a qualified user: android.app.ContextImpl.startService:1357 android.content.ContextWrapper.startService:613 android.content.ContextWrapper.startService:613 com.qualcomm.qti.modemtestmode.DefaultReceiver.onReceive:36 android.app.ActivityThread.handleReceiver:3040 
05-27 07:03:04.150  6912  6912 W ContextImpl: Calling a method in the system process without a qualified user: android.app.ContextImpl.bindService:1421 android.content.ContextWrapper.bindService:636 com.qualcomm.qti.modemtestmode.MbnSystemService.onCreate:101 android.app.ActivityThread.handleCreateService:3191 android.app.ActivityThread.-wrap5:-1 
05-27 07:03:04.164  2405  4641 I ActivityManager: Start proc 6929:com.qualcomm.qti.radioconfiginterface/1001 for broadcast com.qualcomm.qti.radioconfiginterface/.RadioConfigBootReceiver
05-27 07:03:04.240  2405  2981 I ActivityManager: Killing 6151:com.google.android.apps.messaging/u0a83 (adj 906): empty #17
05-27 07:03:04.257  4683  4683 W ContextImpl: Calling a method in the system process without a qualified user: android.app.ContextImpl.startService:1357 android.content.ContextWrapper.startService:613 android.content.ContextWrapper.startService:613 com.qualcomm.qti.services.secureui.BootReceiver.onReceive:30 android.app.ActivityThread.handleReceiver:3040 
05-27 07:03:04.290  4564  4564 W ContextImpl: Calling a method in the system process without a qualified user: android.app.ContextImpl.startService:1357 android.content.ContextWrapper.startService:613 android.content.ContextWrapper.startService:613 com.qualcomm.qti.tetherservice.TetherReceiver.onReceive:32 android.app.ActivityThread.handleReceiver:3040 
05-27 07:03:04.310  2405  2978 I ActivityManager: Start proc 6953:com.qualcomm.qualcommsettings/1000 for broadcast com.qualcomm.qualcommsettings/.Dun_Autoboot
05-27 07:03:04.320  2405  4225 D ActivityManager: cleanUpApplicationRecord -- 6151
05-27 07:03:04.356  2405  3171 W BroadcastQueue: Permission Denial: broadcasting Intent { act=android.net.conn.TETHER_STATE_CHANGED flg=0x24000010 (has extras) } from null (pid=-1, uid=-1) requires android.permission.CONNECTIVITY_INTERNAL due to registered receiver BroadcastFilter{e45df6f u0 ReceiverList{b5ab24e 4564 .dataservices/1000/u0 remote:74b9949}}
05-27 07:03:04.389  6953  6953 W ContextImpl: Calling a method in the system process without a qualified user: android.app.ContextImpl.startService:1357 android.content.ContextWrapper.startService:613 android.content.ContextWrapper.startService:613 com.qualcomm.qualcommsettings.Dun_Autoboot.onReceive:57 android.app.ActivityThread.handleReceiver:3040 
05-27 07:03:04.393  2405  4727 I BroadcastQueue: Delay finish: com.qualcomm.qualcommsettings/.Dun_Autoboot
05-27 07:03:05.236  6023  6495 E ActivityThread: Failed to find provider info for com.google.android.wearable.settings
05-27 07:03:05.299  2405  2978 I ActivityManager: Killing 6253:com.google.android.apps.photos:CameraShortcut/u0a94 (adj 906): empty #17
05-27 07:03:05.442  2405  4643 D ActivityManager: cleanUpApplicationRecord -- 6253
05-27 07:03:06.010  2405  3171 I ActivityManager: Waited long enough for: ServiceRecord{a37603f u0 com.android.settings/.SettingsBootService}
05-27 07:03:06.010  2405  3171 I BroadcastQueue: Resuming delayed broadcast
05-27 07:03:06.044  5378  5378 W ContextImpl: Calling a method in the system process without a qualified user: android.app.ContextImpl.startService:1357 android.content.ContextWrapper.startService:613 android.content.ContextWrapper.startService:613 com.qualcomm.simcontacts.SimStateReceiver.sendPhoneBoot:74 com.qualcomm.simcontacts.SimStateReceiver.onReceive:55 
05-27 07:03:06.086  2405  2978 I ActivityManager: Start proc 6998:com.sim.cit/1000 for broadcast com.sim.cit/.TransportPSensorData
05-27 07:03:06.209  2405  4671 I ActivityManager: Start proc 7012:com.smartron.caretron/1000 for broadcast com.smartron.caretron/net.pagekite.app.BootHandler
05-27 07:03:06.211  2405  4671 I ActivityManager: Killing 6236:com.google.android.apps.photos/u0a94 (adj 906): empty #17
05-27 07:03:06.283  2405  4641 D ActivityManager: cleanUpApplicationRecord -- 6236
05-27 07:03:06.515  2405  3321 I DisplayManagerService: Display device changed state: "Built-in Screen", OFF
05-27 07:03:06.553  2405  4225 I ActivityManager: Start proc 7029:com.smartron.smartronutils/1000 for broadcast com.smartron.smartronutils/.SmartronUtilsBootReceiver
05-27 07:03:06.556  2405  4225 I ActivityManager: Killing 6292:com.google.android.configupdater/u0a11 (adj 906): empty #17
05-27 07:03:06.600  7029  7029 W ContextImpl: Calling a method in the system process without a qualified user: android.app.ContextImpl.startService:1357 android.content.ContextWrapper.startService:613 android.content.ContextWrapper.startService:613 com.smartron.smartronutils.SmartronUtilsBootReceiver.onReceive:20 android.app.ActivityThread.handleReceiver:3040 
05-27 07:03:06.604  2405  6597 I BroadcastQueue: Delay finish: com.smartron.smartronutils/.SmartronUtilsBootReceiver
05-27 07:03:06.605  2405  4641 I BroadcastQueue: Resuming delayed broadcast
05-27 07:03:06.622  2405  4641 I ActivityManager: Start proc 7043:com.smartron.synctron/u0a14 for broadcast com.smartron.synctron/.reciver.TCloudViewerStateReceiver
05-27 07:03:06.626  2405  4672 I ActivityManager: Killing 6328:com.google.android.deskclock/u0a50 (adj 906): empty #17
05-27 07:03:06.639  2405  4727 D ActivityManager: cleanUpApplicationRecord -- 6292
05-27 07:03:06.699  2405  4622 D ActivityManager: cleanUpApplicationRecord -- 6328
05-27 07:03:07.032  2405  3949 I BroadcastQueue: Delay finish: com.smartron.synctron/.reciver.TCloudViewerStateReceiver
05-27 07:03:07.384  2405  4672 I BroadcastQueue: Resuming delayed broadcast
05-27 07:03:07.399  2405  6597 I ActivityManager: Killing 6351:com.google.android.gm/u0a57 (adj 906): empty #17
05-27 07:03:07.431  2405  5878 I ActivityManager: Start proc 7096:org.codeaurora.ims/1001 for broadcast org.codeaurora.ims/.ImsServiceAutoboot
05-27 07:03:07.537  2405  4641 I ActivityManager: Start proc 7111:org.simalliance.openmobileapi.service/1000 for broadcast org.simalliance.openmobileapi.service/.SmartcardServiceBootCompletedBroadcastReceiver
05-27 07:03:07.540  2405  4641 I ActivityManager: Killing 6413:com.android.chrome/u0a64 (adj 906): empty #17
05-27 07:03:07.541  2405  3715 D ActivityManager: cleanUpApplicationRecord -- 6351
05-27 07:03:07.600  2405  6597 D ActivityManager: cleanUpApplicationRecord -- 6413
05-27 07:03:07.623  2405  2978 I ActivityManager: Killing 6440:com.google.android.onetimeinitializer/u0a17 (adj 906): empty #17
05-27 07:03:07.638  2405  5878 D ActivityManager: cleanUpApplicationRecord -- 6440
05-27 07:03:07.753  2405  2981 W BroadcastQueue: Failure sending broadcast Intent { act=com.google.android.intent.action.GCM_RECONNECT flg=0x14 (has extras) }
05-27 07:03:07.753  2405  2981 W BroadcastQueue: android.os.RemoteException: app.thread must not be null
05-27 07:03:07.753  2405  2981 W BroadcastQueue: 	at com.android.server.am.BroadcastQueue.performReceiveLocked(BroadcastQueue.java:492)
05-27 07:03:07.753  2405  2981 W BroadcastQueue: 	at com.android.server.am.BroadcastQueue.deliverToRegisteredReceiverLocked(BroadcastQueue.java:666)
05-27 07:03:07.753  2405  2981 W BroadcastQueue: 	at com.android.server.am.BroadcastQueue.processNextBroadcast(BroadcastQueue.java:951)
05-27 07:03:07.753  2405  2981 W BroadcastQueue: 	at com.android.server.am.ActivityManagerService.finishReceiver(ActivityManagerService.java:18827)
05-27 07:03:07.753  2405  2981 W BroadcastQueue: 	at android.app.ActivityManagerNative.onTransact(ActivityManagerNative.java:528)
05-27 07:03:07.753  2405  2981 W BroadcastQueue: 	at com.android.server.am.ActivityManagerService.onTransact(ActivityManagerService.java:2858)
05-27 07:03:07.753  2405  2981 W BroadcastQueue: 	at android.os.Binder.execTransact(Binder.java:565)
05-27 07:03:07.775  2405  4226 I BroadcastQueue: Delay finish: com.android.providers.calendar/.CalendarProviderBroadcastReceiver
05-27 07:03:07.794  2405  6597 I BroadcastQueue: Resuming delayed broadcast
05-27 07:03:07.840  2405  4727 I BroadcastQueue: Delay finish: com.rock.gota/com.reach.ActionMonitor
05-27 07:03:09.446  2405  4727 I ActivityManager: Killing 6463:com.google.android.partnersetup/u0a19 (adj 906): empty #17
05-27 07:03:09.513  2405  2981 D ActivityManager: cleanUpApplicationRecord -- 6463
05-27 07:03:09.936  2405  4226 I ActivityManager: Killing 6524:com.google.android.gms.ui/u0a13 (adj 906): empty #17
05-27 07:03:10.031  2405  4622 D ActivityManager: cleanUpApplicationRecord -- 6524
05-27 07:03:12.349  2405  3166 I ActivityManager: Start proc 7134:com.android.printspooler/u0a76 for service com.android.printspooler/.model.PrintSpoolerService
05-27 07:03:14.054  2405  3625 I PowerManagerService: Waking up from dozing (uid 1000)...
05-27 07:03:14.056  2405  3330 I DisplayPowerController: Blocking screen on until initial contents have been drawn.
05-27 07:03:14.057  2405  3321 I DisplayManagerService: Display device changed state: "Built-in Screen", ON
05-27 07:03:14.456  2405  3330 I DisplayPowerController: Unblocked screen on after 400 ms
05-27 07:03:14.458  2405  3330 I DreamManagerService: Gently waking up from dream.
05-27 07:03:14.459  2405  6597 I DreamManagerService: Leaving dreamland.
05-27 07:03:14.460  2405  3316 I DreamController: Stopping dream: name=ComponentInfo{com.android.systemui/com.android.systemui.doze.DozeService}, isTest=false, canDoze=true, userId=0
05-27 07:03:15.111  3716  3716 V KeyguardDisplayManager: hide
05-27 07:03:15.138  2405  3171 I ActivityManager: Waited long enough for: ServiceRecord{aed7fde u0 com.google.android.calendar/.alerts.InitAlarmsService}
05-27 07:03:15.138  2405  3171 I BroadcastQueue: Resuming delayed broadcast
05-27 07:03:15.313  2405  2978 I ActivityManager: Start proc 7165:com.google.android.apps.maps/u0a91 for broadcast com.google.android.apps.maps/com.google.android.apps.gmm.ugc.ataplace.AtAPlaceService
05-27 07:03:15.614  2405  4625 I ActivityManager: Setting hasTopUi=false for pid=3716
05-27 07:03:15.881  2405  4673 D CryptdConnector: SND -> {11 cryptfs getpwtype}
05-27 07:03:15.882   393   399 D VoldCryptCmdListener: cryptfs getpwtype
05-27 07:03:15.883  2405  3628 D CryptdConnector: RCV <- {213 11 default}
05-27 07:03:16.187  2405  4226 I ActivityManager: Killing 6538:com.google.process.gapps/u0a53 (adj 906): empty #17
05-27 07:03:16.215  2405  4672 I ActivityManager: Start proc 7234:com.android.timerswitch/1000 for broadcast com.android.timerswitch/.TimerSwitchInitReceiver
05-27 07:03:16.247  2405  4226 D ActivityManager: cleanUpApplicationRecord -- 6538
05-27 07:03:16.283  2405  4225 I ActivityManager: Killing 6670:com.microsoft.office.BootBroadCastReceiver/u0a21 (adj 906): empty #17
05-27 07:03:16.307  2405  4625 I ActivityManager: Start proc 7248:com.google.android.deskclock/u0a50 for broadcast com.google.android.deskclock/com.android.deskclock.AlarmInitReceiver
05-27 07:03:16.364  2405  4625 D ActivityManager: cleanUpApplicationRecord -- 6670
05-27 07:03:16.539  2405  4625 I ActivityManager: Killing 6579:com.google.android.talk/u0a92 (adj 906): empty #17
05-27 07:03:16.671  2405  4643 D ActivityManager: cleanUpApplicationRecord -- 6579
05-27 07:03:16.820  2405  4671 I ActivityManager: Start proc 7273:com.qualcomm.timeservice/1000 for broadcast com.qualcomm.timeservice/.TimeServiceBroadcastReceiver
05-27 07:03:16.899  2405  2981 I ActivityManager: Killing 5250:com.android.vending/u0a33 (adj 906): empty #17
05-27 07:03:16.931  2405  5878 I ActivityManager: Start proc 7288:com.google.android.apps.photos/u0a94 for broadcast com.google.android.apps.photos/.jobqueue.JobServiceBroadcastReceiverInternal
05-27 07:03:16.990  2405  6597 D ActivityManager: cleanUpApplicationRecord -- 5250
05-27 07:03:17.062  2405  4225 I BroadcastQueue: Delay finish: com.google.android.apps.photos/.jobqueue.JobServiceBroadcastReceiverInternal
05-27 07:03:17.094  2405  4625 I BroadcastQueue: Resuming delayed broadcast
05-27 07:03:17.108  2405  4727 I BroadcastQueue: Delay finish: com.google.android.apps.photos/.actionqueue.InternalReceiver
05-27 07:03:17.115  2405  4641 I BroadcastQueue: Resuming delayed broadcast
05-27 07:03:17.135  2405  4641 I ActivityManager: Start proc 7310:com.google.android.gm/u0a57 for broadcast com.google.android.gm/.widget.GmailWidgetProvider
05-27 07:03:17.139  2405  4225 I ActivityManager: Killing 6698:com.qti.csk/u0a101 (adj 906): empty #17
05-27 07:03:17.169  2405  4673 D CryptdConnector: SND -> {12 cryptfs getpwtype}
05-27 07:03:17.169   393   399 D VoldCryptCmdListener: cryptfs getpwtype
05-27 07:03:17.170  2405  3628 D CryptdConnector: RCV <- {213 12 default}
05-27 07:03:17.242  7310  7333 D ActivityThread: Loading provider com.google.android.gmail.provider;com.android.mail.notifier;com.google.android.gm.email.provider;com.google.android.gm.tasks.provider;com.google.android.gm.email.notifier: com.android.email.provider.EmailProvider
05-27 07:03:17.263  2405  4672 D ActivityManager: cleanUpApplicationRecord -- 6698
05-27 07:03:17.342  2405  4671 W ActivityManager: Unable to start service Intent { cmp=com.google.android.gm/com.android.email.service.AttachmentService } U=0: not found
05-27 07:03:17.381  2405  4643 I BroadcastQueue: Delay finish: com.google.android.gm/.widget.GmailWidgetProvider
05-27 07:03:17.388  2405  4673 W ActivityManager: Unable to start service Intent { cmp=com.google.android.gm.exchange/com.android.exchange.service.EasService } U=0: not found
05-27 07:03:17.412  2405  4727 I BroadcastQueue: Resuming delayed broadcast
05-27 07:03:17.424  2405  6597 I BroadcastQueue: Delay finish: com.google.android.gm/.widget.GmailWidgetProvider
05-27 07:03:17.436  2405  4625 I BroadcastQueue: Resuming delayed broadcast
05-27 07:03:17.450  2405  2978 I ActivityManager: Killing 6760:com.qti.smq.qualcommFeedback/u0a105 (adj 906): empty #17
05-27 07:03:17.464  2405  2978 I ActivityManager: Killing 6779:com.qualcomm.embms/u0a87 (adj 906): empty #17
05-27 07:03:17.510  2405  4226 I ActivityManager: Start proc 7350:com.google.android.gms.ui/u0a13 for service com.google.android.gms/.chimera.UiIntentOperationService
05-27 07:03:17.536  2405  3715 D ActivityManager: cleanUpApplicationRecord -- 6779
05-27 07:03:17.538  2405  4673 D ActivityManager: cleanUpApplicationRecord -- 6760
05-27 07:03:17.721  2405  4671 I ActivityManager: Start proc 7370:com.google.android.configupdater/u0a11 for broadcast com.google.android.configupdater/.CertPin.CertPinUpdateRequestReceiver
05-27 07:03:17.861  2405  2981 I ActivityManager: Killing 6803:com.qualcomm.embms:remote/u0a87 (adj 906): empty #17
05-27 07:03:17.965  2405  4727 D ActivityManager: cleanUpApplicationRecord -- 6803
05-27 07:03:18.488  2405  3171 I ActivityManager: Waited long enough for: ServiceRecord{dd85bbc u0 com.qti.csm/.securityLog.RunTask}
05-27 07:03:18.606  2405  4672 W ActivityManager: Unable to start service Intent { cmp=com.google.android.gms/.analytics.service.RefreshEnabledStateService } U=0: not found
05-27 07:03:18.709  2405  3171 I ActivityManager: Waited long enough for: ServiceRecord{d021ad8 u0 com.qualcomm.atfwd/.AtFwdService}
05-27 07:03:18.727  2405  6597 I ActivityManager: Start proc 7422:com.google.android.partnersetup/u0a19 for broadcast com.google.android.partnersetup/.RlzPingBroadcastReceiver
05-27 07:03:18.798  2405  3715 I BroadcastQueue: Delay finish: com.google.android.partnersetup/.GservicesChangedReceiver
05-27 07:03:18.830  2405  4727 I BroadcastQueue: Resuming delayed broadcast
05-27 07:03:19.039  2405  3171 I ActivityManager: Waited long enough for: ServiceRecord{be253ab u0 com.qualcomm.qti.appnetaccess/.AppNetAccessService}
05-27 07:03:19.067  2405  4641 I ActivityManager: Killing 6821:com.qualcomm.location.XT/1000 (adj 906): empty #17
05-27 07:03:19.147  2405  3171 I ActivityManager: Waited long enough for: ServiceRecord{6a07652 u0 com.qualcomm.qti.modemtestmode/.MbnSystemService}
05-27 07:03:19.150  2405  4727 D ActivityManager: cleanUpApplicationRecord -- 6821
05-27 07:03:19.392  2405  3171 I ActivityManager: Waited long enough for: ServiceRecord{cae247c u0 com.qualcomm.qualcommsettings/.DunService}
05-27 07:03:21.115  2405  2978 I ActivityManager: Killing 6929:com.qualcomm.qti.radioconfiginterface/1001 (adj 906): empty #17
05-27 07:03:21.240  2405  4622 D ActivityManager: cleanUpApplicationRecord -- 6929
05-27 07:03:21.442  2405  3171 I ActivityManager: Start proc 7466:com.google.android.talk/u0a92 for broadcast com.google.android.talk/com.google.android.apps.hangouts.service.broadcastreceiver.GcmStateReceiver
05-27 07:03:21.684  2405  2978 I ActivityManager: Killing 6998:com.sim.cit/1000 (adj 906): empty #17
05-27 07:03:21.711  2405  2981 D CryptdConnector: SND -> {13 cryptfs getpwtype}
05-27 07:03:21.712   393   399 D VoldCryptCmdListener: cryptfs getpwtype
05-27 07:03:21.712  2405  3628 D CryptdConnector: RCV <- {213 13 default}
05-27 07:03:21.775  2405  4673 D ActivityManager: cleanUpApplicationRecord -- 6998
05-27 07:03:22.031  2405  3171 I ActivityManager: Waited long enough for: ServiceRecord{33a5f98 u0 com.smartron.synctron/.service.TCloudFileObserverService}
05-27 07:03:22.837  2405  3171 I ActivityManager: Waited long enough for: ServiceRecord{f748b47 u0 com.rock.gota/com.reach.ActionService}
05-27 07:03:24.808  2405  4671 I ActivityManager: Killing 7012:com.smartron.caretron/1000 (adj 906): empty #17
05-27 07:03:24.909  2405  4625 D ActivityManager: cleanUpApplicationRecord -- 7012
05-27 07:03:30.205  2405  4641 I ActivityManager: Killing 7029:com.smartron.smartronutils/1000 (adj 906): empty #17
05-27 07:03:30.321  2405  3949 D ActivityManager: cleanUpApplicationRecord -- 7029
05-27 07:03:42.844  2405  4671 I ActivityManager: Killing 7096:org.codeaurora.ims/1001 (adj 906): empty #17
05-27 07:03:42.961  2405  4673 D ActivityManager: cleanUpApplicationRecord -- 7096
05-27 07:03:50.286  2405  5878 I ActivityManager: Killing 7111:org.simalliance.openmobileapi.service/1000 (adj 906): empty #17
05-27 07:03:50.415  2405  4672 D ActivityManager: cleanUpApplicationRecord -- 7111
05-27 07:03:51.694  2405  4673 I Telecom : PhoneAccountRegistrar: SimCallManager queried, returning: null: TSI.gSCM@AFM
05-27 07:03:51.713  2405  4622 I Telecom : PhoneAccountRegistrar: SimCallManager queried, returning: null: TSI.gSCM@AFU
05-27 07:04:03.023  2405  3182 E BatteryStatsService: no controller energy info supplied
05-27 07:04:03.023  2405  3182 E BatteryStatsService: no controller energy info supplied
05-27 07:04:03.079  2405  3182 I BatteryStatsImpl: Resetting battery stats: level=96 status=2 dischargeLevel=96 lowAmount=0 highAmount=0
05-27 07:04:03.090  2405  3171 W ActivityManager: Slow operation: 75ms so far, now at startProcess: done updating battery stats
05-27 07:04:03.090  2405  3171 W ActivityManager: Slow operation: 75ms so far, now at startProcess: building log message
05-27 07:04:03.090  2405  3171 I ActivityManager: Start proc 7546:com.android.chrome/u0a64 for broadcast com.android.chrome/org.chromium.base.PowerStatusReceiver
05-27 07:04:03.090  2405  3171 W ActivityManager: Slow operation: 75ms so far, now at startProcess: starting to update pids map
05-27 07:04:03.090  2405  3171 W ActivityManager: Slow operation: 75ms so far, now at startProcess: done updating pids map
05-27 07:04:03.090  2405  3171 W ActivityManager: Slow operation: 75ms so far, now at startProcess: done starting proc!
05-27 07:04:03.135  2405  3171 W ProcessCpuTracker: Skipping unknown process pid 7564
05-27 07:04:03.365  2405  4225 I ActivityManager: Killing 5462:android.process.acore/u0a1 (adj 906): empty #17
05-27 07:04:03.387  2405  3949 I ActivityManager: Killing 6476:com.google.android.gms.unstable/u0a13 (adj 906): empty #17
05-27 07:04:03.469  2405  5878 D ActivityManager: cleanUpApplicationRecord -- 5462
05-27 07:04:03.521  2405  4622 D ActivityManager: cleanUpApplicationRecord -- 6476
05-27 07:04:05.243  2405  3624 I ActivityManager: START u0 {act=android.intent.action.MAIN cat=[android.intent.category.HOME] flg=0x10200000 cmp=com.smartron.launcher/com.smartron.smextension.SmartronLauncher (has extras)} from uid 1000 on display 0
05-27 07:04:05.491  2405  3624 I ActivityManager: START u0 {act=android.intent.action.MAIN cat=[android.intent.category.HOME] flg=0x10200000 cmp=com.smartron.launcher/com.smartron.smextension.SmartronLauncher (has extras)} from uid 1000 on display 0
05-27 07:04:05.744  2405  3624 I ActivityManager: START u0 {act=android.intent.action.MAIN cat=[android.intent.category.HOME] flg=0x10200000 cmp=com.smartron.launcher/com.smartron.smextension.SmartronLauncher (has extras)} from uid 1000 on display 0
05-27 07:04:06.381  2405  3625 I PowerManagerService: Going to sleep due to power button (uid 1000)...
05-27 07:04:06.874  2405  3321 I DisplayManagerService: Display device changed state: "Built-in Screen", OFF
05-27 07:04:07.163  2405  3330 I DreamManagerService: Entering dreamland.
05-27 07:04:07.164  2405  3330 I PowerManagerService: Dozing...
05-27 07:04:07.164  2405  3316 I DreamController: Starting dream: name=ComponentInfo{com.android.systemui/com.android.systemui.doze.DozeService}, isTest=false, canDoze=true, userId=0
05-27 07:04:07.208  2405  3949 I ActivityManager: Setting hasTopUi=true for pid=3716
05-27 07:04:07.239  3716  3716 V KeyguardStatusView: refresh statusview showing:true
05-27 07:04:07.251  3716  3716 V KeyguardDisplayManager: show
05-27 07:04:17.479  2405  4671 I ActivityManager: Start proc 7641:com.google.android.youtube/u0a95 for service com.google.android.youtube/com.google.android.libraries.youtube.common.gcore.gcoreclient.gcm.impl.GcmTaskServiceDelegator
05-27 07:04:18.178  2405  4641 D CryptdConnector: SND -> {14 cryptfs getpwtype}
05-27 07:04:18.179   393   399 D VoldCryptCmdListener: cryptfs getpwtype
05-27 07:04:18.180  2405  3628 D CryptdConnector: RCV <- {213 14 default}
05-27 07:04:18.313  2405  3949 W ActivityManager: Permission Denial: Accessing service ComponentInfo{com.google.android.music/com.google.android.music.dial.DialMediaRouteProviderService} from pid=7641, uid=10095 that is not exported from uid 10074
05-27 07:04:54.369  2405  4673 I ActivityManager: Killing 7165:com.google.android.apps.maps/u0a91 (adj 906): empty #17
05-27 07:04:54.673  2405  4225 D ActivityManager: cleanUpApplicationRecord -- 7165
05-27 07:06:27.945  2405  3658 D ConnectivityService: NetworkAgentInfo [WIFI () - 100] EVENT_NETWORK_INFO_CHANGED, going from CONNECTED to DISCONNECTED
05-27 07:06:27.945  2405  3658 D ConnectivityService: NetworkAgentInfo [WIFI () - 100] got DISCONNECTED, was satisfying 9
05-27 07:06:28.185  2405  3658 D ConnectivityService: Sending DISCONNECTED broadcast for type 1 NetworkAgentInfo [WIFI () - 100] isDefaultNetwork=true
05-27 07:06:28.188  2405  3182 E BatteryStatsService: no controller energy info supplied
05-27 07:06:31.798  2405  3635 D ConnectivityService: registerNetworkAgent NetworkAgentInfo{ ni{[type: WIFI[], state: CONNECTING/CONNECTING, reason: (unspecified), extra: "CST_test", failover: false, available: true, roaming: false, metered: false]}  network{101}  nethandle{433808132830}  lp{{LinkAddresses: []  Routes: [] DnsAddresses: [] Domains: null MTU: 0}}  nc{[ Transports: WIFI Capabilities: NOT_METERED&INTERNET&NOT_RESTRICTED&TRUSTED&NOT_VPN LinkUpBandwidth>=1048576Kbps LinkDnBandwidth>=1048576Kbps]}  Score{20}  everValidated{false}  lastValidated{false}  created{false} lingering{false} explicitlySelected{false} acceptUnvalidated{false} everCaptivePortalDetected{false} lastCaptivePortalDetected{false} }
05-27 07:06:31.798  2405  3658 D ConnectivityService: NetworkAgentInfo [WIFI () - 101] EVENT_NETWORK_INFO_CHANGED, going from null to CONNECTING
05-27 07:06:31.959  2405  3658 D ConnectivityService: NetworkAgentInfo [WIFI () - 101] EVENT_NETWORK_INFO_CHANGED, going from CONNECTING to CONNECTED
05-27 07:06:31.961  2405  3658 D ConnectivityService: Adding iface wlan0 to network 101
05-27 07:06:32.045  2405  3658 D ConnectivityService: Setting DNS servers for network 101 to [/10.11.10.10, /10.11.10.20]
05-27 07:06:32.069  2405  3658 D ConnectivityService: Switching to new default network: NetworkAgentInfo{ ni{[type: WIFI[], state: CONNECTED/CONNECTED, reason: (unspecified), extra: "CST_test", failover: false, available: true, roaming: false, metered: false]}  network{101}  nethandle{433808132830}  lp{{InterfaceName: wlan0 LinkAddresses: [10.11.13.42/16,]  Routes: [fe80::/64 -> :: wlan0,10.11.0.0/16 -> 0.0.0.0 wlan0,0.0.0.0/0 -> 10.11.0.1 wlan0,] DnsAddresses: [10.11.10.10,10.11.10.20,] Domains: null MTU: 0 TcpBufferSizes: 524288,1048576,2097152,262144,524288,1048576}}  nc{[ Transports: WIFI Capabilities: NOT_METERED&INTERNET&NOT_RESTRICTED&TRUSTED&NOT_VPN&FOREGROUND LinkUpBandwidth>=1048576Kbps LinkDnBandwidth>=1048576Kbps]}  Score{20}  everValidated{false}  lastValidated{false}  created{true} lingering{false} explicitlySelected{false} acceptUnvalidated{false} everCaptivePortalDetected{false} lastCaptivePortalDetected{false} }
05-27 07:06:32.147  2405  3182 E BatteryStatsService: no controller energy info supplied
05-27 07:06:32.152  2405  3658 D ConnectivityService: Sending CONNECTED broadcast for type 1 NetworkAgentInfo [WIFI () - 101] isDefaultNetwork=true
05-27 07:06:32.358  2405  3658 D NetworkNotificationManager: clearNotification id=101
05-27 07:06:32.358  2405  3658 D ConnectivityService: NetworkAgentInfo [WIFI () - 101] validation passed
05-27 07:06:32.745  2405  4622 I ActivityManager: Start proc 7867:com.google.android.gms.unstable/u0a13 for service com.google.android.gms/.droidguard.DroidGuardService
05-27 07:06:45.205  2405  5878 W ActivityManager: Permission Denial: Accessing service ComponentInfo{com.google.android.music/com.google.android.music.dial.DialMediaRouteProviderService} from pid=7641, uid=10095 that is not exported from uid 10074
05-27 07:07:07.453  2405  2405 I ActivityManager: Killing 7234:com.android.timerswitch/1000 (adj 906): empty #17
05-27 07:07:07.583  2405  4672 D ActivityManager: cleanUpApplicationRecord -- 7234
05-27 07:08:03.218  2405  3658 D ConnectivityService: NetworkAgentInfo [WIFI () - 101] EVENT_NETWORK_INFO_CHANGED, going from CONNECTED to DISCONNECTED
05-27 07:08:03.218  2405  3658 D ConnectivityService: NetworkAgentInfo [WIFI () - 101] got DISCONNECTED, was satisfying 9
05-27 07:08:03.386  2405  3658 D ConnectivityService: Sending DISCONNECTED broadcast for type 1 NetworkAgentInfo [WIFI () - 101] isDefaultNetwork=true
05-27 07:08:03.390  2405  3182 E BatteryStatsService: no controller energy info supplied
05-27 07:08:07.264  2405  3635 D ConnectivityService: registerNetworkAgent NetworkAgentInfo{ ni{[type: WIFI[], state: CONNECTING/CONNECTING, reason: (unspecified), extra: "CST_test", failover: false, available: true, roaming: false, metered: false]}  network{102}  nethandle{438103100126}  lp{{LinkAddresses: []  Routes: [] DnsAddresses: [] Domains: null MTU: 0}}  nc{[ Transports: WIFI Capabilities: NOT_METERED&INTERNET&NOT_RESTRICTED&TRUSTED&NOT_VPN LinkUpBandwidth>=1048576Kbps LinkDnBandwidth>=1048576Kbps]}  Score{20}  everValidated{false}  lastValidated{false}  created{false} lingering{false} explicitlySelected{false} acceptUnvalidated{false} everCaptivePortalDetected{false} lastCaptivePortalDetected{false} }
05-27 07:08:07.264  2405  3658 D ConnectivityService: NetworkAgentInfo [WIFI () - 102] EVENT_NETWORK_INFO_CHANGED, going from null to CONNECTING
05-27 07:08:07.851  2405  3658 D ConnectivityService: NetworkAgentInfo [WIFI () - 102] EVENT_NETWORK_INFO_CHANGED, going from CONNECTING to CONNECTED
05-27 07:08:07.853  2405  3658 D ConnectivityService: Adding iface wlan0 to network 102
05-27 07:08:07.918  2405  3658 D ConnectivityService: Setting DNS servers for network 102 to [/10.11.10.10, /10.11.10.20]
05-27 07:08:07.942  2405  3658 D ConnectivityService: Switching to new default network: NetworkAgentInfo{ ni{[type: WIFI[], state: CONNECTED/CONNECTED, reason: (unspecified), extra: "CST_test", failover: false, available: true, roaming: false, metered: false]}  network{102}  nethandle{438103100126}  lp{{InterfaceName: wlan0 LinkAddresses: [10.11.13.42/16,]  Routes: [fe80::/64 -> :: wlan0,10.11.0.0/16 -> 0.0.0.0 wlan0,0.0.0.0/0 -> 10.11.0.1 wlan0,] DnsAddresses: [10.11.10.10,10.11.10.20,] Domains: null MTU: 0 TcpBufferSizes: 524288,1048576,2097152,262144,524288,1048576}}  nc{[ Transports: WIFI Capabilities: NOT_METERED&INTERNET&NOT_RESTRICTED&TRUSTED&NOT_VPN&FOREGROUND LinkUpBandwidth>=1048576Kbps LinkDnBandwidth>=1048576Kbps]}  Score{20}  everValidated{false}  lastValidated{false}  created{true} lingering{false} explicitlySelected{false} acceptUnvalidated{false} everCaptivePortalDetected{false} lastCaptivePortalDetected{false} }
05-27 07:08:08.020  2405  3182 E BatteryStatsService: no controller energy info supplied
05-27 07:08:08.027  2405  3658 D ConnectivityService: Sending CONNECTED broadcast for type 1 NetworkAgentInfo [WIFI () - 102] isDefaultNetwork=true
05-27 07:08:11.156  2405  3658 D NetworkNotificationManager: clearNotification id=102
05-27 07:08:11.157  2405  3658 D ConnectivityService: NetworkAgentInfo [WIFI () - 102] validation passed
05-27 07:09:10.235  2405  3658 D ConnectivityService: NetworkAgentInfo [WIFI () - 102] EVENT_NETWORK_INFO_CHANGED, going from CONNECTED to DISCONNECTED
05-27 07:09:10.235  2405  3658 D ConnectivityService: NetworkAgentInfo [WIFI () - 102] got DISCONNECTED, was satisfying 9
05-27 07:09:10.491  2405  3658 D ConnectivityService: Sending DISCONNECTED broadcast for type 1 NetworkAgentInfo [WIFI () - 102] isDefaultNetwork=true
05-27 07:09:10.497  2405  3182 E BatteryStatsService: no controller energy info supplied
05-27 07:10:48.928  2405  3635 D ConnectivityService: registerNetworkAgent NetworkAgentInfo{ ni{[type: WIFI[], state: CONNECTING/CONNECTING, reason: (unspecified), extra: "CST_test", failover: false, available: true, roaming: false, metered: false]}  network{103}  nethandle{442398067422}  lp{{LinkAddresses: []  Routes: [] DnsAddresses: [] Domains: null MTU: 0}}  nc{[ Transports: WIFI Capabilities: NOT_METERED&INTERNET&NOT_RESTRICTED&TRUSTED&NOT_VPN LinkUpBandwidth>=1048576Kbps LinkDnBandwidth>=1048576Kbps]}  Score{20}  everValidated{false}  lastValidated{false}  created{false} lingering{false} explicitlySelected{false} acceptUnvalidated{false} everCaptivePortalDetected{false} lastCaptivePortalDetected{false} }
05-27 07:10:48.929  2405  3658 D ConnectivityService: NetworkAgentInfo [WIFI () - 103] EVENT_NETWORK_INFO_CHANGED, going from null to CONNECTING
05-27 07:11:12.842  2405  3658 D ConnectivityService: NetworkAgentInfo [WIFI () - 103] EVENT_NETWORK_INFO_CHANGED, going from CONNECTING to DISCONNECTED
05-27 07:11:12.842  2405  3658 D ConnectivityService: NetworkAgentInfo [WIFI () - 103] got DISCONNECTED, was satisfying 0
05-27 07:11:20.567  2405  3635 D ConnectivityService: registerNetworkAgent NetworkAgentInfo{ ni{[type: WIFI[], state: CONNECTING/CONNECTING, reason: (unspecified), extra: "CST_test", failover: false, available: true, roaming: false, metered: false]}  network{104}  nethandle{446693034718}  lp{{LinkAddresses: []  Routes: [] DnsAddresses: [] Domains: null MTU: 0}}  nc{[ Transports: WIFI Capabilities: NOT_METERED&INTERNET&NOT_RESTRICTED&TRUSTED&NOT_VPN LinkUpBandwidth>=1048576Kbps LinkDnBandwidth>=1048576Kbps]}  Score{20}  everValidated{false}  lastValidated{false}  created{false} lingering{false} explicitlySelected{false} acceptUnvalidated{false} everCaptivePortalDetected{false} lastCaptivePortalDetected{false} }
05-27 07:11:20.567  2405  3658 D ConnectivityService: NetworkAgentInfo [WIFI () - 104] EVENT_NETWORK_INFO_CHANGED, going from null to CONNECTING
05-27 07:11:26.178  2405  3658 D ConnectivityService: NetworkAgentInfo [WIFI () - 104] EVENT_NETWORK_INFO_CHANGED, going from CONNECTING to DISCONNECTED
05-27 07:11:26.178  2405  3658 D ConnectivityService: NetworkAgentInfo [WIFI () - 104] got DISCONNECTED, was satisfying 0
05-27 07:19:43.780  2405  2981 I ActivityManager: Start proc 8786:com.smartron.gallery/u0a14 for broadcast com.smartron.gallery/.ClearBinReceiver
05-27 07:32:00.080  2405  2405 I ActivityManager: Killing 5625:com.google.android.calendar/u0a55 (adj 906): empty #17
05-27 07:32:00.201  2405  4625 D ActivityManager: cleanUpApplicationRecord -- 5625
05-27 07:50:45.172  2405  3632 E NetdConnector: NDC Command {120 firewall enable_chain dozable} took too long (132617ms)
05-27 08:05:15.102  2405  3949 I ActivityManager: Start proc 9297:com.microsoft.office.BootBroadCastReceiver/u0a21 for broadcast com.microsoft.office.word/com.microsoft.office.preinstallservice.GenericBroadCastReceiver
05-27 08:05:15.210  2405  4225 I ActivityManager: Start proc 9317:com.microsoft.office.word/u0a21 for service com.microsoft.office.word/com.microsoft.office.preinstallservice.PreInstallService
05-27 08:18:43.678  2405  3171 I ActivityManager: Waited long enough for: ServiceRecord{65a4ecb u0 com.microsoft.office.word/com.microsoft.office.preinstallservice.PreInstallService}
05-27 08:32:45.374  2405  2981 I ActivityManager: Killing 7248:com.google.android.deskclock/u0a50 (adj 906): empty #17
05-27 08:32:45.471  2405  6597 D ActivityManager: cleanUpApplicationRecord -- 7248
05-27 08:32:48.729  2405  2405 D AnyMotionDetector: angleBetween: this = timeMillisSinceBoot=5431868 | x=0.049143996, y=-0.87955296, z=-0.47325635, other = timeMillisSinceBoot=5439634 | x=0.04921305, y=-0.87957096, z=-0.47321555, degrees = 0.004709945
--------- beginning of main
05-27 08:32:52.731  5935  9411 W System.err: 	at asgv.a(:com.google.android.gms:84)
05-27 08:32:52.731  5935  9411 W System.err: 	at aukr.run(:com.google.android.gms:287)
05-27 08:32:52.731  5935  9411 W System.err: 	at java.util.concurrent.ThreadPoolExecutor.runWorker(ThreadPoolExecutor.java:1133)
05-27 08:32:52.731  5935  9411 W System.err: 	at java.util.concurrent.ThreadPoolExecutor$Worker.run(ThreadPoolExecutor.java:607)
05-27 08:32:52.731  5935  9411 W System.err: 	at java.lang.Thread.run(Thread.java:761)
05-27 08:32:52.732  5935  9411 W System.err: Caused by: android.system.GaiException: android_getaddrinfo failed: EAI_NODATA (No address associated with hostname)
05-27 08:32:52.732  5935  9411 W System.err: 	at libcore.io.Posix.android_getaddrinfo(Native Method)
05-27 08:32:52.732  5935  9411 W System.err: 	at libcore.io.ForwardingOs.android_getaddrinfo(ForwardingOs.java:55)
05-27 08:32:52.732  5935  9411 W System.err: 	at java.net.Inet6AddressImpl.lookupHostByName(Inet6AddressImpl.java:106)
05-27 08:32:52.732  5935  9411 W System.err: 	... 19 more
05-27 08:32:52.773  5935  8244 W System.err: java.net.UnknownHostException: Unable to resolve host "www.google.com": No address associated with hostname
05-27 08:32:52.773  5935  8244 W System.err: 	at java.net.Inet6AddressImpl.lookupHostByName(Inet6AddressImpl.java:95)
05-27 08:32:52.774  5935  8244 W System.err: 	at java.net.Inet6AddressImpl.lookupAllHostAddr(Inet6AddressImpl.java:74)
05-27 08:32:52.774  5935  8244 W System.err: 	at java.net.InetAddress.getAllByName(InetAddress.java:752)
05-27 08:32:52.774  5935  8244 W System.err: 	at com.android.okhttp.internal.Network$1.resolveInetAddresses(Network.java:29)
05-27 08:32:52.774  5935  8244 W System.err: 	at com.android.okhttp.internal.http.RouteSelector.resetNextInetSocketAddress(RouteSelector.java:187)
05-27 08:32:52.774  5935  8244 W System.err: 	at com.android.okhttp.internal.http.RouteSelector.nextProxy(RouteSelector.java:156)
05-27 08:32:52.774  5935  8244 W System.err: 	at com.android.okhttp.internal.http.RouteSelector.next(RouteSelector.java:98)
05-27 08:32:52.774  5935  8244 W System.err: 	at com.android.okhttp.internal.http.HttpEngine.createNextConnection(HttpEngine.java:346)
05-27 08:32:52.774  5935  8244 W System.err: 	at com.android.okhttp.internal.http.HttpEngine.connect(HttpEngine.java:329)
05-27 08:32:52.774  5935  8244 W System.err: 	at com.android.okhttp.internal.http.HttpEngine.sendRequest(HttpEngine.java:247)
05-27 08:32:52.774  5935  8244 W System.err: 	at com.android.okhttp.internal.huc.HttpURLConnectionImpl.execute(HttpURLConnectionImpl.java:457)
05-27 08:32:52.774  5935  8244 W System.err: 	at com.android.okhttp.internal.huc.HttpURLConnectionImpl.connect(HttpURLConnectionImpl.java:126)
05-27 08:32:52.774  5935  8244 W System.err: 	at com.android.okhttp.internal.huc.HttpURLConnectionImpl.getOutputStream(HttpURLConnectionImpl.java:257)
05-27 08:32:52.774  5935  8244 W System.err: 	at com.android.okhttp.internal.huc.DelegatingHttpsURLConnection.getOutputStream(DelegatingHttpsURLConnection.java:218)
05-27 08:32:52.774  5935  8244 W System.err: 	at com.android.okhttp.internal.huc.HttpsURLConnectionImpl.getOutputStream(HttpsURLConnectionImpl.java)
05-27 08:32:52.774  5935  8244 W System.err: 	at asgv.a(:com.google.android.gms:84)
05-27 08:32:52.774  5935  8244 W System.err: 	at aukr.run(:com.google.android.gms:287)
05-27 08:32:52.774  5935  8244 W System.err: 	at java.util.concurrent.ThreadPoolExecutor.runWorker(ThreadPoolExecutor.java:1133)
05-27 08:32:52.774  5935  8244 W System.err: 	at java.util.concurrent.ThreadPoolExecutor$Worker.run(ThreadPoolExecutor.java:607)
05-27 08:32:52.774  5935  8244 W System.err: 	at java.lang.Thread.run(Thread.java:761)
05-27 08:32:53.311   785   785 I MSM-irqbalance: Decided to move IRQ200 from CPU4 [P:0] to CPU0 [P:1] (banned)
05-27 08:32:53.832  1920  2012 W XTCC-5.1.0.19-a: [LOWIUtils] to_eScanTypeResponse - default case
05-27 08:32:55.784  1920  2007 W XTCC-5.1.0.19-a: [PosMgr] sending back response for POSITION (e, Service mask disabled) tx(86)
05-27 08:32:55.784  1920  2007 W XTCC-5.1.0.19-a: [PosMgr] sending back response for POSITION (c, error) tx(86)
05-27 08:32:55.785  1920  2007 E XTCC-5.1.0.19-a: [PosMgr] handlePosition failed: 12
05-27 08:32:58.382   785   785 I MSM-irqbalance: Decided to move IRQ200 from CPU0 to CPU3
05-27 08:32:59.290  1920  2007 W XTCC-5.1.0.19-a: [PosMgr] sending back response for POSITION (e, Service mask disabled) tx(87)
05-27 08:32:59.291  1920  2007 W XTCC-5.1.0.19-a: [PosMgr] sending back response for POSITION (c, error) tx(87)
05-27 08:32:59.291  1920  2007 E XTCC-5.1.0.19-a: [PosMgr] handlePosition failed: 12
05-27 08:32:59.292  2405  3891 I chatty  : uid=1000(system) FLP Service Cal expire 47 lines
05-27 08:32:59.304  2405  3930 I chatty  : uid=1000(system) FLP Service Cal expire 49 lines
05-27 08:32:59.304  2405  4897 I chatty  : uid=1000(system) ulp_msg expire 66 lines
05-27 08:33:02.364  3795  3795 I chatty  : uid=1010(wifi) /system/bin/wpa_supplicant expire 272 lines
05-27 08:33:02.372  1920  2012 W XTCC-5.1.0.19-a: [LOWIUtils] to_eScanTypeResponse - default case
05-27 08:33:02.372  1920  2012 W XTCC-5.1.0.19-a: [WifiScanner] WiFi scan result : [10] AP's
05-27 08:33:02.373  2405  3656 I chatty  : uid=1000(system) WifiScanningSer expire 13 lines
05-27 08:33:02.401  2405  3635 I chatty  : uid=1000(system) WifiStateMachin expire 18 lines
05-27 08:33:02.410  3716  3716 D KeyguardUpdateMonitor: received broadcast android.intent.action.TIME_TICK
05-27 08:33:02.410  3716  3716 D KeyguardUpdateMonitor: handleTimeUpdate
05-27 08:33:02.799  1920  2007 W XTCC-5.1.0.19-a: [PosMgr] sending back response for POSITION (e, Service mask disabled) tx(88)
05-27 08:33:02.799  1920  2007 W XTCC-5.1.0.19-a: [PosMgr] sending back response for POSITION (c, error) tx(88)
05-27 08:33:02.799  1920  2007 E XTCC-5.1.0.19-a: [PosMgr] handlePosition failed: 12
05-27 08:33:03.380   785   785 I MSM-irqbalance: Decided to move IRQ174 from CPU0 to CPU3
05-27 08:33:06.384  1920  2007 W XTCC-5.1.0.19-a: [PosMgr] sending back response for POSITION (e, Service mask disabled) tx(89)
05-27 08:33:06.384  1920  2007 W XTCC-5.1.0.19-a: [PosMgr] sending back response for POSITION (c, error) tx(89)
05-27 08:33:06.384  1920  2007 E XTCC-5.1.0.19-a: [PosMgr] handlePosition failed: 12
05-27 08:33:09.894  1920  2007 W XTCC-5.1.0.19-a: [PosMgr] sending back response for POSITION (e, Service mask disabled) tx(90)
05-27 08:33:09.894  1920  2007 W XTCC-5.1.0.19-a: [PosMgr] sending back response for POSITION (c, error) tx(90)
05-27 08:33:09.894  1920  2007 E XTCC-5.1.0.19-a: [PosMgr] handlePosition failed: 12
05-27 08:33:11.203   785   785 I MSM-irqbalance: Decided to move IRQ155 from CPU0 to CPU3
05-27 08:33:13.399  1920  2007 W XTCC-5.1.0.19-a: [PosMgr] sending back response for POSITION (e, Service mask disabled) tx(91)
05-27 08:33:13.399  1920  2007 W XTCC-5.1.0.19-a: [PosMgr] sending back response for POSITION (c, error) tx(91)
05-27 08:33:13.400  1920  2007 E XTCC-5.1.0.19-a: [PosMgr] handlePosition failed: 12
05-27 08:33:15.307  2405  3891 I chatty  : uid=1000(system) FLP Service Cal expire 57 lines
05-27 08:33:16.216   785   785 I MSM-irqbalance: Decided to move IRQ174 from CPU0 to CPU3
05-27 08:33:16.303  2405  4897 I chatty  : uid=1000(system) ulp_msg expire 81 lines
05-27 08:33:16.905  1920  2007 W XTCC-5.1.0.19-a: [PosMgr] sending back response for POSITION (e, Service mask disabled) tx(92)
05-27 08:33:16.905  1920  2007 W XTCC-5.1.0.19-a: [PosMgr] sending back response for POSITION (c, error) tx(92)
05-27 08:33:16.905  1920  2007 E XTCC-5.1.0.19-a: [PosMgr] handlePosition failed: 12
05-27 08:33:17.421  1920  2012 W XTCC-5.1.0.19-a: [LOWIUtils] to_eScanTypeResponse - default case
05-27 08:33:17.422  1920  2012 W XTCC-5.1.0.19-a: [WifiScanner] WiFi scan result : [7] AP's
05-27 08:33:17.422  2405  3930 I chatty  : uid=1000(system) FLP Service Cal expire 25 lines
05-27 08:33:20.411  1920  2007 W XTCC-5.1.0.19-a: [PosMgr] sending back response for POSITION (e, Service mask disabled) tx(93)
05-27 08:33:20.411  1920  2007 W XTCC-5.1.0.19-a: [PosMgr] sending back response for POSITION (c, error) tx(93)
05-27 08:33:20.411  1920  2007 E XTCC-5.1.0.19-a: [PosMgr] handlePosition failed: 12
05-27 08:33:24.337  1920  2007 W XTCC-5.1.0.19-a: [PosMgr] sending back response for POSITION (e, Service mask disabled) tx(94)
05-27 08:33:24.337  1920  2007 W XTCC-5.1.0.19-a: [PosMgr] sending back response for POSITION (c, error) tx(94)
05-27 08:33:24.338  1920  2007 E XTCC-5.1.0.19-a: [PosMgr] handlePosition failed: 12
05-27 08:33:27.845  1920  2007 W XTCC-5.1.0.19-a: [PosMgr] sending back response for POSITION (e, Service mask disabled) tx(95)
05-27 08:33:27.845  1920  2007 W XTCC-5.1.0.19-a: [PosMgr] sending back response for POSITION (c, error) tx(95)
05-27 08:33:27.845  1920  2007 E XTCC-5.1.0.19-a: [PosMgr] handlePosition failed: 12
05-27 08:33:27.847  2405  3930 I chatty  : uid=1000(system) FLP Service Cal expire 33 lines
05-27 08:33:28.174   785   785 I MSM-irqbalance: Decided to move IRQ57 from CPU0 to CPU3
05-27 08:33:28.826  3795  3795 I chatty  : uid=1010(wifi) /system/bin/wpa_supplicant expire 168 lines
05-27 08:33:28.834  2405  4873 I chatty  : uid=1000(system) IzatServiceBase expire 14 lines
05-27 08:33:30.580  9317  9337 I Quasar  : start to send events
05-27 08:33:30.680  9317  9337 D NetworkSecurityConfig: No Network Security Config specified, using platform default
05-27 08:33:30.694  9317  9337 W Quasar  : java.net.UnknownHostException: Unable to resolve host "inst.platform.bing.com": No address associated with hostname
05-27 08:33:31.351  1920  2007 W XTCC-5.1.0.19-a: [PosMgr] sending back response for POSITION (e, Service mask disabled) tx(96)
05-27 08:33:31.351  1920  2007 W XTCC-5.1.0.19-a: [PosMgr] sending back response for POSITION (c, error) tx(96)
05-27 08:33:31.351  1920  2007 E XTCC-5.1.0.19-a: [PosMgr] handlePosition failed: 12
