* daemon not running. starting it now on port 5037 *
* daemon started successfully *
--------- beginning of system
12-31 23:37:59.154   393   393 I vold    : Vold 3.0 (the awakening) firing up
12-31 23:37:59.154   393   393 V vold    : Detected support for: ext4 vfat
12-31 23:37:59.426   393   399 D vold    : e4crypt_init_user0
12-31 23:37:59.426   393   399 D vold    : e4crypt_prepare_user_storage for volume null, user 0, serial 0, flags 1
12-31 23:37:59.427   393   399 D vold    : Preparing: /data/system/users/0
12-31 23:37:59.427   393   399 D vold    : Preparing: /data/misc/profiles/cur/0
12-31 23:37:59.427   393   399 D vold    : Preparing: /data/misc/profiles/cur/0/foreign-dex
12-31 23:37:59.427   393   399 D vold    : Preparing: /data/system_de/0
12-31 23:37:59.427   393   399 D vold    : Preparing: /data/misc_de/0
12-31 23:37:59.427   393   399 D vold    : Preparing: /data/user_de/0
12-31 23:37:59.427   393   399 D vold    : e4crypt_unlock_user_key 0 serial=0 token_present=0
12-31 23:37:59.427   393   399 E vold    : Failed to chmod /data/system_ce/0: No such file or directory
12-31 23:37:59.427   393   399 E vold    : Failed to chmod /data/misc_ce/0: No such file or directory
12-31 23:37:59.427   393   399 E vold    : Failed to chmod /data/media/0: No such file or directory
12-31 23:38:00.666   393   399 D VoldCryptCmdListener: cryptfs mountdefaultencrypted
12-31 23:38:01.044   393   494 I Cryptfs : cryptfs_check_passwd
12-31 23:38:01.079   393   494 D         : HW based disk encryption is enabled 
12-31 23:38:01.080   393   494 D Cryptfs : crypt_ftr->fs_size = 53468079
12-31 23:38:01.080   393   494 D         : HW based disk encryption is enabled 
12-31 23:38:01.083   393   494 I Cryptfs : Using scrypt with keymaster for cryptfs KDF
12-31 23:38:01.172   528   540 I QISL    : QSEE Interrupt Service Listener Thread is started
12-31 23:38:01.203   528   540 I QISL    : QSEE Interrupt Service Listener was activated successfully
12-31 23:38:01.557   393   494 I Cryptfs : keymaster module name is Keymaster QTI HAL
12-31 23:38:01.557   393   494 I Cryptfs : keymaster version is 256
12-31 23:38:01.557   393   494 I Cryptfs : Found keymaster1 module, using keymaster1 API.
12-31 23:38:01.561   393   494 I Cryptfs : Signing safely-padded object
12-31 23:38:02.124   393   494 D         : HW based disk encryption is enabled 
12-31 23:38:02.124   393   494 D         : Success loading QSEECom_create_key 
12-31 23:38:02.124   393   494 D         : Success loading QSEECom_update_key_user_info
12-31 23:38:02.124   393   494 D         : Success loading QSEECom_wipe_key 
12-31 23:38:02.124   393   494 E         : get_tmp_passwd: Passed argument is NULL 
12-31 23:38:02.348   393   494 I Cryptfs : Ascii password was updated
12-31 23:38:02.371   393   494 D         : HW based disk encryption is enabled 
12-31 23:38:02.371   393   494 D         : HW based disk encryption is enabled 
12-31 23:38:02.371   393   494 I Cryptfs : target_type = req-crypt
12-31 23:38:02.371   393   494 I Cryptfs : real_blk_name = /dev/block/bootdevice/by-name/userdata, extra_params = fde_enabled ice
12-31 23:38:02.372   393   397 D vold    : Disk at 253:1 changed
12-31 23:38:02.373   393   494 D Cryptfs : Password is default - restarting filesystem
12-31 23:38:02.374   393   494 D Cryptfs : unmounting /data succeeded
12-31 23:38:03.027   393   494 D Cryptfs : Just triggered post_fs_data
12-31 23:38:03.083   393   399 D vold    : e4crypt_init_user0
12-31 23:38:03.083   393   399 D vold    : e4crypt_prepare_user_storage for volume null, user 0, serial 0, flags 1
12-31 23:38:03.083   393   399 D vold    : Preparing: /data/system/users/0
12-31 23:38:03.084   393   399 D vold    : Preparing: /data/misc/profiles/cur/0
12-31 23:38:03.084   393   399 D vold    : Preparing: /data/misc/profiles/cur/0/foreign-dex
12-31 23:38:03.084   393   399 D vold    : Preparing: /data/system_de/0
12-31 23:38:03.085   393   399 D vold    : Preparing: /data/misc_de/0
12-31 23:38:03.085   393   399 D vold    : Preparing: /data/user_de/0
12-31 23:38:03.085   393   399 D vold    : e4crypt_unlock_user_key 0 serial=0 token_present=0
12-31 23:38:03.127   393   494 D Cryptfs : post_fs_data done
12-31 23:38:03.127   393   494 D Cryptfs : Just triggered restart_framework
12-31 23:38:03.188   588   588 I irsc_util: Starting irsc tool
12-31 23:38:03.198   588   588 I irsc_util: Num of entries:287
12-31 23:38:03.200   588   588 I irsc_util: Ending irsc tool
05-27 07:02:29.705  2405  2405 I InstallerConnection: connecting...
05-27 07:02:29.742  2405  2405 I InstallerConnection: disconnecting...
05-27 07:02:29.792  2405  2405 I SystemServer: Entered the Android system server!
05-27 07:02:29.869  2405  2405 I SystemServiceManager: Starting com.android.server.pm.Installer
05-27 07:02:29.884  2405  2405 I Installer: Waiting for installd to be ready.
05-27 07:02:29.884  2405  2405 I InstallerConnection: connecting...
05-27 07:02:29.884  2405  2405 I SystemServiceManager: Starting com.android.server.am.ActivityManagerService$Lifecycle
05-27 07:02:29.894  2405  2405 I ActivityManager: Memory class: 192
05-27 07:02:29.908  2405  2405 D BatteryStatsImpl: Reading daily items from /data/system/batterystats-daily.xml
05-27 07:02:30.011  2405  2405 W ProcessCpuTracker: Skipping unknown process pid 3255
05-27 07:02:30.015  2405  2405 I IntentFirewall: Read new rules (A:0 B:0 S:0)
05-27 07:02:30.025  2405  2405 D AppOps  : AppOpsService published
05-27 07:02:30.025  2405  2405 I SystemServiceManager: Starting com.android.server.power.PowerManagerService
05-27 07:02:30.033  2405  2405 I SystemServiceManager: Starting com.android.server.lights.LightsService
05-27 07:02:30.035  2405  2405 I SystemServiceManager: Starting com.android.server.display.DisplayManagerService
05-27 07:02:30.038  2405  2405 I SystemServiceManager: Starting phase 100
05-27 07:02:30.043  2405  3321 I DisplayManagerService: Display device added: DisplayDeviceInfo{"Built-in Screen": uniqueId="local:0", 1080 x 1920, modeId 1, defaultModeId 1, supportedModes [{id=1, width=1080, height=1920, fps=60.0}], colorMode 0, supportedColorModes [0], HdrCapabilities android.view.Display$HdrCapabilities@a69d6308, density 480, 403.411 x 403.041 dpi, appVsyncOff 1000000, presDeadline 16666667, touch INTERNAL, rotation 0, type BUILT_IN, state UNKNOWN, FLAG_DEFAULT_DISPLAY, FLAG_ROTATES_WITH_CONTENT, FLAG_SECURE, FLAG_SUPPORTS_PROTECTED_BUFFERS}
05-27 07:02:30.045  2405  3321 I DisplayManagerService: Display device changed state: "Built-in Screen", ON
05-27 07:02:30.045  2405  2405 I SystemServer: Regionalization Service
05-27 07:02:30.046  2405  2405 I SystemServer: StartPackageManagerService
05-27 07:02:30.153  2405  2405 D SELinuxMMAC: Using policy file /system/etc/security/mac_permissions.xml
05-27 07:02:30.586  2405  2405 W PackageManager: Library not found: /system/framework/org.apache.http.legacy.jar
05-27 07:02:30.689  2405  2405 W PackageManager: Library not found: /system/framework/org.apache.http.legacy.jar
05-27 07:02:30.706  2405  3466 W PackageManager: Failed to parse /system/framework/oat: Missing base APK in /system/framework/oat
05-27 07:02:30.706  2405  3464 W PackageManager: Failed to parse /system/framework/arm64: Missing base APK in /system/framework/arm64
05-27 07:02:30.707  2405  3463 W PackageManager: Failed to parse /system/framework/arm: Missing base APK in /system/framework/arm
05-27 07:02:30.729  2405  3465 I PackageManager: /system/framework/framework-res.apk changed; collecting certs
05-27 07:02:30.810  2405  3466 I PackageManager: /system/priv-app/CNEService changed; collecting certs
05-27 07:02:30.811  2405  3463 I PackageManager: /system/priv-app/CallLogBackup changed; collecting certs
05-27 07:02:30.815  2405  3475 I PackageManager: /system/priv-app/BlockedNumberProvider changed; collecting certs
05-27 07:02:30.816  2405  3464 I PackageManager: /system/priv-app/CalendarProvider changed; collecting certs
05-27 07:02:30.820  2405  3465 I PackageManager: /system/priv-app/Caretron changed; collecting certs
05-27 07:02:30.823  2405  3474 I PackageManager: /system/priv-app/BackupRestoreConfirmation changed; collecting certs
05-27 07:02:30.827  2405  3463 I PackageManager: /system/priv-app/CarrierConfig changed; collecting certs
05-27 07:02:30.840  2405  3466 I PackageManager: /system/priv-app/CellBroadcastReceiver changed; collecting certs
05-27 07:02:30.844  2405  3475 I PackageManager: /system/priv-app/ConfigurationClient changed; collecting certs
05-27 07:02:30.849  2405  3464 I PackageManager: /system/priv-app/ConfigUpdater changed; collecting certs
05-27 07:02:30.860  2405  3465 I PackageManager: /system/priv-app/CtsShimPrivPrebuilt changed; collecting certs
05-27 07:02:30.890  2405  3463 I PackageManager: /system/priv-app/ContactsProvider changed; collecting certs
05-27 07:02:30.896  2405  3475 I PackageManager: /system/priv-app/DefaultContainerService changed; collecting certs
05-27 07:02:30.898  2405  3465 I PackageManager: /system/priv-app/DownloadProvider changed; collecting certs
05-27 07:02:30.899  2405  3474 W PackageParser: No actions in intent filter at /system/priv-app/Contacts/Contacts.apk Binary XML file line #431
05-27 07:02:30.903  2405  3474 I PackageManager: /system/priv-app/Contacts changed; collecting certs
05-27 07:02:30.904  2405  3465 W PackageManager: Permission android.permission.DOWNLOAD_WITHOUT_NOTIFICATION from package com.android.providers.downloads in an unknown group android.permission-group.NETWORK
05-27 07:02:30.923  2405  3465 I PackageManager: /system/priv-app/FusedLocation changed; collecting certs
05-27 07:02:30.928  2405  3466 W PackageParser: No actions in intent filter at /system/priv-app/Dialer/Dialer.apk Binary XML file line #196
05-27 07:02:30.929  2405  3463 I PackageManager: /system/priv-app/EmergencyInfo changed; collecting certs
05-27 07:02:30.929  2405  3475 I PackageManager: /system/priv-app/ExternalStorageProvider changed; collecting certs
05-27 07:02:30.931  2405  3464 I PackageManager: /system/priv-app/DocumentsUI changed; collecting certs
05-27 07:02:30.931  2405  3466 I PackageManager: /system/priv-app/Dialer changed; collecting certs
05-27 07:02:30.969  2405  3465 I PackageManager: /system/priv-app/GoogleBackupTransport changed; collecting certs
05-27 07:02:30.971  2405  3475 I PackageManager: /system/priv-app/GoogleExtServices changed; collecting certs
05-27 07:02:30.978  2405  3464 W PackageParser: Unknown element under <manifest>: uses-library at /system/priv-app/GoogleFeedback/GoogleFeedback.apk Binary XML file line #33
05-27 07:02:30.979  2405  3464 I PackageManager: /system/priv-app/GoogleFeedback changed; collecting certs
05-27 07:02:31.034  2405  3466 I PackageManager: /system/priv-app/GoogleOneTimeInitializer changed; collecting certs
05-27 07:02:31.043  2405  3475 W PackageParser: Ignoring duplicate uses-permissions/uses-permissions-sdk-m: com.google.android.providers.gsf.permission.READ_GSERVICES in package: com.google.android.partnersetup at: Binary XML file line #32
05-27 07:02:31.050  2405  3475 I PackageManager: /system/priv-app/GooglePartnerSetup changed; collecting certs
05-27 07:02:31.057  2405  3463 I PackageManager: /system/priv-app/GoogleLoginService changed; collecting certs
05-27 07:02:31.058  2405  3465 I PackageManager: /system/priv-app/GooglePackageInstaller changed; collecting certs
05-27 07:02:31.085  2405  3466 I PackageManager: /system/priv-app/InputDevices changed; collecting certs
05-27 07:02:31.094  2405  3464 I PackageManager: /system/priv-app/GoogleServicesFramework changed; collecting certs
05-27 07:02:31.103  2405  3465 I PackageManager: /system/priv-app/MSOneNote changed; collecting certs
05-27 07:02:31.105  2405  3475 I PackageManager: /system/priv-app/MSExcel changed; collecting certs
05-27 07:02:31.112  2405  3464 W PackageManager: Permission com.google.android.googleapps.permission.GOOGLE_AUTH from package com.google.android.gsf in an unknown group android.permission-group.ACCOUNTS
05-27 07:02:31.112  2405  3464 W PackageManager: Permission com.google.android.googleapps.permission.GOOGLE_AUTH.ALL_SERVICES from package com.google.android.gsf in an unknown group android.permission-group.ACCOUNTS
05-27 07:02:31.112  2405  3464 W PackageManager: Permission com.google.android.googleapps.permission.GOOGLE_AUTH.OTHER_SERVICES from package com.google.android.gsf in an unknown group android.permission-group.ACCOUNTS
05-27 07:02:31.112  2405  3464 W PackageManager: Permission com.google.android.googleapps.permission.GOOGLE_AUTH.mail from package com.google.android.gsf in an unknown group android.permission-group.ACCOUNTS
05-27 07:02:31.112  2405  3464 W PackageManager: Permission com.google.android.googleapps.permission.GOOGLE_AUTH.cl from package com.google.android.gsf in an unknown group android.permission-group.ACCOUNTS
05-27 07:02:31.112  2405  3464 W PackageManager: Permission com.google.android.googleapps.permission.GOOGLE_AUTH.android from package com.google.android.gsf in an unknown group android.permission-group.ACCOUNTS
05-27 07:02:31.112  2405  3464 W PackageManager: Permission com.google.android.googleapps.permission.GOOGLE_AUTH.androidsecure from package com.google.android.gsf in an unknown group android.permission-group.ACCOUNTS
05-27 07:02:31.112  2405  3464 W PackageManager: Permission com.google.android.googleapps.permission.GOOGLE_AUTH.sierra from package com.google.android.gsf in an unknown group android.permission-group.ACCOUNTS
05-27 07:02:31.112  2405  3464 W PackageManager: Permission com.google.android.googleapps.permission.GOOGLE_AUTH.sierraqa from package com.google.android.gsf in an unknown group android.permission-group.ACCOUNTS
05-27 07:02:31.112  2405  3464 W PackageManager: Permission com.google.android.googleapps.permission.GOOGLE_AUTH.sierrasandbox from package com.google.android.gsf in an unknown group android.permission-group.ACCOUNTS
05-27 07:02:31.112  2405  3464 W PackageManager: Permission com.google.android.googleapps.permission.GOOGLE_AUTH.youtube from package com.google.android.gsf in an unknown group android.permission-group.ACCOUNTS
05-27 07:02:31.112  2405  3464 W PackageManager: Permission com.google.android.googleapps.permission.GOOGLE_AUTH.YouTubeUser from package com.google.android.gsf in an unknown group android.permission-group.ACCOUNTS
05-27 07:02:31.112  2405  3464 W PackageManager: Permission com.google.android.googleapps.permission.GOOGLE_AUTH.talk from package com.google.android.gsf in an unknown group android.permission-group.ACCOUNTS
05-27 07:02:31.112  2405  3464 W PackageManager: Permission com.google.android.googleapps.permission.GOOGLE_AUTH.ig from package com.google.android.gsf in an unknown group android.permission-group.ACCOUNTS
05-27 07:02:31.112  2405  3464 W PackageManager: Permission com.google.android.googleapps.permission.GOOGLE_AUTH.lh2 from package com.google.android.gsf in an unknown group android.permission-group.ACCOUNTS
05-27 07:02:31.112  2405  3464 W PackageManager: Permission com.google.android.googleapps.permission.GOOGLE_AUTH.mobile from package com.google.android.gsf in an unknown group android.permission-group.ACCOUNTS
05-27 07:02:31.112  2405  3464 W PackageManager: Permission com.google.android.googleapps.permission.GOOGLE_AUTH.cp from package com.google.android.gsf in an unknown group android.permission-group.ACCOUNTS
05-27 07:02:31.112  2405  3464 W PackageManager: Permission com.google.android.googleapps.permission.GOOGLE_AUTH.adsense from package com.google.android.gsf in an unknown group android.permission-group.ACCOUNTS
05-27 07:02:31.112  2405  3464 W PackageManager: Permission com.google.android.googleapps.permission.GOOGLE_AUTH.adwords from package com.google.android.gsf in an unknown group android.permission-group.ACCOUNTS
05-27 07:02:31.112  2405  3464 W PackageManager: Permission com.google.android.googleapps.permission.GOOGLE_AUTH.blogger from package com.google.android.gsf in an unknown group android.permission-group.ACCOUNTS
05-27 07:02:31.112  2405  3464 W PackageManager: Permission com.google.android.googleapps.permission.GOOGLE_AUTH.dodgeball from package com.google.android.gsf in an unknown group android.permission-group.ACCOUNTS
05-27 07:02:31.112  2405  3464 W PackageManager: Permission com.google.android.googleapps.permission.GOOGLE_AUTH.gbase from package com.google.android.gsf in an unknown group android.permission-group.ACCOUNTS
05-27 07:02:31.112  2405  3464 W PackageManager: Permission com.google.android.googleapps.permission.GOOGLE_AUTH.groups2 from package com.google.android.gsf in an unknown group android.permission-group.ACCOUNTS
05-27 07:02:31.112  2405  3464 W PackageManager: Permission com.google.android.googleapps.permission.GOOGLE_AUTH.health from package com.google.android.gsf in an unknown group android.permission-group.ACCOUNTS
05-27 07:02:31.112  2405  3464 W PackageManager: Permission com.google.android.googleapps.permission.GOOGLE_AUTH.jotspot from package com.google.android.gsf in an unknown group android.permission-group.ACCOUNTS
05-27 07:02:31.112  2405  3464 W PackageManager: Permission com.google.android.googleapps.permission.GOOGLE_AUTH.knol from package com.google.android.gsf in an unknown group android.permission-group.ACCOUNTS
05-27 07:02:31.112  2405  3464 W PackageManager: Permission com.google.android.googleapps.permission.GOOGLE_AUTH.news from package com.google.android.gsf in an unknown group android.permission-group.ACCOUNTS
05-27 07:02:31.112  2405  3464 W PackageManager: Permission com.google.android.googleapps.permission.GOOGLE_AUTH.orkut from package com.google.android.gsf in an unknown group android.permission-group.ACCOUNTS
05-27 07:02:31.112  2405  3464 W PackageManager: Permission com.google.android.googleapps.permission.GOOGLE_AUTH.print from package com.google.android.gsf in an unknown group android.permission-group.ACCOUNTS
05-27 07:02:31.112  2405  3464 W PackageManager: Permission com.google.android.googleapps.permission.GOOGLE_AUTH.sitemaps from package com.google.android.gsf in an unknown group android.permission-group.ACCOUNTS
05-27 07:02:31.112  2405  3464 W PackageManager: Permission com.google.android.googleapps.permission.GOOGLE_AUTH.wifi from package com.google.android.gsf in an unknown group android.permission-group.ACCOUNTS
05-27 07:02:31.112  2405  3464 W PackageManager: Permission com.google.android.googleapps.permission.GOOGLE_AUTH.finance from package com.google.android.gsf in an unknown group android.permission-group.ACCOUNTS
05-27 07:02:31.112  2405  3464 W PackageManager: Permission com.google.android.googleapps.permission.GOOGLE_AUTH.local from package com.google.android.gsf in an unknown group android.permission-group.ACCOUNTS
05-27 07:02:31.112  2405  3464 W PackageManager: Permission com.google.android.googleapps.permission.GOOGLE_AUTH.ah from package com.google.android.gsf in an unknown group android.permission-group.ACCOUNTS
05-27 07:02:31.112  2405  3464 W PackageManager: Permission com.google.android.googleapps.permission.GOOGLE_AUTH.notebook from package com.google.android.gsf in an unknown group android.permission-group.ACCOUNTS
05-27 07:02:31.112  2405  3464 W PackageManager: Permission com.google.android.googleapps.permission.GOOGLE_AUTH.writely from package com.google.android.gsf in an unknown group android.permission-group.ACCOUNTS
05-27 07:02:31.112  2405  3464 W PackageManager: Permission com.google.android.googleapps.permission.GOOGLE_AUTH.wise from package com.google.android.gsf in an unknown group android.permission-group.ACCOUNTS
05-27 07:02:31.112  2405  3464 W PackageManager: Permission com.google.android.googleapps.permission.GOOGLE_AUTH.grandcentral from package com.google.android.gsf in an unknown group android.permission-group.ACCOUNTS
05-27 07:02:31.112  2405  3464 W PackageManager: Permission com.google.android.googleapps.permission.GOOGLE_AUTH.speechpersonalization from package com.google.android.gsf in an unknown group android.permission-group.ACCOUNTS
05-27 07:02:31.112  2405  3464 W PackageManager: Permission com.google.android.googleapps.permission.GOOGLE_AUTH.speech from package com.google.android.gsf in an unknown group android.permission-group.ACCOUNTS
05-27 07:02:31.112  2405  3464 W PackageManager: Permission com.google.android.providers.talk.permission.READ_ONLY from package com.google.android.gsf in an unknown group android.permission-group.MESSAGES
05-27 07:02:31.112  2405  3464 W PackageManager: Permission com.google.android.providers.talk.permission.WRITE_ONLY from package com.google.android.gsf in an unknown group android.permission-group.MESSAGES
05-27 07:02:31.112  2405  3464 W PackageManager: Permission com.google.android.gtalkservice.permission.GTALK_SERVICE from package com.google.android.gsf in an unknown group android.permission-group.MESSAGES
05-27 07:02:31.112  2405  3464 W PackageManager: Permission com.google.android.gtalkservice.permission.SEND_HEARTBEAT from package com.google.android.gsf in an unknown group android.permission-group.NETWORK
05-27 07:02:31.112  2405  3464 W PackageManager: Permission com.google.android.permission.BROADCAST_DATA_MESSAGE from package com.google.android.gsf in an unknown group android.permission-group.NETWORK
05-27 07:02:31.112  2405  3464 W PackageManager: Permission com.google.android.c2dm.permission.SEND from package com.google.android.gsf in an unknown group android.permission-group.NETWORK
05-27 07:02:31.112  2405  3464 W PackageManager: Permission com.google.android.c2dm.permission.RECEIVE from package com.google.android.gsf in an unknown group android.permission-group.NETWORK
05-27 07:02:31.112  2405  3464 W PackageManager: Permission com.google.android.xmpp.permission.BROADCAST from package com.google.android.gsf in an unknown group android.permission-group.NETWORK
05-27 07:02:31.112  2405  3464 W PackageManager: Permission com.google.android.xmpp.permission.SEND_RECEIVE from package com.google.android.gsf in an unknown group android.permission-group.NETWORK
05-27 07:02:31.112  2405  3464 W PackageManager: Permission com.google.android.xmpp.permission.XMPP_ENDPOINT_BROADCAST from package com.google.android.gsf in an unknown group android.permission-group.NETWORK
05-27 07:02:31.112  2405  3464 W PackageManager: Permission com.google.android.xmpp.permission.USE_XMPP_ENDPOINT from package com.google.android.gsf in an unknown group android.permission-group.NETWORK
05-27 07:02:31.112  2405  3464 W PackageManager: Permission com.google.android.providers.gsf.permission.READ_GSERVICES from package com.google.android.gsf in an unknown group android.permission-group.ACCOUNTS
05-27 07:02:31.114  2405  3466 I PackageManager: /system/priv-app/MSPpt changed; collecting certs
05-27 07:02:31.124  2405  3463 I PackageManager: /system/priv-app/MSSkype changed; collecting certs
05-27 07:02:31.130  2405  3464 I PackageManager: /system/priv-app/MSWord changed; collecting certs
05-27 07:02:31.137  2405  3475 I PackageManager: /system/priv-app/MmsService changed; collecting certs
05-27 07:02:31.139  2405  3465 I PackageManager: /system/priv-app/ManagedProvisioning changed; collecting certs
05-27 07:02:31.141  2405  3466 I PackageManager: /system/priv-app/MediaProvider changed; collecting certs
05-27 07:02:31.149  2405  3474 I PackageManager: /system/priv-app/GmsCore changed; collecting certs
05-27 07:02:31.155  2405  3475 I PackageManager: /system/priv-app/MtpDocumentsProvider changed; collecting certs
05-27 07:02:31.164  2405  3463 I PackageManager: /system/priv-app/QtiTetherService changed; collecting certs
05-27 07:02:31.165  2405  3464 I PackageManager: /system/priv-app/MusicFX changed; collecting certs
05-27 07:02:31.166  2405  3465 I PackageManager: /system/priv-app/ProxyHandler changed; collecting certs
05-27 07:02:31.207  2405  3475 I PackageManager: /system/priv-app/SMTimeWidget changed; collecting certs
05-27 07:02:31.215  2405  3464 I PackageManager: /system/priv-app/SMFMRadio changed; collecting certs
05-27 07:02:31.225  2405  3463 I PackageManager: /system/priv-app/RockClient changed; collecting certs
05-27 07:02:31.241  2405  3466 I PackageManager: /system/priv-app/Phonesky changed; collecting certs
05-27 07:02:31.250  2405  3463 I PackageManager: /system/priv-app/SharedStorageBackup changed; collecting certs
05-27 07:02:31.251  2405  3464 I PackageManager: /system/priv-app/SettingsProvider changed; collecting certs
05-27 07:02:31.304  2405  3463 W PackageParser: Ignoring duplicate uses-permissions/uses-permissions-sdk-m: android.permission.INSTALL_GRANT_RUNTIME_PERMISSIONS in package: com.android.shell at: Binary XML file line #102
05-27 07:02:31.305  2405  3465 W PackageParser: Ignoring duplicate uses-permissions/uses-permissions-sdk-m: android.permission.USE_CREDENTIALS in package: com.android.settings at: Binary XML file line #53
05-27 07:02:31.305  2405  3465 W PackageParser: Ignoring duplicate uses-permissions/uses-permissions-sdk-m: android.permission.READ_SYNC_SETTINGS in package: com.android.settings at: Binary XML file line #58
05-27 07:02:31.305  2405  3465 W PackageParser: Ignoring duplicate uses-permissions/uses-permissions-sdk-m: android.permission.WRITE_SYNC_SETTINGS in package: com.android.settings at: Binary XML file line #59
05-27 07:02:31.310  2405  3463 I PackageManager: /system/priv-app/Shell changed; collecting certs
05-27 07:02:31.317  2405  3464 I PackageManager: /system/priv-app/SmartronCamera changed; collecting certs
05-27 07:02:31.323  2405  3475 I PackageManager: /system/priv-app/SetupWizard changed; collecting certs
05-27 07:02:31.362  2405  3465 W PackageParser: No actions in intent filter at /system/priv-app/Settings/Settings.apk Binary XML file line #593
05-27 07:02:31.375  2405  3463 I PackageManager: /system/priv-app/SmartronGallery changed; collecting certs
05-27 07:02:31.394  2405  3466 W PackageManager: Permission com.android.vending.CHECK_LICENSE from package com.android.vending in an unknown group android.permission-group.NETWORK
05-27 07:02:31.395  2405  3466 W PackageManager: Permission com.android.vending.BILLING from package com.android.vending in an unknown group android.permission-group.NETWORK
05-27 07:02:31.407  2405  3465 I PackageManager: /system/priv-app/Settings changed; collecting certs
05-27 07:02:31.426  2405  3475 I PackageManager: /system/priv-app/SmartronGalleryEt changed; collecting certs
05-27 07:02:31.434  2405  3464 I PackageManager: /system/priv-app/SoundRecorder changed; collecting certs
05-27 07:02:31.435  2405  3463 I PackageManager: /system/priv-app/StatementService changed; collecting certs
05-27 07:02:31.470  2405  3466 I PackageManager: /system/priv-app/SmartronLauncher changed; collecting certs
05-27 07:02:31.477  2405  3466 W PackageManager: Permission com.smartron.launcher.permission.READ_SETTINGS from package com.smartron.launcher in an unknown group android.permission-group.SYSTEM_TOOLS
05-27 07:02:31.477  2405  3466 W PackageManager: Permission com.smartron.launcher.permission.WRITE_SETTINGS from package com.smartron.launcher in an unknown group android.permission-group.SYSTEM_TOOLS
05-27 07:02:31.477  2405  3466 W PackageManager: Permission com.android.launcher.permission.INSTALL_SHORTCUT from package com.smartron.launcher in an unknown group android.permission-group.SYSTEM_TOOLS
05-27 07:02:31.495  2405  3464 I PackageManager: /system/priv-app/StorageManager changed; collecting certs
05-27 07:02:31.526  2405  3466 I PackageManager: /system/priv-app/Tag changed; collecting certs
05-27 07:02:31.528  2405  3463 I PackageManager: /system/priv-app/Synctron changed; collecting certs
05-27 07:02:31.534  2405  3475 W PackageParser: Ignoring duplicate uses-permissions/uses-permissions-sdk-m: android.permission.CONFIGURE_WIFI_DISPLAY in package: com.android.systemui at: Binary XML file line #123
05-27 07:02:31.548  2405  3465 I PackageManager: /system/priv-app/TelephonyExtVodafonePack changed; collecting certs
05-27 07:02:31.564  2405  3466 I PackageManager: /system/priv-app/Telecom changed; collecting certs
05-27 07:02:31.566  2405  3475 I PackageManager: /system/priv-app/SystemUI changed; collecting certs
05-27 07:02:31.583  2405  3464 I PackageManager: /system/priv-app/TeleService changed; collecting certs
05-27 07:02:31.596  2405  3465 I PackageManager: /system/priv-app/TelephonyProvider changed; collecting certs
05-27 07:02:31.600  2405  3466 I PackageManager: /system/priv-app/TimerSwitch changed; collecting certs
05-27 07:02:31.607  2405  3463 I PackageManager: /system/priv-app/Tronx changed; collecting certs
05-27 07:02:31.637  2405  3466 I PackageManager: /system/priv-app/VpnDialogs changed; collecting certs
05-27 07:02:31.645  2405  3475 I PackageManager: /system/priv-app/com.qualcomm.location changed; collecting certs
05-27 07:02:31.672  2405  3465 I PackageManager: /system/priv-app/WallpaperCropper changed; collecting certs
05-27 07:02:31.672  2405  3463 I PackageManager: /system/priv-app/qcrilmsgtunnel changed; collecting certs
05-27 07:02:31.677  2405  3466 I PackageManager: /system/priv-app/xtra_t_app changed; collecting certs
05-27 07:02:31.695  2405  3464 W PackageParser: Ignoring duplicate uses-permissions/uses-permissions-sdk-m: android.permission.READ_PHONE_STATE in package: com.google.android.googlequicksearchbox at: Binary XML file line #490
05-27 07:02:31.695  2405  3464 W PackageParser: Ignoring duplicate uses-permissions/uses-permissions-sdk-m: android.permission.CAMERA in package: com.google.android.googlequicksearchbox at: Binary XML file line #491
05-27 07:02:31.703  2405  3464 I PackageManager: /system/priv-app/Velvet changed; collecting certs
05-27 07:02:31.940  2405  3474 W PackageManager: Permission com.google.android.gms.permission.ACTIVITY_RECOGNITION from package com.google.android.gms in an unknown group android.permission-group.PERSONAL_INFO
05-27 07:02:32.093  2405  3464 W PackageManager: Permission com.google.android.launcher.permission.READ_SETTINGS from package com.google.android.googlequicksearchbox in an unknown group android.permission-group.SYSTEM_TOOLS
05-27 07:02:32.093  2405  3464 W PackageManager: Permission com.google.android.launcher.permission.WRITE_SETTINGS from package com.google.android.googlequicksearchbox in an unknown group android.permission-group.SYSTEM_TOOLS
05-27 07:02:32.093  2405  3464 W PackageManager: Permission com.android.launcher.permission.INSTALL_SHORTCUT from package com.google.android.googlequicksearchbox in an unknown group android.permission-group.SYSTEM_TOOLS
05-27 07:02:32.100  2405  3465 I PackageManager: /system/app/BasicDreams changed; collecting certs
05-27 07:02:32.111  2405  3463 I PackageManager: /system/app/AntHalService changed; collecting certs
05-27 07:02:32.121  2405  3466 W PackageParser: Ignoring duplicate uses-permissions/uses-permissions-sdk-m: android.permission.READ_CONTACTS in package: com.android.bluetooth at: Binary XML file line #61
05-27 07:02:32.123  2405  3466 W PackageParser: No actions in intent filter at /system/app/Bluetooth/Bluetooth.apk Binary XML file line #224
05-27 07:02:32.124  2405  3466 I PackageManager: /system/app/Bluetooth changed; collecting certs
05-27 07:02:32.131  2405  3474 W PackageParser: Unknown element under <application>: uses-feature at /system/app/BluetoothExt/BluetoothExt.apk Binary XML file line #57
05-27 07:02:32.132  2405  3474 W PackageParser: No actions in intent filter at /system/app/BluetoothExt/BluetoothExt.apk Binary XML file line #137
05-27 07:02:32.132  2405  3474 W PackageParser: No actions in intent filter at /system/app/BluetoothExt/BluetoothExt.apk Binary XML file line #161
05-27 07:02:32.133  2405  3464 I PackageManager: /system/app/BluetoothMidiService changed; collecting certs
05-27 07:02:32.133  2405  3474 I PackageManager: /system/app/BluetoothExt changed; collecting certs
05-27 07:02:32.134  2405  3465 I PackageManager: /system/app/BookmarkProvider changed; collecting certs
05-27 07:02:32.153  2405  3475 I PackageManager: /system/app/AndroidPay changed; collecting certs
05-27 07:02:32.156  2405  3463 W PackageParser: Ignoring duplicate uses-permissions/uses-permissions-sdk-m: android.permission.WRITE_SETTINGS in package: com.sim.cit at: Binary XML file line #362
05-27 07:02:32.156  2405  3463 W PackageParser: Ignoring duplicate uses-permissions/uses-permissions-sdk-m: android.permission.ACCESS_FINE_LOCATION in package: com.sim.cit at: Binary XML file line #365
05-27 07:02:32.156  2405  3463 W PackageParser: Ignoring duplicate uses-permissions/uses-permissions-sdk-m: android.permission.CAMERA in package: com.sim.cit at: Binary XML file line #372
05-27 07:02:32.156  2405  3463 W PackageParser: Ignoring duplicate uses-permissions/uses-permissions-sdk-m: android.permission.INTERNET in package: com.sim.cit at: Binary XML file line #392
05-27 07:02:32.156  2405  3463 W PackageParser: Ignoring duplicate uses-permissions/uses-permissions-sdk-m: android.permission.ACCESS_COARSE_LOCATION in package: com.sim.cit at: Binary XML file line #396
05-27 07:02:32.156  2405  3463 W PackageParser: Ignoring duplicate uses-permissions/uses-permissions-sdk-m: android.permission.CAMERA in package: com.sim.cit at: Binary XML file line #406
05-27 07:02:32.156  2405  3463 W PackageParser: Ignoring duplicate uses-permissions/uses-permissions-sdk-m: android.permission.NFC in package: com.sim.cit at: Binary XML file line #415
05-27 07:02:32.156  2405  3463 W PackageParser: Ignoring duplicate uses-permissions/uses-permissions-sdk-m: android.permission.RECEIVE_BOOT_COMPLETED in package: com.sim.cit at: Binary XML file line #422
05-27 07:02:32.156  2405  3463 W PackageParser: Ignoring duplicate uses-permissions/uses-permissions-sdk-m: android.permission.USE_CREDENTIALS in package: com.sim.cit at: Binary XML file line #426
05-27 07:02:32.156  2405  3463 W PackageParser: Ignoring duplicate uses-permissions/uses-permissions-sdk-m: android.permission.VIBRATE in package: com.sim.cit at: Binary XML file line #427
05-27 07:02:32.156  2405  3463 W PackageParser: Ignoring duplicate uses-permissions/uses-permissions-sdk-m: android.permission.WAKE_LOCK in package: com.sim.cit at: Binary XML file line #428
05-27 07:02:32.156  2405  3463 W PackageParser: Ignoring duplicate uses-permissions/uses-permissions-sdk-m: android.permission.WRITE_EXTERNAL_STORAGE in package: com.sim.cit at: Binary XML file line #429
05-27 07:02:32.156  2405  3463 W PackageParser: Ignoring duplicate uses-permissions/uses-permissions-sdk-m: android.permission.WRITE_SETTINGS in package: com.sim.cit at: Binary XML file line #430
05-27 07:02:32.158  2405  3463 I PackageManager: /system/app/CIT changed; collecting certs
05-27 07:02:32.167  2405  3464 I PackageManager: /system/app/CNESettings changed; collecting certs
05-27 07:02:32.168  2405  3465 I PackageManager: /system/app/CaptivePortalLogin changed; collecting certs
05-27 07:02:32.169  2405  3466 I PackageManager: /system/app/CalculatorGoogle changed; collecting certs
05-27 07:02:32.178  2405  3464 I PackageManager: /system/app/CarrierCacheService changed; collecting certs
05-27 07:02:32.206  2405  3464 I PackageManager: /system/app/CdmaCallOptions changed; collecting certs
05-27 07:02:32.208  2405  3466 I PackageManager: /system/app/CarrierLoadService changed; collecting certs
05-27 07:02:32.217  2405  3474 I PackageManager: /system/app/CalendarGoogle changed; collecting certs
05-27 07:02:32.223  2405  3465 W PackageParser: Unknown element under <manifest>: uses-premission at /system/app/CarrierConfigure/CarrierConfigure.apk Binary XML file line #18
05-27 07:02:32.224  2405  3465 I PackageManager: /system/app/CarrierConfigure changed; collecting certs
05-27 07:02:32.239  2405  3463 I PackageManager: /system/app/CertInstaller changed; collecting certs
05-27 07:02:32.272  2405  3465 I PackageManager: /system/app/ConfigurationClientDemo changed; collecting certs
05-27 07:02:32.282  2405  3464 I PackageManager: /system/app/ConferenceDialer changed; collecting certs
05-27 07:02:32.288  2405  3463 W PackageParser: Ignoring duplicate uses-permissions/uses-permissions-sdk-m: android.permission.RECEIVE_SMS in package: com.qti.csk at: Binary XML file line #62
05-27 07:02:32.291  2405  3463 I PackageManager: /system/app/Csk changed; collecting certs
05-27 07:02:32.293  2405  3465 I PackageManager: /system/app/CskServer changed; collecting certs
05-27 07:02:32.312  2405  3466 I PackageManager: /system/app/Chrome changed; collecting certs
05-27 07:02:32.323  2405  3474 W PackageManager: Non-privileged app; cap priority to 0; package: com.google.android.calendar activity: com.android.calendar.event.LaunchInfoActivity origPrio: 50
05-27 07:02:32.323  2405  3474 W PackageManager: Non-privileged app; cap priority to 0; package: com.google.android.calendar activity: com.android.calendar.event.LaunchInfoActivity origPrio: 50
05-27 07:02:32.365  2405  3464 I PackageManager: /system/app/CtsShimPrebuilt changed; collecting certs
05-27 07:02:32.367  2405  3464 W PackageManager: Non-privileged app; cap priority to 0; package: com.android.cts.ctsshim activity: com.android.cts.ctsshim.InstallPriority origPrio: 100
05-27 07:02:32.368  2405  3464 W PackageManager: Non-privileged app; cap priority to 0; package: com.android.cts.ctsshim activity: com.android.cts.ctsshim.InstallPriority origPrio: 100
05-27 07:02:32.368  2405  3464 W PackageManager: Non-privileged app; cap priority to 0; package: com.android.cts.ctsshim activity: com.android.cts.ctsshim.InstallPriority origPrio: 100
05-27 07:02:32.368  2405  3464 W PackageManager: Non-privileged app; cap priority to 0; package: com.android.cts.ctsshim activity: com.android.cts.ctsshim.InstallPriority origPrio: 100
05-27 07:02:32.368  2405  3464 W PackageManager: Non-privileged app; cap priority to 0; package: com.android.cts.ctsshim activity: com.android.cts.ctsshim.InstallPriority origPrio: 100
05-27 07:02:32.368  2405  3474 I PackageManager: /system/app/DeviceInfo changed; collecting certs
05-27 07:02:32.444  2405  3463 I PackageManager: /system/app/Csm changed; collecting certs
05-27 07:02:32.446  2405  3465 I PackageManager: /system/app/DeskClockGoogle changed; collecting certs
05-27 07:02:32.505  2405  3464 I PackageManager: /system/app/DownloadProviderUi changed; collecting certs
05-27 07:02:32.586  2405  3474 I PackageManager: /system/app/Drive changed; collecting certs
05-27 07:02:32.669  2405  3464 I PackageManager: /system/app/EasterEgg changed; collecting certs
05-27 07:02:32.672  2405  3463 W PackageParser: Ignoring duplicate uses-permissions/uses-permissions-sdk-m: android.permission.GET_ACCOUNTS in package: com.google.android.apps.tachyon at: Binary XML file line #58
05-27 07:02:32.685  2405  3465 I PackageManager: /system/app/ExtSettings changed; collecting certs
05-27 07:02:32.690  2405  3463 I PackageManager: /system/app/Duo changed; collecting certs
05-27 07:02:32.834  2405  3464 I PackageManager: /system/app/FTMMode changed; collecting certs
05-27 07:02:32.857  2405  3464 I PackageManager: /system/app/FidoCryptoService changed; collecting certs
05-27 07:02:32.863  2405  3465 I PackageManager: /system/app/FaceLock changed; collecting certs
05-27 07:02:32.884  2405  3464 I PackageManager: /system/app/FidoSuiService changed; collecting certs
05-27 07:02:32.887  2405  3466 W PackageManager: Permission com.android.chrome.permission.DEBUG from package com.android.chrome in an unknown group android.permission-group.DEVELOPMENT_TOOLS
05-27 07:02:32.898  2405  3466 I PackageManager: /system/app/GFManager changed; collecting certs
05-27 07:02:32.908  2405  3464 I PackageManager: /system/app/GFTest changed; collecting certs
05-27 07:02:32.933  2405  3466 I PackageManager: /system/app/GmsSampleLayout changed; collecting certs
05-27 07:02:32.949  2405  3466 I PackageManager: /system/app/GoogleExtShared changed; collecting certs
05-27 07:02:32.955  2405  3464 I PackageManager: /system/app/GoogleContactsSyncAdapter changed; collecting certs
05-27 07:02:32.984  2405  3464 I PackageManager: /system/app/GooglePrintRecommendationService changed; collecting certs
05-27 07:02:32.999  2405  3465 W PackageParser: No actions in intent filter at /system/app/Gmail2/Gmail2.apk Binary XML file line #270
05-27 07:02:33.004  2405  3465 I PackageManager: /system/app/Gmail2 changed; collecting certs
05-27 07:02:33.018  2405  3466 I PackageManager: /system/app/GoogleHindiIME changed; collecting certs
05-27 07:02:33.030  2405  3464 I PackageManager: /system/app/GoogleTTS changed; collecting certs
05-27 07:02:33.032  2405  3463 I PackageManager: /system/app/HTMLViewer changed; collecting certs
05-27 07:02:33.083  2405  3465 W PackageManager: Permission com.google.android.gm.email.permission.READ_ATTACHMENT from package com.google.android.gm in an unknown group android.permission-group.MESSAGES
05-27 07:02:33.083  2405  3465 W PackageManager: Permission com.google.android.gm.permission.READ_GMAIL from package com.google.android.gm in an unknown group android.permission-group.MESSAGES
05-27 07:02:33.083  2405  3465 W PackageManager: Permission com.google.android.gm.permission.WRITE_GMAIL from package com.google.android.gm in an unknown group android.permission-group.MESSAGES
05-27 07:02:33.083  2405  3465 W PackageManager: Permission com.google.android.gm.permission.AUTO_SEND from package com.google.android.gm in an unknown group android.permission-group.MESSAGES
05-27 07:02:33.083  2405  3465 W PackageManager: Permission com.google.android.gm.permission.READ_CONTENT_PROVIDER from package com.google.android.gm in an unknown group android.permission-group.MESSAGES
05-27 07:02:33.125  2405  3465 I PackageManager: /system/app/HealthAuthService changed; collecting certs
05-27 07:02:33.143  2405  3463 I PackageManager: /system/app/Hangouts changed; collecting certs
05-27 07:02:33.154  2405  3465 I PackageManager: /system/app/KeyChain changed; collecting certs
05-27 07:02:33.174  2405  3464 I PackageManager: /system/app/LauncherUnreadService changed; collecting certs
05-27 07:02:33.227  2405  3464 I PackageManager: /system/app/LiveWallpapersPicker changed; collecting certs
05-27 07:02:33.230  2405  3475 I PackageManager: /system/app/LunarInfoProvider changed; collecting certs
05-27 07:02:33.240  2405  3465 I PackageManager: /system/app/LatinImeGoogle changed; collecting certs
05-27 07:02:33.306  2405  3474 W PackageManager: Permission com.google.android.apps.docs.permission.READ_MY_DATA from package com.google.android.apps.docs in an unknown group android.permission-group.PERSONAL_INFO
05-27 07:02:33.307  2405  3474 W PackageManager: Permission com.google.android.apps.docs.permission.SYNC_STATUS from package com.google.android.apps.docs in an unknown group android.permission-group.PERSONAL_INFO
05-27 07:02:33.314  2405  3474 I PackageManager: /system/app/ModemTestMode changed; collecting certs
05-27 07:02:33.318  2405  3464 I PackageManager: /system/app/Messenger changed; collecting certs
05-27 07:02:33.356  2405  3466 I PackageManager: /system/app/NetworkControl changed; collecting certs
05-27 07:02:33.360  2405  3475 W PackageParser: Ignoring duplicate uses-permissions/uses-permissions-sdk-m: android.permission.WAKE_LOCK in package: com.google.android.apps.maps at: Binary XML file line #131
05-27 07:02:33.392  2405  3466 I PackageManager: /system/app/NetworkSetting changed; collecting certs
05-27 07:02:33.397  2405  3475 I PackageManager: /system/app/Maps changed; collecting certs
05-27 07:02:33.411  2405  3474 I PackageManager: /system/app/Music2 changed; collecting certs
05-27 07:02:33.417  2405  3466 I PackageManager: /system/app/NotePad2 changed; collecting certs
05-27 07:02:33.429  2405  3466 I PackageManager: /system/app/OmaDownload changed; collecting certs
05-27 07:02:33.442  2405  3466 I PackageManager: /system/app/OmaDrmEngine changed; collecting certs
05-27 07:02:33.445  2405  3466 W PackageManager: Permission com.oma.drm.permission.ACCESS_OMA_DRM from package com.oma.drm in an unknown group com.oma.drm.permission
05-27 07:02:33.475  2405  3466 I PackageManager: /system/app/OmaDrmEngineDemo changed; collecting certs
05-27 07:02:33.507  2405  3466 I PackageManager: /system/app/OmaDrmEngineServer changed; collecting certs
05-27 07:02:33.516  2405  3465 I PackageManager: /system/app/OpenWnn changed; collecting certs
05-27 07:02:33.518  2405  3474 I PackageManager: /system/app/PacProcessor changed; collecting certs
05-27 07:02:33.519  2405  3466 I PackageManager: /system/app/PartnerBookmarksProvider changed; collecting certs
05-27 07:02:33.548  2405  3465 I PackageManager: /system/app/PhotoTable changed; collecting certs
05-27 07:02:33.548  2405  3466 I PackageManager: /system/app/PhoneFeatures changed; collecting certs
05-27 07:02:33.557  2405  3466 I PackageManager: /system/app/PowerOnAlert changed; collecting certs
05-27 07:02:33.579  2405  3465 I PackageManager: /system/app/PrintSpooler changed; collecting certs
05-27 07:02:33.580  2405  3466 I PackageManager: /system/app/Protips changed; collecting certs
05-27 07:02:33.591  2405  3465 I PackageManager: /system/app/QSService changed; collecting certs
05-27 07:02:33.592  2405  3466 I PackageManager: /system/app/QTIDiagServices changed; collecting certs
05-27 07:02:33.611  2405  3474 I PackageManager: /system/app/Photos changed; collecting certs
05-27 07:02:33.613  2405  3466 I PackageManager: /system/app/QtiTelephonyService changed; collecting certs
05-27 07:02:33.618  2405  3465 I PackageManager: /system/app/QtiFeedback changed; collecting certs
05-27 07:02:33.624  2405  3466 I PackageManager: /system/app/QualcommSettings changed; collecting certs
05-27 07:02:33.627  2405  3465 I PackageManager: /system/app/RCSBootstraputil changed; collecting certs
05-27 07:02:33.636  2405  3466 I PackageManager: /system/app/RootPA changed; collecting certs
05-27 07:02:33.638  2405  3465 I PackageManager: /system/app/SampleAuthenticatorService changed; collecting certs
05-27 07:02:33.649  2405  3466 I PackageManager: /system/app/SampleAuthenticatorServicev1 changed; collecting certs
05-27 07:02:33.653  2405  3465 I PackageManager: /system/app/SampleExtAuthService changed; collecting certs
05-27 07:02:33.665  2405  3466 I PackageManager: /system/app/SecureExtAuthService changed; collecting certs
05-27 07:02:33.669  2405  3465 I PackageManager: /system/app/SecureSampleAuthService changed; collecting certs
05-27 07:02:33.684  2405  3464 I PackageManager: /system/app/SecureSampleAuthServicev1 changed; collecting certs
05-27 07:02:33.686  2405  3466 W PackageParser: Ignoring duplicate uses-permissions/uses-permissions-sdk-m: android.permission.READ_SYNC_SETTINGS in package: com.qualcomm.simcontacts at: Binary XML file line #52
05-27 07:02:33.686  2405  3466 W PackageParser: Ignoring duplicate uses-permissions/uses-permissions-sdk-m: android.permission.WRITE_SYNC_SETTINGS in package: com.qualcomm.simcontacts at: Binary XML file line #54
05-27 07:02:33.689  2405  3466 I PackageManager: /system/app/SimContacts changed; collecting certs
05-27 07:02:33.692  2405  3465 I PackageManager: /system/app/SimSettings changed; collecting certs
05-27 07:02:33.697  2405  3465 W PackageManager: Non-privileged app; cap priority to 0; package: com.qualcomm.qti.simsettings activity: com.qualcomm.qti.simsettings.SimSettingsActivity origPrio: 1
05-27 07:02:33.697  2405  3465 W PackageManager: Non-privileged app; cap priority to 0; package: com.qualcomm.qti.simsettings activity: com.qualcomm.qti.simsettings.SimSettingsActivity origPrio: 2
05-27 07:02:33.703  2405  3466 I PackageManager: /system/app/SmartronUtils changed; collecting certs
05-27 07:02:33.703  2405  3465 I PackageManager: /system/app/TimeService changed; collecting certs
05-27 07:02:33.707  2405  3464 I PackageManager: /system/app/Stk changed; collecting certs
05-27 07:02:33.719  2405  3466 I PackageManager: /system/app/UserDictionaryProvider changed; collecting certs
05-27 07:02:33.734  2405  3464 I PackageManager: /system/app/WAPPushManager changed; collecting certs
05-27 07:02:33.737  2405  3466 I PackageManager: /system/app/WallpaperBackup changed; collecting certs
05-27 07:02:33.765  2405  3466 I PackageManager: /system/app/WebViewGoogle changed; collecting certs
05-27 07:02:33.773  2405  3465 I PackageManager: /system/app/Videos changed; collecting certs
05-27 07:02:33.781  2405  3464 I PackageManager: /system/app/WallpaperPicker changed; collecting certs
05-27 07:02:33.836  2405  3464 I PackageManager: /system/app/access-qcom-logkit changed; collecting certs
05-27 07:02:33.848  2405  3464 I PackageManager: /system/app/atfwd changed; collecting certs
05-27 07:02:33.858  2405  3464 I PackageManager: /system/app/com.qti.vzw.ims.internal.tests changed; collecting certs
05-27 07:02:33.862  2405  3466 I PackageManager: /system/app/YouTube changed; collecting certs
05-27 07:02:33.868  2405  3464 I PackageManager: /system/app/com.qualcomm.qti.services.secureui changed; collecting certs
05-27 07:02:33.879  2405  3464 I PackageManager: /system/app/datastatusnotification changed; collecting certs
05-27 07:02:33.894  2405  3464 I PackageManager: /system/app/embmstuneaway changed; collecting certs
05-27 07:02:33.895  2405  3475 I PackageManager: /system/app/embms changed; collecting certs
05-27 07:02:33.915  2405  3475 I PackageManager: /system/app/hid changed; collecting certs
05-27 07:02:33.915  2405  3464 I PackageManager: /system/app/fastdormancy changed; collecting certs
05-27 07:02:33.930  2405  3475 I PackageManager: /system/app/my.tests.snapdragonsdktest changed; collecting certs
05-27 07:02:33.932  2405  3464 I PackageManager: /system/app/radioconfig changed; collecting certs
05-27 07:02:33.942  2405  3463 W PackageManager: Non-privileged app; cap priority to 0; package: com.google.android.talk activity: com.google.android.apps.hangouts.phone.BabelHomeActivity origPrio: 999
