05-27 07:02:38.929  2405  2978 I Telecom : PhoneAccountRegistrar: [ComponentInfo{com.android.phone/com.android.services.telephony.TelephonyConnectionService}, [e0184adedf913b076626646d3f52c3b49c39ad6d], UserHandle{0}(icon: Icon(typ=BITMAP size=57x72) -> Icon(typ=BITMAP size=57x72))]: TSI.rPA@AAk
05-27 07:02:38.931  2405  2978 I Telecom : : Sending phone-account registered intent as user: TSI.rPA@AAk
05-27 07:02:38.949  2405  3949 I Telecom : PhoneAccountRegistrar: [ComponentInfo{com.android.phone/com.android.services.telephony.TelephonyConnectionService}, [e0184adedf913b076626646d3f52c3b49c39ad6d], UserHandle{0}(icon: Icon(typ=BITMAP size=57x72) -> Icon(typ=BITMAP size=57x72))]: TSI.rPA@AAw
05-27 07:02:38.950  2405  3949 I Telecom : : Sending phone-account registered intent as user: TSI.rPA@AAw
05-27 07:02:38.968  2405  2978 I Telecom : PhoneAccountRegistrar: [ComponentInfo{com.android.phone/com.android.services.telephony.TelephonyConnectionService}, [e0184adedf913b076626646d3f52c3b49c39ad6d], UserHandle{0}(icon: Icon(typ=BITMAP size=57x72) -> Icon(typ=BITMAP size=57x72))]: TSI.rPA@AA8
05-27 07:02:38.971  2405  2978 I Telecom : : Sending phone-account registered intent as user: TSI.rPA@AA8
05-27 07:02:38.985  2405  3715 I Telecom : PhoneAccountRegistrar: [ComponentInfo{com.android.phone/com.android.services.telephony.TelephonyConnectionService}, [e0184adedf913b076626646d3f52c3b49c39ad6d], UserHandle{0}(icon: Icon(typ=BITMAP size=57x72) -> Icon(typ=BITMAP size=57x72))]: TSI.rPA@ABI
05-27 07:02:38.987  2405  3715 I Telecom : : Sending phone-account registered intent as user: TSI.rPA@ABI
05-27 07:02:39.016  2405  2981 I Telecom : PhoneAccountRegistrar: [ComponentInfo{com.android.phone/com.android.services.telephony.TelephonyConnectionService}, [e0184adedf913b076626646d3f52c3b49c39ad6d], UserHandle{0}(icon: Icon(typ=BITMAP size=57x72) -> Icon(typ=BITMAP size=57x72))]: TSI.rPA@ABU
05-27 07:02:39.020  2405  2981 I Telecom : : Sending phone-account registered intent as user: TSI.rPA@ABU
05-27 07:02:39.023  2405  2981 I ActivityManager: user 0 is still locked. Cannot load recents
05-27 07:02:39.029  2405  4225 I Telecom : PhoneAccountRegistrar: [ComponentInfo{com.android.phone/com.android.services.telephony.TelephonyConnectionService}, [e0184adedf913b076626646d3f52c3b49c39ad6d], UserHandle{0}(icon: Icon(typ=BITMAP size=57x72) -> Icon(typ=BITMAP size=57x72))]: TSI.rPA@ABY
05-27 07:02:39.032  2405  4225 I Telecom : : Sending phone-account registered intent as user: TSI.rPA@ABY
05-27 07:02:39.121  3914  3914 D MccTable: updateMccMncConfiguration mccmnc='' fromServiceState=false
05-27 07:02:39.140  2405  3715 I Telecom : PhoneAccountRegistrar: [ComponentInfo{com.android.phone/com.android.services.telephony.TelephonyConnectionService}, [e0184adedf913b076626646d3f52c3b49c39ad6d], UserHandle{0}(icon: Icon(typ=BITMAP size=57x72) -> Icon(typ=BITMAP size=57x72))]: TSI.rPA@AB8
05-27 07:02:39.150  2405  3715 I Telecom : : Sending phone-account registered intent as user: TSI.rPA@AB8
05-27 07:02:39.168  2405  4226 I Telecom : PhoneAccountRegistrar: [ComponentInfo{com.android.phone/com.android.services.telephony.TelephonyConnectionService}, [e0184adedf913b076626646d3f52c3b49c39ad6d], UserHandle{0}(icon: Icon(typ=BITMAP size=57x72) -> Icon(typ=BITMAP size=57x72))]: TSI.rPA@ACI
05-27 07:02:39.174  2405  4226 I Telecom : : Sending phone-account registered intent as user: TSI.rPA@ACI
05-27 07:02:39.209  2405  3321 I SystemServiceManager: Starting phase 1000
05-27 07:02:39.221  2405  3321 I ActivityManager: Start proc 4427:com.google.android.ext.services/u0a15 for on-hold
05-27 07:02:39.223  2405  3321 D ActivityManager: Finishing user boot 0
05-27 07:02:39.225  2405  3321 D CryptdConnector: SND -> {5 cryptfs prepare_user_storage ! 0 0 2}
05-27 07:02:39.226   393   399 D vold    : e4crypt_prepare_user_storage for volume null, user 0, serial 0, flags 2
05-27 07:02:39.226   393   399 D vold    : Preparing: /data/system_ce/0
05-27 07:02:39.226   393   399 D vold    : Preparing: /data/misc_ce/0
05-27 07:02:39.226   393   399 D vold    : Preparing: /data/media/0
05-27 07:02:39.226   393   399 D vold    : Preparing: /data/data
05-27 07:02:39.226  2405  3628 D CryptdConnector: RCV <- {200 5 Command succeeded}
05-27 07:02:39.227  2405  3321 V UserManagerService: Found /data/user/0 with serial number 0
05-27 07:02:39.227  2405  3321 V UserManagerService: Found /data/system_ce/0 with serial number 0
05-27 07:02:39.227  2405  3321 V PackageManager: reconcileAppsData for null u0 0x2
05-27 07:02:39.652  2405  3321 V PackageManager: reconcileAppsData finished 201 packages
05-27 07:02:39.653  2405  3171 D BluetoothManagerService: User 0 unlocked
05-27 07:02:39.654  2405  3658 D ConnectivityService: Got NetworkFactory Messenger for WIFI
05-27 07:02:39.655  2405  3658 D ConnectivityService: Got NetworkFactory Messenger for WIFI_UT
05-27 07:02:39.656  2405  3171 D MountService: onUnlockUser 0
05-27 07:02:39.656  2405  3318 D BluetoothManagerService: Message: 301
05-27 07:02:39.656  2405  3171 D VoldConnector: SND -> {6 volume user_started 0}
05-27 07:02:39.657  2405  3318 D BluetoothManagerService: MESSAGE_USER_UNLOCKED
05-27 07:02:39.658   393   398 D vold    : Linking /storage/emulated/0 to /mnt/user/0/primary
05-27 07:02:39.659  2405  3627 D VoldConnector: RCV <- {200 6 Command succeeded}
05-27 07:02:39.661  2405  3626 D MountService: Volume emulated broadcasting mounted to UserHandle{0}
05-27 07:02:39.675  2405  2405 I ActivityManager: Start proc 4484:com.google.android.marvin.talkback/u0a89 for broadcast com.google.android.marvin.talkback/com.android.talkback.BootReceiver
05-27 07:02:39.719  2405  3171 V BackupManagerService: No ancestral data
05-27 07:02:39.752  2405  3171 V BackupManagerService: Starting with transport com.google.android.gms/.backup.BackupTransportService
05-27 07:02:39.753  2405  3171 V BackupManagerService: Found transports: 2
05-27 07:02:39.775  2405  4499 V KeyValueBackupJob: Scheduling k/v pass in 240 minutes
05-27 07:02:39.777  2405  3171 I ActivityManager: Start proc 4505:com.google.android.gms.persistent/u0a13 for service com.google.android.gms/.backup.BackupTransportService
05-27 07:02:39.779  2405  3171 I BackupManagerService: Backup enabled => false
05-27 07:02:39.779  2405  2405 V BackupManagerService: Connected to transport ComponentInfo{android/com.android.internal.backup.LocalTransportService}
05-27 07:02:39.779  2405  2405 V BackupManagerService: Registering transport android/com.android.internal.backup.LocalTransportService::android/com.android.internal.backup.LocalTransport = android.app.backup.BackupTransport$TransportImpl@eb7bb2b
05-27 07:02:39.809  2405  4499 V KeyValueBackupJob: Scheduling k/v pass in 248 minutes
05-27 07:02:39.851  2405  2981 I ActivityManager: Start proc 4524:com.google.android.deskclock/u0a50 for broadcast com.google.android.deskclock/com.android.deskclock.AlarmInitReceiver
05-27 07:02:39.865  2405  3171 I ActivityManager: Start proc 4537:com.google.android.googlequicksearchbox:interactor/u0a40 for service com.google.android.googlequicksearchbox/com.google.android.voiceinteraction.GsaVoiceInteractionService
05-27 07:02:39.867  2405  3171 I ActivityManager: Loading recents for user 0 into memory.
05-27 07:02:39.885  2405  3171 I ActivityManager: Start proc 4548:com.goodix.fingerprint/1000 for added application com.goodix.fingerprint
05-27 07:02:39.899  2405  3171 I ActivityManager: Start proc 4564:.dataservices/1000 for added application .dataservices
05-27 07:02:39.905  2405  4499 I BackupManagerService: Found stale backup journal, scheduling
05-27 07:02:39.920  2405  3321 W WindowManager: App freeze timeout expired.
05-27 07:02:39.921  2405  3171 I ActivityManager: Start proc 4586:com.android.nfc/1027 for added application com.android.nfc
05-27 07:02:39.938  2405  3171 I ActivityManager: Start proc 4598:com.qti.launcherunreadservice/1000 for added application com.qti.launcherunreadservice
05-27 07:02:39.952  2405  3171 I ActivityManager: Start proc 4616:com.qualcomm.qti.rcsbootstraputil/1001 for added application com.qualcomm.qti.rcsbootstraputil
05-27 07:02:39.970  2405  3171 I ActivityManager: Start proc 4633:com.qualcomm.qti.loadcarrier/1001 for added application com.qualcomm.qti.loadcarrier
05-27 07:02:39.984  2405  3171 I ActivityManager: Start proc 4650:com.qualcomm.qti.carrierconfigure/1000 for added application com.qualcomm.qti.carrierconfigure
05-27 07:02:39.999  2405  3171 I ActivityManager: Start proc 4665:com.oma.drm.server/u0a69 for added application com.oma.drm.server
05-27 07:02:40.015  2405  3171 I ActivityManager: Start proc 4683:com.qualcomm.qti.services.secureui:sui_service/1000 for added application com.qualcomm.qti.services.secureui:sui_service
05-27 07:02:40.040  2405  3171 I PreBootBroadcaster: Pre-boot of {com.android.managedprovisioning/com.android.managedprovisioning.PreBootListener} for user 0
05-27 07:02:40.054  2405  2405 V NotificationListeners: enabling notification listener for 0: ComponentInfo{com.smartron.tronx/com.smartron.tronx.service.NotificationService}
05-27 07:02:40.072  2405  2405 I ActivityManager: Start proc 4703:com.smartron.tronx/u0a110 for service com.smartron.tronx/.service.NotificationService
05-27 07:02:40.103  2405  3318 D BluetoothManagerService: Message: 20
05-27 07:02:40.103  2405  3318 D BluetoothManagerService: Added callback: android.bluetooth.IBluetoothManagerCallback$Stub$Proxy@a030a5c:true
05-27 07:02:40.110  2405  2981 I ActivityManager: Start proc 4720:com.android.smspush/u0a82 for service com.android.smspush/.WapPushManager
05-27 07:02:40.134  2405  3666 I ActivityManager: Start proc 4730:com.android.keychain/1000 for service com.android.keychain/.KeyChainService
05-27 07:02:40.151  2405  4673 I ActivityManager: START u0 {act=android.intent.action.MAIN cat=[android.intent.category.HOME] flg=0x10000100 cmp=com.smartron.launcher/com.smartron.smextension.SmartronLauncher} from uid 0 on display 0
05-27 07:02:40.179  2405  3166 I ActivityManager: Start proc 4756:com.android.printspooler/u0a76 for service com.android.printspooler/.model.PrintSpoolerService
05-27 07:02:40.191  4564  4564 W ContextImpl: Calling a method in the system process without a qualified user: android.app.ContextImpl.sendBroadcast:877 android.content.ContextWrapper.sendBroadcast:421 com.quicinc.cne.CNEService.CNEServiceApp.broadcastCNEStarted:103 com.quicinc.cne.CNEService.CNEServiceApp.startCne:123 com.quicinc.cne.CNEService.CNEServiceApp.onCreate:94 
05-27 07:02:40.198  2405  4625 I ActivityManager: Start proc 4772:com.smartron.launcher/u0a31 for activity com.smartron.launcher/com.smartron.smextension.SmartronLauncher
05-27 07:02:40.246  4650  4650 W ContextImpl: Calling a method in the system process without a qualified user: android.app.ContextImpl.startService:1357 android.content.ContextWrapper.startService:613 com.qualcomm.qti.carrierconfigure.ConfigurationApplication.onCreate:156 android.app.Instrumentation.callApplicationOnCreate:1025 android.app.ActivityThread.handleBindApplication:5403 
05-27 07:02:40.252  4650  4650 W ContextImpl: Calling a method in the system process without a qualified user: android.app.ContextImpl.bindService:1421 android.content.ContextWrapper.bindService:636 com.qualcomm.qti.carrierconfigure.SetTargetSlotService.onCreate:90 android.app.ActivityThread.handleCreateService:3191 android.app.ActivityThread.-wrap5:-1 
05-27 07:02:40.265  2405  4672 I ActivityManager: Start proc 4790:com.google.process.gapps/u0a13 for content provider com.google.android.gsf/.gservices.GservicesProvider
05-27 07:02:40.277  2405  3949 W BackupManagerService: dataChanged but no participant pkg='com.android.providers.settings' uid=10036
05-27 07:02:40.292  2405  4226 I ActivityManager: Start proc 4804:com.qualcomm.qti.accesscache/u0a44 for service com.qualcomm.qti.accesscache/.CarrierAccessCacheService
05-27 07:02:40.327  2405  3318 D BluetoothManagerService: Message: 20
05-27 07:02:40.327  2405  3318 D BluetoothManagerService: Added callback: android.bluetooth.IBluetoothManagerCallback$Stub$Proxy@efeb66f:true
05-27 07:02:40.451  2405  4727 I ActivityManager: Start proc 4842:com.google.android.gms/u0a13 for service com.google.android.gms/.ads.identifier.service.AdvertisingIdService
05-27 07:02:40.477  2405  2405 I ActivityManager: Start proc 4860:com.qualcomm.location.XT/1000 for service com.qualcomm.location.XT/.XTSrv
05-27 07:02:40.528  2405  4671 I ActivityManager: Start proc 4883:com.google.android.googlequicksearchbox:search/u0a40 for service com.google.android.googlequicksearchbox/com.google.android.hotword.service.HotwordService
05-27 07:02:40.569  2405  4671 I ActivityManager: Start proc 4916:android.process.media/u0a14 for broadcast com.android.providers.downloads/.DownloadReceiver
05-27 07:02:40.830  2405  4226 I ActivityManager: Start proc 5004:com.smartron.gallery/u0a14 for broadcast com.smartron.gallery/.MountReceiver
05-27 07:02:40.920  4537  4537 W KeyphraseEnrollmentInfo: No Enrollment application supports the given keyphrase/locale
05-27 07:02:40.966  2405  4727 I ActivityManager: Start proc 5032:com.google.android.partnersetup/u0a19 for content provider com.google.android.partnersetup/.RlzAppProvider
05-27 07:02:41.086  2405  2405 V BackupManagerService: Connected to transport ComponentInfo{com.google.android.gms/com.google.android.gms.backup.BackupTransportService}
05-27 07:02:41.087  2405  2405 V BackupManagerService: Registering transport com.google.android.gms/.backup.BackupTransportService::com.google.android.gms/.backup.BackupTransportService = com.android.internal.backup.IBackupTransport$Stub$Proxy@439f161
05-27 07:02:41.558  2405  4641 I Telecom : PhoneAccountRegistrar: [ComponentInfo{com.android.phone/com.android.services.telephony.TelephonyConnectionService}, [e0184adedf913b076626646d3f52c3b49c39ad6d], UserHandle{0}(icon: Icon(typ=BITMAP size=57x72) -> Icon(typ=BITMAP size=57x72))]: TSI.rPA@ACY
05-27 07:02:41.562  2405  4641 I Telecom : : Sending phone-account registered intent as user: TSI.rPA@ACY
05-27 07:02:41.616  2405  4643 I Telecom : PhoneAccountRegistrar: [ComponentInfo{com.android.phone/com.android.services.telephony.TelephonyConnectionService}, [e0184adedf913b076626646d3f52c3b49c39ad6d], UserHandle{0}(icon: Icon(typ=BITMAP size=57x72) -> Icon(typ=BITMAP size=57x72))]: TSI.rPA@ACs
05-27 07:02:41.618  2405  4643 I Telecom : : Sending phone-account registered intent as user: TSI.rPA@ACs
05-27 07:02:41.659  2405  4625 I Telecom : PhoneAccountRegistrar: [ComponentInfo{com.android.phone/com.android.services.telephony.TelephonyConnectionService}, [e0184adedf913b076626646d3f52c3b49c39ad6d], UserHandle{0}(icon: Icon(typ=BITMAP size=57x72) -> Icon(typ=BITMAP size=57x72))]: TSI.rPA@AC4
05-27 07:02:41.662  2405  4625 I Telecom : : Sending phone-account registered intent as user: TSI.rPA@AC4
05-27 07:02:41.690  2405  4672 I Telecom : PhoneAccountRegistrar: [ComponentInfo{com.android.phone/com.android.services.telephony.TelephonyConnectionService}, [e0184adedf913b076626646d3f52c3b49c39ad6d], UserHandle{0}(icon: Icon(typ=BITMAP size=57x72) -> Icon(typ=BITMAP size=57x72))]: TSI.rPA@ADE
05-27 07:02:41.693  2405  4672 I Telecom : : Sending phone-account registered intent as user: TSI.rPA@ADE
05-27 07:02:41.720  2405  4643 I Telecom : PhoneAccountRegistrar: [ComponentInfo{com.android.phone/com.android.services.telephony.TelephonyConnectionService}, [e0184adedf913b076626646d3f52c3b49c39ad6d], UserHandle{0}(icon: Icon(typ=BITMAP size=57x72) -> Icon(typ=BITMAP size=57x72))]: TSI.rPA@ADQ
05-27 07:02:41.723  2405  4643 I Telecom : : Sending phone-account registered intent as user: TSI.rPA@ADQ
05-27 07:02:41.741  2405  3318 D BluetoothManagerService: Message: 20
05-27 07:02:41.741  2405  3318 D BluetoothManagerService: Added callback: android.bluetooth.IBluetoothManagerCallback$Stub$Proxy@cc123e9:true
05-27 07:02:42.168  2405  4225 I ActivityManager: Start proc 5250:com.android.vending/u0a33 for service com.android.vending/com.google.android.finsky.services.ContentFiltersService
05-27 07:02:42.659  2405  2981 I ActivityManager: Start proc 5320:com.smartron.timewidget/u0a27 for broadcast com.smartron.timewidget/.TimeWidgetProvider
05-27 07:02:42.776  2405  4672 I ActivityManager: Start proc 5343:com.android.managedprovisioning/u0a22 for broadcast com.android.managedprovisioning/.PreBootListener
05-27 07:02:42.857  2405  2981 I PreBootBroadcaster: Pre-boot of {com.android.providers.calendar/com.android.providers.calendar.CalendarUpgradeReceiver} for user 0
05-27 07:02:43.092  2405  2981 I ActivityManager: Start proc 5378:com.qualcomm.telephony/1000 for broadcast com.qualcomm.simcontacts/.SimStateReceiver
05-27 07:02:43.192  5378  5378 W ContextImpl: Calling a method in the system process without a qualified user: android.app.ContextImpl.startService:1357 android.content.ContextWrapper.startService:613 android.content.ContextWrapper.startService:613 com.qualcomm.simcontacts.SimStateReceiver.sendSimState:83 com.qualcomm.simcontacts.SimStateReceiver.onReceive:53 
05-27 07:02:43.218  2405  4671 I ActivityManager: Start proc 5402:org.simalliance.openmobileapi.service/1000 for broadcast org.simalliance.openmobileapi.service/.SmartcardServiceBootCompletedBroadcastReceiver
05-27 07:02:43.368  5378  5378 W ContextImpl: Calling a method in the system process without a qualified user: android.app.ContextImpl.startService:1357 android.content.ContextWrapper.startService:613 android.content.ContextWrapper.startService:613 com.qualcomm.simcontacts.SimStateReceiver.sendSimState:83 com.qualcomm.simcontacts.SimStateReceiver.onReceive:53 
05-27 07:02:43.525  2405  2981 I Telecom : PhoneAccountRegistrar: [ComponentInfo{com.android.phone/com.android.services.telephony.TelephonyConnectionService}, [e0184adedf913b076626646d3f52c3b49c39ad6d], UserHandle{0}(icon: Icon(typ=BITMAP size=57x72) -> Icon(typ=BITMAP size=57x72))]: TSI.rPA@ADU
05-27 07:02:43.528  2405  2981 I Telecom : : Sending phone-account registered intent as user: TSI.rPA@ADU
05-27 07:02:43.591  2405  4226 I Telecom : PhoneAccountRegistrar: [ComponentInfo{com.android.phone/com.android.services.telephony.TelephonyConnectionService}, [e0184adedf913b076626646d3f52c3b49c39ad6d], UserHandle{0}(icon: Icon(typ=BITMAP size=57x72) -> Icon(typ=BITMAP size=57x72))]: TSI.rPA@ADo
05-27 07:02:43.595  2405  4226 I Telecom : : Sending phone-account registered intent as user: TSI.rPA@ADo
05-27 07:02:43.634  2405  4226 I Telecom : PhoneAccountRegistrar: [ComponentInfo{com.android.phone/com.android.services.telephony.TelephonyConnectionService}, [e0184adedf913b076626646d3f52c3b49c39ad6d], UserHandle{0}(icon: Icon(typ=BITMAP size=57x72) -> Icon(typ=BITMAP size=57x72))]: TSI.rPA@AD0
05-27 07:02:43.637  2405  4226 I Telecom : : Sending phone-account registered intent as user: TSI.rPA@AD0
05-27 07:02:43.709  2405  3715 I ActivityManager: Start proc 5446:com.qti.csm/1000 for broadcast com.qti.csm/.antitheft.Status
05-27 07:02:43.842  2405  4622 I ActivityManager: Start proc 5462:android.process.acore/u0a1 for content provider com.android.providers.contacts/.ContactsProvider2
05-27 07:02:43.858  2405  2981 I ActivityManager: Start proc 5476:org.simalliance.openmobileapi.service:remote/1000 for service org.simalliance.openmobileapi.service/.NfcIntentsService
05-27 07:02:44.024  2405  4225 I ActivityManager: Start proc 5505:com.google.android.gms.ui/u0a13 for service com.google.android.gms/.chimera.UiIntentOperationService
05-27 07:02:44.695  2405  4673 I ActivityManager: Start proc 5562:com.android.providers.calendar/u0a2 for broadcast com.android.providers.calendar/.CalendarUpgradeReceiver
05-27 07:02:44.826  2405  4225 I PreBootBroadcaster: Pre-boot of {com.android.providers.contacts/com.android.providers.contacts.ContactsUpgradeReceiver} for user 0
05-27 07:02:45.751  2405  4672 I PreBootBroadcaster: Pre-boot of {com.android.providers.media/com.android.providers.media.MediaUpgradeReceiver} for user 0
05-27 07:02:45.924  2405  4226 I PreBootBroadcaster: Pre-boot of {com.android.settings/com.android.settings.SettingsInitialize} for user 0
05-27 07:02:45.940  2405  4226 I ActivityManager: Start proc 5625:com.google.android.calendar/u0a55 for broadcast com.google.android.calendar/.alerts.AlertReceiver
05-27 07:02:46.344  2405  4672 I PreBootBroadcaster: Pre-boot of {com.google.android.googlequicksearchbox/com.google.android.apps.gsa.googlequicksearchbox.GelStubAppWatcher} for user 0
05-27 07:02:46.370  2405  4672 D ActivityManager: Sending BOOT_COMPLETE user #0
05-27 07:02:46.422  2405  5657 I BootReceiver: Copying audit failures to DropBox
05-27 07:02:46.422  2405  5657 I BootReceiver: Checking for fsck errors
05-27 07:02:46.427  2405  2405 I ActivityManager: Start proc 5658:com.android.timerswitch/1000 for broadcast com.android.timerswitch/.TimerSwitchInitReceiver
05-27 07:02:46.536  2405  4622 I ActivityManager: Start proc 5672:com.qualcomm.display/1000 for broadcast com.qualcomm.cabl/.CABLReceiver
05-27 07:02:46.596  5672  5672 W ContextImpl: Calling a method in the system process without a qualified user: android.app.ContextImpl.startService:1357 android.content.ContextWrapper.startService:613 android.content.ContextWrapper.startService:613 com.qualcomm.cabl.CABLReceiver.onReceive:31 android.app.ActivityThread.handleReceiver:3040 
05-27 07:02:47.055  5672  5672 W ContextImpl: Calling a method in the system process without a qualified user: android.app.ContextImpl.startService:1357 android.content.ContextWrapper.startService:613 android.content.ContextWrapper.startService:613 com.qualcomm.svi.SVIReceiver.onReceive:31 android.app.ActivityThread.handleReceiver:3040 
05-27 07:02:47.076  2405  4225 I ActivityManager: Start proc 5693:com.android.dialer/u0a10 for broadcast com.android.dialer/.calllog.CallLogReceiver
05-27 07:02:47.229  2405  4643 I ActivityManager: Start proc 5711:com.qti.diagservices/1000 for broadcast com.qti.diagservices/.Diag_OnBoot
05-27 07:02:47.287  5711  5711 W ContextImpl: Calling a method in the system process without a qualified user: android.app.ContextImpl.startService:1357 android.content.ContextWrapper.startService:613 android.content.ContextWrapper.startService:613 com.qti.diagservices.Diag_OnBoot.onReceive:44 android.app.ActivityThread.handleReceiver:3040 
05-27 07:02:47.315  2405  4226 I ActivityManager: Start proc 5726:com.android.carrierconfig/u0a4 for service com.android.carrierconfig/.DefaultCarrierConfigService
05-27 07:02:47.351  2405  4672 I ActivityManager: Start proc 5740:com.qualcomm.qti.qs/1000 for broadcast com.qualcomm.qti.qs/.QSBroadcastReceiver
05-27 07:02:47.406  2405  4673 I ActivityManager: Killing 4524:com.google.android.deskclock/u0a50 (adj 906): empty #17
05-27 07:02:47.406  5740  5740 W ContextImpl: Calling a method in the system process without a qualified user: android.app.ContextImpl.startService:1357 android.content.ContextWrapper.startService:613 android.content.ContextWrapper.startService:613 com.qualcomm.qti.qs.QSBroadcastReceiver.onReceive:22 android.app.ActivityThread.handleReceiver:3040 
05-27 07:02:47.433  2405  4225 I ActivityManager: Start proc 5754:com.rock.gota/u0a26 for broadcast com.rock.gota/com.reach.ActionMonitor
05-27 07:02:47.453  2405  2405 I Telecom : PhoneAccountRegistrar: SimCallManager queried, returning: null: TSI.gSCMFU@AEk
05-27 07:02:47.462  2405  2405 I Telecom : PhoneAccountRegistrar: SimCallManager queried, returning: null: TSI.gSCMFU@AEo
05-27 07:02:47.524  2405  4625 D ActivityManager: cleanUpApplicationRecord -- 4524
05-27 07:02:47.527  5740  5740 W ContextImpl: Calling a method in the system process without a qualified user: android.app.ContextImpl.sendBroadcast:877 android.content.ContextWrapper.sendBroadcast:421 com.qualcomm.qti.qs.tiles.ApnTile.handleUpdateState:94 com.qualcomm.qti.qs.QSService.onStartCommand:103 android.app.ActivityThread.handleServiceArgs:3326 
05-27 07:02:47.535  5740  5740 W ContextImpl: Calling a method in the system process without a qualified user: android.app.ContextImpl.sendBroadcast:877 android.content.ContextWrapper.sendBroadcast:421 com.qualcomm.qti.qs.tiles.DataTile.handleUpdateState:77 com.qualcomm.qti.qs.QSService.onStartCommand:103 android.app.ActivityThread.handleServiceArgs:3326 
05-27 07:02:47.539  5740  5740 W ContextImpl: Calling a method in the system process without a qualified user: android.app.ContextImpl.sendBroadcast:877 android.content.ContextWrapper.sendBroadcast:421 com.qualcomm.qti.qs.tiles.DdsTile.handleUpdateState:102 com.qualcomm.qti.qs.QSService.onStartCommand:103 android.app.ActivityThread.handleServiceArgs:3326 
05-27 07:02:47.544  5740  5740 W ContextImpl: Calling a method in the system process without a qualified user: android.app.ContextImpl.sendBroadcast:877 android.content.ContextWrapper.sendBroadcast:421 com.qualcomm.qti.qs.tiles.RoamingTile.handleUpdateState:75 com.qualcomm.qti.qs.QSService.onStartCommand:103 android.app.ActivityThread.handleServiceArgs:3326 
05-27 07:02:47.693  2405  4622 I BroadcastQueue: Delay finish: com.rock.gota/.BootReceiver
05-27 07:02:49.718  2405  2981 I BroadcastQueue: Resuming delayed broadcast
05-27 07:02:49.843  2405  4226 I BroadcastQueue: Delay finish: com.android.providers.media/.MediaScannerReceiver
05-27 07:02:50.058  2405  3330 I PowerManagerService: Going to sleep due to screen timeout (uid 1000)...
05-27 07:02:50.634  2405  3321 I DisplayManagerService: Display device changed state: "Built-in Screen", OFF
05-27 07:02:50.934  2405  3330 I DreamManagerService: Entering dreamland.
05-27 07:02:50.935  2405  3330 I PowerManagerService: Dozing...
05-27 07:02:50.937  2405  3316 I DreamController: Starting dream: name=ComponentInfo{com.android.systemui/com.android.systemui.doze.DozeService}, isTest=false, canDoze=true, userId=0
05-27 07:02:51.409  2405  4672 I BroadcastQueue: Resuming delayed broadcast
05-27 07:02:51.414  2405  4225 I ActivityManager: Killing 4730:com.android.keychain/1000 (adj 906): empty #17
05-27 07:02:51.442  3943  3943 W ContextImpl: Calling a method in the system process without a qualified user: android.app.ContextImpl.startService:1357 android.content.ContextWrapper.startService:613 android.content.ContextWrapper.startService:613 com.android.settings.SettingsBootReceiver.onReceive:25 android.app.ActivityThread.handleReceiver:3040 
05-27 07:02:51.450  2405  2978 I BroadcastQueue: Delay finish: com.android.settings/.SettingsBootReceiver
05-27 07:02:51.490  2405  4671 D ActivityManager: cleanUpApplicationRecord -- 4730
05-27 07:02:51.979  2405  3409 I ActivityManager: Killing 4505:com.google.android.gms.persistent/u0a13 (adj 100): change com.google.android.gms
05-27 07:02:51.981  2405  3409 D ActivityManager: cleanUpApplicationRecord -- 4505
05-27 07:02:51.983  2405  3409 W ActivityManager: Scheduling restart of crashed service com.google.android.gms/com.google.android.location.fused.service.FusedProviderService in 1000ms
05-27 07:02:51.983  2405  3409 W ActivityManager: Scheduling restart of crashed service com.google.android.gms/com.google.android.location.geocode.GeocodeService in 10999ms
05-27 07:02:51.983  2405  3409 W ActivityManager: Scheduling restart of crashed service com.google.android.gms/com.google.android.contextmanager.service.ContextManagerService in 20999ms
05-27 07:02:51.983  2405  3409 W ActivityManager: Scheduling restart of crashed service com.google.android.gms/com.google.android.location.internal.server.GoogleLocationService in 30999ms
05-27 07:02:51.984  2405  3409 W ActivityManager: Scheduling restart of crashed service com.google.android.gms/.gcm.GcmService in 40999ms
05-27 07:02:51.984  2405  3409 W ActivityManager: Scheduling restart of crashed service com.google.android.gms/.auth.setup.devicesignals.LockScreenService in 50999ms
05-27 07:02:51.984  2405  3409 W ActivityManager: Scheduling restart of crashed service com.google.android.gms/com.google.android.location.network.NetworkLocationService in 60999ms
05-27 07:02:51.984  2405  3409 W ActivityManager: Scheduling restart of crashed service com.google.android.gms/.backup.BackupTransportService in 70999ms
05-27 07:02:51.984  2405  3409 W ActivityManager: Scheduling restart of crashed service com.google.android.gms/com.google.location.nearby.direct.service.NearbyDirectService in 80999ms
05-27 07:02:51.984  2405  3409 W ActivityManager: Scheduling restart of crashed service com.google.android.gms/com.google.android.location.internal.GoogleLocationManagerService in 80999ms
05-27 07:02:51.984  2405  3409 W ActivityManager: Scheduling restart of crashed service com.google.android.gms/.tapandpay.hce.service.TpHceService in 90999ms
05-27 07:02:51.985  2405  3409 W ActivityManager: Scheduling restart of crashed service com.google.android.gms/com.google.android.location.internal.server.HardwareArProviderService in 100999ms
05-27 07:02:51.985  2405  3409 W ActivityManager: Scheduling restart of crashed service com.google.android.gms/.usagereporting.service.UsageReportingService in 110999ms
05-27 07:02:51.985  2405  3409 W ActivityManager: Scheduling restart of crashed service com.google.android.gms/com.google.android.location.reporting.service.ReportingAndroidService in 120999ms
05-27 07:02:51.985  2405  3409 W ActivityManager: Scheduling restart of crashed service com.google.android.gms/.deviceconnection.service.DeviceConnectionServiceBroker in 130999ms
05-27 07:02:51.985  2405  3409 W ActivityManager: Scheduling restart of crashed service com.google.android.gms/.phenotype.service.PhenotypeService in 140999ms
05-27 07:02:51.985  2405  3409 W ActivityManager: Scheduling restart of crashed service com.google.android.gms/.nearby.messages.service.NearbyMessagesService in 150999ms
05-27 07:02:51.985  2405  3409 W ActivityManager: Scheduling restart of crashed service com.google.android.gms/.chimera.PersistentIntentOperationService in 160999ms
05-27 07:02:51.986  2405  3409 W ActivityManager: Scheduling restart of crashed service com.google.android.gms/com.google.android.location.geofencer.service.GeofenceProviderService in 160999ms
05-27 07:02:51.986  2405  3409 W ActivityManager: Scheduling restart of crashed service com.google.android.gms/com.google.android.location.internal.PendingIntentCallbackService in 170999ms
05-27 07:02:51.986  2405  3409 W ActivityManager: Scheduling restart of crashed service com.google.android.gms/.clearcut.service.ClearcutLoggerService in 170998ms
05-27 07:02:51.986  2405  3409 W ActivityManager: Scheduling restart of crashed service com.google.android.gms/.nearby.discovery.service.DiscoveryService in 180998ms
05-27 07:02:51.986  2405  3409 W ActivityManager: Scheduling restart of crashed service com.google.android.gms/.common.stats.GmsCoreStatsService in 180998ms
05-27 07:02:51.988  2405  3409 I ActivityManager: Killing 5505:com.google.android.gms.ui/u0a13 (adj 500): change com.google.android.gms
05-27 07:02:51.988  2405  3409 D ActivityManager: cleanUpApplicationRecord -- 5505
05-27 07:02:51.989  2405  3409 W ActivityManager: Scheduling restart of crashed service com.google.android.gms/.chimera.UiIntentOperationService in 190996ms
05-27 07:02:51.989  2405  3409 I ActivityManager: Killing 4842:com.google.android.gms/u0a13 (adj 500): change com.google.android.gms
05-27 07:02:51.994  2405  3409 D ActivityManager: cleanUpApplicationRecord -- 4842
05-27 07:02:51.995  2405  3409 W ActivityManager: Scheduling restart of crashed service com.google.android.gms/.analytics.service.AnalyticsService in 110988ms
05-27 07:02:51.995  2405  3409 W ActivityManager: Scheduling restart of crashed service com.google.android.gms/.chimera.GmsIntentOperationService in 120988ms
05-27 07:02:52.143  2405  3166 I ActivityManager: Start proc 5864:com.google.android.gms.persistent/u0a13 for service com.google.android.gms/com.google.android.location.geocode.GeocodeService
05-27 07:02:52.188  2405  3657 D RttService: Client connection lost with reason: 4
05-27 07:02:52.188  2405  3657 D RttService: closing client android.os.Messenger@46b392b
05-27 07:02:52.195  2405  2405 V BackupManagerService: Disconnected from transport ComponentInfo{com.google.android.gms/com.google.android.gms.backup.BackupTransportService}
05-27 07:02:52.195  2405  2405 V BackupManagerService: Registering transport com.google.android.gms/.backup.BackupTransportService::null = null
05-27 07:02:52.630  2405  3318 D BluetoothManagerService: Message: 20
05-27 07:02:52.630  2405  3318 D BluetoothManagerService: Added callback: android.bluetooth.IBluetoothManagerCallback$Stub$Proxy@30bb692:true
05-27 07:02:53.140  2405  2405 V BackupManagerService: Connected to transport ComponentInfo{com.google.android.gms/com.google.android.gms.backup.BackupTransportService}
05-27 07:02:53.140  2405  2405 V BackupManagerService: Registering transport com.google.android.gms/.backup.BackupTransportService::com.google.android.gms/.backup.BackupTransportService = com.android.internal.backup.IBackupTransport$Stub$Proxy@fcb5d54
05-27 07:02:53.560  2405  3409 I ActivityManager: Killing 5864:com.google.android.gms.persistent/u0a13 (adj 0): change com.google.android.gms
05-27 07:02:53.561  2405  3409 D ActivityManager: cleanUpApplicationRecord -- 5864
05-27 07:02:53.562  2405  3409 W ActivityManager: Scheduling restart of crashed service com.google.android.gms/com.google.android.contextmanager.service.ContextManagerService in 1000ms
05-27 07:02:53.562  2405  3409 W ActivityManager: Scheduling restart of crashed service com.google.android.gms/com.google.android.location.internal.server.GoogleLocationService in 11000ms
05-27 07:02:53.562  2405  3409 W ActivityManager: Scheduling restart of crashed service com.google.android.gms/.gcm.GcmService in 20999ms
05-27 07:02:53.562  2405  3409 W ActivityManager: Scheduling restart of crashed service com.google.android.gms/.auth.setup.devicesignals.LockScreenService in 30999ms
05-27 07:02:53.562  2405  3409 W ActivityManager: Scheduling restart of crashed service com.google.android.gms/com.google.android.location.network.NetworkLocationService in 40999ms
05-27 07:02:53.562  2405  3409 W ActivityManager: Scheduling restart of crashed service com.google.android.gms/.backup.BackupTransportService in 50999ms
05-27 07:02:53.562  2405  3409 W ActivityManager: Scheduling restart of crashed service com.google.android.gms/com.google.android.location.internal.GoogleLocationManagerService in 60999ms
05-27 07:02:53.562  2405  3409 W ActivityManager: Scheduling restart of crashed service com.google.android.gms/.tapandpay.hce.service.TpHceService in 70999ms
05-27 07:02:53.562  2405  3409 W ActivityManager: Scheduling restart of crashed service com.google.android.gms/com.google.android.location.fused.service.FusedProviderService in 80999ms
05-27 07:02:53.563  2405  3409 W ActivityManager: Scheduling restart of crashed service com.google.android.gms/com.google.android.location.geocode.GeocodeService in 90999ms
05-27 07:02:53.563  2405  3409 W ActivityManager: Scheduling restart of crashed service com.google.android.gms/.deviceconnection.service.DeviceConnectionServiceBroker in 119421ms
05-27 07:02:53.563  2405  3409 W ActivityManager: Scheduling restart of crashed service com.google.android.gms/.nearby.messages.service.NearbyMessagesService in 129421ms
05-27 07:02:53.563  2405  3409 W ActivityManager: Scheduling restart of crashed service com.google.android.gms/com.google.android.location.internal.server.HardwareArProviderService in 139421ms
05-27 07:02:53.563  2405  3409 W ActivityManager: Scheduling restart of crashed service com.google.android.gms/com.google.android.location.geofencer.service.GeofenceProviderService in 149420ms
05-27 07:02:53.563  2405  3409 W ActivityManager: Scheduling restart of crashed service com.google.android.gms/.clearcut.service.ClearcutLoggerService in 159420ms
05-27 07:02:53.563  2405  3409 W ActivityManager: Scheduling restart of crashed service com.google.android.gms/.common.stats.GmsCoreStatsService in 169420ms
05-27 07:02:53.563  2405  3409 W ActivityManager: Scheduling restart of crashed service com.google.android.gms/.backup.BackupAccountNotifierService in 179420ms
05-27 07:02:53.596  2405  3657 D RttService: Client connection lost with reason: 4
05-27 07:02:53.596  2405  3657 D RttService: closing client android.os.Messenger@4896863
05-27 07:02:53.643  2405  2405 V BackupManagerService: Disconnected from transport ComponentInfo{com.google.android.gms/com.google.android.gms.backup.BackupTransportService}
05-27 07:02:53.643  2405  2405 V BackupManagerService: Registering transport com.google.android.gms/.backup.BackupTransportService::null = null
05-27 07:02:53.661  2405  3166 I ActivityManager: Start proc 5935:com.google.android.gms.persistent/u0a13 for service com.google.android.gms/com.google.android.location.geocode.GeocodeService
05-27 07:02:54.225  2405  3318 D BluetoothManagerService: Message: 20
05-27 07:02:54.225  2405  3318 D BluetoothManagerService: Added callback: android.bluetooth.IBluetoothManagerCallback$Stub$Proxy@2a762b:true
05-27 07:02:54.852  2405  2405 V BackupManagerService: Connected to transport ComponentInfo{com.google.android.gms/com.google.android.gms.backup.BackupTransportService}
05-27 07:02:54.853  2405  2405 V BackupManagerService: Registering transport com.google.android.gms/.backup.BackupTransportService::com.google.android.gms/.backup.BackupTransportService = com.android.internal.backup.IBackupTransport$Stub$Proxy@f267f85
05-27 07:02:57.263  2405  4225 I ActivityManager: Start proc 6023:com.google.android.gms/u0a13 for service com.google.android.gms/.analytics.service.AnalyticsService
05-27 07:02:58.195  2405  3171 I ActivityManager: Waited long enough for: ServiceRecord{1cbcf52 u0 com.qualcomm.simcontacts/.SimContactsService}
05-27 07:02:58.195  2405  3171 I BroadcastQueue: Resuming delayed broadcast
05-27 07:02:58.260  2405  2405 W ContextImpl: Calling a method in the system process without a qualified user: android.app.ContextImpl.startService:1357 android.content.ContextWrapper.startService:613 android.content.ContextWrapper.startService:613 com.dsi.ant.server.AntService.startService:129 com.dsi.ant.server.startup.BootCompletedReceiver.onReceive:41 
05-27 07:02:58.289  2405  2405 I ActivityManager: Start proc 6047:com.google.android.apps.inputmethod.hindi/u0a65 for broadcast com.google.android.apps.inputmethod.hindi/com.google.android.apps.inputmethod.libs.framework.core.LauncherIconVisibilityInitializer
05-27 07:02:58.508  2405  3635 D ConnectivityService: registerNetworkAgent NetworkAgentInfo{ ni{[type: WIFI[], state: CONNECTING/CONNECTING, reason: (unspecified), extra: "CST_test", failover: false, available: true, roaming: false, metered: false]}  network{100}  nethandle{429513165534}  lp{{LinkAddresses: []  Routes: [] DnsAddresses: [] Domains: null MTU: 0}}  nc{[ Transports: WIFI Capabilities: NOT_METERED&INTERNET&NOT_RESTRICTED&TRUSTED&NOT_VPN LinkUpBandwidth>=1048576Kbps LinkDnBandwidth>=1048576Kbps]}  Score{20}  everValidated{false}  lastValidated{false}  created{false} lingering{false} explicitlySelected{false} acceptUnvalidated{false} everCaptivePortalDetected{false} lastCaptivePortalDetected{false} }
05-27 07:02:58.509  2405  3658 D ConnectivityService: NetworkAgentInfo [WIFI () - 100] EVENT_NETWORK_INFO_CHANGED, going from null to CONNECTING
05-27 07:02:58.540  2405  3715 I ActivityManager: Start proc 6066:com.google.android.apps.maps/u0a91 for broadcast com.google.android.apps.maps/com.google.android.apps.gmm.navigation.service.detection.StartDetectionReceiver
05-27 07:02:58.542  2405  3715 I ActivityManager: Killing 4860:com.qualcomm.location.XT/1000 (adj 906): empty #17
05-27 07:02:58.646  2405  4226 D ActivityManager: cleanUpApplicationRecord -- 4860
05-27 07:02:58.693  2405  3658 D ConnectivityService: NetworkAgentInfo [WIFI () - 100] EVENT_NETWORK_INFO_CHANGED, going from CONNECTING to CONNECTED
05-27 07:02:58.695  2405  3658 D ConnectivityService: Adding iface wlan0 to network 100
05-27 07:02:58.740  2405  3658 D ConnectivityService: Setting DNS servers for network 100 to [/10.11.10.10, /10.11.10.20]
05-27 07:02:58.761  2405  3658 D ConnectivityService: Switching to new default network: NetworkAgentInfo{ ni{[type: WIFI[], state: CONNECTED/CONNECTED, reason: (unspecified), extra: "CST_test", failover: false, available: true, roaming: false, metered: false]}  network{100}  nethandle{429513165534}  lp{{InterfaceName: wlan0 LinkAddresses: [fe80::3295:e3ff:fe0b:6253/64,10.11.13.42/16,]  Routes: [fe80::/64 -> :: wlan0,10.11.0.0/16 -> 0.0.0.0 wlan0,0.0.0.0/0 -> 10.11.0.1 wlan0,] DnsAddresses: [10.11.10.10,10.11.10.20,] Domains: null MTU: 0 TcpBufferSizes: 524288,1048576,2097152,262144,524288,1048576}}  nc{[ Transports: WIFI Capabilities: NOT_METERED&INTERNET&NOT_RESTRICTED&TRUSTED&NOT_VPN&FOREGROUND LinkUpBandwidth>=1048576Kbps LinkDnBandwidth>=1048576Kbps]}  Score{20}  everValidated{false}  lastValidated{false}  created{true} lingering{false} explicitlySelected{false} acceptUnvalidated{false} everCaptivePortalDetected{false} lastCaptivePortalDetected{false} }
05-27 07:02:58.840  2405  3658 D ConnectivityService: Sending CONNECTED broadcast for type 1 NetworkAgentInfo [WIFI () - 100] isDefaultNetwork=true
05-27 07:02:58.859  2405  3171 I ActivityManager: Waited long enough for: ServiceRecord{aaedb4e u0 org.simalliance.openmobileapi.service/.NfcIntentsService}
05-27 07:02:58.989  2405  3658 D NetworkNotificationManager: clearNotification id=100
05-27 07:02:58.989  2405  3658 D ConnectivityService: NetworkAgentInfo [WIFI () - 100] validation passed
05-27 07:02:59.064  2405  3330 I DisplayPowerController: Blocking screen on until initial contents have been drawn.
05-27 07:02:59.066  2405  3321 I DisplayManagerService: Display device changed state: "Built-in Screen", DOZE
05-27 07:02:59.359  2405  4225 I ActivityManager: Start proc 6151:com.google.android.apps.messaging/u0a83 for broadcast com.google.android.apps.messaging/.shared.receiver.BootAndPackageReplacedReceiver
05-27 07:02:59.362  2405  2978 I ActivityManager: Killing 5320:com.smartron.timewidget/u0a27 (adj 906): empty #17
05-27 07:02:59.411  2405  3330 I DisplayPowerController: Unblocked screen on after 348 ms
05-27 07:02:59.434  2405  5878 D ActivityManager: cleanUpApplicationRecord -- 5320
05-27 07:02:59.497  2405  4641 D CryptdConnector: SND -> {6 cryptfs getpwtype}
05-27 07:02:59.497   393   399 D VoldCryptCmdListener: cryptfs getpwtype
05-27 07:02:59.498  2405  3628 D CryptdConnector: RCV <- {213 6 default}
05-27 07:02:59.647  2405  4671 D CryptdConnector: SND -> {7 cryptfs getpwtype}
05-27 07:02:59.648   393   399 D VoldCryptCmdListener: cryptfs getpwtype
05-27 07:02:59.650  2405  3628 D CryptdConnector: RCV <- {213 7 default}
05-27 07:02:59.705  2405  4672 I ActivityManager: Start proc 6236:com.google.android.apps.photos/u0a94 for broadcast com.google.android.apps.photos/.camerashortcut.CameraShortcutBroadcastReceiver
05-27 07:02:59.708  2405  4625 I ActivityManager: Start proc 6194:com.google.android.apps.messaging:rcs/u0a83 for service com.google.android.apps.messaging/com.google.android.rcs.service.service.JibeService
05-27 07:02:59.720  2405  4225 I ActivityManager: Killing 4372:org.codeaurora.ims/1001 (adj 906): empty #17
05-27 07:02:59.803  2405  5878 D ActivityManager: cleanUpApplicationRecord -- 4372
05-27 07:03:00.014  2405  3715 I ActivityManager: Start proc 6253:com.google.android.apps.photos:CameraShortcut/u0a94 for service com.google.android.apps.photos/.camerashortcut.CameraShortcutServiceImpl
05-27 07:03:00.079  2405  4225 D CryptdConnector: SND -> {8 cryptfs getpwtype}
05-27 07:03:00.079   393   399 D VoldCryptCmdListener: cryptfs getpwtype
05-27 07:03:00.080  2405  3628 D CryptdConnector: RCV <- {213 8 default}
05-27 07:03:00.131  2405  4672 I BroadcastQueue: Delay finish: com.google.android.calendar/.alerts.AlertReceiver
05-27 07:03:00.162  2405  4622 I BroadcastQueue: Resuming delayed broadcast
05-27 07:03:00.173  2405  4643 I BroadcastQueue: Delay finish: com.google.android.calendar/.alerts.GrooveAlertReceiver
05-27 07:03:00.182  2405  4671 I BroadcastQueue: Resuming delayed broadcast
05-27 07:03:00.196  2405  4671 I ActivityManager: Start proc 6292:com.google.android.configupdater/u0a11 for broadcast com.google.android.configupdater/.CertPin.CertPinUpdateRequestReceiver
05-27 07:03:00.262  2405  4225 D CryptdConnector: SND -> {9 cryptfs getpwtype}
05-27 07:03:00.263   393   399 D VoldCryptCmdListener: cryptfs getpwtype
05-27 07:03:00.263  2405  3628 D CryptdConnector: RCV <- {213 9 default}
05-27 07:03:00.343  2405  4643 I ActivityManager: Start proc 6328:com.google.android.deskclock/u0a50 for broadcast com.google.android.deskclock/com.android.deskclock.AlarmInitReceiver
05-27 07:03:00.533  2405  4672 I ActivityManager: Start proc 6351:com.google.android.gm/u0a57 for broadcast com.google.android.gm/.GoogleMailDeviceStartupReceiver
05-27 07:03:00.536  2405  4672 I ActivityManager: Killing 5402:org.simalliance.openmobileapi.service/1000 (adj 906): empty #17
05-27 07:03:00.609  2405  4727 D ActivityManager: cleanUpApplicationRecord -- 5402
05-27 07:03:00.799  6351  6371 D ActivityThread: Loading provider com.google.android.gmail.provider;com.android.mail.notifier;com.google.android.gm.email.provider;com.google.android.gm.tasks.provider;com.google.android.gm.email.notifier: com.android.email.provider.EmailProvider
05-27 07:03:00.807  2405  2978 I ActivityManager: Killing 5032:com.google.android.partnersetup/u0a19 (adj 906): empty #17
05-27 07:03:00.909  2405  4641 D ActivityManager: cleanUpApplicationRecord -- 5032
05-27 07:03:00.962  2405  2978 W ActivityManager: Unable to start service Intent { cmp=com.google.android.gm/com.android.email.service.AttachmentService } U=0: not found
05-27 07:03:01.002  2405  4727 W ActivityManager: Unable to start service Intent { cmp=com.google.android.gm.exchange/com.android.exchange.service.EasService } U=0: not found
05-27 07:03:01.018  2405  2978 I BroadcastQueue: Delay finish: com.google.android.gm/.MailIntentReceiver
05-27 07:03:01.020  2405  4641 I BroadcastQueue: Resuming delayed broadcast
05-27 07:03:01.042  2405  4622 I BroadcastQueue: Delay finish: com.google.android.gm/com.android.email.service.EmailBroadcastReceiver
05-27 07:03:01.071  2405  3715 I BroadcastQueue: Resuming delayed broadcast
05-27 07:03:01.077  2405  4671 W ActivityManager: Unable to start service Intent { cmp=com.google.android.gm.exchange/com.android.exchange.service.EasService } U=0: not found
05-27 07:03:01.125  2405  4641 I ActivityManager: Killing 4247:com.android.cellbroadcastreceiver/u0a5 (adj 906): empty #17
05-27 07:03:01.214  2405  4226 D ActivityManager: cleanUpApplicationRecord -- 4247
05-27 07:03:01.306  2405  3949 I ActivityManager: Start proc 6413:com.android.chrome/u0a64 for service com.android.chrome/org.chromium.chrome.browser.customtabs.CustomTabsConnectionService
05-27 07:03:01.397  2405  4727 I ActivityManager: Start proc 6440:com.google.android.onetimeinitializer/u0a17 for broadcast com.google.android.onetimeinitializer/.OneTimeInitializerReceiver
05-27 07:03:01.505  2405  4673 I ActivityManager: Start proc 6463:com.google.android.partnersetup/u0a19 for broadcast com.google.android.partnersetup/.GooglePartnerSetup
05-27 07:03:01.523  2405  5878 I ActivityManager: Start proc 6476:com.google.android.gms.unstable/u0a13 for service com.google.android.gms/.droidguard.DroidGuardService
05-27 07:03:01.559  2405  4622 I ActivityManager: Killing 5446:com.qti.csm/1000 (adj 906): empty #17
05-27 07:03:01.582  2405  4622 D ActivityManager: cleanUpApplicationRecord -- 5446
05-27 07:03:01.628  2405  3171 I ActivityManager: Waited long enough for: ServiceRecord{f2a5a54 u0 com.qualcomm.svi/.SVIService}
05-27 07:03:01.629  2405  3949 I BroadcastQueue: Delay finish: com.google.android.partnersetup/.GooglePartnerSetup
05-27 07:03:01.742  2405  4225 I BroadcastQueue: Resuming delayed broadcast
05-27 07:03:01.748  2405  4672 I BroadcastQueue: Delay finish: com.google.android.partnersetup/.RlzPingBroadcastReceiver
05-27 07:03:01.826  2405  4671 I ActivityManager: Start proc 6524:com.google.android.gms.ui/u0a13 for service com.google.android.gms/.chimera.UiIntentOperationService
05-27 07:03:01.852  2405  3171 I ActivityManager: Waited long enough for: ServiceRecord{8dfa64a u0 com.qti.diagservices/.QTIDiagServices}
05-27 07:03:01.852  2405  3171 I BroadcastQueue: Resuming delayed broadcast
05-27 07:03:01.878  2405  3171 I ActivityManager: Start proc 6538:com.google.process.gapps/u0a53 for broadcast com.google.android.syncadapters.contacts/.ContactsSyncAdapterBroadcastReceiver
05-27 07:03:01.979  2405  3171 I ActivityManager: Waited long enough for: ServiceRecord{ac30084 u0 com.qualcomm.qti.qs/.QSService}
05-27 07:03:02.135  2405  4673 I ActivityManager: Start proc 6579:com.google.android.talk/u0a92 for broadcast com.google.android.talk/com.google.android.apps.hangouts.service.broadcastreceiver.BootReceiver
05-27 07:03:02.156  2405  3171 I ActivityManager: Waited long enough for: ServiceRecord{41e7edd u0 com.rock.gota/.PollingService}
05-27 07:03:02.179  2405  4727 I ActivityManager: Killing 5658:com.android.timerswitch/1000 (adj 906): empty #17
05-27 07:03:02.329  2405  4226 I ActivityManager: Killing 5693:com.android.dialer/u0a10 (adj 906): empty #17
05-27 07:03:02.332  6023  6495 E ActivityThread: Failed to find provider info for com.google.android.wearable.settings
05-27 07:03:02.360  2405  4727 D ActivityManager: cleanUpApplicationRecord -- 5658
05-27 07:03:02.363  2405  4672 D ActivityManager: cleanUpApplicationRecord -- 5693
05-27 07:03:02.369  2405  5878 I ActivityManager: Killing 4484:com.google.android.marvin.talkback/u0a89 (adj 906): empty #17
05-27 07:03:02.422  2405  4672 D ActivityManager: cleanUpApplicationRecord -- 4484
